88.198.68.42 - - [15/Mar/2011:07:57:47 +0100] "GET / HTTP/1.1" 200 935 "-" "check_http/v1.4.14 (nagios-plugins 1.4.14)"
88.198.68.42 - - [15/Mar/2011:08:02:47 +0100] "GET / HTTP/1.1" 200 935 "-" "check_http/v1.4.14 (nagios-plugins 1.4.14)"
88.198.68.42 - - [15/Mar/2011:08:07:47 +0100] "GET / HTTP/1.1" 200 935 "-" "check_http/v1.4.14 (nagios-plugins 1.4.14)"
88.198.68.42 - - [15/Mar/2011:08:12:47 +0100] "GET / HTTP/1.1" 200 935 "-" "check_http/v1.4.14 (nagios-plugins 1.4.14)"
88.198.68.42 - - [15/Mar/2011:08:17:47 +0100] "GET / HTTP/1.1" 200 935 "-" "check_http/v1.4.14 (nagios-plugins 1.4.14)"
88.198.68.42 - - [15/Mar/2011:08:22:47 +0100] "GET / HTTP/1.1" 200 935 "-" "check_http/v1.4.14 (nagios-plugins 1.4.14)"
88.198.68.42 - - [15/Mar/2011:08:27:47 +0100] "GET / HTTP/1.1" 200 935 "-" "check_http/v1.4.14 (nagios-plugins 1.4.14)"
88.198.68.42 - - [15/Mar/2011:08:32:47 +0100] "GET / HTTP/1.1" 200 935 "-" "check_http/v1.4.14 (nagios-plugins 1.4.14)"
88.198.68.42 - - [15/Mar/2011:08:37:47 +0100] "GET / HTTP/1.1" 200 935 "-" "check_http/v1.4.14 (nagios-plugins 1.4.14)"
88.198.68.42 - - [15/Mar/2011:08:42:47 +0100] "GET / HTTP/1.1" 200 935 "-" "check_http/v1.4.14 (nagios-plugins 1.4.14)"
88.198.68.42 - - [15/Mar/2011:08:47:47 +0100] "GET / HTTP/1.1" 200 935 "-" "check_http/v1.4.14 (nagios-plugins 1.4.14)"
88.198.68.42 - - [15/Mar/2011:08:52:47 +0100] "GET / HTTP/1.1" 200 935 "-" "check_http/v1.4.14 (nagios-plugins 1.4.14)"
88.198.68.42 - - [15/Mar/2011:08:57:47 +0100] "GET / HTTP/1.1" 200 935 "-" "check_http/v1.4.14 (nagios-plugins 1.4.14)"
88.198.68.42 - - [15/Mar/2011:09:02:47 +0100] "GET / HTTP/1.1" 200 935 "-" "check_http/v1.4.14 (nagios-plugins 1.4.14)"
88.198.68.42 - - [15/Mar/2011:09:07:47 +0100] "GET / HTTP/1.1" 200 935 "-" "check_http/v1.4.14 (nagios-plugins 1.4.14)"
88.198.68.42 - - [15/Mar/2011:09:12:47 +0100] "GET / HTTP/1.1" 200 935 "-" "check_http/v1.4.14 (nagios-plugins 1.4.14)"
88.198.68.42 - - [15/Mar/2011:09:17:47 +0100] "GET / HTTP/1.1" 200 935 "-" "check_http/v1.4.14 (nagios-plugins 1.4.14)"
88.198.68.42 - - [15/Mar/2011:09:22:47 +0100] "GET / HTTP/1.1" 200 935 "-" "check_http/v1.4.14 (nagios-plugins 1.4.14)"
67.195.112.226 - - [15/Mar/2011:09:24:08 +0100] "GET /robots.txt HTTP/1.0" 404 461 "-" "Mozilla/5.0 (compatible; Yahoo! Slurp; http://help.yahoo.com/help/us/ysearch/slurp)"
67.195.112.226 - - [15/Mar/2011:09:24:09 +0100] "GET /osgeolive/4.0.1/osgeolive-4.0.1-mini.iso HTTP/1.0" 200 16382672 "-" "Mozilla/5.0 (compatible; Yahoo! Slurp; http://help.yahoo.com/help/us/ysearch/slurp)"
88.198.68.42 - - [15/Mar/2011:09:27:47 +0100] "GET / HTTP/1.1" 200 935 "-" "check_http/v1.4.14 (nagios-plugins 1.4.14)"
67.195.112.226 - - [15/Mar/2011:09:24:31 +0100] "GET /osgeolive/4.0.1/osgeolive-4.0.1.iso HTTP/1.0" 200 143370206 "-" "Mozilla/5.0 (compatible; Yahoo! Slurp; http://help.yahoo.com/help/us/ysearch/slurp)"
88.198.68.42 - - [15/Mar/2011:09:32:47 +0100] "GET / HTTP/1.1" 200 935 "-" "check_http/v1.4.14 (nagios-plugins 1.4.14)"
88.198.68.42 - - [15/Mar/2011:09:37:47 +0100] "GET / HTTP/1.1" 200 935 "-" "check_http/v1.4.14 (nagios-plugins 1.4.14)"
88.198.68.42 - - [15/Mar/2011:09:42:47 +0100] "GET / HTTP/1.1" 200 935 "-" "check_http/v1.4.14 (nagios-plugins 1.4.14)"
88.198.68.42 - - [15/Mar/2011:09:47:47 +0100] "GET / HTTP/1.1" 200 935 "-" "check_http/v1.4.14 (nagios-plugins 1.4.14)"
88.198.68.42 - - [15/Mar/2011:09:52:47 +0100] "GET / HTTP/1.1" 200 935 "-" "check_http/v1.4.14 (nagios-plugins 1.4.14)"
88.198.68.42 - - [15/Mar/2011:09:57:47 +0100] "GET / HTTP/1.1" 200 935 "-" "check_http/v1.4.14 (nagios-plugins 1.4.14)"
88.198.68.42 - - [15/Mar/2011:10:02:47 +0100] "GET / HTTP/1.1" 200 935 "-" "check_http/v1.4.14 (nagios-plugins 1.4.14)"
88.198.68.42 - - [15/Mar/2011:10:07:47 +0100] "GET / HTTP/1.1" 200 935 "-" "check_http/v1.4.14 (nagios-plugins 1.4.14)"
88.198.68.42 - - [15/Mar/2011:10:12:47 +0100] "GET / HTTP/1.1" 200 935 "-" "check_http/v1.4.14 (nagios-plugins 1.4.14)"
88.198.68.42 - - [15/Mar/2011:10:17:47 +0100] "GET / HTTP/1.1" 200 935 "-" "check_http/v1.4.14 (nagios-plugins 1.4.14)"
88.198.68.42 - - [15/Mar/2011:10:22:47 +0100] "GET / HTTP/1.1" 200 935 "-" "check_http/v1.4.14 (nagios-plugins 1.4.14)"
88.198.68.42 - - [15/Mar/2011:10:27:47 +0100] "GET / HTTP/1.1" 200 935 "-" "check_http/v1.4.14 (nagios-plugins 1.4.14)"
88.198.68.42 - - [15/Mar/2011:10:32:47 +0100] "GET / HTTP/1.1" 200 935 "-" "check_http/v1.4.14 (nagios-plugins 1.4.14)"
88.198.68.42 - - [15/Mar/2011:10:37:47 +0100] "GET / HTTP/1.1" 200 935 "-" "check_http/v1.4.14 (nagios-plugins 1.4.14)"
88.198.68.42 - - [15/Mar/2011:10:42:47 +0100] "GET / HTTP/1.1" 200 935 "-" "check_http/v1.4.14 (nagios-plugins 1.4.14)"
67.195.112.226 - - [15/Mar/2011:10:43:38 +0100] "GET /osgeolive/4.0.1/?C=S;O=A HTTP/1.0" 200 728 "-" "Mozilla/5.0 (compatible; Yahoo! Slurp; http://help.yahoo.com/help/us/ysearch/slurp)"
88.198.68.42 - - [15/Mar/2011:10:47:47 +0100] "GET / HTTP/1.1" 200 935 "-" "check_http/v1.4.14 (nagios-plugins 1.4.14)"
67.195.112.226 - - [15/Mar/2011:10:44:24 +0100] "GET /osgeolive/4.0.1/osgeolive-4.0.1.iso HTTP/1.0" 200 110854536 "-" "Mozilla/5.0 (compatible; Yahoo! Slurp; http://help.yahoo.com/help/us/ysearch/slurp)"
88.198.68.42 - - [15/Mar/2011:10:52:47 +0100] "GET / HTTP/1.1" 200 935 "-" "check_http/v1.4.14 (nagios-plugins 1.4.14)"
88.198.68.42 - - [15/Mar/2011:10:57:47 +0100] "GET / HTTP/1.1" 200 935 "-" "check_http/v1.4.14 (nagios-plugins 1.4.14)"
88.198.68.42 - - [15/Mar/2011:11:02:47 +0100] "GET / HTTP/1.1" 200 935 "-" "check_http/v1.4.14 (nagios-plugins 1.4.14)"
88.198.68.42 - - [15/Mar/2011:11:07:47 +0100] "GET / HTTP/1.1" 200 935 "-" "check_http/v1.4.14 (nagios-plugins 1.4.14)"
88.198.68.42 - - [15/Mar/2011:11:12:47 +0100] "GET / HTTP/1.1" 200 935 "-" "check_http/v1.4.14 (nagios-plugins 1.4.14)"
88.198.68.42 - - [15/Mar/2011:11:17:47 +0100] "GET / HTTP/1.1" 200 935 "-" "check_http/v1.4.14 (nagios-plugins 1.4.14)"
88.198.68.42 - - [15/Mar/2011:11:22:47 +0100] "GET / HTTP/1.1" 200 935 "-" "check_http/v1.4.14 (nagios-plugins 1.4.14)"
88.198.68.42 - - [15/Mar/2011:11:27:47 +0100] "GET / HTTP/1.1" 200 935 "-" "check_http/v1.4.14 (nagios-plugins 1.4.14)"
88.198.68.42 - - [15/Mar/2011:11:32:47 +0100] "GET / HTTP/1.1" 200 935 "-" "check_http/v1.4.14 (nagios-plugins 1.4.14)"
88.198.68.42 - - [15/Mar/2011:11:37:47 +0100] "GET / HTTP/1.1" 200 935 "-" "check_http/v1.4.14 (nagios-plugins 1.4.14)"
88.198.68.42 - - [15/Mar/2011:11:42:47 +0100] "GET / HTTP/1.1" 200 935 "-" "check_http/v1.4.14 (nagios-plugins 1.4.14)"
88.198.68.42 - - [15/Mar/2011:11:47:47 +0100] "GET / HTTP/1.1" 200 935 "-" "check_http/v1.4.14 (nagios-plugins 1.4.14)"
88.198.68.42 - - [15/Mar/2011:11:52:47 +0100] "GET / HTTP/1.1" 200 935 "-" "check_http/v1.4.14 (nagios-plugins 1.4.14)"
88.198.68.42 - - [15/Mar/2011:11:57:47 +0100] "GET / HTTP/1.1" 200 935 "-" "check_http/v1.4.14 (nagios-plugins 1.4.14)"
88.198.68.42 - - [15/Mar/2011:12:02:47 +0100] "GET / HTTP/1.1" 200 935 "-" "check_http/v1.4.14 (nagios-plugins 1.4.14)"
88.198.68.42 - - [15/Mar/2011:12:07:47 +0100] "GET / HTTP/1.1" 200 935 "-" "check_http/v1.4.14 (nagios-plugins 1.4.14)"
88.198.68.42 - - [15/Mar/2011:12:12:47 +0100] "GET / HTTP/1.1" 200 935 "-" "check_http/v1.4.14 (nagios-plugins 1.4.14)"
88.198.68.42 - - [15/Mar/2011:12:17:47 +0100] "GET / HTTP/1.1" 200 935 "-" "check_http/v1.4.14 (nagios-plugins 1.4.14)"
88.198.68.42 - - [15/Mar/2011:12:22:47 +0100] "GET / HTTP/1.1" 200 935 "-" "check_http/v1.4.14 (nagios-plugins 1.4.14)"
88.198.68.42 - - [15/Mar/2011:12:27:47 +0100] "GET / HTTP/1.1" 200 935 "-" "check_http/v1.4.14 (nagios-plugins 1.4.14)"
88.198.68.42 - - [15/Mar/2011:12:32:47 +0100] "GET / HTTP/1.1" 200 935 "-" "check_http/v1.4.14 (nagios-plugins 1.4.14)"
88.198.68.42 - - [15/Mar/2011:12:37:49 +0100] "GET / HTTP/1.1" 200 935 "-" "check_http/v1.4.14 (nagios-plugins 1.4.14)"
88.198.68.42 - - [15/Mar/2011:12:42:47 +0100] "GET / HTTP/1.1" 200 935 "-" "check_http/v1.4.14 (nagios-plugins 1.4.14)"
88.198.68.42 - - [15/Mar/2011:12:47:47 +0100] "GET / HTTP/1.1" 200 935 "-" "check_http/v1.4.14 (nagios-plugins 1.4.14)"
88.198.68.42 - - [15/Mar/2011:12:52:47 +0100] "GET / HTTP/1.1" 200 935 "-" "check_http/v1.4.14 (nagios-plugins 1.4.14)"
88.198.68.42 - - [15/Mar/2011:12:57:47 +0100] "GET / HTTP/1.1" 200 935 "-" "check_http/v1.4.14 (nagios-plugins 1.4.14)"
88.198.68.42 - - [15/Mar/2011:13:02:47 +0100] "GET / HTTP/1.1" 200 935 "-" "check_http/v1.4.14 (nagios-plugins 1.4.14)"
88.198.68.42 - - [15/Mar/2011:13:07:47 +0100] "GET / HTTP/1.1" 200 935 "-" "check_http/v1.4.14 (nagios-plugins 1.4.14)"
88.198.68.42 - - [15/Mar/2011:13:12:47 +0100] "GET / HTTP/1.1" 200 935 "-" "check_http/v1.4.14 (nagios-plugins 1.4.14)"
88.198.68.42 - - [15/Mar/2011:13:17:47 +0100] "GET / HTTP/1.1" 200 935 "-" "check_http/v1.4.14 (nagios-plugins 1.4.14)"
67.195.112.226 - - [15/Mar/2011:13:20:49 +0100] "GET /osgeolive/4.0.1/?C=N;O=D HTTP/1.0" 200 727 "-" "Mozilla/5.0 (compatible; Yahoo! Slurp; http://help.yahoo.com/help/us/ysearch/slurp)"
88.198.68.42 - - [15/Mar/2011:13:22:47 +0100] "GET / HTTP/1.1" 200 935 "-" "check_http/v1.4.14 (nagios-plugins 1.4.14)"
88.198.68.42 - - [15/Mar/2011:13:27:47 +0100] "GET / HTTP/1.1" 200 935 "-" "check_http/v1.4.14 (nagios-plugins 1.4.14)"
109.226.159.47 - - [15/Mar/2011:13:02:47 +0100] "GET /osgeolive/4.0.1/osgeolive-4.0.1.iso HTTP/1.1" 200 897601736 "http://live.osgeo.org/download.html" "Mozilla/5.0 (Windows; U; Windows NT 5.1; de; rv:1.9.2.15) Gecko/20110303 Firefox/3.6.15 GTB7.1 ( .NET CLR 3.5.30729; .NET4.0E)"
88.198.68.42 - - [15/Mar/2011:13:32:47 +0100] "GET / HTTP/1.1" 200 935 "-" "check_http/v1.4.14 (nagios-plugins 1.4.14)"
208.115.111.71 - - [15/Mar/2011:13:37:30 +0100] "GET /robots.txt HTTP/1.1" 404 486 "-" "Mozilla/5.0 (compatible; Ezooms/1.0; ezooms.bot@gmail.com)"
88.198.68.42 - - [15/Mar/2011:13:37:47 +0100] "GET / HTTP/1.1" 200 935 "-" "check_http/v1.4.14 (nagios-plugins 1.4.14)"
88.198.68.42 - - [15/Mar/2011:13:42:47 +0100] "GET / HTTP/1.1" 200 935 "-" "check_http/v1.4.14 (nagios-plugins 1.4.14)"
88.198.68.42 - - [15/Mar/2011:13:47:47 +0100] "GET / HTTP/1.1" 200 935 "-" "check_http/v1.4.14 (nagios-plugins 1.4.14)"
88.198.68.42 - - [15/Mar/2011:13:52:47 +0100] "GET / HTTP/1.1" 200 935 "-" "check_http/v1.4.14 (nagios-plugins 1.4.14)"
88.198.68.42 - - [15/Mar/2011:13:57:47 +0100] "GET / HTTP/1.1" 200 935 "-" "check_http/v1.4.14 (nagios-plugins 1.4.14)"
208.115.111.71 - - [15/Mar/2011:14:00:05 +0100] "GET /osgeolive/4.0.1/ HTTP/1.1" 200 1841 "-" "Mozilla/5.0 (compatible; Ezooms/1.0; ezooms.bot@gmail.com)"
88.198.68.42 - - [15/Mar/2011:14:02:47 +0100] "GET / HTTP/1.1" 200 935 "-" "check_http/v1.4.14 (nagios-plugins 1.4.14)"
88.198.68.42 - - [15/Mar/2011:14:07:47 +0100] "GET / HTTP/1.1" 200 935 "-" "check_http/v1.4.14 (nagios-plugins 1.4.14)"
88.198.68.42 - - [15/Mar/2011:14:12:47 +0100] "GET / HTTP/1.1" 200 935 "-" "check_http/v1.4.14 (nagios-plugins 1.4.14)"
88.198.68.42 - - [15/Mar/2011:14:17:47 +0100] "GET / HTTP/1.1" 200 935 "-" "check_http/v1.4.14 (nagios-plugins 1.4.14)"
88.198.68.42 - - [15/Mar/2011:14:22:47 +0100] "GET / HTTP/1.1" 200 935 "-" "check_http/v1.4.14 (nagios-plugins 1.4.14)"
88.198.68.42 - - [15/Mar/2011:14:27:47 +0100] "GET / HTTP/1.1" 200 935 "-" "check_http/v1.4.14 (nagios-plugins 1.4.14)"
88.198.68.42 - - [15/Mar/2011:14:32:47 +0100] "GET / HTTP/1.1" 200 935 "-" "check_http/v1.4.14 (nagios-plugins 1.4.14)"
88.198.68.42 - - [15/Mar/2011:14:37:47 +0100] "GET / HTTP/1.1" 200 935 "-" "check_http/v1.4.14 (nagios-plugins 1.4.14)"
88.198.68.42 - - [15/Mar/2011:14:42:47 +0100] "GET / HTTP/1.1" 200 935 "-" "check_http/v1.4.14 (nagios-plugins 1.4.14)"
88.198.68.42 - - [15/Mar/2011:14:47:47 +0100] "GET / HTTP/1.1" 200 935 "-" "check_http/v1.4.14 (nagios-plugins 1.4.14)"
88.198.68.42 - - [15/Mar/2011:14:52:47 +0100] "GET / HTTP/1.1" 200 935 "-" "check_http/v1.4.14 (nagios-plugins 1.4.14)"
88.198.68.42 - - [15/Mar/2011:14:57:47 +0100] "GET / HTTP/1.1" 200 935 "-" "check_http/v1.4.14 (nagios-plugins 1.4.14)"
88.198.68.42 - - [15/Mar/2011:15:02:47 +0100] "GET / HTTP/1.1" 200 935 "-" "check_http/v1.4.14 (nagios-plugins 1.4.14)"
88.198.68.42 - - [15/Mar/2011:15:07:47 +0100] "GET / HTTP/1.1" 200 935 "-" "check_http/v1.4.14 (nagios-plugins 1.4.14)"
88.198.68.42 - - [15/Mar/2011:15:12:47 +0100] "GET / HTTP/1.1" 200 935 "-" "check_http/v1.4.14 (nagios-plugins 1.4.14)"
88.198.68.42 - - [15/Mar/2011:15:17:47 +0100] "GET / HTTP/1.1" 200 935 "-" "check_http/v1.4.14 (nagios-plugins 1.4.14)"
88.198.68.42 - - [15/Mar/2011:15:22:47 +0100] "GET / HTTP/1.1" 200 935 "-" "check_http/v1.4.14 (nagios-plugins 1.4.14)"
88.198.68.42 - - [15/Mar/2011:15:27:47 +0100] "GET / HTTP/1.1" 200 935 "-" "check_http/v1.4.14 (nagios-plugins 1.4.14)"
88.198.68.42 - - [15/Mar/2011:15:32:47 +0100] "GET / HTTP/1.1" 200 935 "-" "check_http/v1.4.14 (nagios-plugins 1.4.14)"
88.198.68.42 - - [15/Mar/2011:15:37:47 +0100] "GET / HTTP/1.1" 200 935 "-" "check_http/v1.4.14 (nagios-plugins 1.4.14)"
88.198.68.42 - - [15/Mar/2011:15:42:47 +0100] "GET / HTTP/1.1" 200 935 "-" "check_http/v1.4.14 (nagios-plugins 1.4.14)"
88.198.68.42 - - [15/Mar/2011:15:47:47 +0100] "GET / HTTP/1.1" 200 935 "-" "check_http/v1.4.14 (nagios-plugins 1.4.14)"
88.198.68.42 - - [15/Mar/2011:15:52:47 +0100] "GET / HTTP/1.1" 200 935 "-" "check_http/v1.4.14 (nagios-plugins 1.4.14)"
88.198.68.42 - - [15/Mar/2011:15:57:47 +0100] "GET / HTTP/1.1" 200 935 "-" "check_http/v1.4.14 (nagios-plugins 1.4.14)"
88.198.68.42 - - [15/Mar/2011:16:02:47 +0100] "GET / HTTP/1.1" 200 935 "-" "check_http/v1.4.14 (nagios-plugins 1.4.14)"
84.3.161.97 - - [15/Mar/2011:15:06:20 +0100] "GET /osgeolive/4.0.1/osgeolive-4.0.1.iso HTTP/1.1" 206 122523200 "http://live.osgeo.org/download.html" "Mozilla/5.0 (Windows; U; Windows NT 6.1; hu; rv:1.9.2.15) Gecko/20110303 Firefox/3.6.15"
78.157.16.156 - - [15/Mar/2011:13:32:20 +0100] "GET /osgeolive/4.0.1/osgeolive-4.0.1-mini.iso HTTP/1.0" 200 3499989299 "-" "Wget/1.12 (linux-gnu)"
88.198.68.42 - - [15/Mar/2011:16:07:52 +0100] "GET / HTTP/1.1" 200 935 "-" "check_http/v1.4.14 (nagios-plugins 1.4.14)"
88.198.68.42 - - [15/Mar/2011:16:12:47 +0100] "GET / HTTP/1.1" 200 935 "-" "check_http/v1.4.14 (nagios-plugins 1.4.14)"
88.198.68.42 - - [15/Mar/2011:16:17:47 +0100] "GET / HTTP/1.1" 200 935 "-" "check_http/v1.4.14 (nagios-plugins 1.4.14)"
88.198.68.42 - - [15/Mar/2011:16:22:47 +0100] "GET / HTTP/1.1" 200 935 "-" "check_http/v1.4.14 (nagios-plugins 1.4.14)"
88.198.68.42 - - [15/Mar/2011:16:27:47 +0100] "GET / HTTP/1.1" 200 935 "-" "check_http/v1.4.14 (nagios-plugins 1.4.14)"
84.3.161.97 - - [15/Mar/2011:16:25:49 +0100] "GET /osgeolive/4.0.1/osgeolive-4.0.1.iso HTTP/1.1" 206 10555800 "http://live.osgeo.org/download.html" "Mozilla/5.0 (Windows; U; Windows NT 6.1; hu; rv:1.9.2.15) Gecko/20110303 Firefox/3.6.15"
88.198.68.42 - - [15/Mar/2011:16:32:47 +0100] "GET / HTTP/1.1" 200 935 "-" "check_http/v1.4.14 (nagios-plugins 1.4.14)"
84.3.161.97 - - [15/Mar/2011:10:45:27 +0100] "GET /osgeolive/4.0.1/osgeolive-4.0.1.iso HTTP/1.1" 206 160198500 "http://live.osgeo.org/download.html" "Mozilla/5.0 (Windows; U; Windows NT 6.1; hu; rv:1.9.2.15) Gecko/20110303 Firefox/3.6.15"
88.198.68.42 - - [15/Mar/2011:16:37:47 +0100] "GET / HTTP/1.1" 200 935 "-" "check_http/v1.4.14 (nagios-plugins 1.4.14)"
88.198.68.42 - - [15/Mar/2011:16:42:47 +0100] "GET / HTTP/1.1" 200 935 "-" "check_http/v1.4.14 (nagios-plugins 1.4.14)"
84.3.161.97 - - [15/Mar/2011:16:47:06 +0100] "GET /osgeolive/4.0.1/osgeolive-4.0.1.iso HTTP/1.1" 200 316820 "http://live.osgeo.org/download.html" "Mozilla/5.0 (Windows; U; Windows NT 6.1; hu; rv:1.9.2.15) Gecko/20110303 Firefox/3.6.15"
88.198.68.42 - - [15/Mar/2011:16:47:47 +0100] "GET / HTTP/1.1" 200 935 "-" "check_http/v1.4.14 (nagios-plugins 1.4.14)"
88.198.68.42 - - [15/Mar/2011:16:52:47 +0100] "GET / HTTP/1.1" 200 935 "-" "check_http/v1.4.14 (nagios-plugins 1.4.14)"
88.198.68.42 - - [15/Mar/2011:16:57:47 +0100] "GET / HTTP/1.1" 200 935 "-" "check_http/v1.4.14 (nagios-plugins 1.4.14)"
88.198.68.42 - - [15/Mar/2011:17:02:47 +0100] "GET / HTTP/1.1" 200 935 "-" "check_http/v1.4.14 (nagios-plugins 1.4.14)"
88.198.68.42 - - [15/Mar/2011:17:07:47 +0100] "GET / HTTP/1.1" 200 935 "-" "check_http/v1.4.14 (nagios-plugins 1.4.14)"
88.198.68.42 - - [15/Mar/2011:17:12:47 +0100] "GET / HTTP/1.1" 200 935 "-" "check_http/v1.4.14 (nagios-plugins 1.4.14)"
88.198.68.42 - - [15/Mar/2011:17:17:47 +0100] "GET / HTTP/1.1" 200 935 "-" "check_http/v1.4.14 (nagios-plugins 1.4.14)"
88.198.68.42 - - [15/Mar/2011:17:22:47 +0100] "GET / HTTP/1.1" 200 935 "-" "check_http/v1.4.14 (nagios-plugins 1.4.14)"
88.198.68.42 - - [15/Mar/2011:17:27:47 +0100] "GET / HTTP/1.1" 200 935 "-" "check_http/v1.4.14 (nagios-plugins 1.4.14)"
67.195.112.226 - - [15/Mar/2011:17:29:12 +0100] "GET /robots.txt HTTP/1.0" 404 461 "-" "Mozilla/5.0 (compatible; Yahoo! Slurp; http://help.yahoo.com/help/us/ysearch/slurp)"
88.198.68.42 - - [15/Mar/2011:17:32:47 +0100] "GET / HTTP/1.1" 200 935 "-" "check_http/v1.4.14 (nagios-plugins 1.4.14)"
67.195.112.226 - - [15/Mar/2011:17:29:12 +0100] "GET /osgeolive/4.0.1/osgeolive-4.0.1-mini.iso HTTP/1.0" 200 143933789 "-" "Mozilla/5.0 (compatible; Yahoo! Slurp; http://help.yahoo.com/help/us/ysearch/slurp)"
88.198.68.42 - - [15/Mar/2011:17:37:47 +0100] "GET / HTTP/1.1" 200 935 "-" "check_http/v1.4.14 (nagios-plugins 1.4.14)"
88.198.68.42 - - [15/Mar/2011:17:42:47 +0100] "GET / HTTP/1.1" 200 935 "-" "check_http/v1.4.14 (nagios-plugins 1.4.14)"
88.198.68.42 - - [15/Mar/2011:17:47:48 +0100] "GET / HTTP/1.1" 200 935 "-" "check_http/v1.4.14 (nagios-plugins 1.4.14)"
88.198.68.42 - - [15/Mar/2011:17:52:51 +0100] "GET / HTTP/1.1" 200 935 "-" "check_http/v1.4.14 (nagios-plugins 1.4.14)"
88.198.68.42 - - [15/Mar/2011:17:57:48 +0100] "GET / HTTP/1.1" 200 935 "-" "check_http/v1.4.14 (nagios-plugins 1.4.14)"
88.198.68.42 - - [15/Mar/2011:18:02:48 +0100] "GET / HTTP/1.1" 200 935 "-" "check_http/v1.4.14 (nagios-plugins 1.4.14)"
88.198.68.42 - - [15/Mar/2011:18:07:48 +0100] "GET / HTTP/1.1" 200 935 "-" "check_http/v1.4.14 (nagios-plugins 1.4.14)"
88.198.68.42 - - [15/Mar/2011:18:12:48 +0100] "GET / HTTP/1.1" 200 935 "-" "check_http/v1.4.14 (nagios-plugins 1.4.14)"
88.198.68.42 - - [15/Mar/2011:18:17:48 +0100] "GET / HTTP/1.1" 200 935 "-" "check_http/v1.4.14 (nagios-plugins 1.4.14)"
88.198.68.42 - - [15/Mar/2011:18:22:48 +0100] "GET / HTTP/1.1" 200 935 "-" "check_http/v1.4.14 (nagios-plugins 1.4.14)"
88.198.68.42 - - [15/Mar/2011:18:27:48 +0100] "GET / HTTP/1.1" 200 935 "-" "check_http/v1.4.14 (nagios-plugins 1.4.14)"
88.198.68.42 - - [15/Mar/2011:18:32:48 +0100] "GET / HTTP/1.1" 200 935 "-" "check_http/v1.4.14 (nagios-plugins 1.4.14)"
88.198.68.42 - - [15/Mar/2011:18:37:48 +0100] "GET / HTTP/1.1" 200 935 "-" "check_http/v1.4.14 (nagios-plugins 1.4.14)"
88.198.68.42 - - [15/Mar/2011:18:42:48 +0100] "GET / HTTP/1.1" 200 935 "-" "check_http/v1.4.14 (nagios-plugins 1.4.14)"
88.198.68.42 - - [15/Mar/2011:18:47:48 +0100] "GET / HTTP/1.1" 200 935 "-" "check_http/v1.4.14 (nagios-plugins 1.4.14)"
88.198.68.42 - - [15/Mar/2011:18:52:48 +0100] "GET / HTTP/1.1" 200 935 "-" "check_http/v1.4.14 (nagios-plugins 1.4.14)"
88.198.68.42 - - [15/Mar/2011:18:57:48 +0100] "GET / HTTP/1.1" 200 935 "-" "check_http/v1.4.14 (nagios-plugins 1.4.14)"
84.3.161.97 - - [15/Mar/2011:16:47:51 +0100] "GET /osgeolive/4.0.1/osgeolive-4.0.1.iso HTTP/1.1" 206 216081460 "http://live.osgeo.org/download.html" "Mozilla/5.0 (Windows; U; Windows NT 6.1; hu; rv:1.9.2.15) Gecko/20110303 Firefox/3.6.15"
88.198.68.42 - - [15/Mar/2011:19:02:48 +0100] "GET / HTTP/1.1" 200 935 "-" "check_http/v1.4.14 (nagios-plugins 1.4.14)"
88.198.68.42 - - [15/Mar/2011:19:07:48 +0100] "GET / HTTP/1.1" 200 935 "-" "check_http/v1.4.14 (nagios-plugins 1.4.14)"
67.195.112.226 - - [15/Mar/2011:19:01:51 +0100] "GET /osgeolive/4.0.1/osgeolive-4.0.1.iso HTTP/1.0" 200 127440766 "-" "Mozilla/5.0 (compatible; Yahoo! Slurp; http://help.yahoo.com/help/us/ysearch/slurp)"
88.198.68.42 - - [15/Mar/2011:19:12:48 +0100] "GET / HTTP/1.1" 200 935 "-" "check_http/v1.4.14 (nagios-plugins 1.4.14)"
41.130.236.18 - - [15/Mar/2011:19:15:03 +0100] "GET /osgeolive/4.0.1/osgeolive-4.0.1.iso HTTP/1.1" 200 204764 "http://live.osgeo.org/download.html" "Mozilla/5.0 (Windows; U; Windows NT 6.1; ar; rv:1.9.2.15) Gecko/20110303 Firefox/3.6.15"
41.130.236.18 - - [15/Mar/2011:19:15:12 +0100] "GET /osgeolive/4.0.1/osgeolive-4.0.1.iso HTTP/1.1" 200 12978 "http://live.osgeo.org/download.html" "FDM 3.x"
41.130.236.18 - - [15/Mar/2011:19:15:12 +0100] "GET /osgeolive/4.0.1/osgeolive-4.0.1.iso HTTP/1.1" 200 49028 "http://live.osgeo.org/download.html" "FDM 3.x"
88.198.68.42 - - [15/Mar/2011:19:17:48 +0100] "GET / HTTP/1.1" 200 935 "-" "check_http/v1.4.14 (nagios-plugins 1.4.14)"
88.198.68.42 - - [15/Mar/2011:19:22:48 +0100] "GET / HTTP/1.1" 200 935 "-" "check_http/v1.4.14 (nagios-plugins 1.4.14)"
88.198.68.42 - - [15/Mar/2011:19:27:48 +0100] "GET / HTTP/1.1" 200 935 "-" "check_http/v1.4.14 (nagios-plugins 1.4.14)"
88.198.68.42 - - [15/Mar/2011:19:32:49 +0100] "GET / HTTP/1.1" 200 935 "-" "check_http/v1.4.14 (nagios-plugins 1.4.14)"
88.198.68.42 - - [15/Mar/2011:19:37:48 +0100] "GET / HTTP/1.1" 200 935 "-" "check_http/v1.4.14 (nagios-plugins 1.4.14)"
88.198.68.42 - - [15/Mar/2011:19:42:48 +0100] "GET / HTTP/1.1" 200 935 "-" "check_http/v1.4.14 (nagios-plugins 1.4.14)"
88.198.68.42 - - [15/Mar/2011:19:47:48 +0100] "GET / HTTP/1.1" 200 935 "-" "check_http/v1.4.14 (nagios-plugins 1.4.14)"
88.198.68.42 - - [15/Mar/2011:19:52:48 +0100] "GET / HTTP/1.1" 200 935 "-" "check_http/v1.4.14 (nagios-plugins 1.4.14)"
88.198.68.42 - - [15/Mar/2011:19:57:48 +0100] "GET / HTTP/1.1" 200 935 "-" "check_http/v1.4.14 (nagios-plugins 1.4.14)"
88.198.68.42 - - [15/Mar/2011:20:02:48 +0100] "GET / HTTP/1.1" 200 935 "-" "check_http/v1.4.14 (nagios-plugins 1.4.14)"
88.198.68.42 - - [15/Mar/2011:20:07:48 +0100] "GET / HTTP/1.1" 200 935 "-" "check_http/v1.4.14 (nagios-plugins 1.4.14)"
200.151.226.50 - - [15/Mar/2011:14:50:02 +0100] "GET /osgeolive/4.0.1/osgeolive-4.0.1-mini.iso HTTP/1.0" 200 3499989261 "http://live.osgeo.org/download.html" "Mozilla/5.0 (Windows; U; Windows NT 5.1; en-US) AppleWebKit/534.16 (KHTML, like Gecko) Chrome/10.0.648.133 Safari/534.16"
88.198.68.42 - - [15/Mar/2011:20:12:48 +0100] "GET / HTTP/1.1" 200 935 "-" "check_http/v1.4.14 (nagios-plugins 1.4.14)"
88.198.68.42 - - [15/Mar/2011:20:17:48 +0100] "GET / HTTP/1.1" 200 935 "-" "check_http/v1.4.14 (nagios-plugins 1.4.14)"
88.198.68.42 - - [15/Mar/2011:20:22:48 +0100] "GET / HTTP/1.1" 200 935 "-" "check_http/v1.4.14 (nagios-plugins 1.4.14)"
88.198.68.42 - - [15/Mar/2011:20:27:48 +0100] "GET / HTTP/1.1" 200 935 "-" "check_http/v1.4.14 (nagios-plugins 1.4.14)"
88.198.68.42 - - [15/Mar/2011:20:32:48 +0100] "GET / HTTP/1.1" 200 935 "-" "check_http/v1.4.14 (nagios-plugins 1.4.14)"
88.198.68.42 - - [15/Mar/2011:20:37:48 +0100] "GET / HTTP/1.1" 200 935 "-" "check_http/v1.4.14 (nagios-plugins 1.4.14)"
88.198.68.42 - - [15/Mar/2011:20:42:48 +0100] "GET / HTTP/1.1" 200 935 "-" "check_http/v1.4.14 (nagios-plugins 1.4.14)"
88.198.68.42 - - [15/Mar/2011:20:47:48 +0100] "GET / HTTP/1.1" 200 935 "-" "check_http/v1.4.14 (nagios-plugins 1.4.14)"
88.198.68.42 - - [15/Mar/2011:20:52:48 +0100] "GET / HTTP/1.1" 200 935 "-" "check_http/v1.4.14 (nagios-plugins 1.4.14)"
88.198.68.42 - - [15/Mar/2011:20:57:48 +0100] "GET / HTTP/1.1" 200 935 "-" "check_http/v1.4.14 (nagios-plugins 1.4.14)"
88.198.68.42 - - [15/Mar/2011:21:02:48 +0100] "GET / HTTP/1.1" 200 935 "-" "check_http/v1.4.14 (nagios-plugins 1.4.14)"
88.198.68.42 - - [15/Mar/2011:21:07:48 +0100] "GET / HTTP/1.1" 200 935 "-" "check_http/v1.4.14 (nagios-plugins 1.4.14)"
88.198.68.42 - - [15/Mar/2011:21:12:48 +0100] "GET / HTTP/1.1" 200 935 "-" "check_http/v1.4.14 (nagios-plugins 1.4.14)"
88.198.68.42 - - [15/Mar/2011:21:17:48 +0100] "GET / HTTP/1.1" 200 935 "-" "check_http/v1.4.14 (nagios-plugins 1.4.14)"
88.198.68.42 - - [15/Mar/2011:21:22:48 +0100] "GET / HTTP/1.1" 200 935 "-" "check_http/v1.4.14 (nagios-plugins 1.4.14)"
88.198.68.42 - - [15/Mar/2011:21:27:48 +0100] "GET / HTTP/1.1" 200 935 "-" "check_http/v1.4.14 (nagios-plugins 1.4.14)"
88.198.68.42 - - [15/Mar/2011:21:32:48 +0100] "GET / HTTP/1.1" 200 935 "-" "check_http/v1.4.14 (nagios-plugins 1.4.14)"
88.198.68.42 - - [15/Mar/2011:21:37:48 +0100] "GET / HTTP/1.1" 200 935 "-" "check_http/v1.4.14 (nagios-plugins 1.4.14)"
88.198.68.42 - - [15/Mar/2011:21:42:48 +0100] "GET / HTTP/1.1" 200 935 "-" "check_http/v1.4.14 (nagios-plugins 1.4.14)"
88.198.68.42 - - [15/Mar/2011:21:47:48 +0100] "GET / HTTP/1.1" 200 935 "-" "check_http/v1.4.14 (nagios-plugins 1.4.14)"
88.198.68.42 - - [15/Mar/2011:21:52:48 +0100] "GET / HTTP/1.1" 200 935 "-" "check_http/v1.4.14 (nagios-plugins 1.4.14)"
88.198.68.42 - - [15/Mar/2011:21:57:48 +0100] "GET / HTTP/1.1" 200 935 "-" "check_http/v1.4.14 (nagios-plugins 1.4.14)"
88.198.68.42 - - [15/Mar/2011:22:02:48 +0100] "GET / HTTP/1.1" 200 935 "-" "check_http/v1.4.14 (nagios-plugins 1.4.14)"
88.198.68.42 - - [15/Mar/2011:22:07:48 +0100] "GET / HTTP/1.1" 200 935 "-" "check_http/v1.4.14 (nagios-plugins 1.4.14)"
88.198.68.42 - - [15/Mar/2011:22:12:53 +0100] "GET / HTTP/1.1" 200 935 "-" "check_http/v1.4.14 (nagios-plugins 1.4.14)"
88.198.68.42 - - [15/Mar/2011:22:17:48 +0100] "GET / HTTP/1.1" 200 935 "-" "check_http/v1.4.14 (nagios-plugins 1.4.14)"
88.198.68.42 - - [15/Mar/2011:22:22:48 +0100] "GET / HTTP/1.1" 200 935 "-" "check_http/v1.4.14 (nagios-plugins 1.4.14)"
88.198.68.42 - - [15/Mar/2011:22:27:48 +0100] "GET / HTTP/1.1" 200 935 "-" "check_http/v1.4.14 (nagios-plugins 1.4.14)"
83.76.221.168 - - [15/Mar/2011:20:54:22 +0100] "GET /osgeolive/4.0.1/osgeolive-4.0.1.iso HTTP/1.1" 200 2261004252 "http://live.osgeo.org/download.html" "Mozilla/5.0 (Windows; U; Windows NT 5.1; en-GB; rv:1.9.2.15) Gecko/20110303 Firefox/3.6.15"
88.198.68.42 - - [15/Mar/2011:22:32:48 +0100] "GET / HTTP/1.1" 200 935 "-" "check_http/v1.4.14 (nagios-plugins 1.4.14)"
88.198.68.42 - - [15/Mar/2011:22:37:48 +0100] "GET / HTTP/1.1" 200 935 "-" "check_http/v1.4.14 (nagios-plugins 1.4.14)"
67.195.112.226 - - [15/Mar/2011:22:40:30 +0100] "GET /osgeolive/?C=D;O=A HTTP/1.0" 200 771 "-" "Mozilla/5.0 (compatible; Yahoo! Slurp; http://help.yahoo.com/help/us/ysearch/slurp)"
88.198.68.42 - - [15/Mar/2011:22:42:48 +0100] "GET / HTTP/1.1" 200 935 "-" "check_http/v1.4.14 (nagios-plugins 1.4.14)"
88.198.68.42 - - [15/Mar/2011:22:47:48 +0100] "GET / HTTP/1.1" 200 935 "-" "check_http/v1.4.14 (nagios-plugins 1.4.14)"
88.198.68.42 - - [15/Mar/2011:22:52:48 +0100] "GET / HTTP/1.1" 200 935 "-" "check_http/v1.4.14 (nagios-plugins 1.4.14)"
88.198.68.42 - - [15/Mar/2011:22:57:48 +0100] "GET / HTTP/1.1" 200 935 "-" "check_http/v1.4.14 (nagios-plugins 1.4.14)"
88.198.68.42 - - [15/Mar/2011:23:02:48 +0100] "GET / HTTP/1.1" 200 935 "-" "check_http/v1.4.14 (nagios-plugins 1.4.14)"
88.198.68.42 - - [15/Mar/2011:23:07:48 +0100] "GET / HTTP/1.1" 200 935 "-" "check_http/v1.4.14 (nagios-plugins 1.4.14)"
88.198.68.42 - - [15/Mar/2011:23:12:48 +0100] "GET / HTTP/1.1" 200 935 "-" "check_http/v1.4.14 (nagios-plugins 1.4.14)"
88.198.68.42 - - [15/Mar/2011:23:17:48 +0100] "GET / HTTP/1.1" 200 935 "-" "check_http/v1.4.14 (nagios-plugins 1.4.14)"
88.198.68.42 - - [15/Mar/2011:23:22:48 +0100] "GET / HTTP/1.1" 200 935 "-" "check_http/v1.4.14 (nagios-plugins 1.4.14)"
88.198.68.42 - - [15/Mar/2011:23:27:48 +0100] "GET / HTTP/1.1" 200 935 "-" "check_http/v1.4.14 (nagios-plugins 1.4.14)"
88.198.68.42 - - [15/Mar/2011:23:32:48 +0100] "GET / HTTP/1.1" 200 935 "-" "check_http/v1.4.14 (nagios-plugins 1.4.14)"
88.198.68.42 - - [15/Mar/2011:23:37:48 +0100] "GET / HTTP/1.1" 200 935 "-" "check_http/v1.4.14 (nagios-plugins 1.4.14)"
88.198.68.42 - - [15/Mar/2011:23:42:48 +0100] "GET / HTTP/1.1" 200 935 "-" "check_http/v1.4.14 (nagios-plugins 1.4.14)"
88.198.68.42 - - [15/Mar/2011:23:47:48 +0100] "GET / HTTP/1.1" 200 935 "-" "check_http/v1.4.14 (nagios-plugins 1.4.14)"
88.198.68.42 - - [15/Mar/2011:23:52:48 +0100] "GET / HTTP/1.1" 200 935 "-" "check_http/v1.4.14 (nagios-plugins 1.4.14)"
88.198.68.42 - - [15/Mar/2011:23:57:48 +0100] "GET / HTTP/1.1" 200 935 "-" "check_http/v1.4.14 (nagios-plugins 1.4.14)"
88.198.68.42 - - [16/Mar/2011:00:02:48 +0100] "GET / HTTP/1.1" 200 935 "-" "check_http/v1.4.14 (nagios-plugins 1.4.14)"
88.198.68.42 - - [16/Mar/2011:00:07:48 +0100] "GET / HTTP/1.1" 200 935 "-" "check_http/v1.4.14 (nagios-plugins 1.4.14)"
88.198.68.42 - - [16/Mar/2011:00:12:48 +0100] "GET / HTTP/1.1" 200 935 "-" "check_http/v1.4.14 (nagios-plugins 1.4.14)"
88.198.68.42 - - [16/Mar/2011:00:17:48 +0100] "GET / HTTP/1.1" 200 935 "-" "check_http/v1.4.14 (nagios-plugins 1.4.14)"
88.198.68.42 - - [16/Mar/2011:00:22:48 +0100] "GET / HTTP/1.1" 200 935 "-" "check_http/v1.4.14 (nagios-plugins 1.4.14)"
88.198.68.42 - - [16/Mar/2011:00:27:48 +0100] "GET / HTTP/1.1" 200 935 "-" "check_http/v1.4.14 (nagios-plugins 1.4.14)"
88.198.68.42 - - [16/Mar/2011:00:32:48 +0100] "GET / HTTP/1.1" 200 935 "-" "check_http/v1.4.14 (nagios-plugins 1.4.14)"
88.198.68.42 - - [16/Mar/2011:00:37:48 +0100] "GET / HTTP/1.1" 200 935 "-" "check_http/v1.4.14 (nagios-plugins 1.4.14)"
88.198.68.42 - - [16/Mar/2011:00:42:48 +0100] "GET / HTTP/1.1" 200 935 "-" "check_http/v1.4.14 (nagios-plugins 1.4.14)"
93.243.65.134 - - [16/Mar/2011:00:27:21 +0100] "GET /osgeolive/4.0.1/osgeolive-4.0.1.iso HTTP/1.1" 200 900729952 "http://live.osgeo.org/download.html" "Mozilla/5.0 (Windows; U; Windows NT 5.1; de; rv:1.9.2.15) Gecko/20110303 Firefox/3.6.15"
88.198.68.42 - - [16/Mar/2011:00:47:48 +0100] "GET / HTTP/1.1" 200 935 "-" "check_http/v1.4.14 (nagios-plugins 1.4.14)"
88.198.68.42 - - [16/Mar/2011:00:52:48 +0100] "GET / HTTP/1.1" 200 935 "-" "check_http/v1.4.14 (nagios-plugins 1.4.14)"
88.198.68.42 - - [16/Mar/2011:00:57:48 +0100] "GET / HTTP/1.1" 200 935 "-" "check_http/v1.4.14 (nagios-plugins 1.4.14)"
88.198.68.42 - - [16/Mar/2011:01:02:48 +0100] "GET / HTTP/1.1" 200 935 "-" "check_http/v1.4.14 (nagios-plugins 1.4.14)"
88.198.68.42 - - [16/Mar/2011:01:07:48 +0100] "GET / HTTP/1.1" 200 935 "-" "check_http/v1.4.14 (nagios-plugins 1.4.14)"
88.198.68.42 - - [16/Mar/2011:01:12:48 +0100] "GET / HTTP/1.1" 200 935 "-" "check_http/v1.4.14 (nagios-plugins 1.4.14)"
88.198.68.42 - - [16/Mar/2011:01:17:48 +0100] "GET / HTTP/1.1" 200 935 "-" "check_http/v1.4.14 (nagios-plugins 1.4.14)"
88.198.68.42 - - [16/Mar/2011:01:22:48 +0100] "GET / HTTP/1.1" 200 935 "-" "check_http/v1.4.14 (nagios-plugins 1.4.14)"
88.198.68.42 - - [16/Mar/2011:01:27:48 +0100] "GET / HTTP/1.1" 200 935 "-" "check_http/v1.4.14 (nagios-plugins 1.4.14)"
88.198.68.42 - - [16/Mar/2011:01:32:48 +0100] "GET / HTTP/1.1" 200 935 "-" "check_http/v1.4.14 (nagios-plugins 1.4.14)"
88.198.68.42 - - [16/Mar/2011:01:37:48 +0100] "GET / HTTP/1.1" 200 935 "-" "check_http/v1.4.14 (nagios-plugins 1.4.14)"
88.198.68.42 - - [16/Mar/2011:01:42:48 +0100] "GET / HTTP/1.1" 200 935 "-" "check_http/v1.4.14 (nagios-plugins 1.4.14)"
88.198.68.42 - - [16/Mar/2011:01:47:48 +0100] "GET / HTTP/1.1" 200 935 "-" "check_http/v1.4.14 (nagios-plugins 1.4.14)"
88.198.68.42 - - [16/Mar/2011:01:52:48 +0100] "GET / HTTP/1.1" 200 935 "-" "check_http/v1.4.14 (nagios-plugins 1.4.14)"
88.198.68.42 - - [16/Mar/2011:01:57:48 +0100] "GET / HTTP/1.1" 200 935 "-" "check_http/v1.4.14 (nagios-plugins 1.4.14)"
88.198.68.42 - - [16/Mar/2011:02:02:48 +0100] "GET / HTTP/1.1" 200 935 "-" "check_http/v1.4.14 (nagios-plugins 1.4.14)"
88.198.68.42 - - [16/Mar/2011:02:07:48 +0100] "GET / HTTP/1.1" 200 935 "-" "check_http/v1.4.14 (nagios-plugins 1.4.14)"
88.198.68.42 - - [16/Mar/2011:02:12:48 +0100] "GET / HTTP/1.1" 200 935 "-" "check_http/v1.4.14 (nagios-plugins 1.4.14)"
88.198.68.42 - - [16/Mar/2011:02:17:48 +0100] "GET / HTTP/1.1" 200 935 "-" "check_http/v1.4.14 (nagios-plugins 1.4.14)"
88.198.68.42 - - [16/Mar/2011:02:22:48 +0100] "GET / HTTP/1.1" 200 935 "-" "check_http/v1.4.14 (nagios-plugins 1.4.14)"
88.198.68.42 - - [16/Mar/2011:02:27:48 +0100] "GET / HTTP/1.1" 200 935 "-" "check_http/v1.4.14 (nagios-plugins 1.4.14)"
67.195.112.226 - - [16/Mar/2011:02:23:38 +0100] "GET /osgeolive/4.0.1/osgeolive-4.0.1.iso HTTP/1.0" 200 145822288 "-" "Mozilla/5.0 (compatible; Yahoo! Slurp; http://help.yahoo.com/help/us/ysearch/slurp)"
67.195.112.226 - - [16/Mar/2011:02:23:35 +0100] "GET /osgeolive/4.0.1/osgeolive-4.0.1-mini.iso HTTP/1.0" 200 150606480 "-" "Mozilla/5.0 (compatible; Yahoo! Slurp; http://help.yahoo.com/help/us/ysearch/slurp)"
88.198.68.42 - - [16/Mar/2011:02:32:48 +0100] "GET / HTTP/1.1" 200 935 "-" "check_http/v1.4.14 (nagios-plugins 1.4.14)"
88.198.68.42 - - [16/Mar/2011:02:37:48 +0100] "GET / HTTP/1.1" 200 935 "-" "check_http/v1.4.14 (nagios-plugins 1.4.14)"
88.198.68.42 - - [16/Mar/2011:02:42:48 +0100] "GET / HTTP/1.1" 200 935 "-" "check_http/v1.4.14 (nagios-plugins 1.4.14)"
88.198.68.42 - - [16/Mar/2011:02:47:48 +0100] "GET / HTTP/1.1" 200 935 "-" "check_http/v1.4.14 (nagios-plugins 1.4.14)"
88.198.68.42 - - [16/Mar/2011:02:52:48 +0100] "GET / HTTP/1.1" 200 935 "-" "check_http/v1.4.14 (nagios-plugins 1.4.14)"
88.198.68.42 - - [16/Mar/2011:02:57:48 +0100] "GET / HTTP/1.1" 200 935 "-" "check_http/v1.4.14 (nagios-plugins 1.4.14)"
88.198.68.42 - - [16/Mar/2011:03:02:48 +0100] "GET / HTTP/1.1" 200 935 "-" "check_http/v1.4.14 (nagios-plugins 1.4.14)"
88.198.68.42 - - [16/Mar/2011:03:07:48 +0100] "GET / HTTP/1.1" 200 935 "-" "check_http/v1.4.14 (nagios-plugins 1.4.14)"
88.198.68.42 - - [16/Mar/2011:03:12:48 +0100] "GET / HTTP/1.1" 200 935 "-" "check_http/v1.4.14 (nagios-plugins 1.4.14)"
88.198.68.42 - - [16/Mar/2011:03:17:48 +0100] "GET / HTTP/1.1" 200 935 "-" "check_http/v1.4.14 (nagios-plugins 1.4.14)"
88.198.68.42 - - [16/Mar/2011:03:22:48 +0100] "GET / HTTP/1.1" 200 935 "-" "check_http/v1.4.14 (nagios-plugins 1.4.14)"
88.198.68.42 - - [16/Mar/2011:03:27:48 +0100] "GET / HTTP/1.1" 200 935 "-" "check_http/v1.4.14 (nagios-plugins 1.4.14)"
88.198.68.42 - - [16/Mar/2011:03:32:48 +0100] "GET / HTTP/1.1" 200 935 "-" "check_http/v1.4.14 (nagios-plugins 1.4.14)"
88.198.68.42 - - [16/Mar/2011:03:37:48 +0100] "GET / HTTP/1.1" 200 935 "-" "check_http/v1.4.14 (nagios-plugins 1.4.14)"
88.198.68.42 - - [16/Mar/2011:03:42:48 +0100] "GET / HTTP/1.1" 200 935 "-" "check_http/v1.4.14 (nagios-plugins 1.4.14)"
88.198.68.42 - - [16/Mar/2011:03:47:55 +0100] "GET / HTTP/1.1" 200 935 "-" "check_http/v1.4.14 (nagios-plugins 1.4.14)"
88.198.68.42 - - [16/Mar/2011:03:52:55 +0100] "GET / HTTP/1.1" 200 935 "-" "check_http/v1.4.14 (nagios-plugins 1.4.14)"
88.198.68.42 - - [16/Mar/2011:03:57:55 +0100] "GET / HTTP/1.1" 200 935 "-" "check_http/v1.4.14 (nagios-plugins 1.4.14)"
88.198.68.42 - - [16/Mar/2011:04:02:55 +0100] "GET / HTTP/1.1" 200 935 "-" "check_http/v1.4.14 (nagios-plugins 1.4.14)"
83.78.143.226 - - [16/Mar/2011:04:04:30 +0100] "GET /osgeolive/4.0.1/osgeolive-4.0.1.iso HTTP/1.1" 206 20362848 "http://live.osgeo.org/download.html" "Mozilla/5.0 (Windows; U; Windows NT 5.1; en-GB; rv:1.9.2.15) Gecko/20110303 Firefox/3.6.15"
88.198.68.42 - - [16/Mar/2011:04:07:55 +0100] "GET / HTTP/1.1" 200 935 "-" "check_http/v1.4.14 (nagios-plugins 1.4.14)"
88.198.68.42 - - [16/Mar/2011:04:12:55 +0100] "GET / HTTP/1.1" 200 935 "-" "check_http/v1.4.14 (nagios-plugins 1.4.14)"
88.198.68.42 - - [16/Mar/2011:04:17:55 +0100] "GET / HTTP/1.1" 200 935 "-" "check_http/v1.4.14 (nagios-plugins 1.4.14)"
88.198.68.42 - - [16/Mar/2011:04:22:55 +0100] "GET / HTTP/1.1" 200 935 "-" "check_http/v1.4.14 (nagios-plugins 1.4.14)"
88.198.68.42 - - [16/Mar/2011:04:27:55 +0100] "GET / HTTP/1.1" 200 935 "-" "check_http/v1.4.14 (nagios-plugins 1.4.14)"
83.78.143.226 - - [16/Mar/2011:04:05:43 +0100] "GET /osgeolive/4.0.1/osgeolive-4.0.1.iso HTTP/1.1" 206 297670164 "http://live.osgeo.org/download.html" "Mozilla/5.0 (Windows; U; Windows NT 5.1; en-GB; rv:1.9.2.15) Gecko/20110303 Firefox/3.6.15"
88.198.68.42 - - [16/Mar/2011:04:32:55 +0100] "GET / HTTP/1.1" 200 935 "-" "check_http/v1.4.14 (nagios-plugins 1.4.14)"
88.198.68.42 - - [16/Mar/2011:04:37:55 +0100] "GET / HTTP/1.1" 200 935 "-" "check_http/v1.4.14 (nagios-plugins 1.4.14)"
88.198.68.42 - - [16/Mar/2011:04:42:55 +0100] "GET / HTTP/1.1" 200 935 "-" "check_http/v1.4.14 (nagios-plugins 1.4.14)"
88.198.68.42 - - [16/Mar/2011:04:47:55 +0100] "GET / HTTP/1.1" 200 935 "-" "check_http/v1.4.14 (nagios-plugins 1.4.14)"
88.198.68.42 - - [16/Mar/2011:04:52:55 +0100] "GET / HTTP/1.1" 200 935 "-" "check_http/v1.4.14 (nagios-plugins 1.4.14)"
88.198.68.42 - - [16/Mar/2011:04:57:55 +0100] "GET / HTTP/1.1" 200 935 "-" "check_http/v1.4.14 (nagios-plugins 1.4.14)"
88.198.68.42 - - [16/Mar/2011:05:02:55 +0100] "GET / HTTP/1.1" 200 935 "-" "check_http/v1.4.14 (nagios-plugins 1.4.14)"
88.198.68.42 - - [16/Mar/2011:05:07:55 +0100] "GET / HTTP/1.1" 200 935 "-" "check_http/v1.4.14 (nagios-plugins 1.4.14)"
88.198.68.42 - - [16/Mar/2011:05:12:55 +0100] "GET / HTTP/1.1" 200 935 "-" "check_http/v1.4.14 (nagios-plugins 1.4.14)"
88.198.68.42 - - [16/Mar/2011:05:17:55 +0100] "GET / HTTP/1.1" 200 935 "-" "check_http/v1.4.14 (nagios-plugins 1.4.14)"
88.198.68.42 - - [16/Mar/2011:05:22:55 +0100] "GET / HTTP/1.1" 200 935 "-" "check_http/v1.4.14 (nagios-plugins 1.4.14)"
88.198.68.42 - - [16/Mar/2011:05:27:55 +0100] "GET / HTTP/1.1" 200 935 "-" "check_http/v1.4.14 (nagios-plugins 1.4.14)"
88.198.68.42 - - [16/Mar/2011:05:32:55 +0100] "GET / HTTP/1.1" 200 935 "-" "check_http/v1.4.14 (nagios-plugins 1.4.14)"
88.198.68.42 - - [16/Mar/2011:05:37:55 +0100] "GET / HTTP/1.1" 200 935 "-" "check_http/v1.4.14 (nagios-plugins 1.4.14)"
67.195.112.226 - - [16/Mar/2011:05:40:41 +0100] "GET /robots.txt HTTP/1.0" 404 461 "-" "Mozilla/5.0 (compatible; Yahoo! Slurp; http://help.yahoo.com/help/us/ysearch/slurp)"
67.195.112.226 - - [16/Mar/2011:05:40:41 +0100] "GET /?C=S;O=A HTTP/1.0" 200 619 "-" "Mozilla/5.0 (compatible; Yahoo! Slurp; http://help.yahoo.com/help/us/ysearch/slurp)"
88.198.68.42 - - [16/Mar/2011:05:42:55 +0100] "GET / HTTP/1.1" 200 935 "-" "check_http/v1.4.14 (nagios-plugins 1.4.14)"
88.198.68.42 - - [16/Mar/2011:05:47:55 +0100] "GET / HTTP/1.1" 200 935 "-" "check_http/v1.4.14 (nagios-plugins 1.4.14)"
88.198.68.42 - - [16/Mar/2011:05:52:55 +0100] "GET / HTTP/1.1" 200 935 "-" "check_http/v1.4.14 (nagios-plugins 1.4.14)"
88.198.68.42 - - [16/Mar/2011:05:57:55 +0100] "GET / HTTP/1.1" 200 935 "-" "check_http/v1.4.14 (nagios-plugins 1.4.14)"
88.198.68.42 - - [16/Mar/2011:06:02:55 +0100] "GET / HTTP/1.1" 200 935 "-" "check_http/v1.4.14 (nagios-plugins 1.4.14)"
88.198.68.42 - - [16/Mar/2011:06:07:55 +0100] "GET / HTTP/1.1" 200 935 "-" "check_http/v1.4.14 (nagios-plugins 1.4.14)"
88.198.68.42 - - [16/Mar/2011:06:12:55 +0100] "GET / HTTP/1.1" 200 935 "-" "check_http/v1.4.14 (nagios-plugins 1.4.14)"
88.198.68.42 - - [16/Mar/2011:06:17:55 +0100] "GET / HTTP/1.1" 200 935 "-" "check_http/v1.4.14 (nagios-plugins 1.4.14)"
88.198.68.42 - - [16/Mar/2011:06:22:55 +0100] "GET / HTTP/1.1" 200 935 "-" "check_http/v1.4.14 (nagios-plugins 1.4.14)"
88.198.68.42 - - [16/Mar/2011:06:27:55 +0100] "GET / HTTP/1.1" 200 935 "-" "check_http/v1.4.14 (nagios-plugins 1.4.14)"
88.198.68.42 - - [16/Mar/2011:06:32:55 +0100] "GET / HTTP/1.1" 200 935 "-" "check_http/v1.4.14 (nagios-plugins 1.4.14)"
88.198.68.42 - - [16/Mar/2011:06:37:55 +0100] "GET / HTTP/1.1" 200 935 "-" "check_http/v1.4.14 (nagios-plugins 1.4.14)"
88.198.68.42 - - [16/Mar/2011:06:42:55 +0100] "GET / HTTP/1.1" 200 935 "-" "check_http/v1.4.14 (nagios-plugins 1.4.14)"
88.198.68.42 - - [16/Mar/2011:06:47:55 +0100] "GET / HTTP/1.1" 200 935 "-" "check_http/v1.4.14 (nagios-plugins 1.4.14)"
88.198.68.42 - - [16/Mar/2011:06:52:55 +0100] "GET / HTTP/1.1" 200 935 "-" "check_http/v1.4.14 (nagios-plugins 1.4.14)"
88.198.68.42 - - [16/Mar/2011:06:57:55 +0100] "GET / HTTP/1.1" 200 935 "-" "check_http/v1.4.14 (nagios-plugins 1.4.14)"
88.198.68.42 - - [16/Mar/2011:07:02:55 +0100] "GET / HTTP/1.1" 200 935 "-" "check_http/v1.4.14 (nagios-plugins 1.4.14)"
88.198.68.42 - - [16/Mar/2011:07:07:55 +0100] "GET / HTTP/1.1" 200 935 "-" "check_http/v1.4.14 (nagios-plugins 1.4.14)"
88.198.68.42 - - [16/Mar/2011:07:12:55 +0100] "GET / HTTP/1.1" 200 935 "-" "check_http/v1.4.14 (nagios-plugins 1.4.14)"
88.198.68.42 - - [16/Mar/2011:07:17:55 +0100] "GET / HTTP/1.1" 200 935 "-" "check_http/v1.4.14 (nagios-plugins 1.4.14)"
88.198.68.42 - - [16/Mar/2011:07:22:55 +0100] "GET / HTTP/1.1" 200 935 "-" "check_http/v1.4.14 (nagios-plugins 1.4.14)"
88.198.68.42 - - [16/Mar/2011:07:27:55 +0100] "GET / HTTP/1.1" 200 935 "-" "check_http/v1.4.14 (nagios-plugins 1.4.14)"
88.198.68.42 - - [16/Mar/2011:07:32:55 +0100] "GET / HTTP/1.1" 200 935 "-" "check_http/v1.4.14 (nagios-plugins 1.4.14)"
88.198.68.42 - - [16/Mar/2011:07:37:55 +0100] "GET / HTTP/1.1" 200 935 "-" "check_http/v1.4.14 (nagios-plugins 1.4.14)"
88.198.68.42 - - [16/Mar/2011:07:42:55 +0100] "GET / HTTP/1.1" 200 935 "-" "check_http/v1.4.14 (nagios-plugins 1.4.14)"
88.198.68.42 - - [16/Mar/2011:07:47:55 +0100] "GET / HTTP/1.1" 200 935 "-" "check_http/v1.4.14 (nagios-plugins 1.4.14)"
88.198.68.42 - - [16/Mar/2011:07:52:55 +0100] "GET / HTTP/1.1" 200 935 "-" "check_http/v1.4.14 (nagios-plugins 1.4.14)"
88.198.68.42 - - [16/Mar/2011:07:57:55 +0100] "GET / HTTP/1.1" 200 935 "-" "check_http/v1.4.14 (nagios-plugins 1.4.14)"
84.3.161.97 - - [15/Mar/2011:23:06:38 +0100] "GET /osgeolive/4.0.1/osgeolive-4.0.1.iso HTTP/1.1" 206 1160841620 "-" "Mozilla/5.0 (Windows; U; Windows NT 6.1; hu; rv:1.9.2.15) Gecko/20110303 Firefox/3.6.15"
88.198.68.42 - - [16/Mar/2011:08:02:55 +0100] "GET / HTTP/1.1" 200 935 "-" "check_http/v1.4.14 (nagios-plugins 1.4.14)"
88.198.68.42 - - [16/Mar/2011:08:07:55 +0100] "GET / HTTP/1.1" 200 935 "-" "check_http/v1.4.14 (nagios-plugins 1.4.14)"
88.198.68.42 - - [16/Mar/2011:08:12:55 +0100] "GET / HTTP/1.1" 200 935 "-" "check_http/v1.4.14 (nagios-plugins 1.4.14)"
88.198.68.42 - - [16/Mar/2011:08:17:55 +0100] "GET / HTTP/1.1" 200 935 "-" "check_http/v1.4.14 (nagios-plugins 1.4.14)"
88.198.68.42 - - [16/Mar/2011:08:22:55 +0100] "GET / HTTP/1.1" 200 935 "-" "check_http/v1.4.14 (nagios-plugins 1.4.14)"
88.198.68.42 - - [16/Mar/2011:08:27:55 +0100] "GET / HTTP/1.1" 200 935 "-" "check_http/v1.4.14 (nagios-plugins 1.4.14)"
88.198.68.42 - - [16/Mar/2011:08:32:55 +0100] "GET / HTTP/1.1" 200 935 "-" "check_http/v1.4.14 (nagios-plugins 1.4.14)"
88.198.68.42 - - [16/Mar/2011:08:37:55 +0100] "GET / HTTP/1.1" 200 935 "-" "check_http/v1.4.14 (nagios-plugins 1.4.14)"
88.198.68.42 - - [16/Mar/2011:08:42:55 +0100] "GET / HTTP/1.1" 200 935 "-" "check_http/v1.4.14 (nagios-plugins 1.4.14)"
88.198.68.42 - - [16/Mar/2011:08:47:55 +0100] "GET / HTTP/1.1" 200 935 "-" "check_http/v1.4.14 (nagios-plugins 1.4.14)"
88.198.68.42 - - [16/Mar/2011:08:52:55 +0100] "GET / HTTP/1.1" 200 935 "-" "check_http/v1.4.14 (nagios-plugins 1.4.14)"
88.198.68.42 - - [16/Mar/2011:08:57:55 +0100] "GET / HTTP/1.1" 200 935 "-" "check_http/v1.4.14 (nagios-plugins 1.4.14)"
88.198.68.42 - - [16/Mar/2011:09:02:55 +0100] "GET / HTTP/1.1" 200 935 "-" "check_http/v1.4.14 (nagios-plugins 1.4.14)"
88.198.68.42 - - [16/Mar/2011:09:07:55 +0100] "GET / HTTP/1.1" 200 935 "-" "check_http/v1.4.14 (nagios-plugins 1.4.14)"
88.198.68.42 - - [16/Mar/2011:09:12:55 +0100] "GET / HTTP/1.1" 200 935 "-" "check_http/v1.4.14 (nagios-plugins 1.4.14)"
88.198.68.42 - - [16/Mar/2011:09:17:55 +0100] "GET / HTTP/1.1" 200 935 "-" "check_http/v1.4.14 (nagios-plugins 1.4.14)"
84.3.161.97 - - [15/Mar/2011:23:06:38 +0100] "GET /osgeolive/4.0.1/osgeolive-4.0.1.iso HTTP/1.1" 206 1160789060 "-" "Mozilla/5.0 (Windows; U; Windows NT 6.1; hu; rv:1.9.2.15) Gecko/20110303 Firefox/3.6.15"
88.198.68.42 - - [16/Mar/2011:09:22:55 +0100] "GET / HTTP/1.1" 200 935 "-" "check_http/v1.4.14 (nagios-plugins 1.4.14)"
93.243.116.31 - - [16/Mar/2011:09:23:37 +0100] "GET /osgeolive/4.0.1/osgeolive-4.0.1.iso HTTP/1.1" 200 9548352 "http://live.osgeo.org/download.html" "Mozilla/5.0 (Windows; U; Windows NT 5.1; de; rv:1.9.2.15) Gecko/20110303 Firefox/3.6.15"
93.243.116.31 - - [16/Mar/2011:09:23:56 +0100] "GET /osgeolive/4.0.1/osgeolive-4.0.1.iso HTTP/1.1" 200 2093784 "http://live.osgeo.org/download.html" "Mozilla/5.0 (Windows; U; Windows NT 5.1; de; rv:1.9.2.15) Gecko/20110303 Firefox/3.6.15"
93.243.116.31 - - [16/Mar/2011:09:24:05 +0100] "GET /osgeolive/4.0.1/osgeolive-4.0.1.iso HTTP/1.1" 200 1563804 "http://live.osgeo.org/download.html" "Mozilla/5.0 (Windows; U; Windows NT 5.1; de; rv:1.9.2.15) Gecko/20110303 Firefox/3.6.15"
93.243.116.31 - - [16/Mar/2011:09:24:05 +0100] "GET /osgeolive/4.0.1/osgeolive-4.0.1.iso HTTP/1.1" 206 1392468 "http://live.osgeo.org/download.html" "Mozilla/5.0 (Windows; U; Windows NT 5.1; de; rv:1.9.2.15) Gecko/20110303 Firefox/3.6.15"
93.243.116.31 - - [16/Mar/2011:09:24:05 +0100] "GET /osgeolive/4.0.1/osgeolive-4.0.1.iso HTTP/1.1" 206 1078836 "http://live.osgeo.org/download.html" "Mozilla/5.0 (Windows; U; Windows NT 5.1; de; rv:1.9.2.15) Gecko/20110303 Firefox/3.6.15"
93.243.116.31 - - [16/Mar/2011:09:24:05 +0100] "GET /osgeolive/4.0.1/osgeolive-4.0.1.iso HTTP/1.1" 206 1292280 "http://live.osgeo.org/download.html" "Mozilla/5.0 (Windows; U; Windows NT 5.1; de; rv:1.9.2.15) Gecko/20110303 Firefox/3.6.15"
93.243.116.31 - - [16/Mar/2011:09:26:26 +0100] "GET /osgeolive/4.0.1/osgeolive-4.0.1.iso HTTP/1.1" 200 2150412 "http://live.osgeo.org/download.html" "Mozilla/5.0 (Windows; U; Windows NT 5.1; de; rv:1.9.2.15) Gecko/20110303 Firefox/3.6.15"
67.195.112.226 - - [16/Mar/2011:09:26:46 +0100] "GET /osgeolive/4.0.1/?C=M;O=A HTTP/1.0" 200 729 "-" "Mozilla/5.0 (compatible; Yahoo! Slurp; http://help.yahoo.com/help/us/ysearch/slurp)"
88.198.68.42 - - [16/Mar/2011:09:27:55 +0100] "GET / HTTP/1.1" 200 935 "-" "check_http/v1.4.14 (nagios-plugins 1.4.14)"
84.3.161.97 - - [15/Mar/2011:23:06:38 +0100] "GET /osgeolive/4.0.1/osgeolive-4.0.1.iso HTTP/1.1" 206 1160653664 "-" "Mozilla/5.0 (Windows; U; Windows NT 6.1; hu; rv:1.9.2.15) Gecko/20110303 Firefox/3.6.15"
88.198.68.42 - - [16/Mar/2011:09:32:55 +0100] "GET / HTTP/1.1" 200 935 "-" "check_http/v1.4.14 (nagios-plugins 1.4.14)"
67.195.112.226 - - [16/Mar/2011:09:30:20 +0100] "GET /osgeolive/4.0.1/osgeolive-4.0.1-mini.iso HTTP/1.0" 200 108859045 "-" "Mozilla/5.0 (compatible; Yahoo! Slurp; http://help.yahoo.com/help/us/ysearch/slurp)"
88.198.68.42 - - [16/Mar/2011:09:37:55 +0100] "GET / HTTP/1.1" 200 935 "-" "check_http/v1.4.14 (nagios-plugins 1.4.14)"
67.195.112.226 - - [16/Mar/2011:09:31:06 +0100] "GET /osgeolive/4.0.1/osgeolive-4.0.1.iso HTTP/1.0" 200 196703734 "-" "Mozilla/5.0 (compatible; Yahoo! Slurp; http://help.yahoo.com/help/us/ysearch/slurp)"
88.198.68.42 - - [16/Mar/2011:09:42:55 +0100] "GET / HTTP/1.1" 200 935 "-" "check_http/v1.4.14 (nagios-plugins 1.4.14)"
88.198.68.42 - - [16/Mar/2011:09:47:55 +0100] "GET / HTTP/1.1" 200 935 "-" "check_http/v1.4.14 (nagios-plugins 1.4.14)"
88.198.68.42 - - [16/Mar/2011:09:52:55 +0100] "GET / HTTP/1.1" 200 935 "-" "check_http/v1.4.14 (nagios-plugins 1.4.14)"
84.3.161.97 - - [16/Mar/2011:09:31:08 +0100] "GET /osgeolive/4.0.1/osgeolive-4.0.1.iso HTTP/1.1" 206 48039840 "-" "Mozilla/5.0 (Windows; U; Windows NT 6.1; hu; rv:1.9.2.15) Gecko/20110303 Firefox/3.6.15"
88.198.68.42 - - [16/Mar/2011:09:57:55 +0100] "GET / HTTP/1.1" 200 935 "-" "check_http/v1.4.14 (nagios-plugins 1.4.14)"
88.198.68.42 - - [16/Mar/2011:10:02:55 +0100] "GET / HTTP/1.1" 200 935 "-" "check_http/v1.4.14 (nagios-plugins 1.4.14)"
84.3.161.97 - - [16/Mar/2011:07:58:51 +0100] "GET /osgeolive/4.0.1/osgeolive-4.0.1.iso HTTP/1.1" 206 281991700 "-" "Mozilla/5.0 (Windows; U; Windows NT 6.1; hu; rv:1.9.2.15) Gecko/20110303 Firefox/3.6.15"
84.3.161.97 - - [16/Mar/2011:09:55:18 +0100] "GET /osgeolive/4.0.1/osgeolive-4.0.1.iso HTTP/1.1" 206 18801880 "-" "Mozilla/5.0 (Windows; U; Windows NT 6.1; hu; rv:1.9.2.15) Gecko/20110303 Firefox/3.6.15"
67.195.112.226 - - [16/Mar/2011:10:05:39 +0100] "GET /?C=M;O=A HTTP/1.0" 200 619 "-" "Mozilla/5.0 (compatible; Yahoo! Slurp; http://help.yahoo.com/help/us/ysearch/slurp)"
88.198.68.42 - - [16/Mar/2011:10:07:55 +0100] "GET / HTTP/1.1" 200 935 "-" "check_http/v1.4.14 (nagios-plugins 1.4.14)"
84.3.161.97 - - [16/Mar/2011:09:19:51 +0100] "GET /osgeolive/4.0.1/osgeolive-4.0.1.iso HTTP/1.1" 206 101415980 "-" "Mozilla/5.0 (Windows; U; Windows NT 6.1; hu; rv:1.9.2.15) Gecko/20110303 Firefox/3.6.15"
84.3.161.97 - - [16/Mar/2011:10:03:29 +0100] "GET /osgeolive/4.0.1/osgeolive-4.0.1.iso HTTP/1.1" 206 9644760 "-" "Mozilla/5.0 (Windows; U; Windows NT 6.1; hu; rv:1.9.2.15) Gecko/20110303 Firefox/3.6.15"
84.3.161.97 - - [16/Mar/2011:10:08:05 +0100] "GET /osgeolive/4.0.1/osgeolive-4.0.1.iso HTTP/1.1" 206 1222020 "-" "Mozilla/5.0 (Windows; U; Windows NT 6.1; hu; rv:1.9.2.15) Gecko/20110303 Firefox/3.6.15"
84.3.161.97 - - [16/Mar/2011:10:05:11 +0100] "GET /osgeolive/4.0.1/osgeolive-4.0.1.iso HTTP/1.1" 206 6434220 "-" "Mozilla/5.0 (Windows; U; Windows NT 6.1; hu; rv:1.9.2.15) Gecko/20110303 Firefox/3.6.15"
84.3.161.97 - - [16/Mar/2011:10:08:04 +0100] "GET /osgeolive/4.0.1/osgeolive-4.0.1.iso HTTP/1.1" 206 1278960 "-" "Mozilla/5.0 (Windows; U; Windows NT 6.1; hu; rv:1.9.2.15) Gecko/20110303 Firefox/3.6.15"
84.3.161.97 - - [16/Mar/2011:10:08:33 +0100] "GET /osgeolive/4.0.1/osgeolive-4.0.1.iso HTTP/1.1" 206 1019080 "-" "Mozilla/5.0 (Windows; U; Windows NT 6.1; hu; rv:1.9.2.15) Gecko/20110303 Firefox/3.6.15"
84.3.161.97 - - [15/Mar/2011:23:06:37 +0100] "GET /osgeolive/4.0.1/osgeolive-4.0.1.iso HTTP/1.1" 200 694411040 "-" "Mozilla/5.0 (Windows; U; Windows NT 6.1; hu; rv:1.9.2.15) Gecko/20110303 Firefox/3.6.15"
93.243.116.31 - - [16/Mar/2011:09:26:36 +0100] "GET /osgeolive/4.0.1/osgeolive-4.0.1.iso HTTP/1.1" 206 1160667359 "http://live.osgeo.org/download.html" "Mozilla/5.0 (Windows; U; Windows NT 5.1; de; rv:1.9.2.15) Gecko/20110303 Firefox/3.6.15"
93.243.116.31 - - [16/Mar/2011:09:26:36 +0100] "GET /osgeolive/4.0.1/osgeolive-4.0.1.iso HTTP/1.1" 206 1160562408 "http://live.osgeo.org/download.html" "Mozilla/5.0 (Windows; U; Windows NT 5.1; de; rv:1.9.2.15) Gecko/20110303 Firefox/3.6.15"
