93.243.116.31 - - [16/Mar/2011:10:12:03 +0100] "GET /osgeolive/4.0.1/osgeolive-4.0.1.iso HTTP/1.1" 206 16138980 "http://live.osgeo.org/download.html" "Mozilla/5.0 (Windows; U; Windows NT 5.1; de; rv:1.9.2.15) Gecko/20110303 Firefox/3.6.15"
93.243.116.31 - - [16/Mar/2011:09:26:35 +0100] "GET /osgeolive/4.0.1/osgeolive-4.0.1.iso HTTP/1.1" 200 1145004706 "http://live.osgeo.org/download.html" "Mozilla/5.0 (Windows; U; Windows NT 5.1; de; rv:1.9.2.15) Gecko/20110303 Firefox/3.6.15"
93.243.116.31 - - [16/Mar/2011:10:12:40 +0100] "GET /osgeolive/4.0.1/osgeolive-4.0.1.iso HTTP/1.1" 206 3150840 "http://live.osgeo.org/download.html" "Mozilla/5.0 (Windows; U; Windows NT 5.1; de; rv:1.9.2.15) Gecko/20110303 Firefox/3.6.15"
93.243.116.31 - - [16/Mar/2011:10:12:42 +0100] "GET /osgeolive/4.0.1/osgeolive-4.0.1.iso HTTP/1.1" 206 2262216 "http://live.osgeo.org/download.html" "Mozilla/5.0 (Windows; U; Windows NT 5.1; de; rv:1.9.2.15) Gecko/20110303 Firefox/3.6.15"
93.243.116.31 - - [16/Mar/2011:10:11:10 +0100] "GET /osgeolive/4.0.1/osgeolive-4.0.1.iso HTTP/1.1" 206 45420012 "http://live.osgeo.org/download.html" "Mozilla/5.0 (Windows; U; Windows NT 5.1; de; rv:1.9.2.15) Gecko/20110303 Firefox/3.6.15"
93.243.116.31 - - [16/Mar/2011:09:26:36 +0100] "GET /osgeolive/4.0.1/osgeolive-4.0.1.iso HTTP/1.1" 206 1109127428 "http://live.osgeo.org/download.html" "Mozilla/5.0 (Windows; U; Windows NT 5.1; de; rv:1.9.2.15) Gecko/20110303 Firefox/3.6.15"
93.243.116.31 - - [16/Mar/2011:10:12:47 +0100] "GET /osgeolive/4.0.1/osgeolive-4.0.1.iso HTTP/1.1" 206 971388 "http://live.osgeo.org/download.html" "Mozilla/5.0 (Windows; U; Windows NT 5.1; de; rv:1.9.2.15) Gecko/20110303 Firefox/3.6.15"
88.198.68.42 - - [16/Mar/2011:10:12:55 +0100] "GET / HTTP/1.1" 200 935 "-" "check_http/v1.4.14 (nagios-plugins 1.4.14)"
88.198.68.42 - - [16/Mar/2011:10:17:55 +0100] "GET / HTTP/1.1" 200 935 "-" "check_http/v1.4.14 (nagios-plugins 1.4.14)"
88.198.68.42 - - [16/Mar/2011:10:22:55 +0100] "GET / HTTP/1.1" 200 935 "-" "check_http/v1.4.14 (nagios-plugins 1.4.14)"
88.198.68.42 - - [16/Mar/2011:10:27:55 +0100] "GET / HTTP/1.1" 200 935 "-" "check_http/v1.4.14 (nagios-plugins 1.4.14)"
88.198.68.42 - - [16/Mar/2011:10:32:55 +0100] "GET / HTTP/1.1" 200 935 "-" "check_http/v1.4.14 (nagios-plugins 1.4.14)"
93.243.50.244 - - [16/Mar/2011:10:37:02 +0100] "GET /osgeolive/4.0.1/osgeolive-4.0.1.iso HTTP/1.1" 200 12095160 "http://live.osgeo.org/download.html" "Mozilla/5.0 (Windows; U; Windows NT 5.1; de; rv:1.9.2.15) Gecko/20110303 Firefox/3.6.15"
93.243.50.244 - - [16/Mar/2011:10:37:16 +0100] "GET /osgeolive/4.0.1/osgeolive-4.0.1.iso HTTP/1.1" 200 13068 "http://live.osgeo.org/download.html" "Mozilla/5.0 (Windows; U; Windows NT 5.1; de; rv:1.9.2.15) Gecko/20110303 Firefox/3.6.15"
88.198.68.42 - - [16/Mar/2011:10:37:55 +0100] "GET / HTTP/1.1" 200 935 "-" "check_http/v1.4.14 (nagios-plugins 1.4.14)"
93.243.50.244 - - [16/Mar/2011:10:38:07 +0100] "GET /osgeolive/4.0.1/osgeolive-4.0.1.iso HTTP/1.1" 200 24342780 "http://live.osgeo.org/download.html" "Mozilla/5.0 (Windows; U; Windows NT 5.1; de; rv:1.9.2.15) Gecko/20110303 Firefox/3.6.15"
218.213.130.181 - - [16/Mar/2011:10:40:04 +0100] "GET /robots.txt HTTP/1.1" 404 505 "-" "ichiro/4.0 (http://help.goo.ne.jp/door/crawler.html)"
218.213.130.181 - - [16/Mar/2011:10:40:06 +0100] "GET /osgeolive/4.0.1/ HTTP/1.1" 200 1860 "-" "ichiro/4.0 (http://help.goo.ne.jp/door/crawler.html)"
88.198.68.42 - - [16/Mar/2011:10:42:55 +0100] "GET / HTTP/1.1" 200 935 "-" "check_http/v1.4.14 (nagios-plugins 1.4.14)"
88.198.68.42 - - [16/Mar/2011:10:47:55 +0100] "GET / HTTP/1.1" 200 935 "-" "check_http/v1.4.14 (nagios-plugins 1.4.14)"
88.198.68.42 - - [16/Mar/2011:10:52:55 +0100] "GET / HTTP/1.1" 200 935 "-" "check_http/v1.4.14 (nagios-plugins 1.4.14)"
218.213.130.181 - - [16/Mar/2011:10:54:52 +0100] "GET /osgeolive/4.0.1/osgeolive-4.0.1.iso HTTP/1.1" 200 13032 "-" "ichiro/4.0 (http://help.goo.ne.jp/door/crawler.html)"
67.195.112.226 - - [16/Mar/2011:10:53:38 +0100] "GET /osgeolive/4.0.1/osgeolive-4.0.1.iso HTTP/1.0" 200 60451126 "-" "Mozilla/5.0 (compatible; Yahoo! Slurp; http://help.yahoo.com/help/us/ysearch/slurp)"
88.198.68.42 - - [16/Mar/2011:10:57:55 +0100] "GET / HTTP/1.1" 200 935 "-" "check_http/v1.4.14 (nagios-plugins 1.4.14)"
67.195.112.226 - - [16/Mar/2011:10:55:53 +0100] "GET /osgeolive/4.0.1/osgeolive-4.0.1.iso HTTP/1.0" 200 147639528 "-" "Mozilla/5.0 (compatible; Yahoo! Slurp; http://help.yahoo.com/help/us/ysearch/slurp)"
88.198.68.42 - - [16/Mar/2011:11:02:55 +0100] "GET / HTTP/1.1" 200 935 "-" "check_http/v1.4.14 (nagios-plugins 1.4.14)"
218.213.130.181 - - [16/Mar/2011:11:03:57 +0100] "GET /osgeolive/4.0.1/osgeolive-4.0.1-mini.iso.md5 HTTP/1.1" 200 314 "-" "ichiro/4.0 (http://help.goo.ne.jp/door/crawler.html)"
88.198.68.42 - - [16/Mar/2011:11:07:55 +0100] "GET / HTTP/1.1" 200 935 "-" "check_http/v1.4.14 (nagios-plugins 1.4.14)"
218.213.130.181 - - [16/Mar/2011:11:11:00 +0100] "GET /osgeolive/4.0.1/osgeolive-4.0.1-mini.iso HTTP/1.1" 200 13032 "-" "ichiro/4.0 (http://help.goo.ne.jp/door/crawler.html)"
88.198.68.42 - - [16/Mar/2011:11:12:55 +0100] "GET / HTTP/1.1" 200 935 "-" "check_http/v1.4.14 (nagios-plugins 1.4.14)"
218.213.130.181 - - [16/Mar/2011:11:17:10 +0100] "GET /osgeolive/ HTTP/1.1" 200 2891 "-" "DoCoMo/2.0 P901i(c100;TB;W24H11) (compatible; ichiro/mobile goo; +http://help.goo.ne.jp/door/crawler.html)"
88.198.68.42 - - [16/Mar/2011:11:17:55 +0100] "GET / HTTP/1.1" 200 935 "-" "check_http/v1.4.14 (nagios-plugins 1.4.14)"
88.198.68.42 - - [16/Mar/2011:11:22:55 +0100] "GET / HTTP/1.1" 200 935 "-" "check_http/v1.4.14 (nagios-plugins 1.4.14)"
218.213.130.181 - - [16/Mar/2011:11:23:58 +0100] "GET /osgeolive/4.0.1/?C=D;O=A HTTP/1.1" 200 1860 "-" "DoCoMo/2.0 P901i(c100;TB;W24H11) (compatible; ichiro/mobile goo; +http://help.goo.ne.jp/door/crawler.html)"
88.198.68.42 - - [16/Mar/2011:11:27:55 +0100] "GET / HTTP/1.1" 200 935 "-" "check_http/v1.4.14 (nagios-plugins 1.4.14)"
218.213.130.181 - - [16/Mar/2011:11:30:29 +0100] "GET /osgeolive/4.0.1/?C=S;O=A HTTP/1.1" 200 1860 "-" "DoCoMo/2.0 P901i(c100;TB;W24H11) (compatible; ichiro/mobile goo; +http://help.goo.ne.jp/door/crawler.html)"
88.198.68.42 - - [16/Mar/2011:11:32:55 +0100] "GET / HTTP/1.1" 200 935 "-" "check_http/v1.4.14 (nagios-plugins 1.4.14)"
88.198.68.42 - - [16/Mar/2011:11:37:55 +0100] "GET / HTTP/1.1" 200 935 "-" "check_http/v1.4.14 (nagios-plugins 1.4.14)"
88.198.68.42 - - [16/Mar/2011:11:42:55 +0100] "GET / HTTP/1.1" 200 935 "-" "check_http/v1.4.14 (nagios-plugins 1.4.14)"
88.198.68.42 - - [16/Mar/2011:11:47:55 +0100] "GET / HTTP/1.1" 200 935 "-" "check_http/v1.4.14 (nagios-plugins 1.4.14)"
88.198.68.42 - - [16/Mar/2011:11:52:55 +0100] "GET / HTTP/1.1" 200 935 "-" "check_http/v1.4.14 (nagios-plugins 1.4.14)"
88.198.68.42 - - [16/Mar/2011:11:57:55 +0100] "GET / HTTP/1.1" 200 935 "-" "check_http/v1.4.14 (nagios-plugins 1.4.14)"
88.198.68.42 - - [16/Mar/2011:12:02:55 +0100] "GET / HTTP/1.1" 200 935 "-" "check_http/v1.4.14 (nagios-plugins 1.4.14)"
93.243.50.244 - - [16/Mar/2011:10:39:04 +0100] "GET /osgeolive/4.0.1/osgeolive-4.0.1.iso HTTP/1.1" 200 4295247148 "http://live.osgeo.org/download.html" "Mozilla/5.0 (Windows; U; Windows NT 5.1; de; rv:1.9.2.15) Gecko/20110303 Firefox/3.6.15"
88.198.68.42 - - [16/Mar/2011:12:07:55 +0100] "GET / HTTP/1.1" 200 935 "-" "check_http/v1.4.14 (nagios-plugins 1.4.14)"
88.198.68.42 - - [16/Mar/2011:12:12:55 +0100] "GET / HTTP/1.1" 200 935 "-" "check_http/v1.4.14 (nagios-plugins 1.4.14)"
77.88.28.246 - - [16/Mar/2011:12:16:38 +0100] "GET /robots.txt HTTP/1.1" 404 543 "-" "Mozilla/5.0 (compatible; YandexBot/3.0; +http://yandex.com/bots)"
77.88.28.246 - - [16/Mar/2011:12:16:40 +0100] "GET /osgeolive/4.0.1/osgeolive-4.0.1.iso HTTP/1.1" 200 72696 "-" "Mozilla/5.0 (compatible; YandexBot/3.0; +http://yandex.com/bots)"
88.198.68.42 - - [16/Mar/2011:12:17:55 +0100] "GET / HTTP/1.1" 200 935 "-" "check_http/v1.4.14 (nagios-plugins 1.4.14)"
88.198.68.42 - - [16/Mar/2011:12:22:55 +0100] "GET / HTTP/1.1" 200 935 "-" "check_http/v1.4.14 (nagios-plugins 1.4.14)"
88.198.68.42 - - [16/Mar/2011:12:27:55 +0100] "GET / HTTP/1.1" 200 935 "-" "check_http/v1.4.14 (nagios-plugins 1.4.14)"
88.198.68.42 - - [16/Mar/2011:12:32:55 +0100] "GET / HTTP/1.1" 200 935 "-" "check_http/v1.4.14 (nagios-plugins 1.4.14)"
88.198.68.42 - - [16/Mar/2011:12:37:55 +0100] "GET / HTTP/1.1" 200 935 "-" "check_http/v1.4.14 (nagios-plugins 1.4.14)"
88.198.68.42 - - [16/Mar/2011:12:42:55 +0100] "GET / HTTP/1.1" 200 935 "-" "check_http/v1.4.14 (nagios-plugins 1.4.14)"
88.198.68.42 - - [16/Mar/2011:12:47:55 +0100] "GET / HTTP/1.1" 200 935 "-" "check_http/v1.4.14 (nagios-plugins 1.4.14)"
88.198.68.42 - - [16/Mar/2011:12:52:55 +0100] "GET / HTTP/1.1" 200 935 "-" "check_http/v1.4.14 (nagios-plugins 1.4.14)"
88.198.68.42 - - [16/Mar/2011:12:58:00 +0100] "GET / HTTP/1.1" 200 935 "-" "check_http/v1.4.14 (nagios-plugins 1.4.14)"
88.198.68.42 - - [16/Mar/2011:13:02:55 +0100] "GET / HTTP/1.1" 200 935 "-" "check_http/v1.4.14 (nagios-plugins 1.4.14)"
88.198.68.42 - - [16/Mar/2011:13:07:55 +0100] "GET / HTTP/1.1" 200 935 "-" "check_http/v1.4.14 (nagios-plugins 1.4.14)"
88.198.68.42 - - [16/Mar/2011:13:12:55 +0100] "GET / HTTP/1.1" 200 935 "-" "check_http/v1.4.14 (nagios-plugins 1.4.14)"
88.198.68.42 - - [16/Mar/2011:13:17:55 +0100] "GET / HTTP/1.1" 200 935 "-" "check_http/v1.4.14 (nagios-plugins 1.4.14)"
88.198.68.42 - - [16/Mar/2011:13:22:55 +0100] "GET / HTTP/1.1" 200 935 "-" "check_http/v1.4.14 (nagios-plugins 1.4.14)"
88.198.68.42 - - [16/Mar/2011:13:27:55 +0100] "GET / HTTP/1.1" 200 935 "-" "check_http/v1.4.14 (nagios-plugins 1.4.14)"
88.198.68.42 - - [16/Mar/2011:13:32:55 +0100] "GET / HTTP/1.1" 200 935 "-" "check_http/v1.4.14 (nagios-plugins 1.4.14)"
88.198.68.42 - - [16/Mar/2011:13:37:55 +0100] "GET / HTTP/1.1" 200 935 "-" "check_http/v1.4.14 (nagios-plugins 1.4.14)"
208.115.111.71 - - [16/Mar/2011:13:38:26 +0100] "GET /robots.txt HTTP/1.1" 404 486 "-" "Mozilla/5.0 (compatible; Ezooms/1.0; ezooms.bot@gmail.com)"
88.198.68.42 - - [16/Mar/2011:13:42:55 +0100] "GET / HTTP/1.1" 200 935 "-" "check_http/v1.4.14 (nagios-plugins 1.4.14)"
88.198.68.42 - - [16/Mar/2011:13:47:55 +0100] "GET / HTTP/1.1" 200 935 "-" "check_http/v1.4.14 (nagios-plugins 1.4.14)"
88.198.68.42 - - [16/Mar/2011:13:52:55 +0100] "GET / HTTP/1.1" 200 935 "-" "check_http/v1.4.14 (nagios-plugins 1.4.14)"
88.198.68.42 - - [16/Mar/2011:13:57:55 +0100] "GET / HTTP/1.1" 200 935 "-" "check_http/v1.4.14 (nagios-plugins 1.4.14)"
208.115.111.71 - - [16/Mar/2011:14:00:40 +0100] "GET /osgeolive/4.0.1/ HTTP/1.1" 200 1841 "-" "Mozilla/5.0 (compatible; Ezooms/1.0; ezooms.bot@gmail.com)"
88.198.68.42 - - [16/Mar/2011:14:02:55 +0100] "GET / HTTP/1.1" 200 935 "-" "check_http/v1.4.14 (nagios-plugins 1.4.14)"
88.198.68.42 - - [16/Mar/2011:14:07:55 +0100] "GET / HTTP/1.1" 200 935 "-" "check_http/v1.4.14 (nagios-plugins 1.4.14)"
88.198.68.42 - - [16/Mar/2011:14:12:55 +0100] "GET / HTTP/1.1" 200 935 "-" "check_http/v1.4.14 (nagios-plugins 1.4.14)"
88.198.68.42 - - [16/Mar/2011:14:17:55 +0100] "GET / HTTP/1.1" 200 935 "-" "check_http/v1.4.14 (nagios-plugins 1.4.14)"
88.198.68.42 - - [16/Mar/2011:14:22:55 +0100] "GET / HTTP/1.1" 200 935 "-" "check_http/v1.4.14 (nagios-plugins 1.4.14)"
88.198.68.42 - - [16/Mar/2011:14:27:55 +0100] "GET / HTTP/1.1" 200 935 "-" "check_http/v1.4.14 (nagios-plugins 1.4.14)"
88.198.68.42 - - [16/Mar/2011:14:32:55 +0100] "GET / HTTP/1.1" 200 935 "-" "check_http/v1.4.14 (nagios-plugins 1.4.14)"
83.79.25.108 - - [16/Mar/2011:14:22:49 +0100] "GET /osgeolive/4.0.1/osgeolive-4.0.1.iso HTTP/1.1" 206 154957440 "http://live.osgeo.org/download.html" "Mozilla/5.0 (Windows; U; Windows NT 5.1; en-GB; rv:1.9.2.15) Gecko/20110303 Firefox/3.6.15"
88.198.68.42 - - [16/Mar/2011:14:37:55 +0100] "GET / HTTP/1.1" 200 935 "-" "check_http/v1.4.14 (nagios-plugins 1.4.14)"
83.79.25.108 - - [16/Mar/2011:14:35:40 +0100] "GET /osgeolive/4.0.1/osgeolive-4.0.1.iso HTTP/1.1" 200 103563444 "-" "Mozilla/5.0 (Windows; U; Windows NT 5.1; en-GB; rv:1.9.2.15) Gecko/20110303 Firefox/3.6.15"
88.198.68.42 - - [16/Mar/2011:14:42:55 +0100] "GET / HTTP/1.1" 200 935 "-" "check_http/v1.4.14 (nagios-plugins 1.4.14)"
88.198.68.42 - - [16/Mar/2011:14:47:55 +0100] "GET / HTTP/1.1" 200 935 "-" "check_http/v1.4.14 (nagios-plugins 1.4.14)"
88.198.68.42 - - [16/Mar/2011:14:52:55 +0100] "GET / HTTP/1.1" 200 935 "-" "check_http/v1.4.14 (nagios-plugins 1.4.14)"
88.198.68.42 - - [16/Mar/2011:14:57:55 +0100] "GET / HTTP/1.1" 200 935 "-" "check_http/v1.4.14 (nagios-plugins 1.4.14)"
88.198.68.42 - - [16/Mar/2011:15:02:55 +0100] "GET / HTTP/1.1" 200 935 "-" "check_http/v1.4.14 (nagios-plugins 1.4.14)"
88.198.68.42 - - [16/Mar/2011:15:07:55 +0100] "GET / HTTP/1.1" 200 935 "-" "check_http/v1.4.14 (nagios-plugins 1.4.14)"
88.198.68.42 - - [16/Mar/2011:15:12:55 +0100] "GET / HTTP/1.1" 200 935 "-" "check_http/v1.4.14 (nagios-plugins 1.4.14)"
88.198.68.42 - - [16/Mar/2011:15:17:55 +0100] "GET / HTTP/1.1" 200 935 "-" "check_http/v1.4.14 (nagios-plugins 1.4.14)"
88.198.68.42 - - [16/Mar/2011:15:22:55 +0100] "GET / HTTP/1.1" 200 935 "-" "check_http/v1.4.14 (nagios-plugins 1.4.14)"
88.198.68.42 - - [16/Mar/2011:15:27:55 +0100] "GET / HTTP/1.1" 200 935 "-" "check_http/v1.4.14 (nagios-plugins 1.4.14)"
88.198.68.42 - - [16/Mar/2011:15:32:55 +0100] "GET / HTTP/1.1" 200 935 "-" "check_http/v1.4.14 (nagios-plugins 1.4.14)"
88.198.68.42 - - [16/Mar/2011:15:37:55 +0100] "GET / HTTP/1.1" 200 935 "-" "check_http/v1.4.14 (nagios-plugins 1.4.14)"
88.198.68.42 - - [16/Mar/2011:15:42:55 +0100] "GET / HTTP/1.1" 200 935 "-" "check_http/v1.4.14 (nagios-plugins 1.4.14)"
88.198.68.42 - - [16/Mar/2011:15:47:55 +0100] "GET / HTTP/1.1" 200 935 "-" "check_http/v1.4.14 (nagios-plugins 1.4.14)"
88.198.68.42 - - [16/Mar/2011:15:52:55 +0100] "GET / HTTP/1.1" 200 935 "-" "check_http/v1.4.14 (nagios-plugins 1.4.14)"
88.198.68.42 - - [16/Mar/2011:15:57:55 +0100] "GET / HTTP/1.1" 200 935 "-" "check_http/v1.4.14 (nagios-plugins 1.4.14)"
88.198.68.42 - - [16/Mar/2011:16:02:55 +0100] "GET / HTTP/1.1" 200 935 "-" "check_http/v1.4.14 (nagios-plugins 1.4.14)"
88.198.68.42 - - [16/Mar/2011:16:07:55 +0100] "GET / HTTP/1.1" 200 935 "-" "check_http/v1.4.14 (nagios-plugins 1.4.14)"
88.198.68.42 - - [16/Mar/2011:16:12:55 +0100] "GET / HTTP/1.1" 200 935 "-" "check_http/v1.4.14 (nagios-plugins 1.4.14)"
88.198.68.42 - - [16/Mar/2011:16:17:55 +0100] "GET / HTTP/1.1" 200 935 "-" "check_http/v1.4.14 (nagios-plugins 1.4.14)"
88.198.68.42 - - [16/Mar/2011:16:22:55 +0100] "GET / HTTP/1.1" 200 935 "-" "check_http/v1.4.14 (nagios-plugins 1.4.14)"
88.198.68.42 - - [16/Mar/2011:16:27:55 +0100] "GET / HTTP/1.1" 200 935 "-" "check_http/v1.4.14 (nagios-plugins 1.4.14)"
88.198.68.42 - - [16/Mar/2011:16:32:55 +0100] "GET / HTTP/1.1" 200 935 "-" "check_http/v1.4.14 (nagios-plugins 1.4.14)"
88.198.68.42 - - [16/Mar/2011:16:37:55 +0100] "GET / HTTP/1.1" 200 935 "-" "check_http/v1.4.14 (nagios-plugins 1.4.14)"
88.198.68.42 - - [16/Mar/2011:16:42:55 +0100] "GET / HTTP/1.1" 200 935 "-" "check_http/v1.4.14 (nagios-plugins 1.4.14)"
88.198.68.42 - - [16/Mar/2011:16:47:55 +0100] "GET / HTTP/1.1" 200 935 "-" "check_http/v1.4.14 (nagios-plugins 1.4.14)"
88.198.68.42 - - [16/Mar/2011:16:52:55 +0100] "GET / HTTP/1.1" 200 935 "-" "check_http/v1.4.14 (nagios-plugins 1.4.14)"
88.198.68.42 - - [16/Mar/2011:16:57:55 +0100] "GET / HTTP/1.1" 200 935 "-" "check_http/v1.4.14 (nagios-plugins 1.4.14)"
88.198.68.42 - - [16/Mar/2011:17:02:55 +0100] "GET / HTTP/1.1" 200 935 "-" "check_http/v1.4.14 (nagios-plugins 1.4.14)"
88.198.68.42 - - [16/Mar/2011:17:07:55 +0100] "GET / HTTP/1.1" 200 935 "-" "check_http/v1.4.14 (nagios-plugins 1.4.14)"
88.198.68.42 - - [16/Mar/2011:17:12:55 +0100] "GET / HTTP/1.1" 200 935 "-" "check_http/v1.4.14 (nagios-plugins 1.4.14)"
88.198.68.42 - - [16/Mar/2011:17:17:55 +0100] "GET / HTTP/1.1" 200 935 "-" "check_http/v1.4.14 (nagios-plugins 1.4.14)"
88.198.68.42 - - [16/Mar/2011:17:22:55 +0100] "GET / HTTP/1.1" 200 935 "-" "check_http/v1.4.14 (nagios-plugins 1.4.14)"
88.198.68.42 - - [16/Mar/2011:17:27:55 +0100] "GET / HTTP/1.1" 200 935 "-" "check_http/v1.4.14 (nagios-plugins 1.4.14)"
88.198.68.42 - - [16/Mar/2011:17:32:55 +0100] "GET / HTTP/1.1" 200 935 "-" "check_http/v1.4.14 (nagios-plugins 1.4.14)"
67.195.112.226 - - [16/Mar/2011:17:34:29 +0100] "GET /robots.txt HTTP/1.0" 404 461 "-" "Mozilla/5.0 (compatible; Yahoo! Slurp; http://help.yahoo.com/help/us/ysearch/slurp)"
88.198.68.42 - - [16/Mar/2011:17:37:55 +0100] "GET / HTTP/1.1" 200 935 "-" "check_http/v1.4.14 (nagios-plugins 1.4.14)"
67.195.112.226 - - [16/Mar/2011:17:34:29 +0100] "GET /osgeolive/4.0.1/osgeolive-4.0.1-mini.iso HTTP/1.0" 200 144199080 "-" "Mozilla/5.0 (compatible; Yahoo! Slurp; http://help.yahoo.com/help/us/ysearch/slurp)"
88.198.68.42 - - [16/Mar/2011:17:42:55 +0100] "GET / HTTP/1.1" 200 935 "-" "check_http/v1.4.14 (nagios-plugins 1.4.14)"
88.198.68.42 - - [16/Mar/2011:17:47:55 +0100] "GET / HTTP/1.1" 200 935 "-" "check_http/v1.4.14 (nagios-plugins 1.4.14)"
88.198.68.42 - - [16/Mar/2011:17:52:55 +0100] "GET / HTTP/1.1" 200 935 "-" "check_http/v1.4.14 (nagios-plugins 1.4.14)"
88.198.68.42 - - [16/Mar/2011:17:57:55 +0100] "GET / HTTP/1.1" 200 935 "-" "check_http/v1.4.14 (nagios-plugins 1.4.14)"
88.198.68.42 - - [16/Mar/2011:18:02:55 +0100] "GET / HTTP/1.1" 200 935 "-" "check_http/v1.4.14 (nagios-plugins 1.4.14)"
88.198.68.42 - - [16/Mar/2011:18:07:55 +0100] "GET / HTTP/1.1" 200 935 "-" "check_http/v1.4.14 (nagios-plugins 1.4.14)"
88.198.68.42 - - [16/Mar/2011:18:12:55 +0100] "GET / HTTP/1.1" 200 935 "-" "check_http/v1.4.14 (nagios-plugins 1.4.14)"
88.198.68.42 - - [16/Mar/2011:18:17:55 +0100] "GET / HTTP/1.1" 200 935 "-" "check_http/v1.4.14 (nagios-plugins 1.4.14)"
88.198.68.42 - - [16/Mar/2011:18:22:55 +0100] "GET / HTTP/1.1" 200 935 "-" "check_http/v1.4.14 (nagios-plugins 1.4.14)"
88.198.68.42 - - [16/Mar/2011:18:27:55 +0100] "GET / HTTP/1.1" 200 935 "-" "check_http/v1.4.14 (nagios-plugins 1.4.14)"
178.5.30.140 - - [16/Mar/2011:18:29:26 +0100] "GET /osgeolive/4.0.1/ HTTP/1.1" 200 769 "http://download.osgeo.org/livedvd/" "Mozilla/5.0 (Windows; U; Windows NT 5.1; de; rv:1.9.2.13) Gecko/20101203 Firefox/3.6.13 ( .NET CLR 3.5.30729)"
178.5.30.140 - - [16/Mar/2011:18:29:26 +0100] "GET /icons/blank.gif HTTP/1.1" 200 424 "http://mirror.wikisquare.de/osgeolive/4.0.1/" "Mozilla/5.0 (Windows; U; Windows NT 5.1; de; rv:1.9.2.13) Gecko/20101203 Firefox/3.6.13 ( .NET CLR 3.5.30729)"
178.5.30.140 - - [16/Mar/2011:18:29:26 +0100] "GET /icons/back.gif HTTP/1.1" 200 493 "http://mirror.wikisquare.de/osgeolive/4.0.1/" "Mozilla/5.0 (Windows; U; Windows NT 5.1; de; rv:1.9.2.13) Gecko/20101203 Firefox/3.6.13 ( .NET CLR 3.5.30729)"
178.5.30.140 - - [16/Mar/2011:18:29:26 +0100] "GET /icons/unknown.gif HTTP/1.1" 200 522 "http://mirror.wikisquare.de/osgeolive/4.0.1/" "Mozilla/5.0 (Windows; U; Windows NT 5.1; de; rv:1.9.2.13) Gecko/20101203 Firefox/3.6.13 ( .NET CLR 3.5.30729)"
178.5.30.140 - - [16/Mar/2011:18:29:26 +0100] "GET /favicon.ico HTTP/1.1" 404 499 "-" "Mozilla/5.0 (Windows; U; Windows NT 5.1; de; rv:1.9.2.13) Gecko/20101203 Firefox/3.6.13 ( .NET CLR 3.5.30729)"
88.198.68.42 - - [16/Mar/2011:18:32:55 +0100] "GET / HTTP/1.1" 200 935 "-" "check_http/v1.4.14 (nagios-plugins 1.4.14)"
88.198.68.42 - - [16/Mar/2011:18:37:55 +0100] "GET / HTTP/1.1" 200 935 "-" "check_http/v1.4.14 (nagios-plugins 1.4.14)"
88.198.68.42 - - [16/Mar/2011:18:42:55 +0100] "GET / HTTP/1.1" 200 935 "-" "check_http/v1.4.14 (nagios-plugins 1.4.14)"
67.195.112.226 - - [16/Mar/2011:18:43:25 +0100] "GET /?C=D;O=A HTTP/1.0" 200 619 "-" "Mozilla/5.0 (compatible; Yahoo! Slurp; http://help.yahoo.com/help/us/ysearch/slurp)"
88.198.68.42 - - [16/Mar/2011:18:47:55 +0100] "GET / HTTP/1.1" 200 935 "-" "check_http/v1.4.14 (nagios-plugins 1.4.14)"
88.198.68.42 - - [16/Mar/2011:18:52:55 +0100] "GET / HTTP/1.1" 200 935 "-" "check_http/v1.4.14 (nagios-plugins 1.4.14)"
88.198.68.42 - - [16/Mar/2011:18:57:55 +0100] "GET / HTTP/1.1" 200 935 "-" "check_http/v1.4.14 (nagios-plugins 1.4.14)"
88.198.68.42 - - [16/Mar/2011:19:02:55 +0100] "GET / HTTP/1.1" 200 935 "-" "check_http/v1.4.14 (nagios-plugins 1.4.14)"
88.198.68.42 - - [16/Mar/2011:19:07:55 +0100] "GET / HTTP/1.1" 200 935 "-" "check_http/v1.4.14 (nagios-plugins 1.4.14)"
88.198.68.42 - - [16/Mar/2011:19:12:55 +0100] "GET / HTTP/1.1" 200 935 "-" "check_http/v1.4.14 (nagios-plugins 1.4.14)"
88.198.68.42 - - [16/Mar/2011:19:17:55 +0100] "GET / HTTP/1.1" 200 935 "-" "check_http/v1.4.14 (nagios-plugins 1.4.14)"
88.198.68.42 - - [16/Mar/2011:19:22:55 +0100] "GET / HTTP/1.1" 200 935 "-" "check_http/v1.4.14 (nagios-plugins 1.4.14)"
88.198.68.42 - - [16/Mar/2011:19:27:55 +0100] "GET / HTTP/1.1" 200 935 "-" "check_http/v1.4.14 (nagios-plugins 1.4.14)"
88.198.68.42 - - [16/Mar/2011:19:32:55 +0100] "GET / HTTP/1.1" 200 935 "-" "check_http/v1.4.14 (nagios-plugins 1.4.14)"
88.198.68.42 - - [16/Mar/2011:19:37:55 +0100] "GET / HTTP/1.1" 200 935 "-" "check_http/v1.4.14 (nagios-plugins 1.4.14)"
88.198.68.42 - - [16/Mar/2011:19:42:55 +0100] "GET / HTTP/1.1" 200 935 "-" "check_http/v1.4.14 (nagios-plugins 1.4.14)"
88.198.68.42 - - [16/Mar/2011:19:47:55 +0100] "GET / HTTP/1.1" 200 935 "-" "check_http/v1.4.14 (nagios-plugins 1.4.14)"
88.198.68.42 - - [16/Mar/2011:19:52:55 +0100] "GET / HTTP/1.1" 200 935 "-" "check_http/v1.4.14 (nagios-plugins 1.4.14)"
88.198.68.42 - - [16/Mar/2011:19:57:55 +0100] "GET / HTTP/1.1" 200 935 "-" "check_http/v1.4.14 (nagios-plugins 1.4.14)"
88.198.68.42 - - [16/Mar/2011:20:02:55 +0100] "GET / HTTP/1.1" 200 935 "-" "check_http/v1.4.14 (nagios-plugins 1.4.14)"
88.198.68.42 - - [16/Mar/2011:20:07:55 +0100] "GET / HTTP/1.1" 200 935 "-" "check_http/v1.4.14 (nagios-plugins 1.4.14)"
88.198.68.42 - - [16/Mar/2011:20:12:55 +0100] "GET / HTTP/1.1" 200 935 "-" "check_http/v1.4.14 (nagios-plugins 1.4.14)"
88.198.68.42 - - [16/Mar/2011:20:17:55 +0100] "GET / HTTP/1.1" 200 935 "-" "check_http/v1.4.14 (nagios-plugins 1.4.14)"
88.198.68.42 - - [16/Mar/2011:20:22:55 +0100] "GET / HTTP/1.1" 200 935 "-" "check_http/v1.4.14 (nagios-plugins 1.4.14)"
88.198.68.42 - - [16/Mar/2011:20:27:55 +0100] "GET / HTTP/1.1" 200 935 "-" "check_http/v1.4.14 (nagios-plugins 1.4.14)"
88.198.68.42 - - [16/Mar/2011:20:32:55 +0100] "GET / HTTP/1.1" 200 935 "-" "check_http/v1.4.14 (nagios-plugins 1.4.14)"
88.198.68.42 - - [16/Mar/2011:20:37:55 +0100] "GET / HTTP/1.1" 200 935 "-" "check_http/v1.4.14 (nagios-plugins 1.4.14)"
88.198.68.42 - - [16/Mar/2011:20:42:55 +0100] "GET / HTTP/1.1" 200 935 "-" "check_http/v1.4.14 (nagios-plugins 1.4.14)"
88.198.68.42 - - [16/Mar/2011:20:47:55 +0100] "GET / HTTP/1.1" 200 935 "-" "check_http/v1.4.14 (nagios-plugins 1.4.14)"
88.198.68.42 - - [16/Mar/2011:20:52:55 +0100] "GET / HTTP/1.1" 200 935 "-" "check_http/v1.4.14 (nagios-plugins 1.4.14)"
88.198.68.42 - - [16/Mar/2011:20:57:55 +0100] "GET / HTTP/1.1" 200 935 "-" "check_http/v1.4.14 (nagios-plugins 1.4.14)"
88.198.68.42 - - [16/Mar/2011:21:02:55 +0100] "GET / HTTP/1.1" 200 935 "-" "check_http/v1.4.14 (nagios-plugins 1.4.14)"
88.198.68.42 - - [16/Mar/2011:21:07:55 +0100] "GET / HTTP/1.1" 200 935 "-" "check_http/v1.4.14 (nagios-plugins 1.4.14)"
88.198.68.42 - - [16/Mar/2011:21:12:55 +0100] "GET / HTTP/1.1" 200 935 "-" "check_http/v1.4.14 (nagios-plugins 1.4.14)"
88.198.68.42 - - [16/Mar/2011:21:17:55 +0100] "GET / HTTP/1.1" 200 935 "-" "check_http/v1.4.14 (nagios-plugins 1.4.14)"
88.198.68.42 - - [16/Mar/2011:21:22:55 +0100] "GET / HTTP/1.1" 200 935 "-" "check_http/v1.4.14 (nagios-plugins 1.4.14)"
88.198.68.42 - - [16/Mar/2011:21:27:55 +0100] "GET / HTTP/1.1" 200 935 "-" "check_http/v1.4.14 (nagios-plugins 1.4.14)"
88.198.68.42 - - [16/Mar/2011:21:32:55 +0100] "GET / HTTP/1.1" 200 935 "-" "check_http/v1.4.14 (nagios-plugins 1.4.14)"
88.198.68.42 - - [16/Mar/2011:21:37:55 +0100] "GET / HTTP/1.1" 200 935 "-" "check_http/v1.4.14 (nagios-plugins 1.4.14)"
88.198.68.42 - - [16/Mar/2011:21:42:55 +0100] "GET / HTTP/1.1" 200 935 "-" "check_http/v1.4.14 (nagios-plugins 1.4.14)"
88.198.68.42 - - [16/Mar/2011:21:47:55 +0100] "GET / HTTP/1.1" 200 935 "-" "check_http/v1.4.14 (nagios-plugins 1.4.14)"
88.198.68.42 - - [16/Mar/2011:21:52:55 +0100] "GET / HTTP/1.1" 200 935 "-" "check_http/v1.4.14 (nagios-plugins 1.4.14)"
88.198.68.42 - - [16/Mar/2011:21:57:55 +0100] "GET / HTTP/1.1" 200 935 "-" "check_http/v1.4.14 (nagios-plugins 1.4.14)"
88.198.68.42 - - [16/Mar/2011:22:02:55 +0100] "GET / HTTP/1.1" 200 935 "-" "check_http/v1.4.14 (nagios-plugins 1.4.14)"
88.198.68.42 - - [16/Mar/2011:22:07:55 +0100] "GET / HTTP/1.1" 200 935 "-" "check_http/v1.4.14 (nagios-plugins 1.4.14)"
88.198.68.42 - - [16/Mar/2011:22:12:55 +0100] "GET / HTTP/1.1" 200 935 "-" "check_http/v1.4.14 (nagios-plugins 1.4.14)"
88.198.68.42 - - [16/Mar/2011:22:17:55 +0100] "GET / HTTP/1.1" 200 935 "-" "check_http/v1.4.14 (nagios-plugins 1.4.14)"
88.198.68.42 - - [16/Mar/2011:22:22:55 +0100] "GET / HTTP/1.1" 200 935 "-" "check_http/v1.4.14 (nagios-plugins 1.4.14)"
88.198.68.42 - - [16/Mar/2011:22:27:55 +0100] "GET / HTTP/1.1" 200 935 "-" "check_http/v1.4.14 (nagios-plugins 1.4.14)"
88.198.68.42 - - [16/Mar/2011:22:32:55 +0100] "GET / HTTP/1.1" 200 935 "-" "check_http/v1.4.14 (nagios-plugins 1.4.14)"
88.198.68.42 - - [16/Mar/2011:22:37:55 +0100] "GET / HTTP/1.1" 200 935 "-" "check_http/v1.4.14 (nagios-plugins 1.4.14)"
67.195.112.226 - - [16/Mar/2011:22:42:09 +0100] "GET /osgeolive/4.0.1/osgeolive-4.0.1-mini.iso HTTP/1.0" 200 17953752 "-" "Mozilla/5.0 (compatible; Yahoo! Slurp; http://help.yahoo.com/help/us/ysearch/slurp)"
88.198.68.42 - - [16/Mar/2011:22:42:55 +0100] "GET / HTTP/1.1" 200 935 "-" "check_http/v1.4.14 (nagios-plugins 1.4.14)"
88.198.68.42 - - [16/Mar/2011:22:47:55 +0100] "GET / HTTP/1.1" 200 935 "-" "check_http/v1.4.14 (nagios-plugins 1.4.14)"
88.198.68.42 - - [16/Mar/2011:22:52:55 +0100] "GET / HTTP/1.1" 200 935 "-" "check_http/v1.4.14 (nagios-plugins 1.4.14)"
88.198.68.42 - - [16/Mar/2011:22:57:55 +0100] "GET / HTTP/1.1" 200 935 "-" "check_http/v1.4.14 (nagios-plugins 1.4.14)"
88.198.68.42 - - [16/Mar/2011:23:02:55 +0100] "GET / HTTP/1.1" 200 935 "-" "check_http/v1.4.14 (nagios-plugins 1.4.14)"
88.198.68.42 - - [16/Mar/2011:23:07:55 +0100] "GET / HTTP/1.1" 200 935 "-" "check_http/v1.4.14 (nagios-plugins 1.4.14)"
88.198.68.42 - - [16/Mar/2011:23:12:55 +0100] "GET / HTTP/1.1" 200 935 "-" "check_http/v1.4.14 (nagios-plugins 1.4.14)"
88.198.68.42 - - [16/Mar/2011:23:17:55 +0100] "GET / HTTP/1.1" 200 935 "-" "check_http/v1.4.14 (nagios-plugins 1.4.14)"
88.198.68.42 - - [16/Mar/2011:23:22:55 +0100] "GET / HTTP/1.1" 200 935 "-" "check_http/v1.4.14 (nagios-plugins 1.4.14)"
88.198.68.42 - - [16/Mar/2011:23:27:55 +0100] "GET / HTTP/1.1" 200 935 "-" "check_http/v1.4.14 (nagios-plugins 1.4.14)"
88.198.68.42 - - [16/Mar/2011:23:32:55 +0100] "GET / HTTP/1.1" 200 935 "-" "check_http/v1.4.14 (nagios-plugins 1.4.14)"
88.198.68.42 - - [16/Mar/2011:23:37:55 +0100] "GET / HTTP/1.1" 200 935 "-" "check_http/v1.4.14 (nagios-plugins 1.4.14)"
88.198.68.42 - - [16/Mar/2011:23:42:55 +0100] "GET / HTTP/1.1" 200 935 "-" "check_http/v1.4.14 (nagios-plugins 1.4.14)"
88.198.68.42 - - [16/Mar/2011:23:47:55 +0100] "GET / HTTP/1.1" 200 935 "-" "check_http/v1.4.14 (nagios-plugins 1.4.14)"
88.198.68.42 - - [16/Mar/2011:23:52:55 +0100] "GET / HTTP/1.1" 200 935 "-" "check_http/v1.4.14 (nagios-plugins 1.4.14)"
67.195.112.226 - - [16/Mar/2011:23:54:06 +0100] "GET /?C=N;O=D HTTP/1.0" 200 617 "-" "Mozilla/5.0 (compatible; Yahoo! Slurp; http://help.yahoo.com/help/us/ysearch/slurp)"
88.198.68.42 - - [16/Mar/2011:23:57:55 +0100] "GET / HTTP/1.1" 200 935 "-" "check_http/v1.4.14 (nagios-plugins 1.4.14)"
88.198.68.42 - - [17/Mar/2011:00:02:55 +0100] "GET / HTTP/1.1" 200 935 "-" "check_http/v1.4.14 (nagios-plugins 1.4.14)"
88.198.68.42 - - [17/Mar/2011:00:07:55 +0100] "GET / HTTP/1.1" 200 935 "-" "check_http/v1.4.14 (nagios-plugins 1.4.14)"
88.198.68.42 - - [17/Mar/2011:00:12:55 +0100] "GET / HTTP/1.1" 200 935 "-" "check_http/v1.4.14 (nagios-plugins 1.4.14)"
66.249.71.97 - - [17/Mar/2011:00:15:26 +0100] "GET /robots.txt HTTP/1.1" 404 499 "-" "DoCoMo/2.0 N905i(c100;TB;W24H16) (compatible; Googlebot-Mobile/2.1; +http://www.google.com/bot.html)"
66.249.71.97 - - [17/Mar/2011:00:15:26 +0100] "GET /osgeolive/4.0.1/osgeolive-4.0.1-mini.iso.md5 HTTP/1.1" 200 351 "-" "DoCoMo/2.0 N905i(c100;TB;W24H16) (compatible; Googlebot-Mobile/2.1; +http://www.google.com/bot.html)"
88.198.68.42 - - [17/Mar/2011:00:17:55 +0100] "GET / HTTP/1.1" 200 935 "-" "check_http/v1.4.14 (nagios-plugins 1.4.14)"
88.198.68.42 - - [17/Mar/2011:00:22:55 +0100] "GET / HTTP/1.1" 200 935 "-" "check_http/v1.4.14 (nagios-plugins 1.4.14)"
88.198.68.42 - - [17/Mar/2011:00:27:55 +0100] "GET / HTTP/1.1" 200 935 "-" "check_http/v1.4.14 (nagios-plugins 1.4.14)"
88.198.68.42 - - [17/Mar/2011:00:32:55 +0100] "GET / HTTP/1.1" 200 935 "-" "check_http/v1.4.14 (nagios-plugins 1.4.14)"
88.198.68.42 - - [17/Mar/2011:00:37:55 +0100] "GET / HTTP/1.1" 200 935 "-" "check_http/v1.4.14 (nagios-plugins 1.4.14)"
88.198.68.42 - - [17/Mar/2011:00:42:55 +0100] "GET / HTTP/1.1" 200 935 "-" "check_http/v1.4.14 (nagios-plugins 1.4.14)"
88.198.68.42 - - [17/Mar/2011:00:47:55 +0100] "GET / HTTP/1.1" 200 935 "-" "check_http/v1.4.14 (nagios-plugins 1.4.14)"
88.198.68.42 - - [17/Mar/2011:00:52:55 +0100] "GET / HTTP/1.1" 200 935 "-" "check_http/v1.4.14 (nagios-plugins 1.4.14)"
88.198.68.42 - - [17/Mar/2011:00:57:55 +0100] "GET / HTTP/1.1" 200 935 "-" "check_http/v1.4.14 (nagios-plugins 1.4.14)"
88.198.68.42 - - [17/Mar/2011:01:02:55 +0100] "GET / HTTP/1.1" 200 935 "-" "check_http/v1.4.14 (nagios-plugins 1.4.14)"
88.198.68.42 - - [17/Mar/2011:01:07:55 +0100] "GET / HTTP/1.1" 200 935 "-" "check_http/v1.4.14 (nagios-plugins 1.4.14)"
88.198.68.42 - - [17/Mar/2011:01:12:55 +0100] "GET / HTTP/1.1" 200 935 "-" "check_http/v1.4.14 (nagios-plugins 1.4.14)"
88.198.68.42 - - [17/Mar/2011:01:17:55 +0100] "GET / HTTP/1.1" 200 935 "-" "check_http/v1.4.14 (nagios-plugins 1.4.14)"
88.198.68.42 - - [17/Mar/2011:01:22:55 +0100] "GET / HTTP/1.1" 200 935 "-" "check_http/v1.4.14 (nagios-plugins 1.4.14)"
88.198.68.42 - - [17/Mar/2011:01:27:55 +0100] "GET / HTTP/1.1" 200 935 "-" "check_http/v1.4.14 (nagios-plugins 1.4.14)"
88.198.68.42 - - [17/Mar/2011:01:32:55 +0100] "GET / HTTP/1.1" 200 935 "-" "check_http/v1.4.14 (nagios-plugins 1.4.14)"
88.198.68.42 - - [17/Mar/2011:01:37:55 +0100] "GET / HTTP/1.1" 200 935 "-" "check_http/v1.4.14 (nagios-plugins 1.4.14)"
88.198.68.42 - - [17/Mar/2011:01:42:55 +0100] "GET / HTTP/1.1" 200 935 "-" "check_http/v1.4.14 (nagios-plugins 1.4.14)"
88.198.68.42 - - [17/Mar/2011:01:47:55 +0100] "GET / HTTP/1.1" 200 935 "-" "check_http/v1.4.14 (nagios-plugins 1.4.14)"
88.198.68.42 - - [17/Mar/2011:01:52:55 +0100] "GET / HTTP/1.1" 200 935 "-" "check_http/v1.4.14 (nagios-plugins 1.4.14)"
88.198.68.42 - - [17/Mar/2011:01:57:55 +0100] "GET / HTTP/1.1" 200 935 "-" "check_http/v1.4.14 (nagios-plugins 1.4.14)"
67.195.112.226 - - [17/Mar/2011:02:02:05 +0100] "GET /osgeolive/4.0.1/osgeolive-4.0.1.iso.md5 HTTP/1.0" 200 309 "-" "Mozilla/5.0 (compatible; Yahoo! Slurp; http://help.yahoo.com/help/us/ysearch/slurp)"
88.198.68.42 - - [17/Mar/2011:02:02:55 +0100] "GET / HTTP/1.1" 200 935 "-" "check_http/v1.4.14 (nagios-plugins 1.4.14)"
88.198.68.42 - - [17/Mar/2011:02:07:55 +0100] "GET / HTTP/1.1" 200 935 "-" "check_http/v1.4.14 (nagios-plugins 1.4.14)"
88.198.68.42 - - [17/Mar/2011:02:12:55 +0100] "GET / HTTP/1.1" 200 935 "-" "check_http/v1.4.14 (nagios-plugins 1.4.14)"
88.198.68.42 - - [17/Mar/2011:02:17:55 +0100] "GET / HTTP/1.1" 200 935 "-" "check_http/v1.4.14 (nagios-plugins 1.4.14)"
88.198.68.42 - - [17/Mar/2011:02:22:55 +0100] "GET / HTTP/1.1" 200 935 "-" "check_http/v1.4.14 (nagios-plugins 1.4.14)"
88.198.68.42 - - [17/Mar/2011:02:27:55 +0100] "GET / HTTP/1.1" 200 935 "-" "check_http/v1.4.14 (nagios-plugins 1.4.14)"
88.198.68.42 - - [17/Mar/2011:02:32:55 +0100] "GET / HTTP/1.1" 200 935 "-" "check_http/v1.4.14 (nagios-plugins 1.4.14)"
88.198.68.42 - - [17/Mar/2011:02:37:55 +0100] "GET / HTTP/1.1" 200 935 "-" "check_http/v1.4.14 (nagios-plugins 1.4.14)"
88.198.68.42 - - [17/Mar/2011:02:42:55 +0100] "GET / HTTP/1.1" 200 935 "-" "check_http/v1.4.14 (nagios-plugins 1.4.14)"
88.198.68.42 - - [17/Mar/2011:02:47:55 +0100] "GET / HTTP/1.1" 200 935 "-" "check_http/v1.4.14 (nagios-plugins 1.4.14)"
88.198.68.42 - - [17/Mar/2011:02:52:55 +0100] "GET / HTTP/1.1" 200 935 "-" "check_http/v1.4.14 (nagios-plugins 1.4.14)"
88.198.68.42 - - [17/Mar/2011:02:57:55 +0100] "GET / HTTP/1.1" 200 935 "-" "check_http/v1.4.14 (nagios-plugins 1.4.14)"
88.198.68.42 - - [17/Mar/2011:03:02:55 +0100] "GET / HTTP/1.1" 200 935 "-" "check_http/v1.4.14 (nagios-plugins 1.4.14)"
88.198.68.42 - - [17/Mar/2011:03:07:55 +0100] "GET / HTTP/1.1" 200 935 "-" "check_http/v1.4.14 (nagios-plugins 1.4.14)"
88.198.68.42 - - [17/Mar/2011:03:12:55 +0100] "GET / HTTP/1.1" 200 935 "-" "check_http/v1.4.14 (nagios-plugins 1.4.14)"
88.198.68.42 - - [17/Mar/2011:03:17:55 +0100] "GET / HTTP/1.1" 200 935 "-" "check_http/v1.4.14 (nagios-plugins 1.4.14)"
88.198.68.42 - - [17/Mar/2011:03:22:55 +0100] "GET / HTTP/1.1" 200 935 "-" "check_http/v1.4.14 (nagios-plugins 1.4.14)"
88.198.68.42 - - [17/Mar/2011:03:27:55 +0100] "GET / HTTP/1.1" 200 935 "-" "check_http/v1.4.14 (nagios-plugins 1.4.14)"
88.198.68.42 - - [17/Mar/2011:03:32:55 +0100] "GET / HTTP/1.1" 200 935 "-" "check_http/v1.4.14 (nagios-plugins 1.4.14)"
88.198.68.42 - - [17/Mar/2011:03:37:55 +0100] "GET / HTTP/1.1" 200 935 "-" "check_http/v1.4.14 (nagios-plugins 1.4.14)"
88.198.68.42 - - [17/Mar/2011:03:42:55 +0100] "GET / HTTP/1.1" 200 935 "-" "check_http/v1.4.14 (nagios-plugins 1.4.14)"
88.198.68.42 - - [17/Mar/2011:03:47:55 +0100] "GET / HTTP/1.1" 200 935 "-" "check_http/v1.4.14 (nagios-plugins 1.4.14)"
88.198.68.42 - - [17/Mar/2011:03:52:55 +0100] "GET / HTTP/1.1" 200 935 "-" "check_http/v1.4.14 (nagios-plugins 1.4.14)"
88.198.68.42 - - [17/Mar/2011:03:57:55 +0100] "GET / HTTP/1.1" 200 935 "-" "check_http/v1.4.14 (nagios-plugins 1.4.14)"
88.198.68.42 - - [17/Mar/2011:04:02:55 +0100] "GET / HTTP/1.1" 200 935 "-" "check_http/v1.4.14 (nagios-plugins 1.4.14)"
88.198.68.42 - - [17/Mar/2011:04:07:55 +0100] "GET / HTTP/1.1" 200 935 "-" "check_http/v1.4.14 (nagios-plugins 1.4.14)"
88.198.68.42 - - [17/Mar/2011:04:12:55 +0100] "GET / HTTP/1.1" 200 935 "-" "check_http/v1.4.14 (nagios-plugins 1.4.14)"
88.198.68.42 - - [17/Mar/2011:04:17:55 +0100] "GET / HTTP/1.1" 200 935 "-" "check_http/v1.4.14 (nagios-plugins 1.4.14)"
88.198.68.42 - - [17/Mar/2011:04:22:55 +0100] "GET / HTTP/1.1" 200 935 "-" "check_http/v1.4.14 (nagios-plugins 1.4.14)"
88.198.68.42 - - [17/Mar/2011:04:27:55 +0100] "GET / HTTP/1.1" 200 935 "-" "check_http/v1.4.14 (nagios-plugins 1.4.14)"
88.198.68.42 - - [17/Mar/2011:04:32:55 +0100] "GET / HTTP/1.1" 200 935 "-" "check_http/v1.4.14 (nagios-plugins 1.4.14)"
88.198.68.42 - - [17/Mar/2011:04:37:55 +0100] "GET / HTTP/1.1" 200 935 "-" "check_http/v1.4.14 (nagios-plugins 1.4.14)"
88.198.68.42 - - [17/Mar/2011:04:42:55 +0100] "GET / HTTP/1.1" 200 935 "-" "check_http/v1.4.14 (nagios-plugins 1.4.14)"
88.198.68.42 - - [17/Mar/2011:04:47:55 +0100] "GET / HTTP/1.1" 200 935 "-" "check_http/v1.4.14 (nagios-plugins 1.4.14)"
88.198.68.42 - - [17/Mar/2011:04:52:55 +0100] "GET / HTTP/1.1" 200 935 "-" "check_http/v1.4.14 (nagios-plugins 1.4.14)"
88.198.68.42 - - [17/Mar/2011:04:57:55 +0100] "GET / HTTP/1.1" 200 935 "-" "check_http/v1.4.14 (nagios-plugins 1.4.14)"
88.198.68.42 - - [17/Mar/2011:05:02:55 +0100] "GET / HTTP/1.1" 200 935 "-" "check_http/v1.4.14 (nagios-plugins 1.4.14)"
88.198.68.42 - - [17/Mar/2011:05:07:55 +0100] "GET / HTTP/1.1" 200 935 "-" "check_http/v1.4.14 (nagios-plugins 1.4.14)"
88.198.68.42 - - [17/Mar/2011:05:12:55 +0100] "GET / HTTP/1.1" 200 935 "-" "check_http/v1.4.14 (nagios-plugins 1.4.14)"
88.198.68.42 - - [17/Mar/2011:05:17:55 +0100] "GET / HTTP/1.1" 200 935 "-" "check_http/v1.4.14 (nagios-plugins 1.4.14)"
88.198.68.42 - - [17/Mar/2011:05:22:55 +0100] "GET / HTTP/1.1" 200 935 "-" "check_http/v1.4.14 (nagios-plugins 1.4.14)"
88.198.68.42 - - [17/Mar/2011:05:27:55 +0100] "GET / HTTP/1.1" 200 935 "-" "check_http/v1.4.14 (nagios-plugins 1.4.14)"
88.198.68.42 - - [17/Mar/2011:05:32:55 +0100] "GET / HTTP/1.1" 200 935 "-" "check_http/v1.4.14 (nagios-plugins 1.4.14)"
88.198.68.42 - - [17/Mar/2011:05:37:55 +0100] "GET / HTTP/1.1" 200 935 "-" "check_http/v1.4.14 (nagios-plugins 1.4.14)"
88.198.68.42 - - [17/Mar/2011:05:42:55 +0100] "GET / HTTP/1.1" 200 935 "-" "check_http/v1.4.14 (nagios-plugins 1.4.14)"
88.198.68.42 - - [17/Mar/2011:05:47:55 +0100] "GET / HTTP/1.1" 200 935 "-" "check_http/v1.4.14 (nagios-plugins 1.4.14)"
88.198.68.42 - - [17/Mar/2011:05:52:55 +0100] "GET / HTTP/1.1" 200 935 "-" "check_http/v1.4.14 (nagios-plugins 1.4.14)"
88.198.68.42 - - [17/Mar/2011:05:57:55 +0100] "GET / HTTP/1.1" 200 935 "-" "check_http/v1.4.14 (nagios-plugins 1.4.14)"
88.198.68.42 - - [17/Mar/2011:06:02:55 +0100] "GET / HTTP/1.1" 200 935 "-" "check_http/v1.4.14 (nagios-plugins 1.4.14)"
88.198.68.42 - - [17/Mar/2011:06:07:55 +0100] "GET / HTTP/1.1" 200 935 "-" "check_http/v1.4.14 (nagios-plugins 1.4.14)"
88.198.68.42 - - [17/Mar/2011:06:12:55 +0100] "GET / HTTP/1.1" 200 935 "-" "check_http/v1.4.14 (nagios-plugins 1.4.14)"
88.198.68.42 - - [17/Mar/2011:06:18:00 +0100] "GET / HTTP/1.1" 200 935 "-" "check_http/v1.4.14 (nagios-plugins 1.4.14)"
88.198.68.42 - - [17/Mar/2011:06:22:55 +0100] "GET / HTTP/1.1" 200 935 "-" "check_http/v1.4.14 (nagios-plugins 1.4.14)"
88.198.68.42 - - [17/Mar/2011:06:27:55 +0100] "GET / HTTP/1.1" 200 935 "-" "check_http/v1.4.14 (nagios-plugins 1.4.14)"
88.198.68.42 - - [17/Mar/2011:06:32:55 +0100] "GET / HTTP/1.1" 200 935 "-" "check_http/v1.4.14 (nagios-plugins 1.4.14)"
88.198.68.42 - - [17/Mar/2011:06:37:55 +0100] "GET / HTTP/1.1" 200 935 "-" "check_http/v1.4.14 (nagios-plugins 1.4.14)"
88.198.68.42 - - [17/Mar/2011:06:42:55 +0100] "GET / HTTP/1.1" 200 935 "-" "check_http/v1.4.14 (nagios-plugins 1.4.14)"
88.198.68.42 - - [17/Mar/2011:06:47:55 +0100] "GET / HTTP/1.1" 200 935 "-" "check_http/v1.4.14 (nagios-plugins 1.4.14)"
88.198.68.42 - - [17/Mar/2011:06:52:55 +0100] "GET / HTTP/1.1" 200 935 "-" "check_http/v1.4.14 (nagios-plugins 1.4.14)"
67.195.112.226 - - [17/Mar/2011:06:49:04 +0100] "GET /osgeolive/4.0.1/osgeolive-4.0.1-mini.iso HTTP/1.0" 200 145998717 "-" "Mozilla/5.0 (compatible; Yahoo! Slurp; http://help.yahoo.com/help/us/ysearch/slurp)"
88.198.68.42 - - [17/Mar/2011:06:57:55 +0100] "GET / HTTP/1.1" 200 935 "-" "check_http/v1.4.14 (nagios-plugins 1.4.14)"
195.200.70.39 - - [17/Mar/2011:06:35:30 +0100] "GET /osgeolive/4.0.1/osgeolive-4.0.1.iso HTTP/1.0" 200 4642625844 "http://live.osgeo.org/download.html" "Opera/9.63 (Windows NT 5.1; U; de) Presto/2.1.1"
88.198.68.42 - - [17/Mar/2011:07:02:55 +0100] "GET / HTTP/1.1" 200 935 "-" "check_http/v1.4.14 (nagios-plugins 1.4.14)"
88.198.68.42 - - [17/Mar/2011:07:07:55 +0100] "GET / HTTP/1.1" 200 935 "-" "check_http/v1.4.14 (nagios-plugins 1.4.14)"
88.198.68.42 - - [17/Mar/2011:07:12:55 +0100] "GET / HTTP/1.1" 200 935 "-" "check_http/v1.4.14 (nagios-plugins 1.4.14)"
88.198.68.42 - - [17/Mar/2011:07:17:55 +0100] "GET / HTTP/1.1" 200 935 "-" "check_http/v1.4.14 (nagios-plugins 1.4.14)"
88.198.68.42 - - [17/Mar/2011:07:22:55 +0100] "GET / HTTP/1.1" 200 935 "-" "check_http/v1.4.14 (nagios-plugins 1.4.14)"
88.198.68.42 - - [17/Mar/2011:07:27:55 +0100] "GET / HTTP/1.1" 200 935 "-" "check_http/v1.4.14 (nagios-plugins 1.4.14)"
88.198.68.42 - - [17/Mar/2011:07:32:55 +0100] "GET / HTTP/1.1" 200 935 "-" "check_http/v1.4.14 (nagios-plugins 1.4.14)"
88.198.68.42 - - [17/Mar/2011:07:37:55 +0100] "GET / HTTP/1.1" 200 935 "-" "check_http/v1.4.14 (nagios-plugins 1.4.14)"
88.198.68.42 - - [17/Mar/2011:07:42:55 +0100] "GET / HTTP/1.1" 200 935 "-" "check_http/v1.4.14 (nagios-plugins 1.4.14)"
88.198.68.42 - - [17/Mar/2011:07:47:55 +0100] "GET / HTTP/1.1" 200 935 "-" "check_http/v1.4.14 (nagios-plugins 1.4.14)"
88.198.68.42 - - [17/Mar/2011:07:52:55 +0100] "GET / HTTP/1.1" 200 935 "-" "check_http/v1.4.14 (nagios-plugins 1.4.14)"
88.198.68.42 - - [17/Mar/2011:07:57:55 +0100] "GET / HTTP/1.1" 200 935 "-" "check_http/v1.4.14 (nagios-plugins 1.4.14)"
88.198.68.42 - - [17/Mar/2011:08:02:55 +0100] "GET / HTTP/1.1" 200 935 "-" "check_http/v1.4.14 (nagios-plugins 1.4.14)"
88.198.68.42 - - [17/Mar/2011:08:07:55 +0100] "GET / HTTP/1.1" 200 935 "-" "check_http/v1.4.14 (nagios-plugins 1.4.14)"
88.198.68.42 - - [17/Mar/2011:08:12:55 +0100] "GET / HTTP/1.1" 200 935 "-" "check_http/v1.4.14 (nagios-plugins 1.4.14)"
88.198.68.42 - - [17/Mar/2011:08:17:55 +0100] "GET / HTTP/1.1" 200 935 "-" "check_http/v1.4.14 (nagios-plugins 1.4.14)"
88.198.68.42 - - [17/Mar/2011:08:22:55 +0100] "GET / HTTP/1.1" 200 935 "-" "check_http/v1.4.14 (nagios-plugins 1.4.14)"
88.198.68.42 - - [17/Mar/2011:08:27:55 +0100] "GET / HTTP/1.1" 200 935 "-" "check_http/v1.4.14 (nagios-plugins 1.4.14)"
88.198.68.42 - - [17/Mar/2011:08:32:55 +0100] "GET / HTTP/1.1" 200 935 "-" "check_http/v1.4.14 (nagios-plugins 1.4.14)"
88.198.68.42 - - [17/Mar/2011:08:37:55 +0100] "GET / HTTP/1.1" 200 935 "-" "check_http/v1.4.14 (nagios-plugins 1.4.14)"
67.195.112.226 - - [17/Mar/2011:08:38:30 +0100] "GET /robots.txt HTTP/1.0" 404 461 "-" "Mozilla/5.0 (compatible; Yahoo! Slurp; http://help.yahoo.com/help/us/ysearch/slurp)"
88.198.68.42 - - [17/Mar/2011:08:42:55 +0100] "GET / HTTP/1.1" 200 935 "-" "check_http/v1.4.14 (nagios-plugins 1.4.14)"
67.195.112.226 - - [17/Mar/2011:08:38:30 +0100] "GET /osgeolive/4.0.1/osgeolive-4.0.1.iso HTTP/1.0" 200 142720672 "-" "Mozilla/5.0 (compatible; Yahoo! Slurp; http://help.yahoo.com/help/us/ysearch/slurp)"
88.198.68.42 - - [17/Mar/2011:08:47:55 +0100] "GET / HTTP/1.1" 200 935 "-" "check_http/v1.4.14 (nagios-plugins 1.4.14)"
88.198.68.42 - - [17/Mar/2011:08:52:55 +0100] "GET / HTTP/1.1" 200 935 "-" "check_http/v1.4.14 (nagios-plugins 1.4.14)"
218.213.130.181 - - [17/Mar/2011:08:56:14 +0100] "GET /robots.txt HTTP/1.1" 404 505 "-" "ichiro/4.0 (http://help.goo.ne.jp/door/crawler.html)"
218.213.130.181 - - [17/Mar/2011:08:56:16 +0100] "GET /osgeolive/4.0.1/ HTTP/1.1" 200 1860 "-" "ichiro/4.0 (http://help.goo.ne.jp/door/crawler.html)"
88.198.68.42 - - [17/Mar/2011:08:57:55 +0100] "GET / HTTP/1.1" 200 935 "-" "check_http/v1.4.14 (nagios-plugins 1.4.14)"
88.198.68.42 - - [17/Mar/2011:09:02:55 +0100] "GET / HTTP/1.1" 200 935 "-" "check_http/v1.4.14 (nagios-plugins 1.4.14)"
88.198.68.42 - - [17/Mar/2011:09:07:55 +0100] "GET / HTTP/1.1" 200 935 "-" "check_http/v1.4.14 (nagios-plugins 1.4.14)"
88.198.68.42 - - [17/Mar/2011:09:12:55 +0100] "GET / HTTP/1.1" 200 935 "-" "check_http/v1.4.14 (nagios-plugins 1.4.14)"
88.198.68.42 - - [17/Mar/2011:09:17:55 +0100] "GET / HTTP/1.1" 200 935 "-" "check_http/v1.4.14 (nagios-plugins 1.4.14)"
218.213.130.181 - - [17/Mar/2011:09:18:27 +0100] "GET /osgeolive/4.0.1/?C=M;O=A HTTP/1.1" 200 1860 "-" "DoCoMo/2.0 P901i(c100;TB;W24H11) (compatible; ichiro/mobile goo; +http://help.goo.ne.jp/door/crawler.html)"
88.198.68.42 - - [17/Mar/2011:09:22:55 +0100] "GET / HTTP/1.1" 200 935 "-" "check_http/v1.4.14 (nagios-plugins 1.4.14)"
218.213.130.181 - - [17/Mar/2011:09:26:07 +0100] "GET /osgeolive/4.0.1/?C=S;O=A HTTP/1.1" 200 1860 "-" "DoCoMo/2.0 P901i(c100;TB;W24H11) (compatible; ichiro/mobile goo; +http://help.goo.ne.jp/door/crawler.html)"
88.198.68.42 - - [17/Mar/2011:09:27:55 +0100] "GET / HTTP/1.1" 200 935 "-" "check_http/v1.4.14 (nagios-plugins 1.4.14)"
88.198.68.42 - - [17/Mar/2011:09:32:55 +0100] "GET / HTTP/1.1" 200 935 "-" "check_http/v1.4.14 (nagios-plugins 1.4.14)"
218.213.130.181 - - [17/Mar/2011:09:35:29 +0100] "GET /osgeolive/4.0.1/?C=D;O=A HTTP/1.1" 200 1860 "-" "DoCoMo/2.0 P901i(c100;TB;W24H11) (compatible; ichiro/mobile goo; +http://help.goo.ne.jp/door/crawler.html)"
67.195.112.226 - - [17/Mar/2011:09:31:00 +0100] "GET /osgeolive/4.0.1/osgeolive-4.0.1-mini.iso HTTP/1.0" 200 144462616 "-" "Mozilla/5.0 (compatible; Yahoo! Slurp; http://help.yahoo.com/help/us/ysearch/slurp)"
88.198.68.42 - - [17/Mar/2011:09:38:00 +0100] "GET / HTTP/1.1" 200 935 "-" "check_http/v1.4.14 (nagios-plugins 1.4.14)"
88.198.68.42 - - [17/Mar/2011:09:42:55 +0100] "GET / HTTP/1.1" 200 935 "-" "check_http/v1.4.14 (nagios-plugins 1.4.14)"
218.213.130.181 - - [17/Mar/2011:09:43:26 +0100] "GET /osgeolive/ HTTP/1.1" 200 2891 "-" "DoCoMo/2.0 P901i(c100;TB;W24H11) (compatible; ichiro/mobile goo; +http://help.goo.ne.jp/door/crawler.html)"
88.198.68.42 - - [17/Mar/2011:09:47:55 +0100] "GET / HTTP/1.1" 200 935 "-" "check_http/v1.4.14 (nagios-plugins 1.4.14)"
218.213.130.181 - - [17/Mar/2011:09:51:20 +0100] "GET /osgeolive/4.0.1/osgeolive-4.0.1-mini.iso HTTP/1.1" 200 13032 "-" "ichiro/4.0 (http://help.goo.ne.jp/door/crawler.html)"
88.198.68.42 - - [17/Mar/2011:09:52:55 +0100] "GET / HTTP/1.1" 200 935 "-" "check_http/v1.4.14 (nagios-plugins 1.4.14)"
88.198.68.42 - - [17/Mar/2011:09:57:55 +0100] "GET / HTTP/1.1" 200 935 "-" "check_http/v1.4.14 (nagios-plugins 1.4.14)"
218.213.130.181 - - [17/Mar/2011:10:00:31 +0100] "GET /osgeolive/4.0.1/osgeolive-4.0.1-mini.iso.md5 HTTP/1.1" 200 314 "-" "ichiro/4.0 (http://help.goo.ne.jp/door/crawler.html)"
88.198.68.42 - - [17/Mar/2011:10:02:55 +0100] "GET / HTTP/1.1" 200 935 "-" "check_http/v1.4.14 (nagios-plugins 1.4.14)"
88.198.68.42 - - [17/Mar/2011:10:07:55 +0100] "GET / HTTP/1.1" 200 935 "-" "check_http/v1.4.14 (nagios-plugins 1.4.14)"
88.198.68.42 - - [17/Mar/2011:10:13:00 +0100] "GET / HTTP/1.1" 200 935 "-" "check_http/v1.4.14 (nagios-plugins 1.4.14)"
218.213.130.181 - - [17/Mar/2011:10:15:48 +0100] "GET /osgeolive/4.0.1/osgeolive-4.0.1.iso HTTP/1.1" 200 13032 "-" "ichiro/4.0 (http://help.goo.ne.jp/door/crawler.html)"
88.198.68.42 - - [17/Mar/2011:10:17:55 +0100] "GET / HTTP/1.1" 200 935 "-" "check_http/v1.4.14 (nagios-plugins 1.4.14)"
88.198.68.42 - - [17/Mar/2011:10:22:55 +0100] "GET / HTTP/1.1" 200 935 "-" "check_http/v1.4.14 (nagios-plugins 1.4.14)"
218.213.130.181 - - [17/Mar/2011:10:23:06 +0100] "GET /osgeolive/4.0.1/osgeolive-4.0.1.iso.md5 HTTP/1.1" 200 309 "-" "ichiro/4.0 (http://help.goo.ne.jp/door/crawler.html)"
88.198.68.42 - - [17/Mar/2011:10:27:55 +0100] "GET / HTTP/1.1" 200 935 "-" "check_http/v1.4.14 (nagios-plugins 1.4.14)"
218.213.130.181 - - [17/Mar/2011:10:30:22 +0100] "GET /osgeolive/4.0.1/?C=N;O=D HTTP/1.1" 200 1860 "-" "DoCoMo/2.0 P901i(c100;TB;W24H11) (compatible; ichiro/mobile goo; +http://help.goo.ne.jp/door/crawler.html)"
88.198.68.42 - - [17/Mar/2011:10:32:55 +0100] "GET / HTTP/1.1" 200 935 "-" "check_http/v1.4.14 (nagios-plugins 1.4.14)"
195.238.253.10 - - [17/Mar/2011:10:01:32 +0100] "GET /osgeolive/4.0.1/osgeolive-4.0.1.iso HTTP/1.1" 200 4642625844 "http://live.osgeo.org/download.html" "Mozilla/5.0 (Windows; U; Windows NT 5.1; en-US) AppleWebKit/534.16 (KHTML, like Gecko) Chrome/10.0.648.133 Safari/534.16"
88.198.68.42 - - [17/Mar/2011:10:37:55 +0100] "GET / HTTP/1.1" 200 935 "-" "check_http/v1.4.14 (nagios-plugins 1.4.14)"
88.198.68.42 - - [17/Mar/2011:10:42:55 +0100] "GET / HTTP/1.1" 200 935 "-" "check_http/v1.4.14 (nagios-plugins 1.4.14)"
88.198.68.42 - - [17/Mar/2011:10:47:55 +0100] "GET / HTTP/1.1" 200 935 "-" "check_http/v1.4.14 (nagios-plugins 1.4.14)"
67.195.112.226 - - [17/Mar/2011:10:44:04 +0100] "GET /osgeolive/4.0.1/osgeolive-4.0.1.iso HTTP/1.0" 200 143231816 "-" "Mozilla/5.0 (compatible; Yahoo! Slurp; http://help.yahoo.com/help/us/ysearch/slurp)"
88.198.68.42 - - [17/Mar/2011:10:52:55 +0100] "GET / HTTP/1.1" 200 935 "-" "check_http/v1.4.14 (nagios-plugins 1.4.14)"
88.198.68.42 - - [17/Mar/2011:10:57:55 +0100] "GET / HTTP/1.1" 200 935 "-" "check_http/v1.4.14 (nagios-plugins 1.4.14)"
88.198.68.42 - - [17/Mar/2011:11:02:55 +0100] "GET / HTTP/1.1" 200 935 "-" "check_http/v1.4.14 (nagios-plugins 1.4.14)"
67.195.112.226 - - [17/Mar/2011:11:00:02 +0100] "GET /osgeolive/4.0.1/osgeolive-4.0.1.iso HTTP/1.0" 200 144090702 "-" "Mozilla/5.0 (compatible; Yahoo! Slurp; http://help.yahoo.com/help/us/ysearch/slurp)"
67.195.112.226 - - [17/Mar/2011:11:01:46 +0100] "GET /osgeolive/4.0.1/osgeolive-4.0.1-mini.iso HTTP/1.0" 200 145964192 "-" "Mozilla/5.0 (compatible; Yahoo! Slurp; http://help.yahoo.com/help/us/ysearch/slurp)"
88.198.68.42 - - [17/Mar/2011:11:07:55 +0100] "GET / HTTP/1.1" 200 935 "-" "check_http/v1.4.14 (nagios-plugins 1.4.14)"
88.198.68.42 - - [17/Mar/2011:11:12:55 +0100] "GET / HTTP/1.1" 200 935 "-" "check_http/v1.4.14 (nagios-plugins 1.4.14)"
88.198.68.42 - - [17/Mar/2011:11:17:55 +0100] "GET / HTTP/1.1" 200 935 "-" "check_http/v1.4.14 (nagios-plugins 1.4.14)"
88.198.68.42 - - [17/Mar/2011:11:22:55 +0100] "GET / HTTP/1.1" 200 935 "-" "check_http/v1.4.14 (nagios-plugins 1.4.14)"
88.198.68.42 - - [17/Mar/2011:11:27:55 +0100] "GET / HTTP/1.1" 200 935 "-" "check_http/v1.4.14 (nagios-plugins 1.4.14)"
88.198.68.42 - - [17/Mar/2011:11:32:55 +0100] "GET / HTTP/1.1" 200 935 "-" "check_http/v1.4.14 (nagios-plugins 1.4.14)"
88.198.68.42 - - [17/Mar/2011:11:37:55 +0100] "GET / HTTP/1.1" 200 935 "-" "check_http/v1.4.14 (nagios-plugins 1.4.14)"
66.249.71.97 - - [17/Mar/2011:11:40:31 +0100] "GET /osgeolive/4.0.1/ HTTP/1.1" 200 769 "-" "Mozilla/5.0 (compatible; Googlebot/2.1; +http://www.google.com/bot.html)"
88.198.68.42 - - [17/Mar/2011:11:42:55 +0100] "GET / HTTP/1.1" 200 935 "-" "check_http/v1.4.14 (nagios-plugins 1.4.14)"
88.198.68.42 - - [17/Mar/2011:11:47:55 +0100] "GET / HTTP/1.1" 200 935 "-" "check_http/v1.4.14 (nagios-plugins 1.4.14)"
88.198.68.42 - - [17/Mar/2011:11:52:55 +0100] "GET / HTTP/1.1" 200 935 "-" "check_http/v1.4.14 (nagios-plugins 1.4.14)"
88.198.68.42 - - [17/Mar/2011:11:57:55 +0100] "GET / HTTP/1.1" 200 935 "-" "check_http/v1.4.14 (nagios-plugins 1.4.14)"
88.198.68.42 - - [17/Mar/2011:12:02:55 +0100] "GET / HTTP/1.1" 200 935 "-" "check_http/v1.4.14 (nagios-plugins 1.4.14)"
88.198.68.42 - - [17/Mar/2011:12:07:55 +0100] "GET / HTTP/1.1" 200 935 "-" "check_http/v1.4.14 (nagios-plugins 1.4.14)"
88.198.68.42 - - [17/Mar/2011:12:12:55 +0100] "GET / HTTP/1.1" 200 935 "-" "check_http/v1.4.14 (nagios-plugins 1.4.14)"
