82.174.113.11 - - [28/Feb/2011:09:28:09 +0100] "GET /osgeolive/4.0.1/osgeolive-4.0.1.iso HTTP/1.1" 206 917664 "http://live.osgeo.org/download.html" "Mozilla/4.0 (compatible; MSIE 6.0; Windows NT 5.1; SV1)"
82.174.113.11 - - [28/Feb/2011:09:25:08 +0100] "GET /osgeolive/4.0.1/osgeolive-4.0.1.iso HTTP/1.1" 206 1608816 "http://live.osgeo.org/download.html" "Mozilla/4.0 (compatible; MSIE 6.0; Windows NT 5.1; SV1)"
82.174.113.11 - - [28/Feb/2011:09:24:20 +0100] "GET /osgeolive/4.0.1/osgeolive-4.0.1.iso HTTP/1.1" 206 2813976 "http://live.osgeo.org/download.html" "Mozilla/4.0 (compatible; MSIE 6.0; Windows NT 5.1; SV1)"
82.174.113.11 - - [28/Feb/2011:09:29:34 +0100] "GET /osgeolive/4.0.1/osgeolive-4.0.1.iso HTTP/1.1" 206 182952 "http://live.osgeo.org/download.html" "Mozilla/4.0 (compatible; MSIE 6.0; Windows NT 5.1; SV1)"
82.174.113.11 - - [28/Feb/2011:09:31:16 +0100] "GET /osgeolive/4.0.1/osgeolive-4.0.1.iso HTTP/1.1" 206 76956 "http://live.osgeo.org/download.html" "Mozilla/4.0 (compatible; MSIE 6.0; Windows NT 5.1; SV1)"
82.174.113.11 - - [28/Feb/2011:09:31:55 +0100] "GET /osgeolive/4.0.1/osgeolive-4.0.1.iso HTTP/1.1" 206 23232 "http://live.osgeo.org/download.html" "Mozilla/4.0 (compatible; MSIE 6.0; Windows NT 5.1; SV1)"
82.174.113.11 - - [28/Feb/2011:09:29:26 +0100] "GET /osgeolive/4.0.1/osgeolive-4.0.1.iso HTTP/1.1" 206 615648 "http://live.osgeo.org/download.html" "Mozilla/4.0 (compatible; MSIE 6.0; Windows NT 5.1; SV1)"
82.174.113.11 - - [28/Feb/2011:09:29:47 +0100] "GET /osgeolive/4.0.1/osgeolive-4.0.1.iso HTTP/1.1" 206 509652 "http://live.osgeo.org/download.html" "Mozilla/4.0 (compatible; MSIE 6.0; Windows NT 5.1; SV1)"
82.174.113.11 - - [28/Feb/2011:09:31:54 +0100] "GET /osgeolive/4.0.1/osgeolive-4.0.1.iso HTTP/1.1" 206 49368 "http://live.osgeo.org/download.html" "Mozilla/4.0 (compatible; MSIE 6.0; Windows NT 5.1; SV1)"
82.174.113.11 - - [28/Feb/2011:09:33:29 +0100] "GET /osgeolive/4.0.1/osgeolive-4.0.1.iso HTTP/1.1" 206 566280 "http://live.osgeo.org/download.html" "Mozilla/4.0 (compatible; MSIE 6.0; Windows NT 5.1; SV1)"
82.174.113.11 - - [28/Feb/2011:09:31:52 +0100] "GET /osgeolive/4.0.1/osgeolive-4.0.1.iso HTTP/1.1" 206 191664 "http://live.osgeo.org/download.html" "Mozilla/4.0 (compatible; MSIE 6.0; Windows NT 5.1; SV1)"
82.174.113.11 - - [28/Feb/2011:09:32:55 +0100] "GET /osgeolive/4.0.1/osgeolive-4.0.1.iso HTTP/1.1" 206 345576 "http://live.osgeo.org/download.html" "Mozilla/4.0 (compatible; MSIE 6.0; Windows NT 5.1; SV1)"
82.174.113.11 - - [28/Feb/2011:09:29:09 +0100] "GET /osgeolive/4.0.1/osgeolive-4.0.1.iso HTTP/1.1" 206 862488 "http://live.osgeo.org/download.html" "Mozilla/4.0 (compatible; MSIE 6.0; Windows NT 5.1; SV1)"
88.198.68.42 - - [28/Feb/2011:09:35:25 +0100] "GET / HTTP/1.1" 200 935 "-" "check_http/v1.4.14 (nagios-plugins 1.4.14)"
82.174.113.11 - - [28/Feb/2011:09:34:13 +0100] "GET /osgeolive/4.0.1/osgeolive-4.0.1.iso HTTP/1.1" 206 968484 "http://live.osgeo.org/download.html" "Mozilla/4.0 (compatible; MSIE 6.0; Windows NT 5.1; SV1)"
82.174.113.11 - - [28/Feb/2011:09:34:18 +0100] "GET /osgeolive/4.0.1/osgeolive-4.0.1.iso HTTP/1.1" 206 336864 "http://live.osgeo.org/download.html" "Mozilla/4.0 (compatible; MSIE 6.0; Windows NT 5.1; SV1)"
82.174.113.11 - - [28/Feb/2011:09:35:23 +0100] "GET /osgeolive/4.0.1/osgeolive-4.0.1.iso HTTP/1.1" 206 678084 "http://live.osgeo.org/download.html" "Mozilla/4.0 (compatible; MSIE 6.0; Windows NT 5.1; SV1)"
218.213.130.181 - - [28/Feb/2011:09:37:58 +0100] "GET /osgeolive/4.0.1/osgeolive-4.0.1-mini.iso.md5 HTTP/1.1" 200 314 "-" "ichiro/4.0 (http://help.goo.ne.jp/door/crawler.html)"
82.174.113.11 - - [28/Feb/2011:09:34:36 +0100] "GET /osgeolive/4.0.1/osgeolive-4.0.1.iso HTTP/1.1" 206 493680 "http://live.osgeo.org/download.html" "Mozilla/4.0 (compatible; MSIE 6.0; Windows NT 5.1; SV1)"
82.174.113.11 - - [28/Feb/2011:09:37:23 +0100] "GET /osgeolive/4.0.1/osgeolive-4.0.1.iso HTTP/1.1" 206 169884 "http://live.osgeo.org/download.html" "Mozilla/4.0 (compatible; MSIE 6.0; Windows NT 5.1; SV1)"
82.174.113.11 - - [28/Feb/2011:09:35:28 +0100] "GET /osgeolive/4.0.1/osgeolive-4.0.1.iso HTTP/1.1" 206 1202256 "http://live.osgeo.org/download.html" "Mozilla/4.0 (compatible; MSIE 6.0; Windows NT 5.1; SV1)"
66.249.66.132 - - [28/Feb/2011:09:40:21 +0100] "GET /osgeolive/4.0.1/ HTTP/1.1" 200 769 "-" "Mozilla/5.0 (compatible; Googlebot/2.1; +http://www.google.com/bot.html)"
88.198.68.42 - - [28/Feb/2011:09:40:25 +0100] "GET / HTTP/1.1" 200 935 "-" "check_http/v1.4.14 (nagios-plugins 1.4.14)"
82.174.113.11 - - [28/Feb/2011:09:35:34 +0100] "GET /osgeolive/4.0.1/osgeolive-4.0.1.iso HTTP/1.1" 206 813120 "http://live.osgeo.org/download.html" "Mozilla/4.0 (compatible; MSIE 6.0; Windows NT 5.1; SV1)"
82.174.113.11 - - [28/Feb/2011:09:37:20 +0100] "GET /osgeolive/4.0.1/osgeolive-4.0.1.iso HTTP/1.1" 206 137940 "http://live.osgeo.org/download.html" "Mozilla/4.0 (compatible; MSIE 6.0; Windows NT 5.1; SV1)"
82.174.113.11 - - [28/Feb/2011:09:37:16 +0100] "GET /osgeolive/4.0.1/osgeolive-4.0.1.iso HTTP/1.1" 206 63888 "http://live.osgeo.org/download.html" "Mozilla/4.0 (compatible; MSIE 6.0; Windows NT 5.1; SV1)"
82.174.113.11 - - [28/Feb/2011:09:39:15 +0100] "GET /osgeolive/4.0.1/osgeolive-4.0.1.iso HTTP/1.1" 206 18876 "http://live.osgeo.org/download.html" "Mozilla/4.0 (compatible; MSIE 6.0; Windows NT 5.1; SV1)"
82.174.113.11 - - [28/Feb/2011:09:38:49 +0100] "GET /osgeolive/4.0.1/osgeolive-4.0.1.iso HTTP/1.1" 206 13068 "http://live.osgeo.org/download.html" "Mozilla/4.0 (compatible; MSIE 6.0; Windows NT 5.1; SV1)"
82.174.113.11 - - [28/Feb/2011:09:40:26 +0100] "GET /osgeolive/4.0.1/osgeolive-4.0.1.iso HTTP/1.1" 206 13068 "http://live.osgeo.org/download.html" "Mozilla/4.0 (compatible; MSIE 6.0; Windows NT 5.1; SV1)"
82.174.113.11 - - [28/Feb/2011:09:32:56 +0100] "GET /osgeolive/4.0.1/osgeolive-4.0.1.iso HTTP/1.1" 206 2632476 "http://live.osgeo.org/download.html" "Mozilla/4.0 (compatible; MSIE 6.0; Windows NT 5.1; SV1)"
82.174.113.11 - - [28/Feb/2011:09:35:00 +0100] "GET /osgeolive/4.0.1/osgeolive-4.0.1.iso HTTP/1.1" 206 222156 "http://live.osgeo.org/download.html" "Mozilla/4.0 (compatible; MSIE 6.0; Windows NT 5.1; SV1)"
82.174.113.11 - - [28/Feb/2011:09:37:47 +0100] "GET /osgeolive/4.0.1/osgeolive-4.0.1.iso HTTP/1.1" 206 13068 "http://live.osgeo.org/download.html" "Mozilla/4.0 (compatible; MSIE 6.0; Windows NT 5.1; SV1)"
82.174.113.11 - - [28/Feb/2011:09:38:42 +0100] "GET /osgeolive/4.0.1/osgeolive-4.0.1.iso HTTP/1.1" 206 13068 "http://live.osgeo.org/download.html" "Mozilla/4.0 (compatible; MSIE 6.0; Windows NT 5.1; SV1)"
82.174.113.11 - - [28/Feb/2011:09:38:49 +0100] "GET /osgeolive/4.0.1/osgeolive-4.0.1.iso HTTP/1.1" 206 13068 "http://live.osgeo.org/download.html" "Mozilla/4.0 (compatible; MSIE 6.0; Windows NT 5.1; SV1)"
82.174.113.11 - - [28/Feb/2011:09:39:08 +0100] "GET /osgeolive/4.0.1/osgeolive-4.0.1.iso HTTP/1.1" 206 13068 "http://live.osgeo.org/download.html" "Mozilla/4.0 (compatible; MSIE 6.0; Windows NT 5.1; SV1)"
82.174.113.11 - - [28/Feb/2011:09:39:12 +0100] "GET /osgeolive/4.0.1/osgeolive-4.0.1.iso HTTP/1.1" 206 13068 "http://live.osgeo.org/download.html" "Mozilla/4.0 (compatible; MSIE 6.0; Windows NT 5.1; SV1)"
82.174.113.11 - - [28/Feb/2011:09:39:21 +0100] "GET /osgeolive/4.0.1/osgeolive-4.0.1.iso HTTP/1.1" 206 13068 "http://live.osgeo.org/download.html" "Mozilla/4.0 (compatible; MSIE 6.0; Windows NT 5.1; SV1)"
82.174.113.11 - - [28/Feb/2011:09:39:30 +0100] "GET /osgeolive/4.0.1/osgeolive-4.0.1.iso HTTP/1.1" 206 13068 "http://live.osgeo.org/download.html" "Mozilla/4.0 (compatible; MSIE 6.0; Windows NT 5.1; SV1)"
82.174.113.11 - - [28/Feb/2011:09:41:11 +0100] "GET /osgeolive/4.0.1/osgeolive-4.0.1.iso HTTP/1.1" 206 29040 "http://live.osgeo.org/download.html" "Mozilla/4.0 (compatible; MSIE 6.0; Windows NT 5.1; SV1)"
88.198.68.42 - - [28/Feb/2011:09:45:25 +0100] "GET / HTTP/1.1" 200 935 "-" "check_http/v1.4.14 (nagios-plugins 1.4.14)"
82.174.113.11 - - [28/Feb/2011:09:40:30 +0100] "GET /osgeolive/4.0.1/osgeolive-4.0.1.iso HTTP/1.1" 206 13068 "http://live.osgeo.org/download.html" "Mozilla/4.0 (compatible; MSIE 6.0; Windows NT 5.1; SV1)"
82.174.113.11 - - [28/Feb/2011:09:40:31 +0100] "GET /osgeolive/4.0.1/osgeolive-4.0.1.iso HTTP/1.1" 206 13068 "http://live.osgeo.org/download.html" "Mozilla/4.0 (compatible; MSIE 6.0; Windows NT 5.1; SV1)"
82.174.113.11 - - [28/Feb/2011:09:42:30 +0100] "GET /osgeolive/4.0.1/osgeolive-4.0.1.iso HTTP/1.1" 206 13068 "http://live.osgeo.org/download.html" "Mozilla/4.0 (compatible; MSIE 6.0; Windows NT 5.1; SV1)"
82.174.113.11 - - [28/Feb/2011:09:41:16 +0100] "GET /osgeolive/4.0.1/osgeolive-4.0.1.iso HTTP/1.1" 206 18876 "http://live.osgeo.org/download.html" "Mozilla/4.0 (compatible; MSIE 6.0; Windows NT 5.1; SV1)"
82.174.113.11 - - [28/Feb/2011:09:41:42 +0100] "GET /osgeolive/4.0.1/osgeolive-4.0.1.iso HTTP/1.1" 206 13068 "http://live.osgeo.org/download.html" "Mozilla/4.0 (compatible; MSIE 6.0; Windows NT 5.1; SV1)"
82.174.113.11 - - [28/Feb/2011:09:43:46 +0100] "GET /osgeolive/4.0.1/osgeolive-4.0.1.iso HTTP/1.1" 206 13068 "http://live.osgeo.org/download.html" "Mozilla/4.0 (compatible; MSIE 6.0; Windows NT 5.1; SV1)"
82.174.113.11 - - [28/Feb/2011:09:42:26 +0100] "GET /osgeolive/4.0.1/osgeolive-4.0.1.iso HTTP/1.1" 206 13068 "http://live.osgeo.org/download.html" "Mozilla/4.0 (compatible; MSIE 6.0; Windows NT 5.1; SV1)"
82.174.113.11 - - [28/Feb/2011:09:42:31 +0100] "GET /osgeolive/4.0.1/osgeolive-4.0.1.iso HTTP/1.1" 206 13068 "http://live.osgeo.org/download.html" "Mozilla/4.0 (compatible; MSIE 6.0; Windows NT 5.1; SV1)"
82.174.113.11 - - [28/Feb/2011:09:44:08 +0100] "GET /osgeolive/4.0.1/osgeolive-4.0.1.iso HTTP/1.1" 206 13068 "http://live.osgeo.org/download.html" "Mozilla/4.0 (compatible; MSIE 6.0; Windows NT 5.1; SV1)"
82.174.113.11 - - [28/Feb/2011:09:44:18 +0100] "GET /osgeolive/4.0.1/osgeolive-4.0.1.iso HTTP/1.1" 206 13068 "http://live.osgeo.org/download.html" "Mozilla/4.0 (compatible; MSIE 6.0; Windows NT 5.1; SV1)"
82.174.113.11 - - [28/Feb/2011:09:44:22 +0100] "GET /osgeolive/4.0.1/osgeolive-4.0.1.iso HTTP/1.1" 206 13068 "http://live.osgeo.org/download.html" "Mozilla/4.0 (compatible; MSIE 6.0; Windows NT 5.1; SV1)"
82.174.113.11 - - [28/Feb/2011:09:46:26 +0100] "GET /osgeolive/4.0.1/osgeolive-4.0.1.iso HTTP/1.1" 206 13068 "http://live.osgeo.org/download.html" "Mozilla/4.0 (compatible; MSIE 6.0; Windows NT 5.1; SV1)"
82.174.113.11 - - [28/Feb/2011:09:44:47 +0100] "GET /osgeolive/4.0.1/osgeolive-4.0.1.iso HTTP/1.1" 206 13068 "http://live.osgeo.org/download.html" "Mozilla/4.0 (compatible; MSIE 6.0; Windows NT 5.1; SV1)"
82.174.113.11 - - [28/Feb/2011:09:44:47 +0100] "GET /osgeolive/4.0.1/osgeolive-4.0.1.iso HTTP/1.1" 206 13068 "http://live.osgeo.org/download.html" "Mozilla/4.0 (compatible; MSIE 6.0; Windows NT 5.1; SV1)"
82.174.113.11 - - [28/Feb/2011:09:44:52 +0100] "GET /osgeolive/4.0.1/osgeolive-4.0.1.iso HTTP/1.1" 206 13068 "http://live.osgeo.org/download.html" "Mozilla/4.0 (compatible; MSIE 6.0; Windows NT 5.1; SV1)"
82.174.113.11 - - [28/Feb/2011:09:45:00 +0100] "GET /osgeolive/4.0.1/osgeolive-4.0.1.iso HTTP/1.1" 206 13068 "http://live.osgeo.org/download.html" "Mozilla/4.0 (compatible; MSIE 6.0; Windows NT 5.1; SV1)"
82.174.113.11 - - [28/Feb/2011:09:47:22 +0100] "GET /osgeolive/4.0.1/osgeolive-4.0.1.iso HTTP/1.1" 206 13068 "http://live.osgeo.org/download.html" "Mozilla/4.0 (compatible; MSIE 6.0; Windows NT 5.1; SV1)"
88.198.68.42 - - [28/Feb/2011:09:50:25 +0100] "GET / HTTP/1.1" 200 935 "-" "check_http/v1.4.14 (nagios-plugins 1.4.14)"
82.174.113.11 - - [28/Feb/2011:09:47:27 +0100] "GET /osgeolive/4.0.1/osgeolive-4.0.1.iso HTTP/1.1" 206 13068 "http://live.osgeo.org/download.html" "Mozilla/4.0 (compatible; MSIE 6.0; Windows NT 5.1; SV1)"
218.213.130.181 - - [28/Feb/2011:09:51:17 +0100] "GET /osgeolive/4.0.1/osgeolive-4.0.1-mini.iso HTTP/1.1" 200 13032 "-" "ichiro/4.0 (http://help.goo.ne.jp/door/crawler.html)"
82.174.113.11 - - [28/Feb/2011:09:46:39 +0100] "GET /osgeolive/4.0.1/osgeolive-4.0.1.iso HTTP/1.1" 206 13068 "http://live.osgeo.org/download.html" "Mozilla/4.0 (compatible; MSIE 6.0; Windows NT 5.1; SV1)"
82.174.113.11 - - [28/Feb/2011:09:46:51 +0100] "GET /osgeolive/4.0.1/osgeolive-4.0.1.iso HTTP/1.1" 206 13068 "http://live.osgeo.org/download.html" "Mozilla/4.0 (compatible; MSIE 6.0; Windows NT 5.1; SV1)"
82.174.113.11 - - [28/Feb/2011:09:46:59 +0100] "GET /osgeolive/4.0.1/osgeolive-4.0.1.iso HTTP/1.1" 206 13068 "http://live.osgeo.org/download.html" "Mozilla/4.0 (compatible; MSIE 6.0; Windows NT 5.1; SV1)"
82.174.113.11 - - [28/Feb/2011:09:47:32 +0100] "GET /osgeolive/4.0.1/osgeolive-4.0.1.iso HTTP/1.1" 206 13068 "http://live.osgeo.org/download.html" "Mozilla/4.0 (compatible; MSIE 6.0; Windows NT 5.1; SV1)"
82.174.113.11 - - [28/Feb/2011:09:47:43 +0100] "GET /osgeolive/4.0.1/osgeolive-4.0.1.iso HTTP/1.1" 206 13068 "http://live.osgeo.org/download.html" "Mozilla/4.0 (compatible; MSIE 6.0; Windows NT 5.1; SV1)"
82.174.113.11 - - [28/Feb/2011:09:50:44 +0100] "GET /osgeolive/4.0.1/osgeolive-4.0.1.iso HTTP/1.1" 206 18876 "http://live.osgeo.org/download.html" "Mozilla/4.0 (compatible; MSIE 6.0; Windows NT 5.1; SV1)"
82.174.113.11 - - [28/Feb/2011:09:50:49 +0100] "GET /osgeolive/4.0.1/osgeolive-4.0.1.iso HTTP/1.1" 206 13068 "http://live.osgeo.org/download.html" "Mozilla/4.0 (compatible; MSIE 6.0; Windows NT 5.1; SV1)"
82.174.113.11 - - [28/Feb/2011:09:49:27 +0100] "GET /osgeolive/4.0.1/osgeolive-4.0.1.iso HTTP/1.1" 206 13068 "http://live.osgeo.org/download.html" "Mozilla/4.0 (compatible; MSIE 6.0; Windows NT 5.1; SV1)"
82.174.113.11 - - [28/Feb/2011:09:49:59 +0100] "GET /osgeolive/4.0.1/osgeolive-4.0.1.iso HTTP/1.1" 206 13068 "http://live.osgeo.org/download.html" "Mozilla/4.0 (compatible; MSIE 6.0; Windows NT 5.1; SV1)"
88.198.68.42 - - [28/Feb/2011:09:55:25 +0100] "GET / HTTP/1.1" 200 935 "-" "check_http/v1.4.14 (nagios-plugins 1.4.14)"
82.174.113.11 - - [28/Feb/2011:09:50:42 +0100] "GET /osgeolive/4.0.1/osgeolive-4.0.1.iso HTTP/1.1" 206 13068 "http://live.osgeo.org/download.html" "Mozilla/4.0 (compatible; MSIE 6.0; Windows NT 5.1; SV1)"
82.174.113.11 - - [28/Feb/2011:09:50:43 +0100] "GET /osgeolive/4.0.1/osgeolive-4.0.1.iso HTTP/1.1" 206 13068 "http://live.osgeo.org/download.html" "Mozilla/4.0 (compatible; MSIE 6.0; Windows NT 5.1; SV1)"
82.174.113.11 - - [28/Feb/2011:09:50:48 +0100] "GET /osgeolive/4.0.1/osgeolive-4.0.1.iso HTTP/1.1" 206 13068 "http://live.osgeo.org/download.html" "Mozilla/4.0 (compatible; MSIE 6.0; Windows NT 5.1; SV1)"
82.174.113.11 - - [28/Feb/2011:09:52:27 +0100] "GET /osgeolive/4.0.1/osgeolive-4.0.1.iso HTTP/1.1" 206 13068 "http://live.osgeo.org/download.html" "Mozilla/4.0 (compatible; MSIE 6.0; Windows NT 5.1; SV1)"
82.174.113.11 - - [28/Feb/2011:09:52:47 +0100] "GET /osgeolive/4.0.1/osgeolive-4.0.1.iso HTTP/1.1" 206 13068 "http://live.osgeo.org/download.html" "Mozilla/4.0 (compatible; MSIE 6.0; Windows NT 5.1; SV1)"
82.174.113.11 - - [28/Feb/2011:09:53:19 +0100] "GET /osgeolive/4.0.1/osgeolive-4.0.1.iso HTTP/1.1" 206 13068 "http://live.osgeo.org/download.html" "Mozilla/4.0 (compatible; MSIE 6.0; Windows NT 5.1; SV1)"
82.174.113.11 - - [28/Feb/2011:09:57:00 +0100] "GET /osgeolive/4.0.1/osgeolive-4.0.1.iso HTTP/1.1" 206 13068 "http://live.osgeo.org/download.html" "Mozilla/4.0 (compatible; MSIE 6.0; Windows NT 5.1; SV1)"
82.174.113.11 - - [28/Feb/2011:09:57:10 +0100] "GET /osgeolive/4.0.1/osgeolive-4.0.1.iso HTTP/1.1" 206 13068 "http://live.osgeo.org/download.html" "Mozilla/4.0 (compatible; MSIE 6.0; Windows NT 5.1; SV1)"
88.198.68.42 - - [28/Feb/2011:10:00:25 +0100] "GET / HTTP/1.1" 200 935 "-" "check_http/v1.4.14 (nagios-plugins 1.4.14)"
82.174.113.11 - - [28/Feb/2011:09:57:37 +0100] "GET /osgeolive/4.0.1/osgeolive-4.0.1.iso HTTP/1.1" 206 13068 "http://live.osgeo.org/download.html" "Mozilla/4.0 (compatible; MSIE 6.0; Windows NT 5.1; SV1)"
82.174.113.11 - - [28/Feb/2011:09:57:04 +0100] "GET /osgeolive/4.0.1/osgeolive-4.0.1.iso HTTP/1.1" 206 13068 "http://live.osgeo.org/download.html" "Mozilla/4.0 (compatible; MSIE 6.0; Windows NT 5.1; SV1)"
82.174.113.11 - - [28/Feb/2011:09:57:06 +0100] "GET /osgeolive/4.0.1/osgeolive-4.0.1.iso HTTP/1.1" 206 13068 "http://live.osgeo.org/download.html" "Mozilla/4.0 (compatible; MSIE 6.0; Windows NT 5.1; SV1)"
218.213.130.181 - - [28/Feb/2011:10:03:47 +0100] "GET /osgeolive/ HTTP/1.1" 200 2891 "-" "DoCoMo/2.0 P901i(c100;TB;W24H11) (compatible; ichiro/mobile goo; +http://help.goo.ne.jp/door/crawler.html)"
88.198.68.42 - - [28/Feb/2011:10:05:25 +0100] "GET / HTTP/1.1" 200 935 "-" "check_http/v1.4.14 (nagios-plugins 1.4.14)"
88.198.68.42 - - [28/Feb/2011:10:10:25 +0100] "GET / HTTP/1.1" 200 935 "-" "check_http/v1.4.14 (nagios-plugins 1.4.14)"
83.243.48.2 - - [28/Feb/2011:10:12:16 +0100] "GET /osgeolive/4.0.1/osgeolive-4.0.1.iso HTTP/1.1" 200 347973492 "http://live.osgeo.org/download.html" "Mozilla/5.0 (Windows; U; Windows NT 5.1; de; rv:1.9.2.13) Gecko/20101203 Firefox/3.6.13"
88.198.68.42 - - [28/Feb/2011:10:15:25 +0100] "GET / HTTP/1.1" 200 935 "-" "check_http/v1.4.14 (nagios-plugins 1.4.14)"
88.198.68.42 - - [28/Feb/2011:10:20:25 +0100] "GET / HTTP/1.1" 200 935 "-" "check_http/v1.4.14 (nagios-plugins 1.4.14)"
88.198.68.42 - - [28/Feb/2011:10:25:25 +0100] "GET / HTTP/1.1" 200 935 "-" "check_http/v1.4.14 (nagios-plugins 1.4.14)"
88.198.68.42 - - [28/Feb/2011:10:30:25 +0100] "GET / HTTP/1.1" 200 935 "-" "check_http/v1.4.14 (nagios-plugins 1.4.14)"
88.198.68.42 - - [28/Feb/2011:10:35:25 +0100] "GET / HTTP/1.1" 200 935 "-" "check_http/v1.4.14 (nagios-plugins 1.4.14)"
88.198.68.42 - - [28/Feb/2011:10:40:25 +0100] "GET / HTTP/1.1" 200 935 "-" "check_http/v1.4.14 (nagios-plugins 1.4.14)"
88.198.68.42 - - [28/Feb/2011:10:45:25 +0100] "GET / HTTP/1.1" 200 935 "-" "check_http/v1.4.14 (nagios-plugins 1.4.14)"
88.198.68.42 - - [28/Feb/2011:10:50:25 +0100] "GET / HTTP/1.1" 200 935 "-" "check_http/v1.4.14 (nagios-plugins 1.4.14)"
88.198.68.42 - - [28/Feb/2011:10:55:25 +0100] "GET / HTTP/1.1" 200 935 "-" "check_http/v1.4.14 (nagios-plugins 1.4.14)"
88.198.68.42 - - [28/Feb/2011:11:00:25 +0100] "GET / HTTP/1.1" 200 935 "-" "check_http/v1.4.14 (nagios-plugins 1.4.14)"
88.198.68.42 - - [28/Feb/2011:11:05:25 +0100] "GET / HTTP/1.1" 200 935 "-" "check_http/v1.4.14 (nagios-plugins 1.4.14)"
88.198.68.42 - - [28/Feb/2011:11:10:25 +0100] "GET / HTTP/1.1" 200 935 "-" "check_http/v1.4.14 (nagios-plugins 1.4.14)"
88.198.68.42 - - [28/Feb/2011:11:15:25 +0100] "GET / HTTP/1.1" 200 935 "-" "check_http/v1.4.14 (nagios-plugins 1.4.14)"
88.198.68.42 - - [28/Feb/2011:11:20:25 +0100] "GET / HTTP/1.1" 200 935 "-" "check_http/v1.4.14 (nagios-plugins 1.4.14)"
88.198.68.42 - - [28/Feb/2011:11:25:25 +0100] "GET / HTTP/1.1" 200 935 "-" "check_http/v1.4.14 (nagios-plugins 1.4.14)"
88.198.68.42 - - [28/Feb/2011:11:30:25 +0100] "GET / HTTP/1.1" 200 935 "-" "check_http/v1.4.14 (nagios-plugins 1.4.14)"
88.198.68.42 - - [28/Feb/2011:11:35:25 +0100] "GET / HTTP/1.1" 200 935 "-" "check_http/v1.4.14 (nagios-plugins 1.4.14)"
88.198.68.42 - - [28/Feb/2011:11:40:25 +0100] "GET / HTTP/1.1" 200 935 "-" "check_http/v1.4.14 (nagios-plugins 1.4.14)"
66.249.72.71 - - [28/Feb/2011:11:40:59 +0100] "GET /osgeolive/4.0.1/osgeolive-4.0.1.iso.md5 HTTP/1.1" 200 347 "-" "DoCoMo/2.0 N905i(c100;TB;W24H16) (compatible; Googlebot-Mobile/2.1; +http://www.google.com/bot.html)"
188.204.226.170 - - [28/Feb/2011:11:27:11 +0100] "GET /osgeolive/4.0.1/osgeolive-4.0.1.iso HTTP/1.1" 206 39547256 "http://live.osgeo.org/download.html" "Mozilla/4.0 (compatible; MSIE 6.0; Windows NT 5.1; SV1)"
88.198.68.42 - - [28/Feb/2011:11:45:25 +0100] "GET / HTTP/1.1" 200 935 "-" "check_http/v1.4.14 (nagios-plugins 1.4.14)"
88.198.68.42 - - [28/Feb/2011:11:50:25 +0100] "GET / HTTP/1.1" 200 935 "-" "check_http/v1.4.14 (nagios-plugins 1.4.14)"
88.198.68.42 - - [28/Feb/2011:11:55:25 +0100] "GET / HTTP/1.1" 200 935 "-" "check_http/v1.4.14 (nagios-plugins 1.4.14)"
88.198.68.42 - - [28/Feb/2011:12:00:25 +0100] "GET / HTTP/1.1" 200 935 "-" "check_http/v1.4.14 (nagios-plugins 1.4.14)"
66.249.66.132 - - [28/Feb/2011:12:03:29 +0100] "GET /icons/unknown.gif HTTP/1.1" 200 522 "-" "Googlebot-Image/1.0"
66.249.72.71 - - [28/Feb/2011:12:03:39 +0100] "GET /icons/back.gif HTTP/1.1" 200 493 "-" "Googlebot-Image/1.0"
66.249.66.132 - - [28/Feb/2011:12:03:42 +0100] "GET /icons/blank.gif HTTP/1.1" 200 425 "-" "Googlebot-Image/1.0"
188.204.226.170 - - [28/Feb/2011:11:43:24 +0100] "GET /osgeolive/4.0.1/osgeolive-4.0.1.iso HTTP/1.1" 206 100160400 "http://live.osgeo.org/download.html" "Mozilla/4.0 (compatible; MSIE 6.0; Windows NT 5.1; SV1)"
88.198.68.42 - - [28/Feb/2011:12:05:25 +0100] "GET / HTTP/1.1" 200 935 "-" "check_http/v1.4.14 (nagios-plugins 1.4.14)"
188.204.226.170 - - [28/Feb/2011:11:27:10 +0100] "GET /osgeolive/4.0.1/osgeolive-4.0.1.iso HTTP/1.1" 206 64851720 "http://live.osgeo.org/download.html" "Mozilla/4.0 (compatible; MSIE 6.0; Windows NT 5.1; SV1)"
188.204.226.170 - - [28/Feb/2011:11:27:15 +0100] "GET /osgeolive/4.0.1/osgeolive-4.0.1.iso HTTP/1.1" 206 174623820 "http://live.osgeo.org/download.html" "Mozilla/4.0 (compatible; MSIE 6.0; Windows NT 5.1; SV1)"
88.198.68.42 - - [28/Feb/2011:12:10:25 +0100] "GET / HTTP/1.1" 200 935 "-" "check_http/v1.4.14 (nagios-plugins 1.4.14)"
88.198.68.42 - - [28/Feb/2011:12:15:25 +0100] "GET / HTTP/1.1" 200 935 "-" "check_http/v1.4.14 (nagios-plugins 1.4.14)"
188.204.226.170 - - [28/Feb/2011:11:27:12 +0100] "GET /osgeolive/4.0.1/osgeolive-4.0.1.iso HTTP/1.1" 206 180927660 "http://live.osgeo.org/download.html" "Mozilla/4.0 (compatible; MSIE 6.0; Windows NT 5.1; SV1)"
88.198.68.42 - - [28/Feb/2011:12:20:25 +0100] "GET / HTTP/1.1" 200 935 "-" "check_http/v1.4.14 (nagios-plugins 1.4.14)"
88.198.68.42 - - [28/Feb/2011:12:25:25 +0100] "GET / HTTP/1.1" 200 935 "-" "check_http/v1.4.14 (nagios-plugins 1.4.14)"
95.136.59.173 - - [28/Feb/2011:11:04:31 +0100] "GET /osgeolive/4.0.1/osgeolive-4.0.1.iso HTTP/1.1" 200 1338944100 "http://live.osgeo.org/download.html" "Mozilla/5.0 (Windows; U; Windows NT 5.1; pt-PT; rv:1.9.2.13) Gecko/20101203 Firefox/3.6.13"
88.198.68.42 - - [28/Feb/2011:12:30:25 +0100] "GET / HTTP/1.1" 200 935 "-" "check_http/v1.4.14 (nagios-plugins 1.4.14)"
88.198.68.42 - - [28/Feb/2011:12:35:25 +0100] "GET / HTTP/1.1" 200 935 "-" "check_http/v1.4.14 (nagios-plugins 1.4.14)"
88.198.68.42 - - [28/Feb/2011:12:40:25 +0100] "GET / HTTP/1.1" 200 935 "-" "check_http/v1.4.14 (nagios-plugins 1.4.14)"
88.198.68.42 - - [28/Feb/2011:12:45:25 +0100] "GET / HTTP/1.1" 200 935 "-" "check_http/v1.4.14 (nagios-plugins 1.4.14)"
88.198.68.42 - - [28/Feb/2011:12:50:25 +0100] "GET / HTTP/1.1" 200 935 "-" "check_http/v1.4.14 (nagios-plugins 1.4.14)"
88.198.68.42 - - [28/Feb/2011:12:55:25 +0100] "GET / HTTP/1.1" 200 935 "-" "check_http/v1.4.14 (nagios-plugins 1.4.14)"
188.204.226.170 - - [28/Feb/2011:12:05:38 +0100] "GET /osgeolive/4.0.1/osgeolive-4.0.1.iso HTTP/1.1" 206 162535799 "http://live.osgeo.org/download.html" "Mozilla/4.0 (compatible; MSIE 6.0; Windows NT 5.1; SV1)"
88.198.68.42 - - [28/Feb/2011:13:00:25 +0100] "GET / HTTP/1.1" 200 935 "-" "check_http/v1.4.14 (nagios-plugins 1.4.14)"
188.204.226.170 - - [28/Feb/2011:12:08:47 +0100] "GET /osgeolive/4.0.1/osgeolive-4.0.1.iso HTTP/1.1" 206 161106720 "http://live.osgeo.org/download.html" "Mozilla/4.0 (compatible; MSIE 6.0; Windows NT 5.1; SV1)"
88.198.68.42 - - [28/Feb/2011:13:05:25 +0100] "GET / HTTP/1.1" 200 935 "-" "check_http/v1.4.14 (nagios-plugins 1.4.14)"
188.204.226.170 - - [28/Feb/2011:12:16:41 +0100] "GET /osgeolive/4.0.1/osgeolive-4.0.1.iso HTTP/1.1" 206 159253380 "http://live.osgeo.org/download.html" "Mozilla/4.0 (compatible; MSIE 6.0; Windows NT 5.1; SV1)"
88.198.68.42 - - [28/Feb/2011:13:10:25 +0100] "GET / HTTP/1.1" 200 935 "-" "check_http/v1.4.14 (nagios-plugins 1.4.14)"
188.204.226.170 - - [28/Feb/2011:13:00:48 +0100] "GET /osgeolive/4.0.1/osgeolive-4.0.1.iso HTTP/1.1" 206 30266160 "http://live.osgeo.org/download.html" "Mozilla/4.0 (compatible; MSIE 6.0; Windows NT 5.1; SV1)"
188.204.226.170 - - [28/Feb/2011:13:00:28 +0100] "GET /osgeolive/4.0.1/osgeolive-4.0.1.iso HTTP/1.1" 206 30365520 "http://live.osgeo.org/download.html" "Mozilla/4.0 (compatible; MSIE 6.0; Windows NT 5.1; SV1)"
188.204.226.170 - - [28/Feb/2011:11:27:10 +0100] "GET /osgeolive/4.0.1/osgeolive-4.0.1.iso HTTP/1.1" 206 184997280 "http://live.osgeo.org/download.html" "Mozilla/4.0 (compatible; MSIE 6.0; Windows NT 5.1; SV1)"
188.204.226.170 - - [28/Feb/2011:12:05:23 +0100] "GET /osgeolive/4.0.1/osgeolive-4.0.1.iso HTTP/1.1" 206 193761660 "http://live.osgeo.org/download.html" "Mozilla/4.0 (compatible; MSIE 6.0; Windows NT 5.1; SV1)"
188.204.226.170 - - [28/Feb/2011:13:12:24 +0100] "GET /osgeolive/4.0.1/osgeolive-4.0.1.iso HTTP/1.1" 206 3788100 "http://live.osgeo.org/download.html" "Mozilla/4.0 (compatible; MSIE 6.0; Windows NT 5.1; SV1)"
188.204.226.170 - - [28/Feb/2011:13:07:48 +0100] "GET /osgeolive/4.0.1/osgeolive-4.0.1.iso HTTP/1.1" 206 13206600 "http://live.osgeo.org/download.html" "Mozilla/4.0 (compatible; MSIE 6.0; Windows NT 5.1; SV1)"
188.204.226.170 - - [28/Feb/2011:13:12:41 +0100] "GET /osgeolive/4.0.1/osgeolive-4.0.1.iso HTTP/1.1" 206 970140 "http://live.osgeo.org/download.html" "Mozilla/4.0 (compatible; MSIE 6.0; Windows NT 5.1; SV1)"
188.204.226.170 - - [28/Feb/2011:13:14:04 +0100] "GET /osgeolive/4.0.1/osgeolive-4.0.1.iso HTTP/1.1" 206 782460 "http://live.osgeo.org/download.html" "Mozilla/4.0 (compatible; MSIE 6.0; Windows NT 5.1; SV1)"
188.204.226.170 - - [28/Feb/2011:13:14:18 +0100] "GET /osgeolive/4.0.1/osgeolive-4.0.1.iso HTTP/1.1" 206 814200 "http://live.osgeo.org/download.html" "Mozilla/4.0 (compatible; MSIE 6.0; Windows NT 5.1; SV1)"
188.204.226.170 - - [28/Feb/2011:13:12:58 +0100] "GET /osgeolive/4.0.1/osgeolive-4.0.1.iso HTTP/1.1" 206 2230080 "http://live.osgeo.org/download.html" "Mozilla/4.0 (compatible; MSIE 6.0; Windows NT 5.1; SV1)"
188.204.226.170 - - [28/Feb/2011:13:14:23 +0100] "GET /osgeolive/4.0.1/osgeolive-4.0.1.iso HTTP/1.1" 206 678960 "http://live.osgeo.org/download.html" "Mozilla/4.0 (compatible; MSIE 6.0; Windows NT 5.1; SV1)"
188.204.226.170 - - [28/Feb/2011:13:14:42 +0100] "GET /osgeolive/4.0.1/osgeolive-4.0.1.iso HTTP/1.1" 206 38640 "http://live.osgeo.org/download.html" "Mozilla/4.0 (compatible; MSIE 6.0; Windows NT 5.1; SV1)"
188.204.226.170 - - [28/Feb/2011:13:14:29 +0100] "GET /osgeolive/4.0.1/osgeolive-4.0.1.iso HTTP/1.1" 206 182160 "http://live.osgeo.org/download.html" "Mozilla/4.0 (compatible; MSIE 6.0; Windows NT 5.1; SV1)"
188.204.226.170 - - [28/Feb/2011:13:14:36 +0100] "GET /osgeolive/4.0.1/osgeolive-4.0.1.iso HTTP/1.1" 206 327060 "http://live.osgeo.org/download.html" "Mozilla/4.0 (compatible; MSIE 6.0; Windows NT 5.1; SV1)"
188.204.226.170 - - [28/Feb/2011:13:14:49 +0100] "GET /osgeolive/4.0.1/osgeolive-4.0.1.iso HTTP/1.1" 206 12420 "http://live.osgeo.org/download.html" "Mozilla/4.0 (compatible; MSIE 6.0; Windows NT 5.1; SV1)"
188.204.226.170 - - [28/Feb/2011:13:14:41 +0100] "GET /osgeolive/4.0.1/osgeolive-4.0.1.iso HTTP/1.1" 206 242880 "http://live.osgeo.org/download.html" "Mozilla/4.0 (compatible; MSIE 6.0; Windows NT 5.1; SV1)"
188.204.226.170 - - [28/Feb/2011:13:14:49 +0100] "GET /osgeolive/4.0.1/osgeolive-4.0.1.iso HTTP/1.1" 206 95220 "http://live.osgeo.org/download.html" "Mozilla/4.0 (compatible; MSIE 6.0; Windows NT 5.1; SV1)"
188.204.226.170 - - [28/Feb/2011:13:14:47 +0100] "GET /osgeolive/4.0.1/osgeolive-4.0.1.iso HTTP/1.1" 206 285660 "http://live.osgeo.org/download.html" "Mozilla/4.0 (compatible; MSIE 6.0; Windows NT 5.1; SV1)"
188.204.226.170 - - [28/Feb/2011:13:14:51 +0100] "GET /osgeolive/4.0.1/osgeolive-4.0.1.iso HTTP/1.1" 206 75900 "http://live.osgeo.org/download.html" "Mozilla/4.0 (compatible; MSIE 6.0; Windows NT 5.1; SV1)"
188.204.226.170 - - [28/Feb/2011:13:14:51 +0100] "GET /osgeolive/4.0.1/osgeolive-4.0.1.iso HTTP/1.1" 206 95220 "http://live.osgeo.org/download.html" "Mozilla/4.0 (compatible; MSIE 6.0; Windows NT 5.1; SV1)"
188.204.226.170 - - [28/Feb/2011:13:14:53 +0100] "GET /osgeolive/4.0.1/osgeolive-4.0.1.iso HTTP/1.1" 206 95220 "http://live.osgeo.org/download.html" "Mozilla/4.0 (compatible; MSIE 6.0; Windows NT 5.1; SV1)"
88.198.68.42 - - [28/Feb/2011:13:15:25 +0100] "GET / HTTP/1.1" 200 935 "-" "check_http/v1.4.14 (nagios-plugins 1.4.14)"
188.204.226.170 - - [28/Feb/2011:13:13:36 +0100] "GET /osgeolive/4.0.1/osgeolive-4.0.1.iso HTTP/1.1" 206 1453140 "http://live.osgeo.org/download.html" "Mozilla/4.0 (compatible; MSIE 6.0; Windows NT 5.1; SV1)"
88.198.68.42 - - [28/Feb/2011:13:20:25 +0100] "GET / HTTP/1.1" 200 935 "-" "check_http/v1.4.14 (nagios-plugins 1.4.14)"
67.195.112.226 - - [28/Feb/2011:13:17:21 +0100] "GET /osgeolive/4.0.1/osgeolive-4.0.1-mini.iso HTTP/1.0" 200 144207768 "-" "Mozilla/5.0 (compatible; Yahoo! Slurp; http://help.yahoo.com/help/us/ysearch/slurp)"
88.198.68.42 - - [28/Feb/2011:13:25:25 +0100] "GET / HTTP/1.1" 200 935 "-" "check_http/v1.4.14 (nagios-plugins 1.4.14)"
88.198.68.42 - - [28/Feb/2011:13:30:25 +0100] "GET / HTTP/1.1" 200 935 "-" "check_http/v1.4.14 (nagios-plugins 1.4.14)"
88.198.68.42 - - [28/Feb/2011:13:35:25 +0100] "GET / HTTP/1.1" 200 935 "-" "check_http/v1.4.14 (nagios-plugins 1.4.14)"
208.115.111.71 - - [28/Feb/2011:13:38:54 +0100] "GET /robots.txt HTTP/1.1" 404 486 "-" "Mozilla/5.0 (compatible; Ezooms/1.0; ezooms.bot@gmail.com)"
88.198.68.42 - - [28/Feb/2011:13:40:25 +0100] "GET / HTTP/1.1" 200 935 "-" "check_http/v1.4.14 (nagios-plugins 1.4.14)"
88.198.68.42 - - [28/Feb/2011:13:45:25 +0100] "GET / HTTP/1.1" 200 935 "-" "check_http/v1.4.14 (nagios-plugins 1.4.14)"
88.198.68.42 - - [28/Feb/2011:13:50:25 +0100] "GET / HTTP/1.1" 200 935 "-" "check_http/v1.4.14 (nagios-plugins 1.4.14)"
208.115.111.71 - - [28/Feb/2011:13:53:59 +0100] "GET /osgeolive/4.0.1/ HTTP/1.1" 200 1841 "-" "Mozilla/5.0 (compatible; Ezooms/1.0; ezooms.bot@gmail.com)"
88.198.68.42 - - [28/Feb/2011:13:55:25 +0100] "GET / HTTP/1.1" 200 935 "-" "check_http/v1.4.14 (nagios-plugins 1.4.14)"
88.198.68.42 - - [28/Feb/2011:14:00:25 +0100] "GET / HTTP/1.1" 200 935 "-" "check_http/v1.4.14 (nagios-plugins 1.4.14)"
93.66.113.178 - - [28/Feb/2011:14:01:50 +0100] "GET /osgeolive/4.0.1/osgeolive-4.0.1.iso HTTP/1.1" 200 18980 "http://download.osgeo.org/livedvd/release/4.0.1/osgeolive-4.0.1.iso" "Mozilla/5.0 (X11; U; Linux i686; en-US; rv:1.9.0.10) Gecko/2009042523 Ubuntu/9.04 (jaunty) Firefox/3.0.10"
88.198.68.42 - - [28/Feb/2011:14:05:25 +0100] "GET / HTTP/1.1" 200 935 "-" "check_http/v1.4.14 (nagios-plugins 1.4.14)"
88.198.68.42 - - [28/Feb/2011:14:10:25 +0100] "GET / HTTP/1.1" 200 935 "-" "check_http/v1.4.14 (nagios-plugins 1.4.14)"
88.198.68.42 - - [28/Feb/2011:14:15:25 +0100] "GET / HTTP/1.1" 200 935 "-" "check_http/v1.4.14 (nagios-plugins 1.4.14)"
88.198.68.42 - - [28/Feb/2011:14:20:25 +0100] "GET / HTTP/1.1" 200 935 "-" "check_http/v1.4.14 (nagios-plugins 1.4.14)"
88.198.68.42 - - [28/Feb/2011:14:25:25 +0100] "GET / HTTP/1.1" 200 935 "-" "check_http/v1.4.14 (nagios-plugins 1.4.14)"
88.198.68.42 - - [28/Feb/2011:14:30:25 +0100] "GET / HTTP/1.1" 200 935 "-" "check_http/v1.4.14 (nagios-plugins 1.4.14)"
88.198.68.42 - - [28/Feb/2011:14:35:25 +0100] "GET / HTTP/1.1" 200 935 "-" "check_http/v1.4.14 (nagios-plugins 1.4.14)"
88.198.68.42 - - [28/Feb/2011:14:40:25 +0100] "GET / HTTP/1.1" 200 935 "-" "check_http/v1.4.14 (nagios-plugins 1.4.14)"
88.198.68.42 - - [28/Feb/2011:14:45:25 +0100] "GET / HTTP/1.1" 200 935 "-" "check_http/v1.4.14 (nagios-plugins 1.4.14)"
88.198.68.42 - - [28/Feb/2011:14:50:25 +0100] "GET / HTTP/1.1" 200 935 "-" "check_http/v1.4.14 (nagios-plugins 1.4.14)"
88.198.68.42 - - [28/Feb/2011:14:55:25 +0100] "GET / HTTP/1.1" 200 935 "-" "check_http/v1.4.14 (nagios-plugins 1.4.14)"
88.198.68.42 - - [28/Feb/2011:15:00:25 +0100] "GET / HTTP/1.1" 200 935 "-" "check_http/v1.4.14 (nagios-plugins 1.4.14)"
88.198.68.42 - - [28/Feb/2011:15:05:25 +0100] "GET / HTTP/1.1" 200 935 "-" "check_http/v1.4.14 (nagios-plugins 1.4.14)"
95.136.59.173 - - [28/Feb/2011:12:44:11 +0100] "GET /osgeolive/4.0.1/osgeolive-4.0.1.iso HTTP/1.1" 206 3303836880 "http://live.osgeo.org/download.html" "Mozilla/5.0 (Windows; U; Windows NT 5.1; pt-PT; rv:1.9.2.13) Gecko/20101203 Firefox/3.6.13"
88.198.68.42 - - [28/Feb/2011:15:10:25 +0100] "GET / HTTP/1.1" 200 935 "-" "check_http/v1.4.14 (nagios-plugins 1.4.14)"
88.198.68.42 - - [28/Feb/2011:15:15:25 +0100] "GET / HTTP/1.1" 200 935 "-" "check_http/v1.4.14 (nagios-plugins 1.4.14)"
88.198.68.42 - - [28/Feb/2011:15:20:25 +0100] "GET / HTTP/1.1" 200 935 "-" "check_http/v1.4.14 (nagios-plugins 1.4.14)"
93.66.113.178 - - [28/Feb/2011:14:01:53 +0100] "GET /osgeolive/4.0.1/osgeolive-4.0.1.iso HTTP/1.1" 206 316669340 "http://169.237.167.53/osgeo/4.0.1/osgeolive-4.0.1.iso" "Mozilla/5.0 (X11; U; Linux i686; en-US; rv:1.9.0.10) Gecko/2009042523 Ubuntu/9.04 (jaunty) Firefox/3.0.10"
93.66.113.178 - - [28/Feb/2011:14:01:53 +0100] "GET /osgeolive/4.0.1/osgeolive-4.0.1.iso HTTP/1.1" 206 329143575 "http://169.237.167.53/osgeo/4.0.1/osgeolive-4.0.1.iso" "Mozilla/5.0 (X11; U; Linux i686; en-US; rv:1.9.0.10) Gecko/2009042523 Ubuntu/9.04 (jaunty) Firefox/3.0.10"
88.198.68.42 - - [28/Feb/2011:15:25:25 +0100] "GET / HTTP/1.1" 200 935 "-" "check_http/v1.4.14 (nagios-plugins 1.4.14)"
93.66.113.178 - - [28/Feb/2011:14:01:53 +0100] "GET /osgeolive/4.0.1/osgeolive-4.0.1.iso HTTP/1.1" 206 346564300 "http://169.237.167.53/osgeo/4.0.1/osgeolive-4.0.1.iso" "Mozilla/5.0 (X11; U; Linux i686; en-US; rv:1.9.0.10) Gecko/2009042523 Ubuntu/9.04 (jaunty) Firefox/3.0.10"
93.66.113.178 - - [28/Feb/2011:14:01:53 +0100] "GET /osgeolive/4.0.1/osgeolive-4.0.1.iso HTTP/1.1" 206 342139020 "http://169.237.167.53/osgeo/4.0.1/osgeolive-4.0.1.iso" "Mozilla/5.0 (X11; U; Linux i686; en-US; rv:1.9.0.10) Gecko/2009042523 Ubuntu/9.04 (jaunty) Firefox/3.0.10"
93.66.113.178 - - [28/Feb/2011:14:01:53 +0100] "GET /osgeolive/4.0.1/osgeolive-4.0.1.iso HTTP/1.1" 206 349173320 "http://169.237.167.53/osgeo/4.0.1/osgeolive-4.0.1.iso" "Mozilla/5.0 (X11; U; Linux i686; en-US; rv:1.9.0.10) Gecko/2009042523 Ubuntu/9.04 (jaunty) Firefox/3.0.10"
93.66.113.178 - - [28/Feb/2011:14:01:53 +0100] "GET /osgeolive/4.0.1/osgeolive-4.0.1.iso HTTP/1.1" 206 345394822 "http://169.237.167.53/osgeo/4.0.1/osgeolive-4.0.1.iso" "Mozilla/5.0 (X11; U; Linux i686; en-US; rv:1.9.0.10) Gecko/2009042523 Ubuntu/9.04 (jaunty) Firefox/3.0.10"
93.66.113.178 - - [28/Feb/2011:14:01:52 +0100] "GET /osgeolive/4.0.1/osgeolive-4.0.1.iso HTTP/1.1" 206 346701820 "http://169.237.167.53/osgeo/4.0.1/osgeolive-4.0.1.iso" "Mozilla/5.0 (X11; U; Linux i686; en-US; rv:1.9.0.10) Gecko/2009042523 Ubuntu/9.04 (jaunty) Firefox/3.0.10"
88.198.68.42 - - [28/Feb/2011:15:30:25 +0100] "GET / HTTP/1.1" 200 935 "-" "check_http/v1.4.14 (nagios-plugins 1.4.14)"
88.198.68.42 - - [28/Feb/2011:15:35:25 +0100] "GET / HTTP/1.1" 200 935 "-" "check_http/v1.4.14 (nagios-plugins 1.4.14)"
88.198.68.42 - - [28/Feb/2011:15:40:25 +0100] "GET / HTTP/1.1" 200 935 "-" "check_http/v1.4.14 (nagios-plugins 1.4.14)"
88.198.68.42 - - [28/Feb/2011:15:45:25 +0100] "GET / HTTP/1.1" 200 935 "-" "check_http/v1.4.14 (nagios-plugins 1.4.14)"
88.198.68.42 - - [28/Feb/2011:15:50:25 +0100] "GET / HTTP/1.1" 200 935 "-" "check_http/v1.4.14 (nagios-plugins 1.4.14)"
88.198.68.42 - - [28/Feb/2011:15:55:25 +0100] "GET / HTTP/1.1" 200 935 "-" "check_http/v1.4.14 (nagios-plugins 1.4.14)"
67.195.112.226 - - [28/Feb/2011:15:59:49 +0100] "GET /robots.txt HTTP/1.0" 404 461 "-" "Mozilla/5.0 (compatible; Yahoo! Slurp; http://help.yahoo.com/help/us/ysearch/slurp)"
88.198.68.42 - - [28/Feb/2011:16:00:25 +0100] "GET / HTTP/1.1" 200 935 "-" "check_http/v1.4.14 (nagios-plugins 1.4.14)"
88.198.68.42 - - [28/Feb/2011:16:05:25 +0100] "GET / HTTP/1.1" 200 935 "-" "check_http/v1.4.14 (nagios-plugins 1.4.14)"
67.195.112.226 - - [28/Feb/2011:15:59:49 +0100] "GET /osgeolive/4.0.1/osgeolive-4.0.1.iso HTTP/1.0" 200 142170702 "-" "Mozilla/5.0 (compatible; Yahoo! Slurp; http://help.yahoo.com/help/us/ysearch/slurp)"
67.195.112.226 - - [28/Feb/2011:16:05:50 +0100] "GET /osgeolive/4.0.1/?C=N;O=D HTTP/1.0" 200 727 "-" "Mozilla/5.0 (compatible; Yahoo! Slurp; http://help.yahoo.com/help/us/ysearch/slurp)"
67.195.112.226 - - [28/Feb/2011:16:00:07 +0100] "GET /osgeolive/4.0.1/osgeolive-4.0.1-mini.iso HTTP/1.0" 200 144359808 "-" "Mozilla/5.0 (compatible; Yahoo! Slurp; http://help.yahoo.com/help/us/ysearch/slurp)"
88.198.68.42 - - [28/Feb/2011:16:10:25 +0100] "GET / HTTP/1.1" 200 935 "-" "check_http/v1.4.14 (nagios-plugins 1.4.14)"
88.198.68.42 - - [28/Feb/2011:16:15:25 +0100] "GET / HTTP/1.1" 200 935 "-" "check_http/v1.4.14 (nagios-plugins 1.4.14)"
88.198.68.42 - - [28/Feb/2011:16:20:25 +0100] "GET / HTTP/1.1" 200 935 "-" "check_http/v1.4.14 (nagios-plugins 1.4.14)"
88.198.68.42 - - [28/Feb/2011:16:25:25 +0100] "GET / HTTP/1.1" 200 935 "-" "check_http/v1.4.14 (nagios-plugins 1.4.14)"
88.198.68.42 - - [28/Feb/2011:16:30:25 +0100] "GET / HTTP/1.1" 200 935 "-" "check_http/v1.4.14 (nagios-plugins 1.4.14)"
88.198.68.42 - - [28/Feb/2011:16:35:25 +0100] "GET / HTTP/1.1" 200 935 "-" "check_http/v1.4.14 (nagios-plugins 1.4.14)"
88.198.68.42 - - [28/Feb/2011:16:40:25 +0100] "GET / HTTP/1.1" 200 935 "-" "check_http/v1.4.14 (nagios-plugins 1.4.14)"
88.198.68.42 - - [28/Feb/2011:16:45:25 +0100] "GET / HTTP/1.1" 200 935 "-" "check_http/v1.4.14 (nagios-plugins 1.4.14)"
88.198.68.42 - - [28/Feb/2011:16:50:25 +0100] "GET / HTTP/1.1" 200 935 "-" "check_http/v1.4.14 (nagios-plugins 1.4.14)"
88.198.68.42 - - [28/Feb/2011:16:55:25 +0100] "GET / HTTP/1.1" 200 935 "-" "check_http/v1.4.14 (nagios-plugins 1.4.14)"
88.198.68.42 - - [28/Feb/2011:17:00:25 +0100] "GET / HTTP/1.1" 200 935 "-" "check_http/v1.4.14 (nagios-plugins 1.4.14)"
88.198.68.42 - - [28/Feb/2011:17:05:25 +0100] "GET / HTTP/1.1" 200 935 "-" "check_http/v1.4.14 (nagios-plugins 1.4.14)"
88.198.68.42 - - [28/Feb/2011:17:10:25 +0100] "GET / HTTP/1.1" 200 935 "-" "check_http/v1.4.14 (nagios-plugins 1.4.14)"
88.198.68.42 - - [28/Feb/2011:17:15:25 +0100] "GET / HTTP/1.1" 200 935 "-" "check_http/v1.4.14 (nagios-plugins 1.4.14)"
88.198.68.42 - - [28/Feb/2011:17:20:25 +0100] "GET / HTTP/1.1" 200 935 "-" "check_http/v1.4.14 (nagios-plugins 1.4.14)"
88.198.68.42 - - [28/Feb/2011:17:25:25 +0100] "GET / HTTP/1.1" 200 935 "-" "check_http/v1.4.14 (nagios-plugins 1.4.14)"
88.198.68.42 - - [28/Feb/2011:17:30:25 +0100] "GET / HTTP/1.1" 200 935 "-" "check_http/v1.4.14 (nagios-plugins 1.4.14)"
88.198.68.42 - - [28/Feb/2011:17:35:25 +0100] "GET / HTTP/1.1" 200 935 "-" "check_http/v1.4.14 (nagios-plugins 1.4.14)"
88.198.68.42 - - [28/Feb/2011:17:40:25 +0100] "GET / HTTP/1.1" 200 935 "-" "check_http/v1.4.14 (nagios-plugins 1.4.14)"
88.198.68.42 - - [28/Feb/2011:17:45:25 +0100] "GET / HTTP/1.1" 200 935 "-" "check_http/v1.4.14 (nagios-plugins 1.4.14)"
88.198.68.42 - - [28/Feb/2011:17:50:25 +0100] "GET / HTTP/1.1" 200 935 "-" "check_http/v1.4.14 (nagios-plugins 1.4.14)"
88.198.68.42 - - [28/Feb/2011:17:55:25 +0100] "GET / HTTP/1.1" 200 935 "-" "check_http/v1.4.14 (nagios-plugins 1.4.14)"
88.198.68.42 - - [28/Feb/2011:18:00:25 +0100] "GET / HTTP/1.1" 200 935 "-" "check_http/v1.4.14 (nagios-plugins 1.4.14)"
88.198.68.42 - - [28/Feb/2011:18:05:25 +0100] "GET / HTTP/1.1" 200 935 "-" "check_http/v1.4.14 (nagios-plugins 1.4.14)"
88.198.68.42 - - [28/Feb/2011:18:10:25 +0100] "GET / HTTP/1.1" 200 935 "-" "check_http/v1.4.14 (nagios-plugins 1.4.14)"
88.198.68.42 - - [28/Feb/2011:18:15:25 +0100] "GET / HTTP/1.1" 200 935 "-" "check_http/v1.4.14 (nagios-plugins 1.4.14)"
88.198.68.42 - - [28/Feb/2011:18:20:25 +0100] "GET / HTTP/1.1" 200 935 "-" "check_http/v1.4.14 (nagios-plugins 1.4.14)"
88.198.68.42 - - [28/Feb/2011:18:25:25 +0100] "GET / HTTP/1.1" 200 935 "-" "check_http/v1.4.14 (nagios-plugins 1.4.14)"
88.198.68.42 - - [28/Feb/2011:18:30:25 +0100] "GET / HTTP/1.1" 200 935 "-" "check_http/v1.4.14 (nagios-plugins 1.4.14)"
88.198.68.42 - - [28/Feb/2011:18:35:25 +0100] "GET / HTTP/1.1" 200 935 "-" "check_http/v1.4.14 (nagios-plugins 1.4.14)"
88.198.68.42 - - [28/Feb/2011:18:40:25 +0100] "GET / HTTP/1.1" 200 935 "-" "check_http/v1.4.14 (nagios-plugins 1.4.14)"
88.198.68.42 - - [28/Feb/2011:18:45:25 +0100] "GET / HTTP/1.1" 200 935 "-" "check_http/v1.4.14 (nagios-plugins 1.4.14)"
88.198.68.42 - - [28/Feb/2011:18:50:25 +0100] "GET / HTTP/1.1" 200 935 "-" "check_http/v1.4.14 (nagios-plugins 1.4.14)"
88.198.68.42 - - [28/Feb/2011:18:55:25 +0100] "GET / HTTP/1.1" 200 935 "-" "check_http/v1.4.14 (nagios-plugins 1.4.14)"
88.198.68.42 - - [28/Feb/2011:19:00:25 +0100] "GET / HTTP/1.1" 200 935 "-" "check_http/v1.4.14 (nagios-plugins 1.4.14)"
88.198.68.42 - - [28/Feb/2011:19:05:25 +0100] "GET / HTTP/1.1" 200 935 "-" "check_http/v1.4.14 (nagios-plugins 1.4.14)"
88.198.68.42 - - [28/Feb/2011:19:10:25 +0100] "GET / HTTP/1.1" 200 935 "-" "check_http/v1.4.14 (nagios-plugins 1.4.14)"
88.198.68.42 - - [28/Feb/2011:19:15:25 +0100] "GET / HTTP/1.1" 200 935 "-" "check_http/v1.4.14 (nagios-plugins 1.4.14)"
88.198.68.42 - - [28/Feb/2011:19:20:25 +0100] "GET / HTTP/1.1" 200 935 "-" "check_http/v1.4.14 (nagios-plugins 1.4.14)"
88.198.68.42 - - [28/Feb/2011:19:25:25 +0100] "GET / HTTP/1.1" 200 935 "-" "check_http/v1.4.14 (nagios-plugins 1.4.14)"
88.198.68.42 - - [28/Feb/2011:19:30:25 +0100] "GET / HTTP/1.1" 200 935 "-" "check_http/v1.4.14 (nagios-plugins 1.4.14)"
88.198.68.42 - - [28/Feb/2011:19:35:25 +0100] "GET / HTTP/1.1" 200 935 "-" "check_http/v1.4.14 (nagios-plugins 1.4.14)"
88.198.68.42 - - [28/Feb/2011:19:40:25 +0100] "GET / HTTP/1.1" 200 935 "-" "check_http/v1.4.14 (nagios-plugins 1.4.14)"
88.198.68.42 - - [28/Feb/2011:19:45:25 +0100] "GET / HTTP/1.1" 200 935 "-" "check_http/v1.4.14 (nagios-plugins 1.4.14)"
88.198.68.42 - - [28/Feb/2011:19:50:25 +0100] "GET / HTTP/1.1" 200 935 "-" "check_http/v1.4.14 (nagios-plugins 1.4.14)"
88.198.68.42 - - [28/Feb/2011:19:55:25 +0100] "GET / HTTP/1.1" 200 935 "-" "check_http/v1.4.14 (nagios-plugins 1.4.14)"
88.198.68.42 - - [28/Feb/2011:20:00:25 +0100] "GET / HTTP/1.1" 200 935 "-" "check_http/v1.4.14 (nagios-plugins 1.4.14)"
88.198.68.42 - - [28/Feb/2011:20:05:25 +0100] "GET / HTTP/1.1" 200 935 "-" "check_http/v1.4.14 (nagios-plugins 1.4.14)"
88.198.68.42 - - [28/Feb/2011:20:10:25 +0100] "GET / HTTP/1.1" 200 935 "-" "check_http/v1.4.14 (nagios-plugins 1.4.14)"
88.198.68.42 - - [28/Feb/2011:20:15:25 +0100] "GET / HTTP/1.1" 200 935 "-" "check_http/v1.4.14 (nagios-plugins 1.4.14)"
88.198.68.42 - - [28/Feb/2011:20:20:25 +0100] "GET / HTTP/1.1" 200 935 "-" "check_http/v1.4.14 (nagios-plugins 1.4.14)"
88.198.68.42 - - [28/Feb/2011:20:25:25 +0100] "GET / HTTP/1.1" 200 935 "-" "check_http/v1.4.14 (nagios-plugins 1.4.14)"
88.198.68.42 - - [28/Feb/2011:20:30:25 +0100] "GET / HTTP/1.1" 200 935 "-" "check_http/v1.4.14 (nagios-plugins 1.4.14)"
79.18.208.31 - - [28/Feb/2011:20:35:00 +0100] "GET /osgeolive/4.0.1/ HTTP/1.1" 200 769 "http://download.osgeo.org/livedvd/" "Mozilla/4.0 (compatible; MSIE 8.0; Windows NT 6.1; WOW64; Trident/4.0; SLCC2; .NET CLR 2.0.50727; .NET CLR 3.5.30729; .NET CLR 3.0.30729; Media Center PC 6.0; HPNTDF; .NET4.0C)"
79.18.208.31 - - [28/Feb/2011:20:35:00 +0100] "GET /icons/blank.gif HTTP/1.1" 200 424 "http://mirror.wikisquare.de/osgeolive/4.0.1/" "Mozilla/4.0 (compatible; MSIE 8.0; Windows NT 6.1; WOW64; Trident/4.0; SLCC2; .NET CLR 2.0.50727; .NET CLR 3.5.30729; .NET CLR 3.0.30729; Media Center PC 6.0; HPNTDF; .NET4.0C)"
79.18.208.31 - - [28/Feb/2011:20:35:00 +0100] "GET /icons/back.gif HTTP/1.1" 200 493 "http://mirror.wikisquare.de/osgeolive/4.0.1/" "Mozilla/4.0 (compatible; MSIE 8.0; Windows NT 6.1; WOW64; Trident/4.0; SLCC2; .NET CLR 2.0.50727; .NET CLR 3.5.30729; .NET CLR 3.0.30729; Media Center PC 6.0; HPNTDF; .NET4.0C)"
79.18.208.31 - - [28/Feb/2011:20:35:00 +0100] "GET /icons/unknown.gif HTTP/1.1" 200 521 "http://mirror.wikisquare.de/osgeolive/4.0.1/" "Mozilla/4.0 (compatible; MSIE 8.0; Windows NT 6.1; WOW64; Trident/4.0; SLCC2; .NET CLR 2.0.50727; .NET CLR 3.5.30729; .NET CLR 3.0.30729; Media Center PC 6.0; HPNTDF; .NET4.0C)"
79.18.208.31 - - [28/Feb/2011:20:35:01 +0100] "GET /favicon.ico HTTP/1.1" 404 500 "-" "Mozilla/4.0 (compatible; MSIE 8.0; Windows NT 6.1; WOW64; Trident/4.0; SLCC2; .NET CLR 2.0.50727; .NET CLR 3.5.30729; .NET CLR 3.0.30729; Media Center PC 6.0; HPNTDF; .NET4.0C)"
88.198.68.42 - - [28/Feb/2011:20:35:25 +0100] "GET / HTTP/1.1" 200 935 "-" "check_http/v1.4.14 (nagios-plugins 1.4.14)"
88.198.68.42 - - [28/Feb/2011:20:40:25 +0100] "GET / HTTP/1.1" 200 935 "-" "check_http/v1.4.14 (nagios-plugins 1.4.14)"
88.198.68.42 - - [28/Feb/2011:20:45:25 +0100] "GET / HTTP/1.1" 200 935 "-" "check_http/v1.4.14 (nagios-plugins 1.4.14)"
88.198.68.42 - - [28/Feb/2011:20:50:25 +0100] "GET / HTTP/1.1" 200 935 "-" "check_http/v1.4.14 (nagios-plugins 1.4.14)"
88.198.68.42 - - [28/Feb/2011:20:55:25 +0100] "GET / HTTP/1.1" 200 935 "-" "check_http/v1.4.14 (nagios-plugins 1.4.14)"
88.198.68.42 - - [28/Feb/2011:21:00:25 +0100] "GET / HTTP/1.1" 200 935 "-" "check_http/v1.4.14 (nagios-plugins 1.4.14)"
93.210.131.196 - - [28/Feb/2011:21:05:03 +0100] "GET /osgeolive/4.0.1/osgeolive-4.0.1.iso HTTP/1.1" 200 18876 "http://live.osgeo.org/download.html" "Mozilla/5.0 (Windows; U; Windows NT 6.1; de; rv:1.9.2.13) Gecko/20101203 Firefox/3.6.13"
88.198.68.42 - - [28/Feb/2011:21:05:25 +0100] "GET / HTTP/1.1" 200 935 "-" "check_http/v1.4.14 (nagios-plugins 1.4.14)"
88.198.68.42 - - [28/Feb/2011:21:10:25 +0100] "GET / HTTP/1.1" 200 935 "-" "check_http/v1.4.14 (nagios-plugins 1.4.14)"
88.198.68.42 - - [28/Feb/2011:21:15:25 +0100] "GET / HTTP/1.1" 200 935 "-" "check_http/v1.4.14 (nagios-plugins 1.4.14)"
88.198.68.42 - - [28/Feb/2011:21:20:25 +0100] "GET / HTTP/1.1" 200 935 "-" "check_http/v1.4.14 (nagios-plugins 1.4.14)"
93.210.138.211 - - [28/Feb/2011:21:23:52 +0100] "GET /osgeolive/4.0.1/osgeolive-4.0.1.iso HTTP/1.1" 200 13068 "http://live.osgeo.org/download.html" "Mozilla/5.0 (Windows; U; Windows NT 6.1; de; rv:1.9.2.13) Gecko/20101203 Firefox/3.6.13"
88.198.68.42 - - [28/Feb/2011:21:25:25 +0100] "GET / HTTP/1.1" 200 935 "-" "check_http/v1.4.14 (nagios-plugins 1.4.14)"
88.198.68.42 - - [28/Feb/2011:21:30:25 +0100] "GET / HTTP/1.1" 200 935 "-" "check_http/v1.4.14 (nagios-plugins 1.4.14)"
88.198.68.42 - - [28/Feb/2011:21:35:25 +0100] "GET / HTTP/1.1" 200 935 "-" "check_http/v1.4.14 (nagios-plugins 1.4.14)"
88.198.68.42 - - [28/Feb/2011:21:40:25 +0100] "GET / HTTP/1.1" 200 935 "-" "check_http/v1.4.14 (nagios-plugins 1.4.14)"
88.198.68.42 - - [28/Feb/2011:21:45:25 +0100] "GET / HTTP/1.1" 200 935 "-" "check_http/v1.4.14 (nagios-plugins 1.4.14)"
88.198.68.42 - - [28/Feb/2011:21:50:25 +0100] "GET / HTTP/1.1" 200 935 "-" "check_http/v1.4.14 (nagios-plugins 1.4.14)"
88.198.68.42 - - [28/Feb/2011:21:55:25 +0100] "GET / HTTP/1.1" 200 935 "-" "check_http/v1.4.14 (nagios-plugins 1.4.14)"
88.198.68.42 - - [28/Feb/2011:22:00:25 +0100] "GET / HTTP/1.1" 200 935 "-" "check_http/v1.4.14 (nagios-plugins 1.4.14)"
93.210.138.211 - - [28/Feb/2011:21:24:25 +0100] "GET /osgeolive/4.0.1/osgeolive-4.0.1.iso HTTP/1.1" 200 1160734608 "-" "Mozilla/5.0 (Windows; U; Windows NT 6.1; de; rv:1.9.2.13) Gecko/20101203 Firefox/3.6.13"
88.198.68.42 - - [28/Feb/2011:22:05:25 +0100] "GET / HTTP/1.1" 200 935 "-" "check_http/v1.4.14 (nagios-plugins 1.4.14)"
93.210.138.211 - - [28/Feb/2011:21:24:25 +0100] "GET /osgeolive/4.0.1/osgeolive-4.0.1.iso HTTP/1.1" 206 1160746224 "-" "Mozilla/5.0 (Windows; U; Windows NT 6.1; de; rv:1.9.2.13) Gecko/20101203 Firefox/3.6.13"
93.210.138.211 - - [28/Feb/2011:21:24:26 +0100] "GET /osgeolive/4.0.1/osgeolive-4.0.1.iso HTTP/1.1" 206 1160734608 "-" "Mozilla/5.0 (Windows; U; Windows NT 6.1; de; rv:1.9.2.13) Gecko/20101203 Firefox/3.6.13"
93.210.138.211 - - [28/Feb/2011:22:04:01 +0100] "GET /osgeolive/4.0.1/osgeolive-4.0.1.iso HTTP/1.1" 206 91077148 "-" "Mozilla/5.0 (Windows; U; Windows NT 6.1; de; rv:1.9.2.13) Gecko/20101203 Firefox/3.6.13"
93.210.138.211 - - [28/Feb/2011:22:07:03 +0100] "GET /osgeolive/4.0.1/osgeolive-4.0.1.iso HTTP/1.1" 206 3172620 "-" "Mozilla/5.0 (Windows; U; Windows NT 6.1; de; rv:1.9.2.13) Gecko/20101203 Firefox/3.6.13"
93.210.138.211 - - [28/Feb/2011:22:07:00 +0100] "GET /osgeolive/4.0.1/osgeolive-4.0.1.iso HTTP/1.1" 206 4302276 "-" "Mozilla/5.0 (Windows; U; Windows NT 6.1; de; rv:1.9.2.13) Gecko/20101203 Firefox/3.6.13"
93.210.138.211 - - [28/Feb/2011:22:07:10 +0100] "GET /osgeolive/4.0.1/osgeolive-4.0.1.iso HTTP/1.1" 206 1300992 "-" "Mozilla/5.0 (Windows; U; Windows NT 6.1; de; rv:1.9.2.13) Gecko/20101203 Firefox/3.6.13"
93.210.138.211 - - [28/Feb/2011:21:24:26 +0100] "GET /osgeolive/4.0.1/osgeolive-4.0.1.iso HTTP/1.1" 206 1061034480 "-" "Mozilla/5.0 (Windows; U; Windows NT 6.1; de; rv:1.9.2.13) Gecko/20101203 Firefox/3.6.13"
88.198.68.42 - - [28/Feb/2011:22:10:25 +0100] "GET / HTTP/1.1" 200 935 "-" "check_http/v1.4.14 (nagios-plugins 1.4.14)"
88.198.68.42 - - [28/Feb/2011:22:15:25 +0100] "GET / HTTP/1.1" 200 935 "-" "check_http/v1.4.14 (nagios-plugins 1.4.14)"
86.63.229.63 - - [28/Feb/2011:22:18:52 +0100] "GET /osgeolive/4.0.1/osgeolive-4.0.1.iso HTTP/1.1" 206 40812096 "http://live.osgeo.org/download.html" "Mozilla/5.0 (Windows; U; Windows NT 5.1; fr; rv:1.9.2.13) Gecko/20101203 Firefox/3.6.13 ( .NET CLR 3.5.30729)"
88.198.68.42 - - [28/Feb/2011:22:20:25 +0100] "GET / HTTP/1.1" 200 935 "-" "check_http/v1.4.14 (nagios-plugins 1.4.14)"
88.198.68.42 - - [28/Feb/2011:22:25:25 +0100] "GET / HTTP/1.1" 200 935 "-" "check_http/v1.4.14 (nagios-plugins 1.4.14)"
88.198.68.42 - - [28/Feb/2011:22:30:25 +0100] "GET / HTTP/1.1" 200 935 "-" "check_http/v1.4.14 (nagios-plugins 1.4.14)"
88.198.68.42 - - [28/Feb/2011:22:35:25 +0100] "GET / HTTP/1.1" 200 935 "-" "check_http/v1.4.14 (nagios-plugins 1.4.14)"
88.198.68.42 - - [28/Feb/2011:22:40:25 +0100] "GET / HTTP/1.1" 200 935 "-" "check_http/v1.4.14 (nagios-plugins 1.4.14)"
88.198.68.42 - - [28/Feb/2011:22:45:25 +0100] "GET / HTTP/1.1" 200 935 "-" "check_http/v1.4.14 (nagios-plugins 1.4.14)"
88.198.68.42 - - [28/Feb/2011:22:50:25 +0100] "GET / HTTP/1.1" 200 935 "-" "check_http/v1.4.14 (nagios-plugins 1.4.14)"
88.198.68.42 - - [28/Feb/2011:22:55:25 +0100] "GET / HTTP/1.1" 200 935 "-" "check_http/v1.4.14 (nagios-plugins 1.4.14)"
