88.198.68.42 - - [14/Mar/2011:11:12:48 +0100] "GET / HTTP/1.1" 200 935 "-" "check_http/v1.4.14 (nagios-plugins 1.4.14)"
88.198.68.42 - - [14/Mar/2011:11:17:48 +0100] "GET / HTTP/1.1" 200 935 "-" "check_http/v1.4.14 (nagios-plugins 1.4.14)"
88.198.68.42 - - [14/Mar/2011:11:22:53 +0100] "GET / HTTP/1.1" 200 935 "-" "check_http/v1.4.14 (nagios-plugins 1.4.14)"
88.198.68.42 - - [14/Mar/2011:11:27:48 +0100] "GET / HTTP/1.1" 200 935 "-" "check_http/v1.4.14 (nagios-plugins 1.4.14)"
66.249.72.71 - - [14/Mar/2011:11:32:29 +0100] "GET /robots.txt HTTP/1.1" 404 499 "-" "DoCoMo/2.0 N905i(c100;TB;W24H16) (compatible; Googlebot-Mobile/2.1; +http://www.google.com/bot.html)"
66.249.72.71 - - [14/Mar/2011:11:32:29 +0100] "GET /osgeolive/4.0.1/osgeolive-4.0.1-mini.iso.md5 HTTP/1.1" 200 351 "-" "DoCoMo/2.0 N905i(c100;TB;W24H16) (compatible; Googlebot-Mobile/2.1; +http://www.google.com/bot.html)"
88.198.68.42 - - [14/Mar/2011:11:32:48 +0100] "GET / HTTP/1.1" 200 935 "-" "check_http/v1.4.14 (nagios-plugins 1.4.14)"
88.198.68.42 - - [14/Mar/2011:11:37:48 +0100] "GET / HTTP/1.1" 200 935 "-" "check_http/v1.4.14 (nagios-plugins 1.4.14)"
88.198.68.42 - - [14/Mar/2011:11:42:48 +0100] "GET / HTTP/1.1" 200 935 "-" "check_http/v1.4.14 (nagios-plugins 1.4.14)"
88.198.68.42 - - [14/Mar/2011:11:47:48 +0100] "GET / HTTP/1.1" 200 935 "-" "check_http/v1.4.14 (nagios-plugins 1.4.14)"
88.198.68.42 - - [14/Mar/2011:11:52:48 +0100] "GET / HTTP/1.1" 200 935 "-" "check_http/v1.4.14 (nagios-plugins 1.4.14)"
88.198.68.42 - - [14/Mar/2011:11:57:48 +0100] "GET / HTTP/1.1" 200 935 "-" "check_http/v1.4.14 (nagios-plugins 1.4.14)"
88.198.68.42 - - [14/Mar/2011:12:02:48 +0100] "GET / HTTP/1.1" 200 935 "-" "check_http/v1.4.14 (nagios-plugins 1.4.14)"
88.198.68.42 - - [14/Mar/2011:12:07:48 +0100] "GET / HTTP/1.1" 200 935 "-" "check_http/v1.4.14 (nagios-plugins 1.4.14)"
88.198.68.42 - - [14/Mar/2011:12:12:48 +0100] "GET / HTTP/1.1" 200 935 "-" "check_http/v1.4.14 (nagios-plugins 1.4.14)"
88.198.68.42 - - [14/Mar/2011:12:17:48 +0100] "GET / HTTP/1.1" 200 935 "-" "check_http/v1.4.14 (nagios-plugins 1.4.14)"
88.198.68.42 - - [14/Mar/2011:12:22:48 +0100] "GET / HTTP/1.1" 200 935 "-" "check_http/v1.4.14 (nagios-plugins 1.4.14)"
88.198.68.42 - - [14/Mar/2011:12:27:48 +0100] "GET / HTTP/1.1" 200 935 "-" "check_http/v1.4.14 (nagios-plugins 1.4.14)"
88.198.68.42 - - [14/Mar/2011:12:32:48 +0100] "GET / HTTP/1.1" 200 935 "-" "check_http/v1.4.14 (nagios-plugins 1.4.14)"
88.198.68.42 - - [14/Mar/2011:12:37:48 +0100] "GET / HTTP/1.1" 200 935 "-" "check_http/v1.4.14 (nagios-plugins 1.4.14)"
88.198.68.42 - - [14/Mar/2011:12:42:48 +0100] "GET / HTTP/1.1" 200 935 "-" "check_http/v1.4.14 (nagios-plugins 1.4.14)"
88.198.68.42 - - [14/Mar/2011:12:47:48 +0100] "GET / HTTP/1.1" 200 935 "-" "check_http/v1.4.14 (nagios-plugins 1.4.14)"
88.198.68.42 - - [14/Mar/2011:12:52:48 +0100] "GET / HTTP/1.1" 200 935 "-" "check_http/v1.4.14 (nagios-plugins 1.4.14)"
88.198.68.42 - - [14/Mar/2011:12:57:48 +0100] "GET / HTTP/1.1" 200 935 "-" "check_http/v1.4.14 (nagios-plugins 1.4.14)"
88.198.68.42 - - [14/Mar/2011:13:02:48 +0100] "GET / HTTP/1.1" 200 935 "-" "check_http/v1.4.14 (nagios-plugins 1.4.14)"
88.198.68.42 - - [14/Mar/2011:13:07:48 +0100] "GET / HTTP/1.1" 200 935 "-" "check_http/v1.4.14 (nagios-plugins 1.4.14)"
88.198.68.42 - - [14/Mar/2011:13:12:48 +0100] "GET / HTTP/1.1" 200 935 "-" "check_http/v1.4.14 (nagios-plugins 1.4.14)"
88.198.68.42 - - [14/Mar/2011:13:17:48 +0100] "GET / HTTP/1.1" 200 935 "-" "check_http/v1.4.14 (nagios-plugins 1.4.14)"
88.198.68.42 - - [14/Mar/2011:13:22:48 +0100] "GET / HTTP/1.1" 200 935 "-" "check_http/v1.4.14 (nagios-plugins 1.4.14)"
88.198.68.42 - - [14/Mar/2011:13:27:48 +0100] "GET / HTTP/1.1" 200 935 "-" "check_http/v1.4.14 (nagios-plugins 1.4.14)"
88.198.68.42 - - [14/Mar/2011:13:32:48 +0100] "GET / HTTP/1.1" 200 935 "-" "check_http/v1.4.14 (nagios-plugins 1.4.14)"
208.115.111.71 - - [14/Mar/2011:13:37:32 +0100] "GET /robots.txt HTTP/1.1" 404 486 "-" "Mozilla/5.0 (compatible; Ezooms/1.0; ezooms.bot@gmail.com)"
88.198.68.42 - - [14/Mar/2011:13:37:48 +0100] "GET / HTTP/1.1" 200 935 "-" "check_http/v1.4.14 (nagios-plugins 1.4.14)"
88.198.68.42 - - [14/Mar/2011:13:42:48 +0100] "GET / HTTP/1.1" 200 935 "-" "check_http/v1.4.14 (nagios-plugins 1.4.14)"
88.198.68.42 - - [14/Mar/2011:13:47:48 +0100] "GET / HTTP/1.1" 200 935 "-" "check_http/v1.4.14 (nagios-plugins 1.4.14)"
88.198.68.42 - - [14/Mar/2011:13:52:48 +0100] "GET / HTTP/1.1" 200 935 "-" "check_http/v1.4.14 (nagios-plugins 1.4.14)"
88.198.68.42 - - [14/Mar/2011:13:57:48 +0100] "GET / HTTP/1.1" 200 935 "-" "check_http/v1.4.14 (nagios-plugins 1.4.14)"
208.115.111.71 - - [14/Mar/2011:14:00:07 +0100] "GET /osgeolive/4.0.1/ HTTP/1.1" 200 1841 "-" "Mozilla/5.0 (compatible; Ezooms/1.0; ezooms.bot@gmail.com)"
88.198.68.42 - - [14/Mar/2011:14:02:48 +0100] "GET / HTTP/1.1" 200 935 "-" "check_http/v1.4.14 (nagios-plugins 1.4.14)"
88.198.68.42 - - [14/Mar/2011:14:07:48 +0100] "GET / HTTP/1.1" 200 935 "-" "check_http/v1.4.14 (nagios-plugins 1.4.14)"
87.157.14.191 - - [14/Mar/2011:14:10:23 +0100] "GET /osgeolive/4.0.1/osgeolive-4.0.1.iso HTTP/1.1" 200 1524600 "http://live.osgeo.org/download.html" "Mozilla/5.0 (Windows; U; Windows NT 6.1; en-GB; rv:1.9.2.15) Gecko/20110303 Firefox/3.6.15"
88.198.68.42 - - [14/Mar/2011:14:12:48 +0100] "GET / HTTP/1.1" 200 935 "-" "check_http/v1.4.14 (nagios-plugins 1.4.14)"
88.198.68.42 - - [14/Mar/2011:14:17:48 +0100] "GET / HTTP/1.1" 200 935 "-" "check_http/v1.4.14 (nagios-plugins 1.4.14)"
88.198.68.42 - - [14/Mar/2011:14:22:48 +0100] "GET / HTTP/1.1" 200 935 "-" "check_http/v1.4.14 (nagios-plugins 1.4.14)"
87.157.14.191 - - [14/Mar/2011:14:11:10 +0100] "GET /osgeolive/4.0.1/osgeolive-4.0.1.iso HTTP/1.1" 206 141763116 "http://live.osgeo.org/download.html" "Mozilla/5.0 (Windows; U; Windows NT 6.1; en-GB; rv:1.9.2.15) Gecko/20110303 Firefox/3.6.15"
87.157.14.191 - - [14/Mar/2011:14:11:10 +0100] "GET /osgeolive/4.0.1/osgeolive-4.0.1.iso HTTP/1.1" 206 140925312 "http://live.osgeo.org/download.html" "Mozilla/5.0 (Windows; U; Windows NT 6.1; en-GB; rv:1.9.2.15) Gecko/20110303 Firefox/3.6.15"
87.157.14.191 - - [14/Mar/2011:14:11:10 +0100] "GET /osgeolive/4.0.1/osgeolive-4.0.1.iso HTTP/1.1" 200 158861868 "http://live.osgeo.org/download.html" "Mozilla/5.0 (Windows; U; Windows NT 6.1; en-GB; rv:1.9.2.15) Gecko/20110303 Firefox/3.6.15"
87.157.14.191 - - [14/Mar/2011:14:11:10 +0100] "GET /osgeolive/4.0.1/osgeolive-4.0.1.iso HTTP/1.1" 206 97314492 "http://live.osgeo.org/download.html" "Mozilla/5.0 (Windows; U; Windows NT 6.1; en-GB; rv:1.9.2.15) Gecko/20110303 Firefox/3.6.15"
87.157.14.191 - - [14/Mar/2011:14:27:19 +0100] "GET /osgeolive/4.0.1/osgeolive-4.0.1-mini.iso HTTP/1.1" 200 1565256 "http://live.osgeo.org/download.html" "Mozilla/5.0 (Windows; U; Windows NT 6.1; en-GB; rv:1.9.2.15) Gecko/20110303 Firefox/3.6.15"
88.198.68.42 - - [14/Mar/2011:14:27:48 +0100] "GET / HTTP/1.1" 200 935 "-" "check_http/v1.4.14 (nagios-plugins 1.4.14)"
88.198.68.42 - - [14/Mar/2011:14:32:48 +0100] "GET / HTTP/1.1" 200 935 "-" "check_http/v1.4.14 (nagios-plugins 1.4.14)"
88.198.68.42 - - [14/Mar/2011:14:37:48 +0100] "GET / HTTP/1.1" 200 935 "-" "check_http/v1.4.14 (nagios-plugins 1.4.14)"
88.198.68.42 - - [14/Mar/2011:14:42:48 +0100] "GET / HTTP/1.1" 200 935 "-" "check_http/v1.4.14 (nagios-plugins 1.4.14)"
88.198.68.42 - - [14/Mar/2011:14:47:48 +0100] "GET / HTTP/1.1" 200 935 "-" "check_http/v1.4.14 (nagios-plugins 1.4.14)"
88.198.68.42 - - [14/Mar/2011:14:52:48 +0100] "GET / HTTP/1.1" 200 935 "-" "check_http/v1.4.14 (nagios-plugins 1.4.14)"
93.223.115.11 - - [14/Mar/2011:14:25:23 +0100] "GET /osgeolive/4.0.1/osgeolive-4.0.1-mini.iso HTTP/1.1" 200 3499989299 "http://live.osgeo.org/download.html" "Mozilla/5.0 (Macintosh; U; Intel Mac OS X 10_6_6; en-US) AppleWebKit/534.16 (KHTML, like Gecko) Chrome/10.0.648.133 Safari/534.16"
88.198.68.42 - - [14/Mar/2011:14:57:48 +0100] "GET / HTTP/1.1" 200 935 "-" "check_http/v1.4.14 (nagios-plugins 1.4.14)"
88.198.68.42 - - [14/Mar/2011:15:02:48 +0100] "GET / HTTP/1.1" 200 935 "-" "check_http/v1.4.14 (nagios-plugins 1.4.14)"
88.198.68.42 - - [14/Mar/2011:15:07:48 +0100] "GET / HTTP/1.1" 200 935 "-" "check_http/v1.4.14 (nagios-plugins 1.4.14)"
88.198.68.42 - - [14/Mar/2011:15:12:48 +0100] "GET / HTTP/1.1" 200 935 "-" "check_http/v1.4.14 (nagios-plugins 1.4.14)"
88.198.68.42 - - [14/Mar/2011:15:17:48 +0100] "GET / HTTP/1.1" 200 935 "-" "check_http/v1.4.14 (nagios-plugins 1.4.14)"
88.198.68.42 - - [14/Mar/2011:15:22:48 +0100] "GET / HTTP/1.1" 200 935 "-" "check_http/v1.4.14 (nagios-plugins 1.4.14)"
88.198.68.42 - - [14/Mar/2011:15:27:48 +0100] "GET / HTTP/1.1" 200 935 "-" "check_http/v1.4.14 (nagios-plugins 1.4.14)"
157.55.116.65 - - [14/Mar/2011:15:30:04 +0100] "GET /robots.txt HTTP/1.1" 404 461 "-" "msnbot/2.0b (+http://search.msn.com/msnbot.htm)._"
157.55.116.65 - - [14/Mar/2011:15:30:04 +0100] "GET / HTTP/1.1" 200 619 "-" "msnbot/2.0b (+http://search.msn.com/msnbot.htm)._"
157.55.116.65 - - [14/Mar/2011:15:30:05 +0100] "GET /?C=N;O=D HTTP/1.1" 200 617 "-" "msnbot/2.0b (+http://search.msn.com/msnbot.htm)._"
157.55.116.65 - - [14/Mar/2011:15:30:07 +0100] "GET /?C=M;O=A HTTP/1.1" 200 619 "-" "msnbot/2.0b (+http://search.msn.com/msnbot.htm)._"
157.55.116.65 - - [14/Mar/2011:15:30:08 +0100] "GET /?C=S;O=A HTTP/1.1" 200 619 "-" "msnbot/2.0b (+http://search.msn.com/msnbot.htm)._"
157.55.116.65 - - [14/Mar/2011:15:30:09 +0100] "GET /?C=D;O=A HTTP/1.1" 200 619 "-" "msnbot/2.0b (+http://search.msn.com/msnbot.htm)._"
157.55.116.65 - - [14/Mar/2011:15:30:11 +0100] "GET /osgeolive/ HTTP/1.1" 200 770 "-" "msnbot/2.0b (+http://search.msn.com/msnbot.htm)._"
88.198.68.42 - - [14/Mar/2011:15:32:48 +0100] "GET / HTTP/1.1" 200 935 "-" "check_http/v1.4.14 (nagios-plugins 1.4.14)"
87.157.14.191 - - [14/Mar/2011:14:27:26 +0100] "GET /osgeolive/4.0.1/osgeolive-4.0.1-mini.iso HTTP/1.1" 206 874996561 "http://live.osgeo.org/download.html" "Mozilla/5.0 (Windows; U; Windows NT 6.1; en-GB; rv:1.9.2.15) Gecko/20110303 Firefox/3.6.15"
88.198.68.42 - - [14/Mar/2011:15:37:48 +0100] "GET / HTTP/1.1" 200 935 "-" "check_http/v1.4.14 (nagios-plugins 1.4.14)"
88.198.68.42 - - [14/Mar/2011:15:42:48 +0100] "GET / HTTP/1.1" 200 935 "-" "check_http/v1.4.14 (nagios-plugins 1.4.14)"
87.157.14.191 - - [14/Mar/2011:15:34:07 +0100] "GET /osgeolive/4.0.1/osgeolive-4.0.1-mini.iso HTTP/1.1" 206 141456744 "http://live.osgeo.org/download.html" "Mozilla/5.0 (Windows; U; Windows NT 6.1; en-GB; rv:1.9.2.15) Gecko/20110303 Firefox/3.6.15"
88.198.68.42 - - [14/Mar/2011:15:47:48 +0100] "GET / HTTP/1.1" 200 935 "-" "check_http/v1.4.14 (nagios-plugins 1.4.14)"
87.157.14.191 - - [14/Mar/2011:14:27:26 +0100] "GET /osgeolive/4.0.1/osgeolive-4.0.1-mini.iso HTTP/1.1" 206 733778364 "http://live.osgeo.org/download.html" "Mozilla/5.0 (Windows; U; Windows NT 6.1; en-GB; rv:1.9.2.15) Gecko/20110303 Firefox/3.6.15"
67.195.112.226 - - [14/Mar/2011:15:44:16 +0100] "GET /osgeolive/4.0.1/osgeolive-4.0.1-mini.iso HTTP/1.0" 200 130183333 "-" "Mozilla/5.0 (compatible; Yahoo! Slurp; http://help.yahoo.com/help/us/ysearch/slurp)"
88.198.68.42 - - [14/Mar/2011:15:52:48 +0100] "GET / HTTP/1.1" 200 935 "-" "check_http/v1.4.14 (nagios-plugins 1.4.14)"
87.157.14.191 - - [14/Mar/2011:15:48:34 +0100] "GET /osgeolive/4.0.1/osgeolive-4.0.1-mini.iso HTTP/1.1" 206 13712688 "http://live.osgeo.org/download.html" "Mozilla/5.0 (Windows; U; Windows NT 6.1; en-GB; rv:1.9.2.15) Gecko/20110303 Firefox/3.6.15"
87.157.14.191 - - [14/Mar/2011:15:45:15 +0100] "GET /osgeolive/4.0.1/osgeolive-4.0.1-mini.iso HTTP/1.1" 206 48441624 "http://live.osgeo.org/download.html" "Mozilla/5.0 (Windows; U; Windows NT 6.1; en-GB; rv:1.9.2.15) Gecko/20110303 Firefox/3.6.15"
87.157.14.191 - - [14/Mar/2011:14:27:26 +0100] "GET /osgeolive/4.0.1/osgeolive-4.0.1-mini.iso HTTP/1.1" 206 769040953 "http://live.osgeo.org/download.html" "Mozilla/5.0 (Windows; U; Windows NT 6.1; en-GB; rv:1.9.2.15) Gecko/20110303 Firefox/3.6.15"
87.157.14.191 - - [14/Mar/2011:14:27:26 +0100] "GET /osgeolive/4.0.1/osgeolive-4.0.1-mini.iso HTTP/1.1" 200 816266609 "http://live.osgeo.org/download.html" "Mozilla/5.0 (Windows; U; Windows NT 6.1; en-GB; rv:1.9.2.15) Gecko/20110303 Firefox/3.6.15"
88.198.68.42 - - [14/Mar/2011:15:57:48 +0100] "GET / HTTP/1.1" 200 935 "-" "check_http/v1.4.14 (nagios-plugins 1.4.14)"
88.198.68.42 - - [14/Mar/2011:16:02:48 +0100] "GET / HTTP/1.1" 200 935 "-" "check_http/v1.4.14 (nagios-plugins 1.4.14)"
88.198.68.42 - - [14/Mar/2011:16:07:48 +0100] "GET / HTTP/1.1" 200 935 "-" "check_http/v1.4.14 (nagios-plugins 1.4.14)"
151.67.141.21 - - [14/Mar/2011:15:46:50 +0100] "GET /osgeolive/4.0.1/osgeolive-4.0.1.iso HTTP/1.1" 200 41090000 "-" "Mozilla/4.0 (compatible; MSIE 8.0; Windows NT 5.1; Trident/4.0; .NET4.0C; .NET CLR 2.0.50727; .NET CLR 3.0.04506.30; .NET CLR 3.0.4506.2152; .NET CLR 3.5.30729; BRI/1; SlimBrowser)"
88.198.68.42 - - [14/Mar/2011:16:12:48 +0100] "GET / HTTP/1.1" 200 935 "-" "check_http/v1.4.14 (nagios-plugins 1.4.14)"
88.198.68.42 - - [14/Mar/2011:16:17:48 +0100] "GET / HTTP/1.1" 200 935 "-" "check_http/v1.4.14 (nagios-plugins 1.4.14)"
88.198.68.42 - - [14/Mar/2011:16:22:48 +0100] "GET / HTTP/1.1" 200 935 "-" "check_http/v1.4.14 (nagios-plugins 1.4.14)"
88.198.68.42 - - [14/Mar/2011:16:27:48 +0100] "GET / HTTP/1.1" 200 935 "-" "check_http/v1.4.14 (nagios-plugins 1.4.14)"
88.198.68.42 - - [14/Mar/2011:16:32:48 +0100] "GET / HTTP/1.1" 200 935 "-" "check_http/v1.4.14 (nagios-plugins 1.4.14)"
88.198.68.42 - - [14/Mar/2011:16:37:48 +0100] "GET / HTTP/1.1" 200 935 "-" "check_http/v1.4.14 (nagios-plugins 1.4.14)"
88.198.68.42 - - [14/Mar/2011:16:42:48 +0100] "GET / HTTP/1.1" 200 935 "-" "check_http/v1.4.14 (nagios-plugins 1.4.14)"
88.198.68.42 - - [14/Mar/2011:16:47:48 +0100] "GET / HTTP/1.1" 200 935 "-" "check_http/v1.4.14 (nagios-plugins 1.4.14)"
88.198.68.42 - - [14/Mar/2011:16:52:48 +0100] "GET / HTTP/1.1" 200 935 "-" "check_http/v1.4.14 (nagios-plugins 1.4.14)"
88.198.68.42 - - [14/Mar/2011:16:57:48 +0100] "GET / HTTP/1.1" 200 935 "-" "check_http/v1.4.14 (nagios-plugins 1.4.14)"
88.198.68.42 - - [14/Mar/2011:17:02:48 +0100] "GET / HTTP/1.1" 200 935 "-" "check_http/v1.4.14 (nagios-plugins 1.4.14)"
88.198.68.42 - - [14/Mar/2011:17:07:48 +0100] "GET / HTTP/1.1" 200 935 "-" "check_http/v1.4.14 (nagios-plugins 1.4.14)"
88.198.68.42 - - [14/Mar/2011:17:12:48 +0100] "GET / HTTP/1.1" 200 935 "-" "check_http/v1.4.14 (nagios-plugins 1.4.14)"
88.198.68.42 - - [14/Mar/2011:17:17:48 +0100] "GET / HTTP/1.1" 200 935 "-" "check_http/v1.4.14 (nagios-plugins 1.4.14)"
88.198.68.42 - - [14/Mar/2011:17:22:48 +0100] "GET / HTTP/1.1" 200 935 "-" "check_http/v1.4.14 (nagios-plugins 1.4.14)"
88.198.68.42 - - [14/Mar/2011:17:27:48 +0100] "GET / HTTP/1.1" 200 935 "-" "check_http/v1.4.14 (nagios-plugins 1.4.14)"
88.198.68.42 - - [14/Mar/2011:17:32:48 +0100] "GET / HTTP/1.1" 200 935 "-" "check_http/v1.4.14 (nagios-plugins 1.4.14)"
88.198.68.42 - - [14/Mar/2011:17:37:48 +0100] "GET / HTTP/1.1" 200 935 "-" "check_http/v1.4.14 (nagios-plugins 1.4.14)"
88.198.68.42 - - [14/Mar/2011:17:42:48 +0100] "GET / HTTP/1.1" 200 935 "-" "check_http/v1.4.14 (nagios-plugins 1.4.14)"
88.198.68.42 - - [14/Mar/2011:17:47:51 +0100] "GET / HTTP/1.1" 200 935 "-" "check_http/v1.4.14 (nagios-plugins 1.4.14)"
88.198.68.42 - - [14/Mar/2011:17:52:49 +0100] "GET / HTTP/1.1" 200 935 "-" "check_http/v1.4.14 (nagios-plugins 1.4.14)"
88.198.68.42 - - [14/Mar/2011:17:57:48 +0100] "GET / HTTP/1.1" 200 935 "-" "check_http/v1.4.14 (nagios-plugins 1.4.14)"
87.157.14.191 - - [14/Mar/2011:18:00:16 +0100] "GET /osgeolive/4.0.1/osgeolive-4.0.1-mini.iso HTTP/1.1" 206 23944318 "http://live.osgeo.org/download.html" "Mozilla/5.0 (Windows; U; Windows NT 6.1; en-GB; rv:1.9.2.15) Gecko/20110303 Firefox/3.6.15"
87.157.14.191 - - [14/Mar/2011:18:00:16 +0100] "GET /osgeolive/4.0.1/osgeolive-4.0.1-mini.iso HTTP/1.1" 206 21514284 "http://live.osgeo.org/download.html" "Mozilla/5.0 (Windows; U; Windows NT 6.1; en-GB; rv:1.9.2.15) Gecko/20110303 Firefox/3.6.15"
87.157.14.191 - - [14/Mar/2011:18:00:16 +0100] "GET /osgeolive/4.0.1/osgeolive-4.0.1-mini.iso HTTP/1.1" 206 25260444 "http://live.osgeo.org/download.html" "Mozilla/5.0 (Windows; U; Windows NT 6.1; en-GB; rv:1.9.2.15) Gecko/20110303 Firefox/3.6.15"
88.198.68.42 - - [14/Mar/2011:18:02:48 +0100] "GET / HTTP/1.1" 200 935 "-" "check_http/v1.4.14 (nagios-plugins 1.4.14)"
87.157.14.191 - - [14/Mar/2011:18:00:16 +0100] "GET /osgeolive/4.0.1/osgeolive-4.0.1-mini.iso HTTP/1.1" 206 22201080 "http://live.osgeo.org/download.html" "Mozilla/5.0 (Windows; U; Windows NT 6.1; en-GB; rv:1.9.2.15) Gecko/20110303 Firefox/3.6.15"
87.157.14.191 - - [14/Mar/2011:18:02:45 +0100] "GET /osgeolive/4.0.1/osgeolive-4.0.1-mini.iso HTTP/1.1" 206 1328580 "http://live.osgeo.org/download.html" "Mozilla/5.0 (Windows; U; Windows NT 6.1; en-GB; rv:1.9.2.15) Gecko/20110303 Firefox/3.6.15"
87.157.14.191 - - [14/Mar/2011:18:02:25 +0100] "GET /osgeolive/4.0.1/osgeolive-4.0.1-mini.iso HTTP/1.1" 206 6044676 "http://live.osgeo.org/download.html" "Mozilla/5.0 (Windows; U; Windows NT 6.1; en-GB; rv:1.9.2.15) Gecko/20110303 Firefox/3.6.15"
87.157.14.191 - - [14/Mar/2011:18:02:26 +0100] "GET /osgeolive/4.0.1/osgeolive-4.0.1-mini.iso HTTP/1.1" 206 3470280 "http://live.osgeo.org/download.html" "Mozilla/5.0 (Windows; U; Windows NT 6.1; en-GB; rv:1.9.2.15) Gecko/20110303 Firefox/3.6.15"
88.198.68.42 - - [14/Mar/2011:18:07:48 +0100] "GET / HTTP/1.1" 200 935 "-" "check_http/v1.4.14 (nagios-plugins 1.4.14)"
88.198.68.42 - - [14/Mar/2011:18:12:48 +0100] "GET / HTTP/1.1" 200 935 "-" "check_http/v1.4.14 (nagios-plugins 1.4.14)"
88.198.68.42 - - [14/Mar/2011:18:17:48 +0100] "GET / HTTP/1.1" 200 935 "-" "check_http/v1.4.14 (nagios-plugins 1.4.14)"
88.198.68.42 - - [14/Mar/2011:18:22:48 +0100] "GET / HTTP/1.1" 200 935 "-" "check_http/v1.4.14 (nagios-plugins 1.4.14)"
88.198.68.42 - - [14/Mar/2011:18:27:48 +0100] "GET / HTTP/1.1" 200 935 "-" "check_http/v1.4.14 (nagios-plugins 1.4.14)"
88.198.68.42 - - [14/Mar/2011:18:32:48 +0100] "GET / HTTP/1.1" 200 935 "-" "check_http/v1.4.14 (nagios-plugins 1.4.14)"
88.198.68.42 - - [14/Mar/2011:18:37:48 +0100] "GET / HTTP/1.1" 200 935 "-" "check_http/v1.4.14 (nagios-plugins 1.4.14)"
88.198.68.42 - - [14/Mar/2011:18:42:48 +0100] "GET / HTTP/1.1" 200 935 "-" "check_http/v1.4.14 (nagios-plugins 1.4.14)"
88.198.68.42 - - [14/Mar/2011:18:47:48 +0100] "GET / HTTP/1.1" 200 935 "-" "check_http/v1.4.14 (nagios-plugins 1.4.14)"
151.67.141.21 - - [14/Mar/2011:18:52:38 +0100] "GET /osgeolive/4.0.1/osgeolive-4.0.1.iso HTTP/1.1" 206 12600 "http://live.osgeo.org/download.html" "Mozilla/4.0 (compatible; MSIE 8.0; Windows NT 5.1; Trident/4.0; .NET4.0C; .NET CLR 2.0.50727; .NET CLR 3.0.04506.30; .NET CLR 3.0.4506.2152; .NET CLR 3.5.30729; BRI/1; SlimBrowser)"
88.198.68.42 - - [14/Mar/2011:18:52:49 +0100] "GET / HTTP/1.1" 200 935 "-" "check_http/v1.4.14 (nagios-plugins 1.4.14)"
88.198.68.42 - - [14/Mar/2011:18:57:48 +0100] "GET / HTTP/1.1" 200 935 "-" "check_http/v1.4.14 (nagios-plugins 1.4.14)"
151.67.141.21 - - [14/Mar/2011:18:52:46 +0100] "GET /osgeolive/4.0.1/osgeolive-4.0.1.iso HTTP/1.1" 200 12600 "http://live.osgeo.org/download.html" "Mozilla/4.0 (compatible; MSIE 7.0; Windows NT 5.1; .NET CLR 1.0.3705; .NET CLR 1.1.4322; .NET CLR 2.0.50727; .NET CLR 3.0.04506.648; .NET CLR 3.5.21022)"
151.67.141.21 - - [14/Mar/2011:18:52:52 +0100] "GET /osgeolive/4.0.1/osgeolive-4.0.1.iso HTTP/1.1" 206 12600 "http://live.osgeo.org/download.html" "Mozilla/4.0 (compatible; MSIE 7.0; Windows NT 5.1; .NET CLR 1.0.3705; .NET CLR 1.1.4322; .NET CLR 2.0.50727; .NET CLR 3.0.04506.648; .NET CLR 3.5.21022)"
151.67.141.21 - - [14/Mar/2011:18:53:05 +0100] "GET /osgeolive/4.0.1/osgeolive-4.0.1.iso HTTP/1.1" 206 12600 "http://live.osgeo.org/download.html" "Mozilla/4.0 (compatible; MSIE 7.0; Windows NT 5.1; .NET CLR 1.0.3705; .NET CLR 1.1.4322; .NET CLR 2.0.50727; .NET CLR 3.0.04506.648; .NET CLR 3.5.21022)"
151.67.141.21 - - [14/Mar/2011:18:53:17 +0100] "GET /osgeolive/4.0.1/osgeolive-4.0.1.iso HTTP/1.1" 206 12600 "http://live.osgeo.org/download.html" "Mozilla/4.0 (compatible; MSIE 7.0; Windows NT 5.1; .NET CLR 1.0.3705; .NET CLR 1.1.4322; .NET CLR 2.0.50727; .NET CLR 3.0.04506.648; .NET CLR 3.5.21022)"
151.67.141.21 - - [14/Mar/2011:18:53:28 +0100] "GET /osgeolive/4.0.1/osgeolive-4.0.1.iso HTTP/1.1" 206 12600 "http://live.osgeo.org/download.html" "Mozilla/4.0 (compatible; MSIE 7.0; Windows NT 5.1; .NET CLR 1.0.3705; .NET CLR 1.1.4322; .NET CLR 2.0.50727; .NET CLR 3.0.04506.648; .NET CLR 3.5.21022)"
88.198.68.42 - - [14/Mar/2011:19:02:48 +0100] "GET / HTTP/1.1" 200 935 "-" "check_http/v1.4.14 (nagios-plugins 1.4.14)"
88.198.68.42 - - [14/Mar/2011:19:07:48 +0100] "GET / HTTP/1.1" 200 935 "-" "check_http/v1.4.14 (nagios-plugins 1.4.14)"
88.198.68.42 - - [14/Mar/2011:19:12:48 +0100] "GET / HTTP/1.1" 200 935 "-" "check_http/v1.4.14 (nagios-plugins 1.4.14)"
88.198.68.42 - - [14/Mar/2011:19:17:48 +0100] "GET / HTTP/1.1" 200 935 "-" "check_http/v1.4.14 (nagios-plugins 1.4.14)"
88.198.68.42 - - [14/Mar/2011:19:22:48 +0100] "GET / HTTP/1.1" 200 935 "-" "check_http/v1.4.14 (nagios-plugins 1.4.14)"
88.198.68.42 - - [14/Mar/2011:19:27:48 +0100] "GET / HTTP/1.1" 200 935 "-" "check_http/v1.4.14 (nagios-plugins 1.4.14)"
88.198.68.42 - - [14/Mar/2011:19:32:48 +0100] "GET / HTTP/1.1" 200 935 "-" "check_http/v1.4.14 (nagios-plugins 1.4.14)"
88.198.68.42 - - [14/Mar/2011:19:37:48 +0100] "GET / HTTP/1.1" 200 935 "-" "check_http/v1.4.14 (nagios-plugins 1.4.14)"
88.198.68.42 - - [14/Mar/2011:19:42:48 +0100] "GET / HTTP/1.1" 200 935 "-" "check_http/v1.4.14 (nagios-plugins 1.4.14)"
88.198.68.42 - - [14/Mar/2011:19:47:48 +0100] "GET / HTTP/1.1" 200 935 "-" "check_http/v1.4.14 (nagios-plugins 1.4.14)"
88.198.68.42 - - [14/Mar/2011:19:52:48 +0100] "GET / HTTP/1.1" 200 935 "-" "check_http/v1.4.14 (nagios-plugins 1.4.14)"
88.198.68.42 - - [14/Mar/2011:19:57:48 +0100] "GET / HTTP/1.1" 200 935 "-" "check_http/v1.4.14 (nagios-plugins 1.4.14)"
88.198.68.42 - - [14/Mar/2011:20:02:49 +0100] "GET / HTTP/1.1" 200 935 "-" "check_http/v1.4.14 (nagios-plugins 1.4.14)"
88.198.68.42 - - [14/Mar/2011:20:07:48 +0100] "GET / HTTP/1.1" 200 935 "-" "check_http/v1.4.14 (nagios-plugins 1.4.14)"
88.198.68.42 - - [14/Mar/2011:20:12:49 +0100] "GET / HTTP/1.1" 200 935 "-" "check_http/v1.4.14 (nagios-plugins 1.4.14)"
88.198.68.42 - - [14/Mar/2011:20:17:48 +0100] "GET / HTTP/1.1" 200 935 "-" "check_http/v1.4.14 (nagios-plugins 1.4.14)"
88.198.68.42 - - [14/Mar/2011:20:22:48 +0100] "GET / HTTP/1.1" 200 935 "-" "check_http/v1.4.14 (nagios-plugins 1.4.14)"
88.198.68.42 - - [14/Mar/2011:20:27:48 +0100] "GET / HTTP/1.1" 200 935 "-" "check_http/v1.4.14 (nagios-plugins 1.4.14)"
88.198.68.42 - - [14/Mar/2011:20:32:48 +0100] "GET / HTTP/1.1" 200 935 "-" "check_http/v1.4.14 (nagios-plugins 1.4.14)"
88.198.68.42 - - [14/Mar/2011:20:37:48 +0100] "GET / HTTP/1.1" 200 935 "-" "check_http/v1.4.14 (nagios-plugins 1.4.14)"
88.198.68.42 - - [14/Mar/2011:20:42:48 +0100] "GET / HTTP/1.1" 200 935 "-" "check_http/v1.4.14 (nagios-plugins 1.4.14)"
88.198.68.42 - - [14/Mar/2011:20:47:48 +0100] "GET / HTTP/1.1" 200 935 "-" "check_http/v1.4.14 (nagios-plugins 1.4.14)"
88.198.68.42 - - [14/Mar/2011:20:52:48 +0100] "GET / HTTP/1.1" 200 935 "-" "check_http/v1.4.14 (nagios-plugins 1.4.14)"
88.198.68.42 - - [14/Mar/2011:20:57:50 +0100] "GET / HTTP/1.1" 200 935 "-" "check_http/v1.4.14 (nagios-plugins 1.4.14)"
88.198.68.42 - - [14/Mar/2011:21:02:48 +0100] "GET / HTTP/1.1" 200 935 "-" "check_http/v1.4.14 (nagios-plugins 1.4.14)"
88.198.68.42 - - [14/Mar/2011:21:07:48 +0100] "GET / HTTP/1.1" 200 935 "-" "check_http/v1.4.14 (nagios-plugins 1.4.14)"
88.198.68.42 - - [14/Mar/2011:21:12:48 +0100] "GET / HTTP/1.1" 200 935 "-" "check_http/v1.4.14 (nagios-plugins 1.4.14)"
88.198.68.42 - - [14/Mar/2011:21:17:48 +0100] "GET / HTTP/1.1" 200 935 "-" "check_http/v1.4.14 (nagios-plugins 1.4.14)"
88.198.68.42 - - [14/Mar/2011:21:22:49 +0100] "GET / HTTP/1.1" 200 935 "-" "check_http/v1.4.14 (nagios-plugins 1.4.14)"
151.67.141.21 - - [14/Mar/2011:18:53:29 +0100] "GET /osgeolive/4.0.1/osgeolive-4.0.1.iso HTTP/1.1" 206 486367000 "http://live.osgeo.org/download.html" "Mozilla/4.0 (compatible; MSIE 7.0; Windows NT 5.1; .NET CLR 1.0.3705; .NET CLR 1.1.4322; .NET CLR 2.0.50727; .NET CLR 3.0.04506.648; .NET CLR 3.5.21022)"
88.198.68.42 - - [14/Mar/2011:21:27:49 +0100] "GET / HTTP/1.1" 200 935 "-" "check_http/v1.4.14 (nagios-plugins 1.4.14)"
88.198.68.42 - - [14/Mar/2011:21:32:48 +0100] "GET / HTTP/1.1" 200 935 "-" "check_http/v1.4.14 (nagios-plugins 1.4.14)"
88.198.68.42 - - [14/Mar/2011:21:37:48 +0100] "GET / HTTP/1.1" 200 935 "-" "check_http/v1.4.14 (nagios-plugins 1.4.14)"
151.67.141.21 - - [14/Mar/2011:18:52:55 +0100] "GET /osgeolive/4.0.1/osgeolive-4.0.1.iso HTTP/1.1" 206 580372800 "http://live.osgeo.org/download.html" "Mozilla/4.0 (compatible; MSIE 7.0; Windows NT 5.1; .NET CLR 1.0.3705; .NET CLR 1.1.4322; .NET CLR 2.0.50727; .NET CLR 3.0.04506.648; .NET CLR 3.5.21022)"
151.67.141.21 - - [14/Mar/2011:21:38:14 +0100] "GET /osgeolive/4.0.1/osgeolive-4.0.1.iso HTTP/1.1" 206 12600 "http://live.osgeo.org/download.html" "Mozilla/4.0 (compatible; MSIE 7.0; Windows NT 5.1; .NET CLR 1.0.3705; .NET CLR 1.1.4322; .NET CLR 2.0.50727; .NET CLR 3.0.04506.648; .NET CLR 3.5.21022)"
88.198.68.42 - - [14/Mar/2011:21:42:52 +0100] "GET / HTTP/1.1" 200 935 "-" "check_http/v1.4.14 (nagios-plugins 1.4.14)"
88.198.68.42 - - [14/Mar/2011:21:47:52 +0100] "GET / HTTP/1.1" 200 935 "-" "check_http/v1.4.14 (nagios-plugins 1.4.14)"
88.198.68.42 - - [14/Mar/2011:21:52:52 +0100] "GET / HTTP/1.1" 200 935 "-" "check_http/v1.4.14 (nagios-plugins 1.4.14)"
88.198.68.42 - - [14/Mar/2011:21:57:52 +0100] "GET / HTTP/1.1" 200 935 "-" "check_http/v1.4.14 (nagios-plugins 1.4.14)"
88.198.68.42 - - [14/Mar/2011:22:02:54 +0100] "GET / HTTP/1.1" 200 935 "-" "check_http/v1.4.14 (nagios-plugins 1.4.14)"
88.198.68.42 - - [14/Mar/2011:22:07:52 +0100] "GET / HTTP/1.1" 200 935 "-" "check_http/v1.4.14 (nagios-plugins 1.4.14)"
88.198.68.42 - - [14/Mar/2011:22:12:54 +0100] "GET / HTTP/1.1" 200 935 "-" "check_http/v1.4.14 (nagios-plugins 1.4.14)"
151.67.141.21 - - [14/Mar/2011:18:53:28 +0100] "GET /osgeolive/4.0.1/osgeolive-4.0.1.iso HTTP/1.1" 206 831790400 "http://live.osgeo.org/download.html" "Mozilla/4.0 (compatible; MSIE 7.0; Windows NT 5.1; .NET CLR 1.0.3705; .NET CLR 1.1.4322; .NET CLR 2.0.50727; .NET CLR 3.0.04506.648; .NET CLR 3.5.21022)"
151.67.141.21 - - [14/Mar/2011:21:38:15 +0100] "GET /osgeolive/4.0.1/osgeolive-4.0.1.iso HTTP/1.1" 206 245161000 "http://live.osgeo.org/download.html" "Mozilla/4.0 (compatible; MSIE 7.0; Windows NT 5.1; .NET CLR 1.0.3705; .NET CLR 1.1.4322; .NET CLR 2.0.50727; .NET CLR 3.0.04506.648; .NET CLR 3.5.21022)"
151.67.141.21 - - [14/Mar/2011:18:52:52 +0100] "GET /osgeolive/4.0.1/osgeolive-4.0.1.iso HTTP/1.1" 200 775436200 "http://live.osgeo.org/download.html" "Mozilla/4.0 (compatible; MSIE 7.0; Windows NT 5.1; .NET CLR 1.0.3705; .NET CLR 1.1.4322; .NET CLR 2.0.50727; .NET CLR 3.0.04506.648; .NET CLR 3.5.21022)"
88.198.68.42 - - [14/Mar/2011:22:17:52 +0100] "GET / HTTP/1.1" 200 935 "-" "check_http/v1.4.14 (nagios-plugins 1.4.14)"
151.67.141.21 - - [14/Mar/2011:18:53:14 +0100] "GET /osgeolive/4.0.1/osgeolive-4.0.1.iso HTTP/1.1" 206 813261167 "http://live.osgeo.org/download.html" "Mozilla/4.0 (compatible; MSIE 7.0; Windows NT 5.1; .NET CLR 1.0.3705; .NET CLR 1.1.4322; .NET CLR 2.0.50727; .NET CLR 3.0.04506.648; .NET CLR 3.5.21022)"
88.198.68.42 - - [14/Mar/2011:22:22:53 +0100] "GET / HTTP/1.1" 200 935 "-" "check_http/v1.4.14 (nagios-plugins 1.4.14)"
88.198.68.42 - - [14/Mar/2011:22:27:52 +0100] "GET / HTTP/1.1" 200 935 "-" "check_http/v1.4.14 (nagios-plugins 1.4.14)"
88.198.68.42 - - [14/Mar/2011:22:32:52 +0100] "GET / HTTP/1.1" 200 935 "-" "check_http/v1.4.14 (nagios-plugins 1.4.14)"
88.198.68.42 - - [14/Mar/2011:22:37:52 +0100] "GET / HTTP/1.1" 200 935 "-" "check_http/v1.4.14 (nagios-plugins 1.4.14)"
88.198.68.42 - - [14/Mar/2011:22:42:52 +0100] "GET / HTTP/1.1" 200 935 "-" "check_http/v1.4.14 (nagios-plugins 1.4.14)"
88.198.68.42 - - [14/Mar/2011:22:47:52 +0100] "GET / HTTP/1.1" 200 935 "-" "check_http/v1.4.14 (nagios-plugins 1.4.14)"
88.198.68.42 - - [14/Mar/2011:22:52:52 +0100] "GET / HTTP/1.1" 200 935 "-" "check_http/v1.4.14 (nagios-plugins 1.4.14)"
88.198.68.42 - - [14/Mar/2011:22:57:52 +0100] "GET / HTTP/1.1" 200 935 "-" "check_http/v1.4.14 (nagios-plugins 1.4.14)"
88.198.68.42 - - [14/Mar/2011:23:02:53 +0100] "GET / HTTP/1.1" 200 935 "-" "check_http/v1.4.14 (nagios-plugins 1.4.14)"
88.198.68.42 - - [14/Mar/2011:23:07:52 +0100] "GET / HTTP/1.1" 200 935 "-" "check_http/v1.4.14 (nagios-plugins 1.4.14)"
88.198.68.42 - - [14/Mar/2011:23:12:52 +0100] "GET / HTTP/1.1" 200 935 "-" "check_http/v1.4.14 (nagios-plugins 1.4.14)"
88.198.68.42 - - [14/Mar/2011:23:17:53 +0100] "GET / HTTP/1.1" 200 935 "-" "check_http/v1.4.14 (nagios-plugins 1.4.14)"
88.198.68.42 - - [14/Mar/2011:23:22:54 +0100] "GET / HTTP/1.1" 200 935 "-" "check_http/v1.4.14 (nagios-plugins 1.4.14)"
151.67.141.21 - - [14/Mar/2011:23:25:12 +0100] "GET /osgeolive/4.0.1/osgeolive-4.0.1.iso HTTP/1.1" 206 12600 "http://live.osgeo.org/download.html" "Mozilla/4.0 (compatible; MSIE 7.0; Windows NT 5.1; .NET CLR 1.0.3705; .NET CLR 1.1.4322; .NET CLR 2.0.50727; .NET CLR 3.0.04506.648; .NET CLR 3.5.21022)"
151.67.141.21 - - [14/Mar/2011:23:25:13 +0100] "GET /osgeolive/4.0.1/osgeolive-4.0.1.iso HTTP/1.1" 206 12600 "http://live.osgeo.org/download.html" "Mozilla/4.0 (compatible; MSIE 7.0; Windows NT 5.1; .NET CLR 1.0.3705; .NET CLR 1.1.4322; .NET CLR 2.0.50727; .NET CLR 3.0.04506.648; .NET CLR 3.5.21022)"
151.67.141.21 - - [14/Mar/2011:23:25:13 +0100] "GET /osgeolive/4.0.1/osgeolive-4.0.1.iso HTTP/1.1" 206 12600 "http://live.osgeo.org/download.html" "Mozilla/4.0 (compatible; MSIE 7.0; Windows NT 5.1; .NET CLR 1.0.3705; .NET CLR 1.1.4322; .NET CLR 2.0.50727; .NET CLR 3.0.04506.648; .NET CLR 3.5.21022)"
151.67.141.21 - - [14/Mar/2011:23:25:13 +0100] "GET /osgeolive/4.0.1/osgeolive-4.0.1.iso HTTP/1.1" 206 443800 "http://live.osgeo.org/download.html" "Mozilla/4.0 (compatible; MSIE 7.0; Windows NT 5.1; .NET CLR 1.0.3705; .NET CLR 1.1.4322; .NET CLR 2.0.50727; .NET CLR 3.0.04506.648; .NET CLR 3.5.21022)"
151.67.141.21 - - [14/Mar/2011:23:25:13 +0100] "GET /osgeolive/4.0.1/osgeolive-4.0.1.iso HTTP/1.1" 206 1162000 "http://live.osgeo.org/download.html" "Mozilla/4.0 (compatible; MSIE 7.0; Windows NT 5.1; .NET CLR 1.0.3705; .NET CLR 1.1.4322; .NET CLR 2.0.50727; .NET CLR 3.0.04506.648; .NET CLR 3.5.21022)"
151.67.141.21 - - [14/Mar/2011:23:25:14 +0100] "GET /osgeolive/4.0.1/osgeolive-4.0.1.iso HTTP/1.1" 206 250600 "http://live.osgeo.org/download.html" "Mozilla/4.0 (compatible; MSIE 7.0; Windows NT 5.1; .NET CLR 1.0.3705; .NET CLR 1.1.4322; .NET CLR 2.0.50727; .NET CLR 3.0.04506.648; .NET CLR 3.5.21022)"
88.198.68.42 - - [14/Mar/2011:23:27:52 +0100] "GET / HTTP/1.1" 200 935 "-" "check_http/v1.4.14 (nagios-plugins 1.4.14)"
151.67.141.21 - - [14/Mar/2011:23:25:23 +0100] "GET /osgeolive/4.0.1/osgeolive-4.0.1.iso HTTP/1.1" 206 12600 "http://live.osgeo.org/download.html" "Mozilla/4.0 (compatible; MSIE 7.0; Windows NT 5.1; .NET CLR 1.0.3705; .NET CLR 1.1.4322; .NET CLR 2.0.50727; .NET CLR 3.0.04506.648; .NET CLR 3.5.21022)"
88.198.68.42 - - [14/Mar/2011:23:32:52 +0100] "GET / HTTP/1.1" 200 935 "-" "check_http/v1.4.14 (nagios-plugins 1.4.14)"
88.198.68.42 - - [14/Mar/2011:23:37:52 +0100] "GET / HTTP/1.1" 200 935 "-" "check_http/v1.4.14 (nagios-plugins 1.4.14)"
88.198.68.42 - - [14/Mar/2011:23:53:33 +0100] "GET / HTTP/1.1" 200 935 "-" "check_http/v1.4.14 (nagios-plugins 1.4.14)"
67.195.112.226 - - [14/Mar/2011:23:55:53 +0100] "GET /robots.txt HTTP/1.0" 404 461 "-" "Mozilla/5.0 (compatible; Yahoo! Slurp; http://help.yahoo.com/help/us/ysearch/slurp)"
66.249.66.132 - - [15/Mar/2011:00:01:09 +0100] "GET /robots.txt HTTP/1.1" 404 499 "-" "Mozilla/5.0 (compatible; Googlebot/2.1; +http://www.google.com/bot.html)"
66.249.66.132 - - [15/Mar66.249.72.71 - - [15/Mar/2011:00:15:14 +0100] "GET /osgeolive/4.0.1/osgeolive-4.0.1.iso.md5 HTTP/1.1" 200 347 "-" "DoCoMo/2.0 N905i(c100;TB;W24H16) (compatible; Googlebot-Mobile/2.1; +http://www.google.com/bot.html)"
88.198.68.42 - - [15/Mar/2011:00:17:44 +0100] "GET / HTTP/1.1" 200 935 "-" "check_http/v1.4.14 (nagios-plugins 1.4.14)"
88.198.68.42 - - [15/Mar/2011:00:22:44 +0100] "GET / HTTP/1.1" 200 935 "-" "check_http/v1.4.14 (nagios-plugins 1.4.14)"
88.198.68.42 - - [15/Mar/2011:00:27:44 +0100] "GET / HTTP/1.1" 200 935 "-" "check_http/v1.4.14 (nagios-plugins 1.4.14)"
88.198.68.42 - - [15/Mar/2011:00:32:44 +0100] "GET / HTTP/1.1" 200 935 "-" "check_http/v1.4.14 (nagios-plugins 1.4.14)"
88.198.68.42 - - [15/Mar/2011:00:37:44 +0100] "GET / HTTP/1.1" 200 935 "-" "check_http/v1.4.14 (nagios-plugins 1.4.14)"
88.198.68.42 - - [15/Mar/2011:00:42:44 +0100] "GET / HTTP/1.1" 200 935 "-" "check_http/v1.4.14 (nagios-plugins 1.4.14)"
88.198.68.42 - - [15/Mar/2011:00:47:44 +0100] "GET / HTTP/1.1" 200 935 "-" "check_http/v1.4.14 (nagios-plugins 1.4.14)"
88.198.68.42 - - [15/Mar/2011:00:52:44 +0100] "GET / HTTP/1.1" 200 935 "-" "check_http/v1.4.14 (nagios-plugins 1.4.14)"
88.198.68.42 - - [15/Mar/2011:00:57:44 +0100] "GET / HTTP/1.1" 200 935 "-" "check_http/v1.4.14 (nagios-plugins 1.4.14)"
88.198.68.42 - - [15/Mar/2011:01:02:44 +0100] "GET / HTTP/1.1" 200 935 "-" "check_http/v1.4.14 (nagios-plugins 1.4.14)"
88.198.68.42 - - [15/Mar/2011:01:07:44 +0100] "GET / HTTP/1.1" 200 935 "-" "check_http/v1.4.14 (nagios-plugins 1.4.14)"
88.198.68.42 - - [15/Mar/2011:01:12:44 +0100] "GET / HTTP/1.1" 200 935 "-" "check_http/v1.4.14 (nagios-plugins 1.4.14)"
88.198.68.42 - - [15/Mar/2011:01:17:44 +0100] "GET / HTTP/1.1" 200 935 "-" "check_http/v1.4.14 (nagios-plugins 1.4.14)"
88.198.68.42 - - [15/Mar/2011:01:22:44 +0100] "GET / HTTP/1.1" 200 935 "-" "check_http/v1.4.14 (nagios-plugins 1.4.14)"
88.198.68.42 - - [15/Mar/2011:01:27:44 +0100] "GET / HTTP/1.1" 200 935 "-" "check_http/v1.4.14 (nagios-plugins 1.4.14)"
88.198.68.42 - - [15/Mar/2011:01:32:44 +0100] "GET / HTTP/1.1" 200 935 "-" "check_http/v1.4.14 (nagios-plugins 1.4.14)"
88.198.68.42 - - [15/Mar/2011:01:37:44 +0100] "GET / HTTP/1.1" 200 935 "-" "check_http/v1.4.14 (nagios-plugins 1.4.14)"
88.198.68.42 - - [15/Mar/2011:01:42:44 +0100] "GET / HTTP/1.1" 200 935 "-" "check_http/v1.4.14 (nagios-plugins 1.4.14)"
88.198.68.42 - - [15/Mar/2011:01:47:44 +0100] "GET / HTTP/1.1" 200 935 "-" "check_http/v1.4.14 (nagios-plugins 1.4.14)"
88.198.68.42 - - [15/Mar/2011:01:52:44 +0100] "GET / HTTP/1.1" 200 935 "-" "check_http/v1.4.14 (nagios-plugins 1.4.14)"
88.198.68.42 - - [15/Mar/2011:01:57:44 +0100] "GET / HTTP/1.1" 200 935 "-" "check_http/v1.4.14 (nagios-plugins 1.4.14)"
88.198.68.42 - - [15/Mar/2011:02:02:44 +0100] "GET / HTTP/1.1" 200 935 "-" "check_http/v1.4.14 (nagios-plugins 1.4.14)"
88.198.68.42 - - [15/Mar/2011:02:07:44 +0100] "GET / HTTP/1.1" 200 935 "-" "check_http/v1.4.14 (nagios-plugins 1.4.14)"
88.198.68.42 - - [15/Mar/2011:02:12:44 +0100] "GET / HTTP/1.1" 200 935 "-" "check_http/v1.4.14 (nagios-plugins 1.4.14)"
88.198.68.42 - - [15/Mar/2011:02:17:44 +0100] "GET / HTTP/1.1" 200 935 "-" "check_http/v1.4.14 (nagios-plugins 1.4.14)"
88.198.68.42 - - [15/Mar/2011:02:22:44 +0100] "GET / HTTP/1.1" 200 935 "-" "check_http/v1.4.14 (nagios-plugins 1.4.14)"
88.198.68.42 - - [15/Mar/2011:02:27:44 +0100] "GET / HTTP/1.1" 200 935 "-" "check_http/v1.4.14 (nagios-plugins 1.4.14)"
67.195.112.226 - - [15/Mar/2011:02:23:02 +0100] "GET /osgeolive/4.0.1/osgeolive-4.0.1.iso HTTP/1.0" 200 147199336 "-" "Mozilla/5.0 (compatible; Yahoo! Slurp; http://help.yahoo.com/help/us/ysearch/slurp)"
67.195.112.226 - - [15/Mar/2011:02:24:37 +0100] "GET /osgeolive/4.0.1/osgeolive-4.0.1-mini.iso HTTP/1.0" 200 144012288 "-" "Mozilla/5.0 (compatible; Yahoo! Slurp; http://help.yahoo.com/help/us/ysearch/slurp)"
88.198.68.42 - - [15/Mar/2011:02:32:44 +0100] "GET / HTTP/1.1" 200 935 "-" "check_http/v1.4.14 (nagios-plugins 1.4.14)"
88.198.68.42 - - [15/Mar/2011:02:37:44 +0100] "GET / HTTP/1.1" 200 935 "-" "check_http/v1.4.14 (nagios-plugins 1.4.14)"
88.198.68.42 - - [15/Mar/2011:02:42:44 +0100] "GET / HTTP/1.1" 200 935 "-" "check_http/v1.4.14 (nagios-plugins 1.4.14)"
88.198.68.42 - - [15/Mar/2011:02:47:44 +0100] "GET / HTTP/1.1" 200 935 "-" "check_http/v1.4.14 (nagios-plugins 1.4.14)"
88.198.68.42 - - [15/Mar/2011:02:52:44 +0100] "GET / HTTP/1.1" 200 935 "-" "check_http/v1.4.14 (nagios-plugins 1.4.14)"
88.198.68.42 - - [15/Mar/2011:02:57:44 +0100] "GET / HTTP/1.1" 200 935 "-" "check_http/v1.4.14 (nagios-plugins 1.4.14)"
88.198.68.42 - - [15/Mar/2011:03:02:44 +0100] "GET / HTTP/1.1" 200 935 "-" "check_http/v1.4.14 (nagios-plugins 1.4.14)"
88.198.68.42 - - [15/Mar/2011:03:07:44 +0100] "GET / HTTP/1.1" 200 935 "-" "check_http/v1.4.14 (nagios-plugins 1.4.14)"
88.198.68.42 - - [15/Mar/2011:03:12:45 +0100] "GET / HTTP/1.1" 200 935 "-" "check_http/v1.4.14 (nagios-plugins 1.4.14)"
88.198.68.42 - - [15/Mar/2011:03:17:45 +0100] "GET / HTTP/1.1" 200 935 "-" "check_http/v1.4.14 (nagios-plugins 1.4.14)"
88.198.68.42 - - [15/Mar/2011:03:22:45 +0100] "GET / HTTP/1.1" 200 935 "-" "check_http/v1.4.14 (nagios-plugins 1.4.14)"
88.198.68.42 - - [15/Mar/2011:03:27:45 +0100] "GET / HTTP/1.1" 200 935 "-" "check_http/v1.4.14 (nagios-plugins 1.4.14)"
88.198.68.42 - - [15/Mar/2011:03:32:47 +0100] "GET / HTTP/1.1" 200 935 "-" "check_http/v1.4.14 (nagios-plugins 1.4.14)"
88.198.68.42 - - [15/Mar/2011:03:37:47 +0100] "GET / HTTP/1.1" 200 935 "-" "check_http/v1.4.14 (nagios-plugins 1.4.14)"
88.198.68.42 - - [15/Mar/2011:03:42:47 +0100] "GET / HTTP/1.1" 200 935 "-" "check_http/v1.4.14 (nagios-plugins 1.4.14)"
88.198.68.42 - - [15/Mar/2011:03:47:47 +0100] "GET / HTTP/1.1" 200 935 "-" "check_http/v1.4.14 (nagios-plugins 1.4.14)"
88.198.68.42 - - [15/Mar/2011:03:52:47 +0100] "GET / HTTP/1.1" 200 935 "-" "check_http/v1.4.14 (nagios-plugins 1.4.14)"
88.198.68.42 - - [15/Mar/2011:03:57:47 +0100] "GET / HTTP/1.1" 200 935 "-" "check_http/v1.4.14 (nagios-plugins 1.4.14)"
88.198.68.42 - - [15/Mar/2011:04:02:47 +0100] "GET / HTTP/1.1" 200 935 "-" "check_http/v1.4.14 (nagios-plugins 1.4.14)"
88.198.68.42 - - [15/Mar/2011:04:07:47 +0100] "GET / HTTP/1.1" 200 935 "-" "check_http/v1.4.14 (nagios-plugins 1.4.14)"
88.198.68.42 - - [15/Mar/2011:04:12:47 +0100] "GET / HTTP/1.1" 200 935 "-" "check_http/v1.4.14 (nagios-plugins 1.4.14)"
88.198.68.42 - - [15/Mar/2011:04:17:47 +0100] "GET / HTTP/1.1" 200 935 "-" "check_http/v1.4.14 (nagios-plugins 1.4.14)"
88.198.68.42 - - [15/Mar/2011:04:22:47 +0100] "GET / HTTP/1.1" 200 935 "-" "check_http/v1.4.14 (nagios-plugins 1.4.14)"
88.198.68.42 - - [15/Mar/2011:04:27:47 +0100] "GET / HTTP/1.1" 200 935 "-" "check_http/v1.4.14 (nagios-plugins 1.4.14)"
88.198.68.42 - - [15/Mar/2011:04:32:47 +0100] "GET / HTTP/1.1" 200 935 "-" "check_http/v1.4.14 (nagios-plugins 1.4.14)"
88.198.68.42 - - [15/Mar/2011:04:37:47 +0100] "GET / HTTP/1.1" 200 935 "-" "check_http/v1.4.14 (nagios-plugins 1.4.14)"
88.198.68.42 - - [15/Mar/2011:04:42:47 +0100] "GET / HTTP/1.1" 200 935 "-" "check_http/v1.4.14 (nagios-plugins 1.4.14)"
88.198.68.42 - - [15/Mar/2011:04:47:47 +0100] "GET / HTTP/1.1" 200 935 "-" "check_http/v1.4.14 (nagios-plugins 1.4.14)"
88.198.68.42 - - [15/Mar/2011:04:52:47 +0100] "GET / HTTP/1.1" 200 935 "-" "check_http/v1.4.14 (nagios-plugins 1.4.14)"
88.198.68.42 - - [15/Mar/2011:04:57:47 +0100] "GET / HTTP/1.1" 200 935 "-" "check_http/v1.4.14 (nagios-plugins 1.4.14)"
88.198.68.42 - - [15/Mar/2011:05:02:47 +0100] "GET / HTTP/1.1" 200 935 "-" "check_http/v1.4.14 (nagios-plugins 1.4.14)"
88.198.68.42 - - [15/Mar/2011:05:07:47 +0100] "GET / HTTP/1.1" 200 935 "-" "check_http/v1.4.14 (nagios-plugins 1.4.14)"
88.198.68.42 - - [15/Mar/2011:05:12:47 +0100] "GET / HTTP/1.1" 200 935 "-" "check_http/v1.4.14 (nagios-plugins 1.4.14)"
88.198.68.42 - - [15/Mar/2011:05:17:47 +0100] "GET / HTTP/1.1" 200 935 "-" "check_http/v1.4.14 (nagios-plugins 1.4.14)"
88.198.68.42 - - [15/Mar/2011:05:22:47 +0100] "GET / HTTP/1.1" 200 935 "-" "check_http/v1.4.14 (nagios-plugins 1.4.14)"
88.198.68.42 - - [15/Mar/2011:05:27:47 +0100] "GET / HTTP/1.1" 200 935 "-" "check_http/v1.4.14 (nagios-plugins 1.4.14)"
88.198.68.42 - - [15/Mar/2011:05:32:47 +0100] "GET / HTTP/1.1" 200 935 "-" "check_http/v1.4.14 (nagios-plugins 1.4.14)"
88.198.68.42 - - [15/Mar/2011:05:37:47 +0100] "GET / HTTP/1.1" 200 935 "-" "check_http/v1.4.14 (nagios-plugins 1.4.14)"
88.198.68.42 - - [15/Mar/2011:05:42:47 +0100] "GET / HTTP/1.1" 200 935 "-" "check_http/v1.4.14 (nagios-plugins 1.4.14)"
88.198.68.42 - - [15/Mar/2011:05:47:47 +0100] "GET / HTTP/1.1" 200 935 "-" "check_http/v1.4.14 (nagios-plugins 1.4.14)"
88.198.68.42 - - [15/Mar/2011:05:52:47 +0100] "GET / HTTP/1.1" 200 935 "-" "check_http/v1.4.14 (nagios-plugins 1.4.14)"
88.198.68.42 - - [15/Mar/2011:05:57:47 +0100] "GET / HTTP/1.1" 200 935 "-" "check_http/v1.4.14 (nagios-plugins 1.4.14)"
88.198.68.42 - - [15/Mar/2011:06:02:47 +0100] "GET / HTTP/1.1" 200 935 "-" "check_http/v1.4.14 (nagios-plugins 1.4.14)"
88.198.68.42 - - [15/Mar/2011:06:07:47 +0100] "GET / HTTP/1.1" 200 935 "-" "check_http/v1.4.14 (nagios-plugins 1.4.14)"
188.27.98.61 - - [15/Mar/2011:06:11:56 +0100] "GET /osgeolive/4.0.1/ HTTP/1.1" 200 769 "http://download.osgeo.org/livedvd/" "Mozilla/5.0 (Windows; U; Windows NT 5.1; en-US) AppleWebKit/534.16 (KHTML, like Gecko) Chrome/10.0.648.133 Safari/534.16"
188.27.98.61 - - [15/Mar/2011:06:11:57 +0100] "GET /icons/blank.gif HTTP/1.1" 200 424 "http://mirror.wikisquare.de/osgeolive/4.0.1/" "Mozilla/5.0 (Windows; U; Windows NT 5.1; en-US) AppleWebKit/534.16 (KHTML, like Gecko) Chrome/10.0.648.133 Safari/534.16"
188.27.98.61 - - [15/Mar/2011:06:11:57 +0100] "GET /icons/unknown.gif HTTP/1.1" 200 522 "http://mirror.wikisquare.de/osgeolive/4.0.1/" "Mozilla/5.0 (Windows; U; Windows NT 5.1; en-US) AppleWebKit/534.16 (KHTML, like Gecko) Chrome/10.0.648.133 Safari/534.16"
188.27.98.61 - - [15/Mar/2011:06:11:57 +0100] "GET /icons/back.gif HTTP/1.1" 200 493 "http://mirror.wikisquare.de/osgeolive/4.0.1/" "Mozilla/5.0 (Windows; U; Windows NT 5.1; en-US) AppleWebKit/534.16 (KHTML, like Gecko) Chrome/10.0.648.133 Safari/534.16"
188.27.98.61 - - [15/Mar/2011:06:11:57 +0100] "GET /favicon.ico HTTP/1.1" 404 499 "-" "Mozilla/5.0 (Windows; U; Windows NT 5.1; en-US) AppleWebKit/534.16 (KHTML, like Gecko) Chrome/10.0.648.133 Safari/534.16"
188.27.98.61 - - [15/Mar/2011:06:12:04 +0100] "GET /osgeolive/4.0.1/osgeolive-4.0.1.iso HTTP/1.1" 200 16675595 "http://mirror.wikisquare.de/osgeolive/4.0.1/" "Mozilla/5.0 (Windows; U; Windows NT 5.1; en-US) AppleWebKit/534.16 (KHTML, like Gecko) Chrome/10.0.648.133 Safari/534.16"
88.198.68.42 - - [15/Mar/2011:06:12:47 +0100] "GET / HTTP/1.1" 200 935 "-" "check_http/v1.4.14 (nagios-plugins 1.4.14)"
188.27.98.61 - - [15/Mar/2011:06:14:31 +0100] "GET /osgeolive/4.0.1/ HTTP/1.1" 200 769 "http://download.osgeo.org/livedvd/" "Mozilla/5.0 (Windows; U; Windows NT 5.1; en-US; rv:1.9.2.15) Gecko/20110303 Firefox/3.6.15 ( .NET CLR 3.5.30729)"
188.27.98.61 - - [15/Mar/2011:06:14:31 +0100] "GET /icons/blank.gif HTTP/1.1" 200 424 "http://mirror.wikisquare.de/osgeolive/4.0.1/" "Mozilla/5.0 (Windows; U; Windows NT 5.1; en-US; rv:1.9.2.15) Gecko/20110303 Firefox/3.6.15 ( .NET CLR 3.5.30729)"
188.27.98.61 - - [15/Mar/2011:06:14:31 +0100] "GET /icons/back.gif HTTP/1.1" 200 493 "http://mirror.wikisquare.de/osgeolive/4.0.1/" "Mozilla/5.0 (Windows; U; Windows NT 5.1; en-US; rv:1.9.2.15) Gecko/20110303 Firefox/3.6.15 ( .NET CLR 3.5.30729)"
188.27.98.61 - - [15/Mar/2011:06:14:31 +0100] "GET /icons/unknown.gif HTTP/1.1" 200 522 "http://mirror.wikisquare.de/osgeolive/4.0.1/" "Mozilla/5.0 (Windows; U; Windows NT 5.1; en-US; rv:1.9.2.15) Gecko/20110303 Firefox/3.6.15 ( .NET CLR 3.5.30729)"
188.27.98.61 - - [15/Mar/2011:06:14:31 +0100] "GET /favicon.ico HTTP/1.1" 404 499 "-" "Mozilla/5.0 (Windows; U; Windows NT 5.1; en-US; rv:1.9.2.15) Gecko/20110303 Firefox/3.6.15 ( .NET CLR 3.5.30729)"
188.27.98.61 - - [15/Mar/2011:06:14:34 +0100] "GET /favicon.ico HTTP/1.1" 404 499 "-" "Mozilla/5.0 (Windows; U; Windows NT 5.1; en-US; rv:1.9.2.15) Gecko/20110303 Firefox/3.6.15 ( .NET CLR 3.5.30729)"
188.27.98.61 - - [15/Mar/2011:06:15:23 +0100] "GET /osgeolive/ HTTP/1.1" 200 808 "http://mirror.wikisquare.de/osgeolive/4.0.1/" "Mozilla/5.0 (Windows; U; Windows NT 5.1; en-US; rv:1.9.2.15) Gecko/20110303 Firefox/3.6.15 ( .NET CLR 3.5.30729)"
188.27.98.61 - - [15/Mar/2011:06:15:24 +0100] "GET /icons/folder.gif HTTP/1.1" 200 501 "http://mirror.wikisquare.de/osgeolive/" "Mozilla/5.0 (Windows; U; Windows NT 5.1; en-US; rv:1.9.2.15) Gecko/20110303 Firefox/3.6.15 ( .NET CLR 3.5.30729)"
188.27.98.61 - - [15/Mar/2011:06:15:26 +0100] "GET /osgeolive/4.0.1/ HTTP/1.1" 200 768 "http://mirror.wikisquare.de/osgeolive/" "Mozilla/5.0 (Windows; U; Windows NT 5.1; en-US; rv:1.9.2.15) Gecko/20110303 Firefox/3.6.15 ( .NET CLR 3.5.30729)"
188.27.98.61 - - [15/Mar/2011:06:15:28 +0100] "GET /osgeolive/ HTTP/1.1" 200 807 "http://mirror.wikisquare.de/osgeolive/4.0.1/" "Mozilla/5.0 (Windows; U; Windows NT 5.1; en-US; rv:1.9.2.15) Gecko/20110303 Firefox/3.6.15 ( .NET CLR 3.5.30729)"
188.27.98.61 - - [15/Mar/2011:06:15:29 +0100] "GET / HTTP/1.1" 200 656 "http://mirror.wikisquare.de/osgeolive/" "Mozilla/5.0 (Windows; U; Windows NT 5.1; en-US; rv:1.9.2.15) Gecko/20110303 Firefox/3.6.15 ( .NET CLR 3.5.30729)"
188.27.98.61 - - [15/Mar/2011:06:15:30 +0100] "GET /osgeolive/ HTTP/1.1" 200 807 "http://mirror.wikisquare.de/" "Mozilla/5.0 (Windows; U; Windows NT 5.1; en-US; rv:1.9.2.15) Gecko/20110303 Firefox/3.6.15 ( .NET CLR 3.5.30729)"
188.27.98.61 - - [15/Mar/2011:06:15:31 +0100] "GET / HTTP/1.1" 200 656 "http://mirror.wikisquare.de/osgeolive/" "Mozilla/5.0 (Windows; U; Windows NT 5.1; en-US; rv:1.9.2.15) Gecko/20110303 Firefox/3.6.15 ( .NET CLR 3.5.30729)"
188.27.98.61 - - [15/Mar/2011:06:15:32 +0100] "GET /osgeolive/ HTTP/1.1" 200 807 "http://mirror.wikisquare.de/" "Mozilla/5.0 (Windows; U; Windows NT 5.1; en-US; rv:1.9.2.15) Gecko/20110303 Firefox/3.6.15 ( .NET CLR 3.5.30729)"
188.27.98.61 - - [15/Mar/2011:06:15:44 +0100] "GET /osgeolive/index.html%3fC=S%3bO=D HTTP/1.1" 403 516 "http://mirror.wikisquare.de/osgeolive/" "Mozilla/5.0 (Windows; U; Windows NT 5.1; en-US; rv:1.9.2.15) Gecko/20110303 Firefox/3.6.15 ( .NET CLR 3.5.30729)"
188.27.98.61 - - [15/Mar/2011:06:15:50 +0100] "GET /osgeolive/4.0.1/ HTTP/1.1" 200 768 "http://mirror.wikisquare.de/osgeolive/" "Mozilla/5.0 (Windows; U; Windows NT 5.1; en-US; rv:1.9.2.15) Gecko/20110303 Firefox/3.6.15 ( .NET CLR 3.5.30729)"
188.27.98.61 - - [15/Mar/2011:06:14:48 +0100] "GET /osgeolive/4.0.1/osgeolive-4.0.1.iso HTTP/1.1" 200 119641083 "http://mirror.wikisquare.de/osgeolive/4.0.1/" "Mozilla/5.0 (Windows; U; Windows NT 5.1; en-US; rv:1.9.2.15) Gecko/20110303 Firefox/3.6.15 ( .NET CLR 3.5.30729)"
88.198.68.42 - - [15/Mar/2011:06:17:47 +0100] "GET / HTTP/1.1" 200 935 "-" "check_http/v1.4.14 (nagios-plugins 1.4.14)"
188.27.98.61 - - [15/Mar/2011:06:18:06 +0100] "GET /osgeolive/4.0.1/osgeolive-4.0.1.iso HTTP/1.1" 206 390528151 "http://mirror.wikisquare.de/osgeolive/4.0.1/" "Mozilla/5.0 (Windows; U; Windows NT 5.1; en-US; rv:1.9.2.15) Gecko/20110303 Firefox/3.6.15 ( .NET CLR 3.5.30729)"
88.198.68.42 - - [15/Mar/2011:06:22:47 +0100] "GET / HTTP/1.1" 200 935 "-" "check_http/v1.4.14 (nagios-plugins 1.4.14)"
88.198.68.42 - - [15/Mar/2011:06:27:47 +0100] "GET / HTTP/1.1" 200 935 "-" "check_http/v1.4.14 (nagios-plugins 1.4.14)"
88.198.68.42 - - [15/Mar/2011:06:32:47 +0100] "GET / HTTP/1.1" 200 935 "-" "check_http/v1.4.14 (nagios-plugins 1.4.14)"
88.198.68.42 - - [15/Mar/2011:06:37:47 +0100] "GET / HTTP/1.1" 200 935 "-" "check_http/v1.4.14 (nagios-plugins 1.4.14)"
88.198.68.42 - - [15/Mar/2011:06:42:47 +0100] "GET / HTTP/1.1" 200 935 "-" "check_http/v1.4.14 (nagios-plugins 1.4.14)"
88.198.68.42 - - [15/Mar/2011:06:47:47 +0100] "GET / HTTP/1.1" 200 935 "-" "check_http/v1.4.14 (nagios-plugins 1.4.14)"
88.198.68.42 - - [15/Mar/2011:06:52:47 +0100] "GET / HTTP/1.1" 200 935 "-" "check_http/v1.4.14 (nagios-plugins 1.4.14)"
84.3.161.97 - - [15/Mar/2011:00:05:10 +0100] "GET /osgeolive/4.0.1/osgeolive-4.0.1.iso HTTP/1.1" 206 984640060 "http://live.osgeo.org/download.html" "Mozilla/5.0 (Windows; U; Windows NT 6.1; hu; rv:1.9.2.15) Gecko/20110303 Firefox/3.6.15"
88.198.68.42 - - [15/Mar/2011:06:57:47 +0100] "GET / HTTP/1.1" 200 935 "-" "check_http/v1.4.14 (nagios-plugins 1.4.14)"
88.198.68.42 - - [15/Mar/2011:07:02:47 +0100] "GET / HTTP/1.1" 200 935 "-" "check_http/v1.4.14 (nagios-plugins 1.4.14)"
188.27.98.61 - - [15/Mar/2011:06:24:15 +0100] "GET /osgeolive/4.0.1/osgeolive-4.0.1.iso HTTP/1.1" 206 4132900039 "http://mirror.wikisquare.de/osgeolive/4.0.1/" "Mozilla/5.0 (Windows; U; Windows NT 5.1; en-US; rv:1.9.2.15) Gecko/20110303 Firefox/3.6.15 ( .NET CLR 3.5.30729)"
88.198.68.42 - - [15/Mar/2011:07:07:47 +0100] "GET / HTTP/1.1" 200 935 "-" "check_http/v1.4.14 (nagios-plugins 1.4.14)"
88.198.68.42 - - [15/Mar/2011:07:12:47 +0100] "GET / HTTP/1.1" 200 935 "-" "check_http/v1.4.14 (nagios-plugins 1.4.14)"
88.198.68.42 - - [15/Mar/2011:07:17:47 +0100] "GET / HTTP/1.1" 200 935 "-" "check_http/v1.4.14 (nagios-plugins 1.4.14)"
88.198.68.42 - - [15/Mar/2011:07:22:47 +0100] "GET / HTTP/1.1" 200 935 "-" "check_http/v1.4.14 (nagios-plugins 1.4.14)"
88.198.68.42 - - [15/Mar/2011:07:27:47 +0100] "GET / HTTP/1.1" 200 935 "-" "check_http/v1.4.14 (nagios-plugins 1.4.14)"
88.198.68.42 - - [15/Mar/2011:07:32:47 +0100] "GET / HTTP/1.1" 200 935 "-" "check_http/v1.4.14 (nagios-plugins 1.4.14)"
88.198.68.42 - - [15/Mar/2011:07:37:47 +0100] "GET / HTTP/1.1" 200 935 "-" "check_http/v1.4.14 (nagios-plugins 1.4.14)"
88.198.68.42 - - [15/Mar/2011:07:42:47 +0100] "GET / HTTP/1.1" 200 935 "-" "check_http/v1.4.14 (nagios-plugins 1.4.14)"
88.198.68.42 - - [15/Mar/2011:07:47:47 +0100] "GET / HTTP/1.1" 200 935 "-" "check_http/v1.4.14 (nagios-plugins 1.4.14)"
88.198.68.42 - - [15/Mar/2011:07:52:47 +0100] "GET / HTTP/1.1" 200 935 "-" "check_http/v1.4.14 (nagios-plugins 1.4.14)"
