88.198.68.42 - - [11/Mar/2011:04:12:41 +0100] "GET / HTTP/1.1" 200 935 "-" "check_http/v1.4.14 (nagios-plugins 1.4.14)"
88.198.68.42 - - [11/Mar/2011:04:17:41 +0100] "GET / HTTP/1.1" 200 935 "-" "check_http/v1.4.14 (nagios-plugins 1.4.14)"
88.198.68.42 - - [11/Mar/2011:04:22:41 +0100] "GET / HTTP/1.1" 200 935 "-" "check_http/v1.4.14 (nagios-plugins 1.4.14)"
88.198.68.42 - - [11/Mar/2011:04:27:41 +0100] "GET / HTTP/1.1" 200 935 "-" "check_http/v1.4.14 (nagios-plugins 1.4.14)"
88.198.68.42 - - [11/Mar/2011:04:32:41 +0100] "GET / HTTP/1.1" 200 935 "-" "check_http/v1.4.14 (nagios-plugins 1.4.14)"
88.198.68.42 - - [11/Mar/2011:04:37:41 +0100] "GET / HTTP/1.1" 200 935 "-" "check_http/v1.4.14 (nagios-plugins 1.4.14)"
88.198.68.42 - - [11/Mar/2011:04:42:41 +0100] "GET / HTTP/1.1" 200 935 "-" "check_http/v1.4.14 (nagios-plugins 1.4.14)"
88.198.68.42 - - [11/Mar/2011:04:47:41 +0100] "GET / HTTP/1.1" 200 935 "-" "check_http/v1.4.14 (nagios-plugins 1.4.14)"
88.198.68.42 - - [11/Mar/2011:04:52:41 +0100] "GET / HTTP/1.1" 200 935 "-" "check_http/v1.4.14 (nagios-plugins 1.4.14)"
88.198.68.42 - - [11/Mar/2011:04:57:41 +0100] "GET / HTTP/1.1" 200 935 "-" "check_http/v1.4.14 (nagios-plugins 1.4.14)"
88.198.68.42 - - [11/Mar/2011:05:02:41 +0100] "GET / HTTP/1.1" 200 935 "-" "check_http/v1.4.14 (nagios-plugins 1.4.14)"
88.198.68.42 - - [11/Mar/2011:05:07:41 +0100] "GET / HTTP/1.1" 200 935 "-" "check_http/v1.4.14 (nagios-plugins 1.4.14)"
88.198.68.42 - - [11/Mar/2011:05:12:41 +0100] "GET / HTTP/1.1" 200 935 "-" "check_http/v1.4.14 (nagios-plugins 1.4.14)"
88.198.68.42 - - [11/Mar/2011:05:17:41 +0100] "GET / HTTP/1.1" 200 935 "-" "check_http/v1.4.14 (nagios-plugins 1.4.14)"
88.198.68.42 - - [11/Mar/2011:05:22:41 +0100] "GET / HTTP/1.1" 200 935 "-" "check_http/v1.4.14 (nagios-plugins 1.4.14)"
88.198.68.42 - - [11/Mar/2011:05:27:41 +0100] "GET / HTTP/1.1" 200 935 "-" "check_http/v1.4.14 (nagios-plugins 1.4.14)"
88.198.68.42 - - [11/Mar/2011:05:32:41 +0100] "GET / HTTP/1.1" 200 935 "-" "check_http/v1.4.14 (nagios-plugins 1.4.14)"
88.198.68.42 - - [11/Mar/2011:05:37:41 +0100] "GET / HTTP/1.1" 200 935 "-" "check_http/v1.4.14 (nagios-plugins 1.4.14)"
88.198.68.42 - - [11/Mar/2011:05:42:41 +0100] "GET / HTTP/1.1" 200 935 "-" "check_http/v1.4.14 (nagios-plugins 1.4.14)"
88.198.68.42 - - [11/Mar/2011:05:47:41 +0100] "GET / HTTP/1.1" 200 935 "-" "check_http/v1.4.14 (nagios-plugins 1.4.14)"
88.198.68.42 - - [11/Mar/2011:05:52:41 +0100] "GET / HTTP/1.1" 200 935 "-" "check_http/v1.4.14 (nagios-plugins 1.4.14)"
88.198.68.42 - - [11/Mar/2011:05:57:41 +0100] "GET / HTTP/1.1" 200 935 "-" "check_http/v1.4.14 (nagios-plugins 1.4.14)"
88.198.68.42 - - [11/Mar/2011:06:02:41 +0100] "GET / HTTP/1.1" 200 935 "-" "check_http/v1.4.14 (nagios-plugins 1.4.14)"
88.198.68.42 - - [11/Mar/2011:06:07:41 +0100] "GET / HTTP/1.1" 200 935 "-" "check_http/v1.4.14 (nagios-plugins 1.4.14)"
88.198.68.42 - - [11/Mar/2011:06:12:41 +0100] "GET / HTTP/1.1" 200 935 "-" "check_http/v1.4.14 (nagios-plugins 1.4.14)"
88.198.68.42 - - [11/Mar/2011:06:17:41 +0100] "GET / HTTP/1.1" 200 935 "-" "check_http/v1.4.14 (nagios-plugins 1.4.14)"
88.198.68.42 - - [11/Mar/2011:06:22:41 +0100] "GET / HTTP/1.1" 200 935 "-" "check_http/v1.4.14 (nagios-plugins 1.4.14)"
88.198.68.42 - - [11/Mar/2011:06:27:41 +0100] "GET / HTTP/1.1" 200 935 "-" "check_http/v1.4.14 (nagios-plugins 1.4.14)"
88.198.68.42 - - [11/Mar/2011:06:32:41 +0100] "GET / HTTP/1.1" 200 935 "-" "check_http/v1.4.14 (nagios-plugins 1.4.14)"
88.198.68.42 - - [11/Mar/2011:06:37:41 +0100] "GET / HTTP/1.1" 200 935 "-" "check_http/v1.4.14 (nagios-plugins 1.4.14)"
88.198.68.42 - - [11/Mar/2011:06:42:41 +0100] "GET / HTTP/1.1" 200 935 "-" "check_http/v1.4.14 (nagios-plugins 1.4.14)"
88.198.68.42 - - [11/Mar/2011:06:47:41 +0100] "GET / HTTP/1.1" 200 935 "-" "check_http/v1.4.14 (nagios-plugins 1.4.14)"
88.198.68.42 - - [11/Mar/2011:06:52:41 +0100] "GET / HTTP/1.1" 200 935 "-" "check_http/v1.4.14 (nagios-plugins 1.4.14)"
88.198.68.42 - - [11/Mar/2011:06:57:41 +0100] "GET / HTTP/1.1" 200 935 "-" "check_http/v1.4.14 (nagios-plugins 1.4.14)"
88.198.68.42 - - [11/Mar/2011:07:02:41 +0100] "GET / HTTP/1.1" 200 935 "-" "check_http/v1.4.14 (nagios-plugins 1.4.14)"
88.198.68.42 - - [11/Mar/2011:07:07:41 +0100] "GET / HTTP/1.1" 200 935 "-" "check_http/v1.4.14 (nagios-plugins 1.4.14)"
88.198.68.42 - - [11/Mar/2011:07:12:41 +0100] "GET / HTTP/1.1" 200 935 "-" "check_http/v1.4.14 (nagios-plugins 1.4.14)"
88.198.68.42 - - [11/Mar/2011:07:17:41 +0100] "GET / HTTP/1.1" 200 935 "-" "check_http/v1.4.14 (nagios-plugins 1.4.14)"
88.198.68.42 - - [11/Mar/2011:07:22:41 +0100] "GET / HTTP/1.1" 200 935 "-" "check_http/v1.4.14 (nagios-plugins 1.4.14)"
88.198.68.42 - - [11/Mar/2011:07:27:41 +0100] "GET / HTTP/1.1" 200 935 "-" "check_http/v1.4.14 (nagios-plugins 1.4.14)"
88.198.68.42 - - [11/Mar/2011:07:32:41 +0100] "GET / HTTP/1.1" 200 935 "-" "check_http/v1.4.14 (nagios-plugins 1.4.14)"
88.198.68.42 - - [11/Mar/2011:07:37:41 +0100] "GET / HTTP/1.1" 200 935 "-" "check_http/v1.4.14 (nagios-plugins 1.4.14)"
88.198.68.42 - - [11/Mar/2011:07:42:41 +0100] "GET / HTTP/1.1" 200 935 "-" "check_http/v1.4.14 (nagios-plugins 1.4.14)"
88.198.68.42 - - [11/Mar/2011:07:47:41 +0100] "GET / HTTP/1.1" 200 935 "-" "check_http/v1.4.14 (nagios-plugins 1.4.14)"
88.198.68.42 - - [11/Mar/2011:07:52:41 +0100] "GET / HTTP/1.1" 200 935 "-" "check_http/v1.4.14 (nagios-plugins 1.4.14)"
88.198.68.42 - - [11/Mar/2011:07:57:41 +0100] "GET / HTTP/1.1" 200 935 "-" "check_http/v1.4.14 (nagios-plugins 1.4.14)"
88.198.68.42 - - [11/Mar/2011:08:02:41 +0100] "GET / HTTP/1.1" 200 935 "-" "check_http/v1.4.14 (nagios-plugins 1.4.14)"
88.198.68.42 - - [11/Mar/2011:08:07:41 +0100] "GET / HTTP/1.1" 200 935 "-" "check_http/v1.4.14 (nagios-plugins 1.4.14)"
88.198.68.42 - - [11/Mar/2011:08:12:41 +0100] "GET / HTTP/1.1" 200 935 "-" "check_http/v1.4.14 (nagios-plugins 1.4.14)"
88.198.68.42 - - [11/Mar/2011:08:17:41 +0100] "GET / HTTP/1.1" 200 935 "-" "check_http/v1.4.14 (nagios-plugins 1.4.14)"
88.198.68.42 - - [11/Mar/2011:08:22:41 +0100] "GET / HTTP/1.1" 200 935 "-" "check_http/v1.4.14 (nagios-plugins 1.4.14)"
88.198.68.42 - - [11/Mar/2011:08:27:41 +0100] "GET / HTTP/1.1" 200 935 "-" "check_http/v1.4.14 (nagios-plugins 1.4.14)"
88.198.68.42 - - [11/Mar/2011:08:32:41 +0100] "GET / HTTP/1.1" 200 935 "-" "check_http/v1.4.14 (nagios-plugins 1.4.14)"
88.198.68.42 - - [11/Mar/2011:08:37:41 +0100] "GET / HTTP/1.1" 200 935 "-" "check_http/v1.4.14 (nagios-plugins 1.4.14)"
188.40.124.153 - - [11/Mar/2011:08:39:41 +0100] "GET /osgeolive/4.0.1/ HTTP/1.1" 206 1907 "-" "cmsworldmap.com"
88.198.68.42 - - [11/Mar/2011:08:42:41 +0100] "GET / HTTP/1.1" 200 935 "-" "check_http/v1.4.14 (nagios-plugins 1.4.14)"
88.198.68.42 - - [11/Mar/2011:08:47:41 +0100] "GET / HTTP/1.1" 200 935 "-" "check_http/v1.4.14 (nagios-plugins 1.4.14)"
88.198.68.42 - - [11/Mar/2011:08:52:41 +0100] "GET / HTTP/1.1" 200 935 "-" "check_http/v1.4.14 (nagios-plugins 1.4.14)"
66.249.71.97 - - [11/Mar/2011:08:57:02 +0100] "GET /robots.txt HTTP/1.1" 404 499 "-" "DoCoMo/2.0 N905i(c100;TB;W24H16) (compatible; Googlebot-Mobile/2.1; +http://www.google.com/bot.html)"
66.249.71.97 - - [11/Mar/2011:08:57:02 +0100] "GET /osgeolive/4.0.1/osgeolive-4.0.1-mini.iso.md5 HTTP/1.1" 200 351 "-" "DoCoMo/2.0 N905i(c100;TB;W24H16) (compatible; Googlebot-Mobile/2.1; +http://www.google.com/bot.html)"
88.198.68.42 - - [11/Mar/2011:08:57:41 +0100] "GET / HTTP/1.1" 200 935 "-" "check_http/v1.4.14 (nagios-plugins 1.4.14)"
88.198.68.42 - - [11/Mar/2011:09:02:41 +0100] "GET / HTTP/1.1" 200 935 "-" "check_http/v1.4.14 (nagios-plugins 1.4.14)"
88.198.68.42 - - [11/Mar/2011:09:07:41 +0100] "GET / HTTP/1.1" 200 935 "-" "check_http/v1.4.14 (nagios-plugins 1.4.14)"
88.198.68.42 - - [11/Mar/2011:09:12:41 +0100] "GET / HTTP/1.1" 200 935 "-" "check_http/v1.4.14 (nagios-plugins 1.4.14)"
88.198.68.42 - - [11/Mar/2011:09:17:41 +0100] "GET / HTTP/1.1" 200 935 "-" "check_http/v1.4.14 (nagios-plugins 1.4.14)"
88.198.68.42 - - [11/Mar/2011:09:22:41 +0100] "GET / HTTP/1.1" 200 935 "-" "check_http/v1.4.14 (nagios-plugins 1.4.14)"
88.198.68.42 - - [11/Mar/2011:09:27:41 +0100] "GET / HTTP/1.1" 200 935 "-" "check_http/v1.4.14 (nagios-plugins 1.4.14)"
88.198.68.42 - - [11/Mar/2011:09:32:41 +0100] "GET / HTTP/1.1" 200 935 "-" "check_http/v1.4.14 (nagios-plugins 1.4.14)"
114.51.56.137 - - [11/Mar/2011:08:18:43 +0100] "GET /osgeolive/4.0.1/osgeolive-4.0.1.iso HTTP/1.1" 200 597851020 "http://live.osgeo.org/download.html" "Mozilla/5.0 (Windows; U; Windows NT 5.1; ja; rv:1.9.2.15) Gecko/20110303 Firefox/3.6.15 GTB7.1 (.NET CLR 3.5.30729)"
88.198.68.42 - - [11/Mar/2011:09:37:46 +0100] "GET / HTTP/1.1" 200 935 "-" "check_http/v1.4.14 (nagios-plugins 1.4.14)"
88.198.68.42 - - [11/Mar/2011:09:45:46 +0100] "GET / HTTP/1.1" 200 935 "-" "check_http/v1.4.14 (nagios-plugins 1.4.14)"
88.198.68.42 - - [11/Mar/2011:09:50:49 +0100] "GET / HTTP/1.1" 200 935 "-" "check_http/v1.4.14 (nagios-plugins 1.4.14)"
88.198.68.42 - - [11/Mar/2011:09:57:46 +0100] "GET / HTTP/1.1" 200 935 "-" "check_http/v1.4.14 (nagios-plugins 1.4.14)"
67.195.112.226 - - [11/Mar/2011:09:53:08 +0100] "GET /osgeolive/4.0.1/osgeolive-4.0.1.iso HTTP/1.0" 200 121488830 "-" "Mozilla/5.0 (compatible; Yahoo! Slurp; http://help.yahoo.com/help/us/ysearch/slurp)"
88.198.68.42 - - [11/Mar/2011:10:02:46 +0100] "GET / HTTP/1.1" 200 935 "-" "check_http/v1.4.14 (nagios-plugins 1.4.14)"
88.198.68.42 - - [11/Mar/2011:10:07:41 +0100] "GET / HTTP/1.1" 200 935 "-" "check_http/v1.4.14 (nagios-plugins 1.4.14)"
66.249.66.132 - - [11/Mar/2011:10:10:24 +0100] "GET /icons/folder.gif HTTP/1.1" 304 173 "-" "Googlebot-Image/1.0"
88.198.68.42 - - [11/Mar/2011:10:12:41 +0100] "GET / HTTP/1.1" 200 935 "-" "check_http/v1.4.14 (nagios-plugins 1.4.14)"
195.243.160.4 - - [11/Mar/2011:10:13:51 +0100] "GET /osgeolive/4.0.1/osgeolive-4.0.1.iso HTTP/1.1" 200 4335312 "http://live.osgeo.org/download.html" "Mozilla/5.0 (Windows; U; Windows NT 5.1; de; rv:1.9.2.15) Gecko/20110303 Firefox/3.6.15 GTB7.1 (.NET CLR 3.5.30729)"
195.243.160.4 - - [11/Mar/2011:10:13:59 +0100] "GET /osgeolive/4.0.1/osgeolive-4.0.1.iso HTTP/1.1" 200 97016 "http://live.osgeo.org/download.html" "Mozilla/5.0 (Windows; U; Windows NT 5.1; de; rv:1.9.2.15) Gecko/20110303 Firefox/3.6.15 GTB7.1 (.NET CLR 3.5.30729)"
195.243.160.4 - - [11/Mar/2011:10:13:59 +0100] "GET /osgeolive/4.0.1/osgeolive-4.0.1.iso HTTP/1.1" 200 102808 "http://live.osgeo.org/download.html" "Mozilla/5.0 (Windows; U; Windows NT 5.1; de; rv:1.9.2.15) Gecko/20110303 Firefox/3.6.15 GTB7.1 (.NET CLR 3.5.30729)"
195.243.160.4 - - [11/Mar/2011:10:13:59 +0100] "GET /osgeolive/4.0.1/osgeolive-4.0.1.iso HTTP/1.1" 200 102808 "http://live.osgeo.org/download.html" "Mozilla/5.0 (Windows; U; Windows NT 5.1; de; rv:1.9.2.15) Gecko/20110303 Firefox/3.6.15 GTB7.1 (.NET CLR 3.5.30729)"
88.198.68.42 - - [11/Mar/2011:10:17:41 +0100] "GET / HTTP/1.1" 200 935 "-" "check_http/v1.4.14 (nagios-plugins 1.4.14)"
213.186.122.3 - - [11/Mar/2011:10:21:40 +0100] "GET /robots.txt HTTP/1.1" 404 442 "-" "Mozilla/5.0 (compatible; SiteBot/0.1; +http://www.sitebot.org/robot/)"
213.186.122.3 - - [11/Mar/2011:10:21:42 +0100] "GET /osgeolive/4.0.1/ HTTP/1.1" 200 712 "-" "Mozilla/5.0 (compatible; SiteBot/0.1; +http://www.sitebot.org/robot/)"
88.198.68.42 - - [11/Mar/2011:10:22:41 +0100] "GET / HTTP/1.1" 200 935 "-" "check_http/v1.4.14 (nagios-plugins 1.4.14)"
88.198.68.42 - - [11/Mar/2011:10:27:41 +0100] "GET / HTTP/1.1" 200 935 "-" "check_http/v1.4.14 (nagios-plugins 1.4.14)"
88.198.68.42 - - [11/Mar/2011:10:32:41 +0100] "GET / HTTP/1.1" 200 935 "-" "check_http/v1.4.14 (nagios-plugins 1.4.14)"
88.198.68.42 - - [11/Mar/2011:10:37:41 +0100] "GET / HTTP/1.1" 200 935 "-" "check_http/v1.4.14 (nagios-plugins 1.4.14)"
195.243.160.4 - - [11/Mar/2011:10:41:02 +0100] "GET /osgeolive/4.0.1/ HTTP/1.1" 200 1898 "http://download.osgeo.org/livedvd/" "Mozilla/5.0 (Windows; U; Windows NT 5.1; de; rv:1.9.2.15) Gecko/20110303 Firefox/3.6.15 GTB7.1 (.NET CLR 3.5.30729)"
195.243.160.4 - - [11/Mar/2011:10:41:03 +0100] "GET /icons/back.gif HTTP/1.1" 200 493 "http://mirror.wikisquare.de/osgeolive/4.0.1/" "Mozilla/5.0 (Windows; U; Windows NT 5.1; de; rv:1.9.2.15) Gecko/20110303 Firefox/3.6.15 GTB7.1 (.NET CLR 3.5.30729)"
195.243.160.4 - - [11/Mar/2011:10:41:03 +0100] "GET /icons/blank.gif HTTP/1.1" 200 425 "http://mirror.wikisquare.de/osgeolive/4.0.1/" "Mozilla/5.0 (Windows; U; Windows NT 5.1; de; rv:1.9.2.15) Gecko/20110303 Firefox/3.6.15 GTB7.1 (.NET CLR 3.5.30729)"
195.243.160.4 - - [11/Mar/2011:10:41:03 +0100] "GET /icons/unknown.gif HTTP/1.1" 200 522 "http://mirror.wikisquare.de/osgeolive/4.0.1/" "Mozilla/5.0 (Windows; U; Windows NT 5.1; de; rv:1.9.2.15) Gecko/20110303 Firefox/3.6.15 GTB7.1 (.NET CLR 3.5.30729)"
195.243.160.4 - - [11/Mar/2011:10:41:03 +0100] "GET /favicon.ico HTTP/1.1" 404 544 "-" "Mozilla/5.0 (Windows; U; Windows NT 5.1; de; rv:1.9.2.15) Gecko/20110303 Firefox/3.6.15 GTB7.1 (.NET CLR 3.5.30729)"
195.243.160.4 - - [11/Mar/2011:10:41:04 +0100] "GET /favicon.ico HTTP/1.1" 404 543 "-" "Mozilla/5.0 (Windows; U; Windows NT 5.1; de; rv:1.9.2.15) Gecko/20110303 Firefox/3.6.15 GTB7.1 (.NET CLR 3.5.30729)"
88.198.68.42 - - [11/Mar/2011:10:42:41 +0100] "GET / HTTP/1.1" 200 935 "-" "check_http/v1.4.14 (nagios-plugins 1.4.14)"
88.198.68.42 - - [11/Mar/2011:10:47:41 +0100] "GET / HTTP/1.1" 200 935 "-" "check_http/v1.4.14 (nagios-plugins 1.4.14)"
67.195.112.226 - - [11/Mar/2011:10:49:10 +0100] "GET /robots.txt HTTP/1.0" 404 461 "-" "Mozilla/5.0 (compatible; Yahoo! Slurp; http://help.yahoo.com/help/us/ysearch/slurp)"
67.195.112.226 - - [11/Mar/2011:10:49:11 +0100] "GET /osgeolive/?C=M;O=A HTTP/1.0" 200 776 "-" "Mozilla/5.0 (compatible; Yahoo! Slurp; http://help.yahoo.com/help/us/ysearch/slurp)"
88.198.68.42 - - [11/Mar/2011:10:52:41 +0100] "GET / HTTP/1.1" 200 935 "-" "check_http/v1.4.14 (nagios-plugins 1.4.14)"
195.243.160.4 - - [11/Mar/2011:10:13:59 +0100] "GET /osgeolive/4.0.1/osgeolive-4.0.1.iso HTTP/1.1" 200 1519791840 "http://live.osgeo.org/download.html" "Mozilla/5.0 (Windows; U; Windows NT 5.1; de; rv:1.9.2.15) Gecko/20110303 Firefox/3.6.15 GTB7.1 (.NET CLR 3.5.30729)"
88.198.68.42 - - [11/Mar/2011:10:57:41 +0100] "GET / HTTP/1.1" 200 935 "-" "check_http/v1.4.14 (nagios-plugins 1.4.14)"
115.249.47.9 - - [11/Mar/2011:10:58:25 +0100] "GET /osgeolive/4.0.1/osgeolive-4.0.1.iso HTTP/1.0" 200 199824 "http://live.osgeo.org/download.html" "Mozilla/4.0 (compatible; MSIE 6.0; Windows NT 5.2; WOW64; SV1; .NET CLR 2.0.50727; .NET CLR 1.1.4322)"
88.198.68.42 - - [11/Mar/2011:11:02:41 +0100] "GET / HTTP/1.1" 200 935 "-" "check_http/v1.4.14 (nagios-plugins 1.4.14)"
88.198.68.42 - - [11/Mar/2011:11:07:41 +0100] "GET / HTTP/1.1" 200 935 "-" "check_http/v1.4.14 (nagios-plugins 1.4.14)"
88.198.68.42 - - [11/Mar/2011:11:12:41 +0100] "GET / HTTP/1.1" 200 935 "-" "check_http/v1.4.14 (nagios-plugins 1.4.14)"
88.198.68.42 - - [11/Mar/2011:11:17:41 +0100] "GET / HTTP/1.1" 200 935 "-" "check_http/v1.4.14 (nagios-plugins 1.4.14)"
194.105.50.21 - - [11/Mar/2011:11:18:50 +0100] "GET /osgeolive/4.0.1/ HTTP/1.1" 200 769 "http://download.osgeo.org/livedvd/" "Mozilla/5.0 (Windows; U; Windows NT 5.1; it; rv:1.9.2.15) Gecko/20110303 Firefox/3.6.15 (.NET CLR 3.5.30729)"
194.105.50.21 - - [11/Mar/2011:11:18:50 +0100] "GET /icons/back.gif HTTP/1.1" 200 492 "http://mirror.wikisquare.de/osgeolive/4.0.1/" "Mozilla/5.0 (Windows; U; Windows NT 5.1; it; rv:1.9.2.15) Gecko/20110303 Firefox/3.6.15 (.NET CLR 3.5.30729)"
194.105.50.21 - - [11/Mar/2011:11:18:50 +0100] "GET /icons/unknown.gif HTTP/1.1" 200 522 "http://mirror.wikisquare.de/osgeolive/4.0.1/" "Mozilla/5.0 (Windows; U; Windows NT 5.1; it; rv:1.9.2.15) Gecko/20110303 Firefox/3.6.15 (.NET CLR 3.5.30729)"
194.105.50.21 - - [11/Mar/2011:11:18:50 +0100] "GET /icons/blank.gif HTTP/1.1" 200 425 "http://mirror.wikisquare.de/osgeolive/4.0.1/" "Mozilla/5.0 (Windows; U; Windows NT 5.1; it; rv:1.9.2.15) Gecko/20110303 Firefox/3.6.15 (.NET CLR 3.5.30729)"
194.105.50.21 - - [11/Mar/2011:11:18:50 +0100] "GET /favicon.ico HTTP/1.1" 404 500 "-" "Mozilla/5.0 (Windows; U; Windows NT 5.1; it; rv:1.9.2.15) Gecko/20110303 Firefox/3.6.15 (.NET CLR 3.5.30729)"
194.105.50.21 - - [11/Mar/2011:11:19:00 +0100] "GET /osgeolive/ HTTP/1.1" 200 807 "http://mirror.wikisquare.de/osgeolive/4.0.1/" "Mozilla/5.0 (Windows; U; Windows NT 5.1; it; rv:1.9.2.15) Gecko/20110303 Firefox/3.6.15 (.NET CLR 3.5.30729)"
194.105.50.21 - - [11/Mar/2011:11:19:00 +0100] "GET /icons/folder.gif HTTP/1.1" 200 501 "http://mirror.wikisquare.de/osgeolive/" "Mozilla/5.0 (Windows; U; Windows NT 5.1; it; rv:1.9.2.15) Gecko/20110303 Firefox/3.6.15 (.NET CLR 3.5.30729)"
194.105.50.21 - - [11/Mar/2011:11:19:00 +0100] "GET /favicon.ico HTTP/1.1" 404 499 "-" "Mozilla/5.0 (Windows; U; Windows NT 5.1; it; rv:1.9.2.15) Gecko/20110303 Firefox/3.6.15 (.NET CLR 3.5.30729)"
194.105.50.21 - - [11/Mar/2011:11:19:03 +0100] "GET /osgeolive/index.html%3fC=D%3bO=A HTTP/1.1" 403 516 "http://mirror.wikisquare.de/osgeolive/" "Mozilla/5.0 (Windows; U; Windows NT 5.1; it; rv:1.9.2.15) Gecko/20110303 Firefox/3.6.15 (.NET CLR 3.5.30729)"
194.105.50.21 - - [11/Mar/2011:11:19:03 +0100] "GET /favicon.ico HTTP/1.1" 404 499 "-" "Mozilla/5.0 (Windows; U; Windows NT 5.1; it; rv:1.9.2.15) Gecko/20110303 Firefox/3.6.15 (.NET CLR 3.5.30729)"
194.105.50.21 - - [11/Mar/2011:11:19:04 +0100] "GET /favicon.ico HTTP/1.1" 404 499 "-" "Mozilla/5.0 (Windows; U; Windows NT 5.1; it; rv:1.9.2.15) Gecko/20110303 Firefox/3.6.15 (.NET CLR 3.5.30729)"
194.105.50.21 - - [11/Mar/2011:11:19:05 +0100] "GET /favicon.ico HTTP/1.1" 404 499 "-" "Mozilla/5.0 (Windows; U; Windows NT 5.1; it; rv:1.9.2.15) Gecko/20110303 Firefox/3.6.15 (.NET CLR 3.5.30729)"
194.105.50.21 - - [11/Mar/2011:11:19:07 +0100] "GET /favicon.ico HTTP/1.1" 404 499 "-" "Mozilla/5.0 (Windows; U; Windows NT 5.1; it; rv:1.9.2.15) Gecko/20110303 Firefox/3.6.15 (.NET CLR 3.5.30729)"
194.105.50.21 - - [11/Mar/2011:11:19:07 +0100] "GET / HTTP/1.1" 200 656 "http://mirror.wikisquare.de/osgeolive/" "Mozilla/5.0 (Windows; U; Windows NT 5.1; it; rv:1.9.2.15) Gecko/20110303 Firefox/3.6.15 (.NET CLR 3.5.30729)"
194.105.50.21 - - [11/Mar/2011:11:19:07 +0100] "GET /favicon.ico HTTP/1.1" 404 499 "-" "Mozilla/5.0 (Windows; U; Windows NT 5.1; it; rv:1.9.2.15) Gecko/20110303 Firefox/3.6.15 (.NET CLR 3.5.30729)"
88.198.68.42 - - [11/Mar/2011:11:22:41 +0100] "GET / HTTP/1.1" 200 935 "-" "check_http/v1.4.14 (nagios-plugins 1.4.14)"
88.198.68.42 - - [11/Mar/2011:11:27:41 +0100] "GET / HTTP/1.1" 200 935 "-" "check_http/v1.4.14 (nagios-plugins 1.4.14)"
88.198.68.42 - - [11/Mar/2011:11:32:41 +0100] "GET / HTTP/1.1" 200 935 "-" "check_http/v1.4.14 (nagios-plugins 1.4.14)"
88.198.68.42 - - [11/Mar/2011:11:37:41 +0100] "GET / HTTP/1.1" 200 935 "-" "check_http/v1.4.14 (nagios-plugins 1.4.14)"
88.198.68.42 - - [11/Mar/2011:11:42:41 +0100] "GET / HTTP/1.1" 200 935 "-" "check_http/v1.4.14 (nagios-plugins 1.4.14)"
195.243.160.4 - - [11/Mar/2011:11:47:37 +0100] "GET /favicon.ico HTTP/1.1" 404 544 "-" "Mozilla/5.0 (Windows; U; Windows NT 5.1; de; rv:1.9.2.15) Gecko/20110303 Firefox/3.6.15 GTB7.1 (.NET CLR 3.5.30729)"
88.198.68.42 - - [11/Mar/2011:11:47:41 +0100] "GET / HTTP/1.1" 200 935 "-" "check_http/v1.4.14 (nagios-plugins 1.4.14)"
88.198.68.42 - - [11/Mar/2011:11:52:41 +0100] "GET / HTTP/1.1" 200 935 "-" "check_http/v1.4.14 (nagios-plugins 1.4.14)"
67.195.112.226 - - [11/Mar/2011:11:54:16 +0100] "GET /osgeolive/4.0.1/osgeolive-4.0.1-mini.iso HTTP/1.0" 200 78053717 "-" "Mozilla/5.0 (compatible; Yahoo! Slurp; http://help.yahoo.com/help/us/ysearch/slurp)"
88.198.68.42 - - [11/Mar/2011:11:57:41 +0100] "GET / HTTP/1.1" 200 935 "-" "check_http/v1.4.14 (nagios-plugins 1.4.14)"
88.198.68.42 - - [11/Mar/2011:12:02:41 +0100] "GET / HTTP/1.1" 200 935 "-" "check_http/v1.4.14 (nagios-plugins 1.4.14)"
88.198.68.42 - - [11/Mar/2011:12:07:41 +0100] "GET / HTTP/1.1" 200 935 "-" "check_http/v1.4.14 (nagios-plugins 1.4.14)"
88.198.68.42 - - [11/Mar/2011:12:12:41 +0100] "GET / HTTP/1.1" 200 935 "-" "check_http/v1.4.14 (nagios-plugins 1.4.14)"
88.198.68.42 - - [11/Mar/2011:12:17:41 +0100] "GET / HTTP/1.1" 200 935 "-" "check_http/v1.4.14 (nagios-plugins 1.4.14)"
88.198.68.42 - - [11/Mar/2011:12:22:41 +0100] "GET / HTTP/1.1" 200 935 "-" "check_http/v1.4.14 (nagios-plugins 1.4.14)"
88.198.68.42 - - [11/Mar/2011:12:27:41 +0100] "GET / HTTP/1.1" 200 935 "-" "check_http/v1.4.14 (nagios-plugins 1.4.14)"
88.198.68.42 - - [11/Mar/2011:12:32:41 +0100] "GET / HTTP/1.1" 200 935 "-" "check_http/v1.4.14 (nagios-plugins 1.4.14)"
88.198.68.42 - - [11/Mar/2011:12:37:41 +0100] "GET / HTTP/1.1" 200 935 "-" "check_http/v1.4.14 (nagios-plugins 1.4.14)"
88.198.68.42 - - [11/Mar/2011:12:42:41 +0100] "GET / HTTP/1.1" 200 935 "-" "check_http/v1.4.14 (nagios-plugins 1.4.14)"
62.42.141.60 - - [11/Mar/2011:11:56:41 +0100] "GET /osgeolive/4.0.1/osgeolive-4.0.1-mini.iso HTTP/1.1" 200 3499989299 "http://live.osgeo.org/download.html" "Mozilla/5.0 (X11; U; Linux x86_64; es-ES; rv:1.9.2.15) Gecko/20110303 Ubuntu/10.10 (maverick) Firefox/3.6.15"
88.198.68.42 - - [11/Mar/2011:12:47:41 +0100] "GET / HTTP/1.1" 200 935 "-" "check_http/v1.4.14 (nagios-plugins 1.4.14)"
88.198.68.42 - - [11/Mar/2011:12:52:41 +0100] "GET / HTTP/1.1" 200 935 "-" "check_http/v1.4.14 (nagios-plugins 1.4.14)"
88.198.68.42 - - [11/Mar/2011:12:57:41 +0100] "GET / HTTP/1.1" 200 935 "-" "check_http/v1.4.14 (nagios-plugins 1.4.14)"
88.198.68.42 - - [11/Mar/2011:13:02:41 +0100] "GET / HTTP/1.1" 200 935 "-" "check_http/v1.4.14 (nagios-plugins 1.4.14)"
88.198.68.42 - - [11/Mar/2011:13:07:41 +0100] "GET / HTTP/1.1" 200 935 "-" "check_http/v1.4.14 (nagios-plugins 1.4.14)"
88.198.68.42 - - [11/Mar/2011:13:12:41 +0100] "GET / HTTP/1.1" 200 935 "-" "check_http/v1.4.14 (nagios-plugins 1.4.14)"
88.198.68.42 - - [11/Mar/2011:13:17:41 +0100] "GET / HTTP/1.1" 200 935 "-" "check_http/v1.4.14 (nagios-plugins 1.4.14)"
88.198.68.42 - - [11/Mar/2011:13:22:41 +0100] "GET / HTTP/1.1" 200 935 "-" "check_http/v1.4.14 (nagios-plugins 1.4.14)"
88.198.68.42 - - [11/Mar/2011:13:27:41 +0100] "GET / HTTP/1.1" 200 935 "-" "check_http/v1.4.14 (nagios-plugins 1.4.14)"
88.198.68.42 - - [11/Mar/2011:13:32:41 +0100] "GET / HTTP/1.1" 200 935 "-" "check_http/v1.4.14 (nagios-plugins 1.4.14)"
88.198.68.42 - - [11/Mar/2011:13:37:41 +0100] "GET / HTTP/1.1" 200 935 "-" "check_http/v1.4.14 (nagios-plugins 1.4.14)"
88.198.68.42 - - [11/Mar/2011:13:42:41 +0100] "GET / HTTP/1.1" 200 935 "-" "check_http/v1.4.14 (nagios-plugins 1.4.14)"
208.115.111.71 - - [11/Mar/2011:13:44:19 +0100] "GET /robots.txt HTTP/1.1" 404 486 "-" "Mozilla/5.0 (compatible; Ezooms/1.0; ezooms.bot@gmail.com)"
88.198.68.42 - - [11/Mar/2011:13:47:41 +0100] "GET / HTTP/1.1" 200 935 "-" "check_http/v1.4.14 (nagios-plugins 1.4.14)"
88.198.68.42 - - [11/Mar/2011:13:52:41 +0100] "GET / HTTP/1.1" 200 935 "-" "check_http/v1.4.14 (nagios-plugins 1.4.14)"
88.198.68.42 - - [11/Mar/2011:13:57:41 +0100] "GET / HTTP/1.1" 200 935 "-" "check_http/v1.4.14 (nagios-plugins 1.4.14)"
88.198.68.42 - - [11/Mar/2011:14:02:41 +0100] "GET / HTTP/1.1" 200 935 "-" "check_http/v1.4.14 (nagios-plugins 1.4.14)"
208.115.111.71 - - [11/Mar/2011:14:06:56 +0100] "GET /osgeolive/4.0.1/ HTTP/1.1" 200 1841 "-" "Mozilla/5.0 (compatible; Ezooms/1.0; ezooms.bot@gmail.com)"
88.198.68.42 - - [11/Mar/2011:14:07:41 +0100] "GET / HTTP/1.1" 200 935 "-" "check_http/v1.4.14 (nagios-plugins 1.4.14)"
88.198.68.42 - - [11/Mar/2011:14:12:41 +0100] "GET / HTTP/1.1" 200 935 "-" "check_http/v1.4.14 (nagios-plugins 1.4.14)"
88.198.68.42 - - [11/Mar/2011:14:17:41 +0100] "GET / HTTP/1.1" 200 935 "-" "check_http/v1.4.14 (nagios-plugins 1.4.14)"
88.198.68.42 - - [11/Mar/2011:14:22:41 +0100] "GET / HTTP/1.1" 200 935 "-" "check_http/v1.4.14 (nagios-plugins 1.4.14)"
88.198.68.42 - - [11/Mar/2011:14:27:41 +0100] "GET / HTTP/1.1" 200 935 "-" "check_http/v1.4.14 (nagios-plugins 1.4.14)"
88.198.68.42 - - [11/Mar/2011:14:32:41 +0100] "GET / HTTP/1.1" 200 935 "-" "check_http/v1.4.14 (nagios-plugins 1.4.14)"
88.198.68.42 - - [11/Mar/2011:14:37:41 +0100] "GET / HTTP/1.1" 200 935 "-" "check_http/v1.4.14 (nagios-plugins 1.4.14)"
88.198.68.42 - - [11/Mar/2011:14:42:41 +0100] "GET / HTTP/1.1" 200 935 "-" "check_http/v1.4.14 (nagios-plugins 1.4.14)"
193.158.99.226 - - [11/Mar/2011:14:45:48 +0100] "GET /osgeolive/4.0.1/osgeolive-4.0.1.iso HTTP/1.1" 200 30855740 "http://live.osgeo.org/download.html" "Mozilla/5.0 (Windows; U; Windows NT 5.1; de; rv:1.9.2.15) Gecko/20110303 Firefox/3.6.15 ( .NET CLR 3.5.30729)"
88.198.68.42 - - [11/Mar/2011:14:47:41 +0100] "GET / HTTP/1.1" 200 935 "-" "check_http/v1.4.14 (nagios-plugins 1.4.14)"
88.198.68.42 - - [11/Mar/2011:14:52:41 +0100] "GET / HTTP/1.1" 200 935 "-" "check_http/v1.4.14 (nagios-plugins 1.4.14)"
88.198.68.42 - - [11/Mar/2011:14:57:41 +0100] "GET / HTTP/1.1" 200 935 "-" "check_http/v1.4.14 (nagios-plugins 1.4.14)"
193.158.99.226 - - [11/Mar/2011:14:45:40 +0100] "GET /osgeolive/4.0.1/osgeolive-4.0.1.iso HTTP/1.1" 200 4642625844 "http://live.osgeo.org/download.html" "Mozilla/5.0 (Windows; U; Windows NT 5.1; de; rv:1.9.2.15) Gecko/20110303 Firefox/3.6.15 ( .NET CLR 3.5.30729)"
88.198.68.42 - - [11/Mar/2011:15:02:41 +0100] "GET / HTTP/1.1" 200 935 "-" "check_http/v1.4.14 (nagios-plugins 1.4.14)"
88.198.68.42 - - [11/Mar/2011:15:07:41 +0100] "GET / HTTP/1.1" 200 935 "-" "check_http/v1.4.14 (nagios-plugins 1.4.14)"
88.198.68.42 - - [11/Mar/2011:15:12:41 +0100] "GET / HTTP/1.1" 200 935 "-" "check_http/v1.4.14 (nagios-plugins 1.4.14)"
88.198.68.42 - - [11/Mar/2011:15:17:41 +0100] "GET / HTTP/1.1" 200 935 "-" "check_http/v1.4.14 (nagios-plugins 1.4.14)"
88.198.68.42 - - [11/Mar/2011:15:22:41 +0100] "GET / HTTP/1.1" 200 935 "-" "check_http/v1.4.14 (nagios-plugins 1.4.14)"
88.198.68.42 - - [11/Mar/2011:15:27:41 +0100] "GET / HTTP/1.1" 200 935 "-" "check_http/v1.4.14 (nagios-plugins 1.4.14)"
89.97.244.162 - - [11/Mar/2011:15:28:53 +0100] "GET /osgeolive/4.0.1/osgeolive-4.0.1.iso HTTP/1.1" 200 1711536 "http://live.osgeo.org/download.html" "Mozilla/5.0 (X11; U; Linux i686; it; rv:1.9.2.6) Gecko/20100625 Firefox/3.6.6"
88.198.68.42 - - [11/Mar/2011:15:32:41 +0100] "GET / HTTP/1.1" 200 935 "-" "check_http/v1.4.14 (nagios-plugins 1.4.14)"
89.97.244.162 - - [11/Mar/2011:15:33:17 +0100] "GET /osgeolive/4.0.1/ HTTP/1.1" 200 769 "http://download.osgeo.org/livedvd/" "Mozilla/5.0 (X11; U; Linux i686; it; rv:1.9.2.6) Gecko/20100625 Firefox/3.6.6"
89.97.244.162 - - [11/Mar/2011:15:33:17 +0100] "GET /icons/blank.gif HTTP/1.1" 200 424 "http://mirror.wikisquare.de/osgeolive/4.0.1/" "Mozilla/5.0 (X11; U; Linux i686; it; rv:1.9.2.6) Gecko/20100625 Firefox/3.6.6"
89.97.244.162 - - [11/Mar/2011:15:33:17 +0100] "GET /icons/back.gif HTTP/1.1" 200 493 "http://mirror.wikisquare.de/osgeolive/4.0.1/" "Mozilla/5.0 (X11; U; Linux i686; it; rv:1.9.2.6) Gecko/20100625 Firefox/3.6.6"
89.97.244.162 - - [11/Mar/2011:15:33:17 +0100] "GET /icons/unknown.gif HTTP/1.1" 200 522 "http://mirror.wikisquare.de/osgeolive/4.0.1/" "Mozilla/5.0 (X11; U; Linux i686; it; rv:1.9.2.6) Gecko/20100625 Firefox/3.6.6"
89.97.244.162 - - [11/Mar/2011:15:33:17 +0100] "GET /favicon.ico HTTP/1.1" 404 499 "-" "Mozilla/5.0 (X11; U; Linux i686; it; rv:1.9.2.6) Gecko/20100625 Firefox/3.6.6"
89.97.244.162 - - [11/Mar/2011:15:33:20 +0100] "GET /favicon.ico HTTP/1.1" 404 499 "-" "Mozilla/5.0 (X11; U; Linux i686; it; rv:1.9.2.6) Gecko/20100625 Firefox/3.6.6"
88.198.68.42 - - [11/Mar/2011:15:37:41 +0100] "GET / HTTP/1.1" 200 935 "-" "check_http/v1.4.14 (nagios-plugins 1.4.14)"
88.198.68.42 - - [11/Mar/2011:15:42:41 +0100] "GET / HTTP/1.1" 200 935 "-" "check_http/v1.4.14 (nagios-plugins 1.4.14)"
88.198.68.42 - - [11/Mar/2011:15:47:41 +0100] "GET / HTTP/1.1" 200 935 "-" "check_http/v1.4.14 (nagios-plugins 1.4.14)"
88.198.68.42 - - [11/Mar/2011:15:52:41 +0100] "GET / HTTP/1.1" 200 935 "-" "check_http/v1.4.14 (nagios-plugins 1.4.14)"
88.198.68.42 - - [11/Mar/2011:15:57:41 +0100] "GET / HTTP/1.1" 200 935 "-" "check_http/v1.4.14 (nagios-plugins 1.4.14)"
88.198.68.42 - - [11/Mar/2011:16:02:41 +0100] "GET / HTTP/1.1" 200 935 "-" "check_http/v1.4.14 (nagios-plugins 1.4.14)"
88.198.68.42 - - [11/Mar/2011:16:07:41 +0100] "GET / HTTP/1.1" 200 935 "-" "check_http/v1.4.14 (nagios-plugins 1.4.14)"
88.198.68.42 - - [11/Mar/2011:16:12:41 +0100] "GET / HTTP/1.1" 200 935 "-" "check_http/v1.4.14 (nagios-plugins 1.4.14)"
88.198.68.42 - - [11/Mar/2011:16:17:41 +0100] "GET / HTTP/1.1" 200 935 "-" "check_http/v1.4.14 (nagios-plugins 1.4.14)"
88.198.68.42 - - [11/Mar/2011:16:22:41 +0100] "GET / HTTP/1.1" 200 935 "-" "check_http/v1.4.14 (nagios-plugins 1.4.14)"
88.198.68.42 - - [11/Mar/2011:16:27:41 +0100] "GET / HTTP/1.1" 200 935 "-" "check_http/v1.4.14 (nagios-plugins 1.4.14)"
88.198.68.42 - - [11/Mar/2011:16:32:41 +0100] "GET / HTTP/1.1" 200 935 "-" "check_http/v1.4.14 (nagios-plugins 1.4.14)"
88.198.68.42 - - [11/Mar/2011:16:37:41 +0100] "GET / HTTP/1.1" 200 935 "-" "check_http/v1.4.14 (nagios-plugins 1.4.14)"
88.198.68.42 - - [11/Mar/2011:16:42:41 +0100] "GET / HTTP/1.1" 200 935 "-" "check_http/v1.4.14 (nagios-plugins 1.4.14)"
88.198.68.42 - - [11/Mar/2011:16:47:41 +0100] "GET / HTTP/1.1" 200 935 "-" "check_http/v1.4.14 (nagios-plugins 1.4.14)"
88.198.68.42 - - [11/Mar/2011:16:52:41 +0100] "GET / HTTP/1.1" 200 935 "-" "check_http/v1.4.14 (nagios-plugins 1.4.14)"
88.198.68.42 - - [11/Mar/2011:16:57:41 +0100] "GET / HTTP/1.1" 200 935 "-" "check_http/v1.4.14 (nagios-plugins 1.4.14)"
88.198.68.42 - - [11/Mar/2011:17:02:41 +0100] "GET / HTTP/1.1" 200 935 "-" "check_http/v1.4.14 (nagios-plugins 1.4.14)"
88.198.68.42 - - [11/Mar/2011:17:07:41 +0100] "GET / HTTP/1.1" 200 935 "-" "check_http/v1.4.14 (nagios-plugins 1.4.14)"
88.198.68.42 - - [11/Mar/2011:17:12:41 +0100] "GET / HTTP/1.1" 200 935 "-" "check_http/v1.4.14 (nagios-plugins 1.4.14)"
88.198.68.42 - - [11/Mar/2011:17:17:41 +0100] "GET / HTTP/1.1" 200 935 "-" "check_http/v1.4.14 (nagios-plugins 1.4.14)"
88.198.68.42 - - [11/Mar/2011:17:22:46 +0100] "GET / HTTP/1.1" 200 935 "-" "check_http/v1.4.14 (nagios-plugins 1.4.14)"
88.198.68.42 - - [11/Mar/2011:17:27:41 +0100] "GET / HTTP/1.1" 200 935 "-" "check_http/v1.4.14 (nagios-plugins 1.4.14)"
88.198.68.42 - - [11/Mar/2011:17:32:41 +0100] "GET / HTTP/1.1" 200 935 "-" "check_http/v1.4.14 (nagios-plugins 1.4.14)"
88.198.68.42 - - [11/Mar/2011:17:37:41 +0100] "GET / HTTP/1.1" 200 935 "-" "check_http/v1.4.14 (nagios-plugins 1.4.14)"
88.198.68.42 - - [11/Mar/2011:17:42:41 +0100] "GET / HTTP/1.1" 200 935 "-" "check_http/v1.4.14 (nagios-plugins 1.4.14)"
88.198.68.42 - - [11/Mar/2011:17:47:41 +0100] "GET / HTTP/1.1" 200 935 "-" "check_http/v1.4.14 (nagios-plugins 1.4.14)"
88.198.68.42 - - [11/Mar/2011:17:52:41 +0100] "GET / HTTP/1.1" 200 935 "-" "check_http/v1.4.14 (nagios-plugins 1.4.14)"
88.198.68.42 - - [11/Mar/2011:17:57:41 +0100] "GET / HTTP/1.1" 200 935 "-" "check_http/v1.4.14 (nagios-plugins 1.4.14)"
88.198.68.42 - - [11/Mar/2011:18:02:41 +0100] "GET / HTTP/1.1" 200 935 "-" "check_http/v1.4.14 (nagios-plugins 1.4.14)"
88.198.68.42 - - [11/Mar/2011:18:07:41 +0100] "GET / HTTP/1.1" 200 935 "-" "check_http/v1.4.14 (nagios-plugins 1.4.14)"
88.198.68.42 - - [11/Mar/2011:18:12:41 +0100] "GET / HTTP/1.1" 200 935 "-" "check_http/v1.4.14 (nagios-plugins 1.4.14)"
88.198.68.42 - - [11/Mar/2011:18:17:41 +0100] "GET / HTTP/1.1" 200 935 "-" "check_http/v1.4.14 (nagios-plugins 1.4.14)"
88.198.68.42 - - [11/Mar/2011:18:22:41 +0100] "GET / HTTP/1.1" 200 935 "-" "check_http/v1.4.14 (nagios-plugins 1.4.14)"
88.198.68.42 - - [11/Mar/2011:18:27:41 +0100] "GET / HTTP/1.1" 200 935 "-" "check_http/v1.4.14 (nagios-plugins 1.4.14)"
88.198.68.42 - - [11/Mar/2011:18:32:41 +0100] "GET / HTTP/1.1" 200 935 "-" "check_http/v1.4.14 (nagios-plugins 1.4.14)"
88.198.68.42 - - [11/Mar/2011:18:37:41 +0100] "GET / HTTP/1.1" 200 935 "-" "check_http/v1.4.14 (nagios-plugins 1.4.14)"
88.198.68.42 - - [11/Mar/2011:18:42:41 +0100] "GET / HTTP/1.1" 200 935 "-" "check_http/v1.4.14 (nagios-plugins 1.4.14)"
88.198.68.42 - - [11/Mar/2011:18:47:41 +0100] "GET / HTTP/1.1" 200 935 "-" "check_http/v1.4.14 (nagios-plugins 1.4.14)"
88.198.68.42 - - [11/Mar/2011:18:52:41 +0100] "GET / HTTP/1.1" 200 935 "-" "check_http/v1.4.14 (nagios-plugins 1.4.14)"
88.198.68.42 - - [11/Mar/2011:18:57:41 +0100] "GET / HTTP/1.1" 200 935 "-" "check_http/v1.4.14 (nagios-plugins 1.4.14)"
88.198.68.42 - - [11/Mar/2011:19:02:41 +0100] "GET / HTTP/1.1" 200 935 "-" "check_http/v1.4.14 (nagios-plugins 1.4.14)"
88.198.68.42 - - [11/Mar/2011:19:07:41 +0100] "GET / HTTP/1.1" 200 935 "-" "check_http/v1.4.14 (nagios-plugins 1.4.14)"
88.198.68.42 - - [11/Mar/2011:19:12:41 +0100] "GET / HTTP/1.1" 200 935 "-" "check_http/v1.4.14 (nagios-plugins 1.4.14)"
88.198.68.42 - - [11/Mar/2011:19:17:41 +0100] "GET / HTTP/1.1" 200 935 "-" "check_http/v1.4.14 (nagios-plugins 1.4.14)"
88.198.68.42 - - [11/Mar/2011:19:22:41 +0100] "GET / HTTP/1.1" 200 935 "-" "check_http/v1.4.14 (nagios-plugins 1.4.14)"
88.198.68.42 - - [11/Mar/2011:19:27:41 +0100] "GET / HTTP/1.1" 200 935 "-" "check_http/v1.4.14 (nagios-plugins 1.4.14)"
88.198.68.42 - - [11/Mar/2011:19:32:41 +0100] "GET / HTTP/1.1" 200 935 "-" "check_http/v1.4.14 (nagios-plugins 1.4.14)"
88.198.68.42 - - [11/Mar/2011:19:37:41 +0100] "GET / HTTP/1.1" 200 935 "-" "check_http/v1.4.14 (nagios-plugins 1.4.14)"
88.198.68.42 - - [11/Mar/2011:19:42:41 +0100] "GET / HTTP/1.1" 200 935 "-" "check_http/v1.4.14 (nagios-plugins 1.4.14)"
88.198.68.42 - - [11/Mar/2011:19:47:41 +0100] "GET / HTTP/1.1" 200 935 "-" "check_http/v1.4.14 (nagios-plugins 1.4.14)"
88.198.68.42 - - [11/Mar/2011:19:52:41 +0100] "GET / HTTP/1.1" 200 935 "-" "check_http/v1.4.14 (nagios-plugins 1.4.14)"
88.198.68.42 - - [11/Mar/2011:19:57:41 +0100] "GET / HTTP/1.1" 200 935 "-" "check_http/v1.4.14 (nagios-plugins 1.4.14)"
88.198.68.42 - - [11/Mar/2011:20:02:41 +0100] "GET / HTTP/1.1" 200 935 "-" "check_http/v1.4.14 (nagios-plugins 1.4.14)"
88.198.68.42 - - [11/Mar/2011:20:07:41 +0100] "GET / HTTP/1.1" 200 935 "-" "check_http/v1.4.14 (nagios-plugins 1.4.14)"
88.198.68.42 - - [11/Mar/2011:20:12:41 +0100] "GET / HTTP/1.1" 200 935 "-" "check_http/v1.4.14 (nagios-plugins 1.4.14)"
88.198.68.42 - - [11/Mar/2011:20:17:41 +0100] "GET / HTTP/1.1" 200 935 "-" "check_http/v1.4.14 (nagios-plugins 1.4.14)"
67.195.112.226 - - [11/Mar/2011:20:20:56 +0100] "GET /robots.txt HTTP/1.0" 404 461 "-" "Mozilla/5.0 (compatible; Yahoo! Slurp; http://help.yahoo.com/help/us/ysearch/slurp)"
88.198.68.42 - - [11/Mar/2011:20:22:41 +0100] "GET / HTTP/1.1" 200 935 "-" "check_http/v1.4.14 (nagios-plugins 1.4.14)"
67.195.112.226 - - [11/Mar/2011:20:20:56 +0100] "GET /osgeolive/4.0.1/osgeolive-4.0.1-mini.iso HTTP/1.0" 200 147604776 "-" "Mozilla/5.0 (compatible; Yahoo! Slurp; http://help.yahoo.com/help/us/ysearch/slurp)"
88.198.68.42 - - [11/Mar/2011:20:27:41 +0100] "GET / HTTP/1.1" 200 935 "-" "check_http/v1.4.14 (nagios-plugins 1.4.14)"
88.198.68.42 - - [11/Mar/2011:20:32:41 +0100] "GET / HTTP/1.1" 200 935 "-" "check_http/v1.4.14 (nagios-plugins 1.4.14)"
88.198.68.42 - - [11/Mar/2011:20:37:41 +0100] "GET / HTTP/1.1" 200 935 "-" "check_http/v1.4.14 (nagios-plugins 1.4.14)"
88.198.68.42 - - [11/Mar/2011:20:42:41 +0100] "GET / HTTP/1.1" 200 935 "-" "check_http/v1.4.14 (nagios-plugins 1.4.14)"
88.198.68.42 - - [11/Mar/2011:20:47:41 +0100] "GET / HTTP/1.1" 200 935 "-" "check_http/v1.4.14 (nagios-plugins 1.4.14)"
88.198.68.42 - - [11/Mar/2011:20:52:41 +0100] "GET / HTTP/1.1" 200 935 "-" "check_http/v1.4.14 (nagios-plugins 1.4.14)"
88.198.68.42 - - [11/Mar/2011:20:57:41 +0100] "GET / HTTP/1.1" 200 935 "-" "check_http/v1.4.14 (nagios-plugins 1.4.14)"
88.198.68.42 - - [11/Mar/2011:21:02:41 +0100] "GET / HTTP/1.1" 200 935 "-" "check_http/v1.4.14 (nagios-plugins 1.4.14)"
88.198.68.42 - - [11/Mar/2011:21:07:41 +0100] "GET / HTTP/1.1" 200 935 "-" "check_http/v1.4.14 (nagios-plugins 1.4.14)"
88.198.68.42 - - [11/Mar/2011:21:12:41 +0100] "GET / HTTP/1.1" 200 935 "-" "check_http/v1.4.14 (nagios-plugins 1.4.14)"
88.198.68.42 - - [11/Mar/2011:21:17:41 +0100] "GET / HTTP/1.1" 200 935 "-" "check_http/v1.4.14 (nagios-plugins 1.4.14)"
88.198.68.42 - - [11/Mar/2011:21:22:41 +0100] "GET / HTTP/1.1" 200 935 "-" "check_http/v1.4.14 (nagios-plugins 1.4.14)"
92.105.195.148 - - [11/Mar/2011:20:19:27 +0100] "GET /osgeolive/4.0.1/osgeolive-4.0.1.iso HTTP/1.1" 200 2987487460 "http://live.osgeo.org/download.html" "Mozilla/5.0 (Macintosh; U; Intel Mac OS X 10_6_6; de-de) AppleWebKit/533.19.4 (KHTML, like Gecko) Version/5.0.3 Safari/533.19.4"
88.198.68.42 - - [11/Mar/2011:21:27:41 +0100] "GET / HTTP/1.1" 200 935 "-" "check_http/v1.4.14 (nagios-plugins 1.4.14)"
88.198.68.42 - - [11/Mar/2011:21:32:41 +0100] "GET / HTTP/1.1" 200 935 "-" "check_http/v1.4.14 (nagios-plugins 1.4.14)"
88.198.68.42 - - [11/Mar/2011:21:37:41 +0100] "GET / HTTP/1.1" 200 935 "-" "check_http/v1.4.14 (nagios-plugins 1.4.14)"
88.198.68.42 - - [11/Mar/2011:21:42:41 +0100] "GET / HTTP/1.1" 200 935 "-" "check_http/v1.4.14 (nagios-plugins 1.4.14)"
88.198.68.42 - - [11/Mar/2011:21:47:41 +0100] "GET / HTTP/1.1" 200 935 "-" "check_http/v1.4.14 (nagios-plugins 1.4.14)"
88.198.68.42 - - [11/Mar/2011:21:52:41 +0100] "GET / HTTP/1.1" 200 935 "-" "check_http/v1.4.14 (nagios-plugins 1.4.14)"
88.198.68.42 - - [11/Mar/2011:21:57:41 +0100] "GET / HTTP/1.1" 200 935 "-" "check_http/v1.4.14 (nagios-plugins 1.4.14)"
88.198.68.42 - - [11/Mar/2011:22:02:41 +0100] "GET / HTTP/1.1" 200 935 "-" "check_http/v1.4.14 (nagios-plugins 1.4.14)"
88.198.68.42 - - [11/Mar/2011:22:07:41 +0100] "GET / HTTP/1.1" 200 935 "-" "check_http/v1.4.14 (nagios-plugins 1.4.14)"
88.198.68.42 - - [11/Mar/2011:22:12:41 +0100] "GET / HTTP/1.1" 200 935 "-" "check_http/v1.4.14 (nagios-plugins 1.4.14)"
88.198.68.42 - - [11/Mar/2011:22:17:41 +0100] "GET / HTTP/1.1" 200 935 "-" "check_http/v1.4.14 (nagios-plugins 1.4.14)"
88.198.68.42 - - [11/Mar/2011:22:22:41 +0100] "GET / HTTP/1.1" 200 935 "-" "check_http/v1.4.14 (nagios-plugins 1.4.14)"
88.198.68.42 - - [11/Mar/2011:22:27:41 +0100] "GET / HTTP/1.1" 200 935 "-" "check_http/v1.4.14 (nagios-plugins 1.4.14)"
88.198.68.42 - - [11/Mar/2011:22:32:41 +0100] "GET / HTTP/1.1" 200 935 "-" "check_http/v1.4.14 (nagios-plugins 1.4.14)"
88.198.68.42 - - [11/Mar/2011:22:37:41 +0100] "GET / HTTP/1.1" 200 935 "-" "check_http/v1.4.14 (nagios-plugins 1.4.14)"
88.198.68.42 - - [11/Mar/2011:22:42:41 +0100] "GET / HTTP/1.1" 200 935 "-" "check_http/v1.4.14 (nagios-plugins 1.4.14)"
88.198.68.42 - - [11/Mar/2011:22:47:41 +0100] "GET / HTTP/1.1" 200 935 "-" "check_http/v1.4.14 (nagios-plugins 1.4.14)"
213.186.122.3 - - [11/Mar/2011:22:49:37 +0100] "GET /robots.txt HTTP/1.1" 404 442 "-" "Mozilla/5.0 (compatible; SiteBot/0.1; +http://www.sitebot.org/robot/)"
213.186.122.3 - - [11/Mar/2011:22:49:38 +0100] "GET /osgeolive/ HTTP/1.1" 200 751 "-" "Mozilla/5.0 (compatible; SiteBot/0.1; +http://www.sitebot.org/robot/)"
213.186.122.3 - - [11/Mar/2011:22:49:39 +0100] "GET /osgeolive/4.0.1/?C=D;O=A HTTP/1.1" 200 712 "-" "Mozilla/5.0 (compatible; SiteBot/0.1; +http://www.sitebot.org/robot/)"
213.186.122.3 - - [11/Mar/2011:22:49:39 +0100] "GET /osgeolive/4.0.1/?C=M;O=A HTTP/1.1" 200 710 "-" "Mozilla/5.0 (compatible; SiteBot/0.1; +http://www.sitebot.org/robot/)"
213.186.122.3 - - [11/Mar/2011:22:49:40 +0100] "GET /osgeolive/4.0.1/?C=N;O=D HTTP/1.1" 200 708 "-" "Mozilla/5.0 (compatible; SiteBot/0.1; +http://www.sitebot.org/robot/)"
213.186.122.3 - - [11/Mar/2011:22:49:40 +0100] "GET /osgeolive/4.0.1/?C=S;O=A HTTP/1.1" 200 709 "-" "Mozilla/5.0 (compatible; SiteBot/0.1; +http://www.sitebot.org/robot/)"
213.186.122.3 - - [11/Mar/2011:22:49:42 +0100] "GET /osgeolive/4.0.1/osgeolive-4.0.1-mini.iso.md5 HTTP/1.1" 200 295 "-" "Mozilla/5.0 (compatible; SiteBot/0.1; +http://www.sitebot.org/robot/)"
213.186.122.3 - - [11/Mar/2011:22:49:44 +0100] "GET /osgeolive/4.0.1/osgeolive-4.0.1.iso.md5 HTTP/1.1" 200 290 "-" "Mozilla/5.0 (compatible; SiteBot/0.1; +http://www.sitebot.org/robot/)"
88.198.68.42 - - [11/Mar/2011:22:52:41 +0100] "GET / HTTP/1.1" 200 935 "-" "check_http/v1.4.14 (nagios-plugins 1.4.14)"
88.198.68.42 - - [11/Mar/2011:22:57:41 +0100] "GET / HTTP/1.1" 200 935 "-" "check_http/v1.4.14 (nagios-plugins 1.4.14)"
88.198.68.42 - - [11/Mar/2011:23:02:41 +0100] "GET / HTTP/1.1" 200 935 "-" "check_http/v1.4.14 (nagios-plugins 1.4.14)"
88.198.68.42 - - [11/Mar/2011:23:07:41 +0100] "GET / HTTP/1.1" 200 935 "-" "check_http/v1.4.14 (nagios-plugins 1.4.14)"
88.198.68.42 - - [11/Mar/2011:23:12:41 +0100] "GET / HTTP/1.1" 200 935 "-" "check_http/v1.4.14 (nagios-plugins 1.4.14)"
88.198.68.42 - - [11/Mar/2011:23:17:41 +0100] "GET / HTTP/1.1" 200 935 "-" "check_http/v1.4.14 (nagios-plugins 1.4.14)"
88.198.68.42 - - [11/Mar/2011:23:22:41 +0100] "GET / HTTP/1.1" 200 935 "-" "check_http/v1.4.14 (nagios-plugins 1.4.14)"
88.198.68.42 - - [11/Mar/2011:23:27:41 +0100] "GET / HTTP/1.1" 200 935 "-" "check_http/v1.4.14 (nagios-plugins 1.4.14)"
88.198.68.42 - - [11/Mar/2011:23:32:41 +0100] "GET / HTTP/1.1" 200 935 "-" "check_http/v1.4.14 (nagios-plugins 1.4.14)"
88.198.68.42 - - [11/Mar/2011:23:37:41 +0100] "GET / HTTP/1.1" 200 935 "-" "check_http/v1.4.14 (nagios-plugins 1.4.14)"
88.198.68.42 - - [11/Mar/2011:23:42:41 +0100] "GET / HTTP/1.1" 200 935 "-" "check_http/v1.4.14 (nagios-plugins 1.4.14)"
88.198.68.42 - - [11/Mar/2011:23:47:41 +0100] "GET / HTTP/1.1" 200 935 "-" "check_http/v1.4.14 (nagios-plugins 1.4.14)"
88.198.68.42 - - [11/Mar/2011:23:52:41 +0100] "GET / HTTP/1.1" 200 935 "-" "check_http/v1.4.14 (nagios-plugins 1.4.14)"
88.198.68.42 - - [11/Mar/2011:23:57:41 +0100] "GET / HTTP/1.1" 200 935 "-" "check_http/v1.4.14 (nagios-plugins 1.4.14)"
88.198.68.42 - - [12/Mar/2011:00:02:41 +0100] "GET / HTTP/1.1" 200 935 "-" "check_http/v1.4.14 (nagios-plugins 1.4.14)"
88.198.68.42 - - [12/Mar/2011:00:07:41 +0100] "GET / HTTP/1.1" 200 935 "-" "check_http/v1.4.14 (nagios-plugins 1.4.14)"
88.198.68.42 - - [12/Mar/2011:00:12:41 +0100] "GET / HTTP/1.1" 200 935 "-" "check_http/v1.4.14 (nagios-plugins 1.4.14)"
88.198.68.42 - - [12/Mar/2011:00:17:41 +0100] "GET / HTTP/1.1" 200 935 "-" "check_http/v1.4.14 (nagios-plugins 1.4.14)"
88.198.68.42 - - [12/Mar/2011:00:22:41 +0100] "GET / HTTP/1.1" 200 935 "-" "check_http/v1.4.14 (nagios-plugins 1.4.14)"
88.198.68.42 - - [12/Mar/2011:00:27:41 +0100] "GET / HTTP/1.1" 200 935 "-" "check_http/v1.4.14 (nagios-plugins 1.4.14)"
88.198.68.42 - - [12/Mar/2011:00:32:41 +0100] "GET / HTTP/1.1" 200 935 "-" "check_http/v1.4.14 (nagios-plugins 1.4.14)"
88.198.68.42 - - [12/Mar/2011:00:37:41 +0100] "GET / HTTP/1.1" 200 935 "-" "check_http/v1.4.14 (nagios-plugins 1.4.14)"
88.198.68.42 - - [12/Mar/2011:00:42:41 +0100] "GET / HTTP/1.1" 200 935 "-" "check_http/v1.4.14 (nagios-plugins 1.4.14)"
88.198.68.42 - - [12/Mar/2011:00:47:41 +0100] "GET / HTTP/1.1" 200 935 "-" "check_http/v1.4.14 (nagios-plugins 1.4.14)"
88.198.68.42 - - [12/Mar/2011:00:52:41 +0100] "GET / HTTP/1.1" 200 935 "-" "check_http/v1.4.14 (nagios-plugins 1.4.14)"
88.198.68.42 - - [12/Mar/2011:00:57:41 +0100] "GET / HTTP/1.1" 200 935 "-" "check_http/v1.4.14 (nagios-plugins 1.4.14)"
66.249.66.132 - - [12/Mar/2011:00:59:47 +0100] "GET /robots.txt HTTP/1.1" 404 499 "-" "Mozilla/5.0 (compatible; Googlebot/2.1; +http://www.google.com/bot.html)"
66.249.66.132 - - [12/Mar/2011:00:59:47 +0100] "GET /osgeolive/4.0.1/ HTTP/1.1" 200 768 "-" "Mozilla/5.0 (compatible; Googlebot/2.1; +http://www.google.com/bot.html)"
88.198.68.42 - - [12/Mar/2011:01:02:46 +0100] "GET / HTTP/1.1" 200 935 "-" "check_http/v1.4.14 (nagios-plugins 1.4.14)"
88.198.68.42 - - [12/Mar/2011:01:07:41 +0100] "GET / HTTP/1.1" 200 935 "-" "check_http/v1.4.14 (nagios-plugins 1.4.14)"
88.198.68.42 - - [12/Mar/2011:01:12:41 +0100] "GET / HTTP/1.1" 200 935 "-" "check_http/v1.4.14 (nagios-plugins 1.4.14)"
88.198.68.42 - - [12/Mar/2011:01:17:41 +0100] "GET / HTTP/1.1" 200 935 "-" "check_http/v1.4.14 (nagios-plugins 1.4.14)"
88.198.68.42 - - [12/Mar/2011:01:22:41 +0100] "GET / HTTP/1.1" 200 935 "-" "check_http/v1.4.14 (nagios-plugins 1.4.14)"
88.198.68.42 - - [12/Mar/2011:01:27:41 +0100] "GET / HTTP/1.1" 200 935 "-" "check_http/v1.4.14 (nagios-plugins 1.4.14)"
88.198.68.42 - - [12/Mar/2011:01:32:41 +0100] "GET / HTTP/1.1" 200 935 "-" "check_http/v1.4.14 (nagios-plugins 1.4.14)"
88.198.68.42 - - [12/Mar/2011:01:37:41 +0100] "GET / HTTP/1.1" 200 935 "-" "check_http/v1.4.14 (nagios-plugins 1.4.14)"
88.198.68.42 - - [12/Mar/2011:01:42:41 +0100] "GET / HTTP/1.1" 200 935 "-" "check_http/v1.4.14 (nagios-plugins 1.4.14)"
88.198.68.42 - - [12/Mar/2011:01:47:41 +0100] "GET / HTTP/1.1" 200 935 "-" "check_http/v1.4.14 (nagios-plugins 1.4.14)"
88.198.68.42 - - [12/Mar/2011:01:52:41 +0100] "GET / HTTP/1.1" 200 935 "-" "check_http/v1.4.14 (nagios-plugins 1.4.14)"
88.198.68.42 - - [12/Mar/2011:01:57:41 +0100] "GET / HTTP/1.1" 200 935 "-" "check_http/v1.4.14 (nagios-plugins 1.4.14)"
88.198.68.42 - - [12/Mar/2011:02:02:41 +0100] "GET / HTTP/1.1" 200 935 "-" "check_http/v1.4.14 (nagios-plugins 1.4.14)"
88.198.68.42 - - [12/Mar/2011:02:07:41 +0100] "GET / HTTP/1.1" 200 935 "-" "check_http/v1.4.14 (nagios-plugins 1.4.14)"
88.198.68.42 - - [12/Mar/2011:02:12:41 +0100] "GET / HTTP/1.1" 200 935 "-" "check_http/v1.4.14 (nagios-plugins 1.4.14)"
88.198.68.42 - - [12/Mar/2011:02:17:41 +0100] "GET / HTTP/1.1" 200 935 "-" "check_http/v1.4.14 (nagios-plugins 1.4.14)"
88.198.68.42 - - [12/Mar/2011:02:22:41 +0100] "GET / HTTP/1.1" 200 935 "-" "check_http/v1.4.14 (nagios-plugins 1.4.14)"
67.195.112.226 - - [12/Mar/2011:02:20:12 +0100] "GET /osgeolive/4.0.1/osgeolive-4.0.1-mini.iso HTTP/1.0" 200 144779728 "-" "Mozilla/5.0 (compatible; Yahoo! Slurp; http://help.yahoo.com/help/us/ysearch/slurp)"
67.195.112.226 - - [12/Mar/2011:02:20:11 +0100] "GET /osgeolive/4.0.1/osgeolive-4.0.1.iso HTTP/1.0" 200 145519656 "-" "Mozilla/5.0 (compatible; Yahoo! Slurp; http://help.yahoo.com/help/us/ysearch/slurp)"
88.198.68.42 - - [12/Mar/2011:02:27:41 +0100] "GET / HTTP/1.1" 200 935 "-" "check_http/v1.4.14 (nagios-plugins 1.4.14)"
88.198.68.42 - - [12/Mar/2011:02:32:41 +0100] "GET / HTTP/1.1" 200 935 "-" "check_http/v1.4.14 (nagios-plugins 1.4.14)"
88.198.68.42 - - [12/Mar/2011:02:37:41 +0100] "GET / HTTP/1.1" 200 935 "-" "check_http/v1.4.14 (nagios-plugins 1.4.14)"
88.198.68.42 - - [12/Mar/2011:02:42:41 +0100] "GET / HTTP/1.1" 200 935 "-" "check_http/v1.4.14 (nagios-plugins 1.4.14)"
88.198.68.42 - - [12/Mar/2011:02:47:41 +0100] "GET / HTTP/1.1" 200 935 "-" "check_http/v1.4.14 (nagios-plugins 1.4.14)"
88.198.68.42 - - [12/Mar/2011:02:52:41 +0100] "GET / HTTP/1.1" 200 935 "-" "check_http/v1.4.14 (nagios-plugins 1.4.14)"
88.198.68.42 - - [12/Mar/2011:02:57:41 +0100] "GET / HTTP/1.1" 200 935 "-" "check_http/v1.4.14 (nagios-plugins 1.4.14)"
88.198.68.42 - - [12/Mar/2011:03:02:41 +0100] "GET / HTTP/1.1" 200 935 "-" "check_http/v1.4.14 (nagios-plugins 1.4.14)"
88.198.68.42 - - [12/Mar/2011:03:07:41 +0100] "GET / HTTP/1.1" 200 935 "-" "check_http/v1.4.14 (nagios-plugins 1.4.14)"
88.198.68.42 - - [12/Mar/2011:03:12:41 +0100] "GET / HTTP/1.1" 200 935 "-" "check_http/v1.4.14 (nagios-plugins 1.4.14)"
88.198.68.42 - - [12/Mar/2011:03:17:41 +0100] "GET / HTTP/1.1" 200 935 "-" "check_http/v1.4.14 (nagios-plugins 1.4.14)"
88.198.68.42 - - [12/Mar/2011:03:22:41 +0100] "GET / HTTP/1.1" 200 935 "-" "check_http/v1.4.14 (nagios-plugins 1.4.14)"
88.198.68.42 - - [12/Mar/2011:03:27:41 +0100] "GET / HTTP/1.1" 200 935 "-" "check_http/v1.4.14 (nagios-plugins 1.4.14)"
88.198.68.42 - - [12/Mar/2011:03:32:41 +0100] "GET / HTTP/1.1" 200 935 "-" "check_http/v1.4.14 (nagios-plugins 1.4.14)"
88.198.68.42 - - [12/Mar/2011:03:37:41 +0100] "GET / HTTP/1.1" 200 935 "-" "check_http/v1.4.14 (nagios-plugins 1.4.14)"
88.198.68.42 - - [12/Mar/2011:03:42:41 +0100] "GET / HTTP/1.1" 200 935 "-" "check_http/v1.4.14 (nagios-plugins 1.4.14)"
88.198.68.42 - - [12/Mar/2011:03:47:41 +0100] "GET / HTTP/1.1" 200 935 "-" "check_http/v1.4.14 (nagios-plugins 1.4.14)"
88.198.68.42 - - [12/Mar/2011:03:52:41 +0100] "GET / HTTP/1.1" 200 935 "-" "check_http/v1.4.14 (nagios-plugins 1.4.14)"
88.198.68.42 - - [12/Mar/2011:03:57:41 +0100] "GET / HTTP/1.1" 200 935 "-" "check_http/v1.4.14 (nagios-plugins 1.4.14)"
88.198.68.42 - - [12/Mar/2011:04:02:41 +0100] "GET / HTTP/1.1" 200 935 "-" "check_http/v1.4.14 (nagios-plugins 1.4.14)"
88.198.68.42 - - [12/Mar/2011:04:07:41 +0100] "GET / HTTP/1.1" 200 935 "-" "check_http/v1.4.14 (nagios-plugins 1.4.14)"
88.198.68.42 - - [12/Mar/2011:04:12:41 +0100] "GET / HTTP/1.1" 200 935 "-" "check_http/v1.4.14 (nagios-plugins 1.4.14)"
67.195.112.226 - - [12/Mar/2011:04:13:21 +0100] "GET / HTTP/1.0" 200 619 "-" "Mozilla/5.0 (compatible; Yahoo! Slurp; http://help.yahoo.com/help/us/ysearch/slurp)"
88.198.68.42 - - [12/Mar/2011:04:17:41 +0100] "GET / HTTP/1.1" 200 935 "-" "check_http/v1.4.14 (nagios-plugins 1.4.14)"
88.198.68.42 - - [12/Mar/2011:04:22:41 +0100] "GET / HTTP/1.1" 200 935 "-" "check_http/v1.4.14 (nagios-plugins 1.4.14)"
88.198.68.42 - - [12/Mar/2011:04:27:41 +0100] "GET / HTTP/1.1" 200 935 "-" "check_http/v1.4.14 (nagios-plugins 1.4.14)"
88.198.68.42 - - [12/Mar/2011:04:32:41 +0100] "GET / HTTP/1.1" 200 935 "-" "check_http/v1.4.14 (nagios-plugins 1.4.14)"
88.198.68.42 - - [12/Mar/2011:04:37:41 +0100] "GET / HTTP/1.1" 200 935 "-" "check_http/v1.4.14 (nagios-plugins 1.4.14)"
88.198.68.42 - - [12/Mar/2011:04:42:41 +0100] "GET / HTTP/1.1" 200 935 "-" "check_http/v1.4.14 (nagios-plugins 1.4.14)"
88.198.68.42 - - [12/Mar/2011:04:47:41 +0100] "GET / HTTP/1.1" 200 935 "-" "check_http/v1.4.14 (nagios-plugins 1.4.14)"
88.198.68.42 - - [12/Mar/2011:04:52:41 +0100] "GET / HTTP/1.1" 200 935 "-" "check_http/v1.4.14 (nagios-plugins 1.4.14)"
88.198.68.42 - - [12/Mar/2011:04:57:41 +0100] "GET / HTTP/1.1" 200 935 "-" "check_http/v1.4.14 (nagios-plugins 1.4.14)"
88.198.68.42 - - [12/Mar/2011:05:02:41 +0100] "GET / HTTP/1.1" 200 935 "-" "check_http/v1.4.14 (nagios-plugins 1.4.14)"
88.198.68.42 - - [12/Mar/2011:05:07:41 +0100] "GET / HTTP/1.1" 200 935 "-" "check_http/v1.4.14 (nagios-plugins 1.4.14)"
