109.92.220.230 - - [08/Mar/2011:16:15:17 +0100] "GET /osgeolive/4.0.1/osgeolive-4.0.1-mini.iso HTTP/1.1" 206 12600 "http://mirror.wikisquare.de/osgeolive/4.0.1/" "FDM 3.x"
109.92.220.230 - - [08/Mar/2011:16:15:18 +0100] "GET /osgeolive/4.0.1/osgeolive-4.0.1-mini.iso HTTP/1.1" 206 12600 "http://mirror.wikisquare.de/osgeolive/4.0.1/" "FDM 3.x"
109.92.220.230 - - [08/Mar/2011:16:15:19 +0100] "GET /osgeolive/4.0.1/osgeolive-4.0.1-mini.iso HTTP/1.1" 206 12600 "http://mirror.wikisquare.de/osgeolive/4.0.1/" "FDM 3.x"
109.92.220.230 - - [08/Mar/2011:16:15:21 +0100] "GET /osgeolive/4.0.1/osgeolive-4.0.1-mini.iso HTTP/1.1" 206 12600 "http://mirror.wikisquare.de/osgeolive/4.0.1/" "FDM 3.x"
109.92.220.230 - - [08/Mar/2011:16:15:24 +0100] "GET /osgeolive/4.0.1/osgeolive-4.0.1-mini.iso HTTP/1.1" 206 12600 "http://mirror.wikisquare.de/osgeolive/4.0.1/" "FDM 3.x"
109.92.220.230 - - [08/Mar/2011:16:15:27 +0100] "GET /osgeolive/4.0.1/osgeolive-4.0.1-mini.iso HTTP/1.1" 206 12600 "http://mirror.wikisquare.de/osgeolive/4.0.1/" "FDM 3.x"
109.92.220.230 - - [08/Mar/2011:16:15:31 +0100] "GET /osgeolive/4.0.1/osgeolive-4.0.1-mini.iso HTTP/1.1" 206 12600 "http://mirror.wikisquare.de/osgeolive/4.0.1/" "FDM 3.x"
88.198.68.42 - - [08/Mar/2011:16:16:24 +0100] "GET / HTTP/1.1" 200 935 "-" "check_http/v1.4.14 (nagios-plugins 1.4.14)"
88.198.68.42 - - [08/Mar/2011:16:21:24 +0100] "GET / HTTP/1.1" 200 935 "-" "check_http/v1.4.14 (nagios-plugins 1.4.14)"
88.198.68.42 - - [08/Mar/2011:16:26:24 +0100] "GET / HTTP/1.1" 200 935 "-" "check_http/v1.4.14 (nagios-plugins 1.4.14)"
88.198.68.42 - - [08/Mar/2011:16:31:24 +0100] "GET / HTTP/1.1" 200 935 "-" "check_http/v1.4.14 (nagios-plugins 1.4.14)"
88.198.68.42 - - [08/Mar/2011:16:36:24 +0100] "GET / HTTP/1.1" 200 935 "-" "check_http/v1.4.14 (nagios-plugins 1.4.14)"
88.198.68.42 - - [08/Mar/2011:16:41:24 +0100] "GET / HTTP/1.1" 200 935 "-" "check_http/v1.4.14 (nagios-plugins 1.4.14)"
88.198.68.42 - - [08/Mar/2011:16:46:24 +0100] "GET / HTTP/1.1" 200 935 "-" "check_http/v1.4.14 (nagios-plugins 1.4.14)"
88.198.68.42 - - [08/Mar/2011:16:51:24 +0100] "GET / HTTP/1.1" 200 935 "-" "check_http/v1.4.14 (nagios-plugins 1.4.14)"
88.198.68.42 - - [08/Mar/2011:16:56:24 +0100] "GET / HTTP/1.1" 200 935 "-" "check_http/v1.4.14 (nagios-plugins 1.4.14)"
88.198.68.42 - - [08/Mar/2011:17:01:24 +0100] "GET / HTTP/1.1" 200 935 "-" "check_http/v1.4.14 (nagios-plugins 1.4.14)"
109.92.220.230 - - [08/Mar/2011:16:15:34 +0100] "GET /osgeolive/4.0.1/osgeolive-4.0.1-mini.iso HTTP/1.1" 206 103397000 "http://mirror.wikisquare.de/osgeolive/4.0.1/" "FDM 3.x"
109.92.220.230 - - [08/Mar/2011:16:15:22 +0100] "GET /osgeolive/4.0.1/osgeolive-4.0.1-mini.iso HTTP/1.1" 206 104335000 "http://mirror.wikisquare.de/osgeolive/4.0.1/" "FDM 3.x"
109.92.220.230 - - [08/Mar/2011:16:15:25 +0100] "GET /osgeolive/4.0.1/osgeolive-4.0.1-mini.iso HTTP/1.1" 206 103646200 "http://mirror.wikisquare.de/osgeolive/4.0.1/" "FDM 3.x"
109.92.220.230 - - [08/Mar/2011:16:15:20 +0100] "GET /osgeolive/4.0.1/osgeolive-4.0.1-mini.iso HTTP/1.1" 206 105460600 "http://mirror.wikisquare.de/osgeolive/4.0.1/" "FDM 3.x"
109.92.220.230 - - [08/Mar/2011:16:15:18 +0100] "GET /osgeolive/4.0.1/osgeolive-4.0.1-mini.iso HTTP/1.1" 206 104025600 "http://mirror.wikisquare.de/osgeolive/4.0.1/" "FDM 3.x"
109.92.220.230 - - [08/Mar/2011:16:15:16 +0100] "GET /osgeolive/4.0.1/osgeolive-4.0.1-mini.iso HTTP/1.1" 206 104812400 "http://mirror.wikisquare.de/osgeolive/4.0.1/" "FDM 3.x"
109.92.220.230 - - [08/Mar/2011:16:15:17 +0100] "GET /osgeolive/4.0.1/osgeolive-4.0.1-mini.iso HTTP/1.1" 206 104525400 "http://mirror.wikisquare.de/osgeolive/4.0.1/" "FDM 3.x"
109.92.220.230 - - [08/Mar/2011:16:15:17 +0100] "GET /osgeolive/4.0.1/osgeolive-4.0.1-mini.iso HTTP/1.1" 206 104767600 "http://mirror.wikisquare.de/osgeolive/4.0.1/" "FDM 3.x"
109.92.220.230 - - [08/Mar/2011:16:15:16 +0100] "GET /osgeolive/4.0.1/osgeolive-4.0.1-mini.iso HTTP/1.1" 206 105513800 "http://mirror.wikisquare.de/osgeolive/4.0.1/" "FDM 3.x"
109.92.220.230 - - [08/Mar/2011:16:15:29 +0100] "GET /osgeolive/4.0.1/osgeolive-4.0.1-mini.iso HTTP/1.1" 206 104316800 "http://mirror.wikisquare.de/osgeolive/4.0.1/" "FDM 3.x"
88.198.68.42 - - [08/Mar/2011:17:06:24 +0100] "GET / HTTP/1.1" 200 935 "-" "check_http/v1.4.14 (nagios-plugins 1.4.14)"
88.198.68.42 - - [08/Mar/2011:17:11:24 +0100] "GET / HTTP/1.1" 200 935 "-" "check_http/v1.4.14 (nagios-plugins 1.4.14)"
88.198.68.42 - - [08/Mar/2011:17:16:24 +0100] "GET / HTTP/1.1" 200 935 "-" "check_http/v1.4.14 (nagios-plugins 1.4.14)"
109.92.220.230 - - [08/Mar/2011:17:17:32 +0100] "GET /osgeolive/4.0.1/osgeolive-4.0.1-mini.iso HTTP/1.1" 206 12600 "http://mirror.wikisquare.de/osgeolive/4.0.1/" "FDM 3.x"
109.92.220.230 - - [08/Mar/2011:17:17:33 +0100] "GET /osgeolive/4.0.1/osgeolive-4.0.1-mini.iso HTTP/1.1" 206 12600 "http://mirror.wikisquare.de/osgeolive/4.0.1/" "FDM 3.x"
109.92.220.230 - - [08/Mar/2011:17:17:33 +0100] "GET /osgeolive/4.0.1/osgeolive-4.0.1-mini.iso HTTP/1.1" 206 12600 "http://mirror.wikisquare.de/osgeolive/4.0.1/" "FDM 3.x"
109.92.220.230 - - [08/Mar/2011:17:17:33 +0100] "GET /osgeolive/4.0.1/osgeolive-4.0.1-mini.iso HTTP/1.1" 206 12600 "http://mirror.wikisquare.de/osgeolive/4.0.1/" "FDM 3.x"
109.92.220.230 - - [08/Mar/2011:17:17:34 +0100] "GET /osgeolive/4.0.1/osgeolive-4.0.1-mini.iso HTTP/1.1" 206 12600 "http://mirror.wikisquare.de/osgeolive/4.0.1/" "FDM 3.x"
109.92.220.230 - - [08/Mar/2011:17:17:35 +0100] "GET /osgeolive/4.0.1/osgeolive-4.0.1-mini.iso HTTP/1.1" 206 12600 "http://mirror.wikisquare.de/osgeolive/4.0.1/" "FDM 3.x"
109.92.220.230 - - [08/Mar/2011:17:17:37 +0100] "GET /osgeolive/4.0.1/osgeolive-4.0.1-mini.iso HTTP/1.1" 206 12600 "http://mirror.wikisquare.de/osgeolive/4.0.1/" "FDM 3.x"
109.92.220.230 - - [08/Mar/2011:17:17:40 +0100] "GET /osgeolive/4.0.1/osgeolive-4.0.1-mini.iso HTTP/1.1" 206 12600 "http://mirror.wikisquare.de/osgeolive/4.0.1/" "FDM 3.x"
109.92.220.230 - - [08/Mar/2011:17:17:44 +0100] "GET /osgeolive/4.0.1/osgeolive-4.0.1-mini.iso HTTP/1.1" 206 12600 "http://mirror.wikisquare.de/osgeolive/4.0.1/" "FDM 3.x"
109.92.220.230 - - [08/Mar/2011:17:17:49 +0100] "GET /osgeolive/4.0.1/osgeolive-4.0.1-mini.iso HTTP/1.1" 206 12600 "http://mirror.wikisquare.de/osgeolive/4.0.1/" "FDM 3.x"
67.195.112.226 - - [08/Mar/2011:17:17:54 +0100] "GET /?C=M;O=A HTTP/1.0" 200 619 "-" "Mozilla/5.0 (compatible; Yahoo! Slurp; http://help.yahoo.com/help/us/ysearch/slurp)"
88.198.68.42 - - [08/Mar/2011:17:21:24 +0100] "GET / HTTP/1.1" 200 935 "-" "check_http/v1.4.14 (nagios-plugins 1.4.14)"
109.92.220.230 - - [08/Mar/2011:17:17:46 +0100] "GET /osgeolive/4.0.1/osgeolive-4.0.1-mini.iso HTTP/1.1" 206 30870000 "http://mirror.wikisquare.de/osgeolive/4.0.1/" "FDM 3.x"
109.92.220.230 - - [08/Mar/2011:17:22:46 +0100] "GET /osgeolive/4.0.1/osgeolive-4.0.1-mini.iso HTTP/1.1" 206 12600 "http://mirror.wikisquare.de/osgeolive/4.0.1/" "FDM 3.x"
109.92.220.230 - - [08/Mar/2011:17:17:52 +0100] "GET /osgeolive/4.0.1/osgeolive-4.0.1-mini.iso HTTP/1.1" 206 43324400 "http://mirror.wikisquare.de/osgeolive/4.0.1/" "FDM 3.x"
109.92.220.230 - - [08/Mar/2011:17:26:08 +0100] "GET /osgeolive/4.0.1/osgeolive-4.0.1-mini.iso HTTP/1.1" 206 12600 "http://mirror.wikisquare.de/osgeolive/4.0.1/" "FDM 3.x"
88.198.68.42 - - [08/Mar/2011:17:26:24 +0100] "GET / HTTP/1.1" 200 935 "-" "check_http/v1.4.14 (nagios-plugins 1.4.14)"
109.92.220.230 - - [08/Mar/2011:17:17:38 +0100] "GET /osgeolive/4.0.1/osgeolive-4.0.1-mini.iso HTTP/1.1" 206 38782800 "http://mirror.wikisquare.de/osgeolive/4.0.1/" "FDM 3.x"
109.92.220.230 - - [08/Mar/2011:17:28:27 +0100] "GET /osgeolive/4.0.1/osgeolive-4.0.1-mini.iso HTTP/1.1" 206 12600 "http://mirror.wikisquare.de/osgeolive/4.0.1/" "FDM 3.x"
88.198.68.42 - - [08/Mar/2011:17:31:24 +0100] "GET / HTTP/1.1" 200 935 "-" "check_http/v1.4.14 (nagios-plugins 1.4.14)"
109.92.220.230 - - [08/Mar/2011:17:17:36 +0100] "GET /osgeolive/4.0.1/osgeolive-4.0.1-mini.iso HTTP/1.1" 206 62403600 "http://mirror.wikisquare.de/osgeolive/4.0.1/" "FDM 3.x"
109.92.220.230 - - [08/Mar/2011:17:33:55 +0100] "GET /osgeolive/4.0.1/osgeolive-4.0.1-mini.iso HTTP/1.1" 206 12600 "http://mirror.wikisquare.de/osgeolive/4.0.1/" "FDM 3.x"
88.198.68.42 - - [08/Mar/2011:17:36:24 +0100] "GET / HTTP/1.1" 200 935 "-" "check_http/v1.4.14 (nagios-plugins 1.4.14)"
88.198.68.42 - - [08/Mar/2011:17:41:24 +0100] "GET / HTTP/1.1" 200 935 "-" "check_http/v1.4.14 (nagios-plugins 1.4.14)"
88.198.68.42 - - [08/Mar/2011:17:46:24 +0100] "GET / HTTP/1.1" 200 935 "-" "check_http/v1.4.14 (nagios-plugins 1.4.14)"
88.198.68.42 - - [08/Mar/2011:17:51:24 +0100] "GET / HTTP/1.1" 200 935 "-" "check_http/v1.4.14 (nagios-plugins 1.4.14)"
77.88.28.246 - - [08/Mar/2011:17:52:39 +0100] "GET /osgeolive/index.html%3fC=N%3bO=A HTTP/1.1" 403 517 "-" "Mozilla/5.0 (compatible; YandexBot/3.0; +http://yandex.com/bots)"
66.249.66.132 - - [08/Mar/2011:17:53:10 +0100] "GET /robots.txt HTTP/1.1" 404 499 "-" "Mozilla/5.0 (compatible; Googlebot/2.1; +http://www.google.com/bot.html)"
66.249.66.132 - - [08/Mar/2011:17:53:10 +0100] "GET /osgeolive/ HTTP/1.1" 200 807 "-" "Mozilla/5.0 (compatible; Googlebot/2.1; +http://www.google.com/bot.html)"
109.92.220.230 - - [08/Mar/2011:17:17:42 +0100] "GET /osgeolive/4.0.1/osgeolive-4.0.1-mini.iso HTTP/1.1" 206 253120000 "http://mirror.wikisquare.de/osgeolive/4.0.1/" "FDM 3.x"
109.92.220.230 - - [08/Mar/2011:17:56:05 +0100] "GET /osgeolive/4.0.1/osgeolive-4.0.1-mini.iso HTTP/1.1" 206 12600 "http://mirror.wikisquare.de/osgeolive/4.0.1/" "FDM 3.x"
88.198.68.42 - - [08/Mar/2011:17:56:24 +0100] "GET / HTTP/1.1" 200 935 "-" "check_http/v1.4.14 (nagios-plugins 1.4.14)"
88.198.68.42 - - [08/Mar/2011:18:01:24 +0100] "GET / HTTP/1.1" 200 935 "-" "check_http/v1.4.14 (nagios-plugins 1.4.14)"
88.198.68.42 - - [08/Mar/2011:18:06:24 +0100] "GET / HTTP/1.1" 200 935 "-" "check_http/v1.4.14 (nagios-plugins 1.4.14)"
109.92.220.230 - - [08/Mar/2011:17:17:34 +0100] "GET /osgeolive/4.0.1/osgeolive-4.0.1-mini.iso HTTP/1.1" 206 165775400 "http://mirror.wikisquare.de/osgeolive/4.0.1/" "FDM 3.x"
109.92.220.230 - - [08/Mar/2011:17:17:35 +0100] "GET /osgeolive/4.0.1/osgeolive-4.0.1-mini.iso HTTP/1.1" 206 229500600 "http://mirror.wikisquare.de/osgeolive/4.0.1/" "FDM 3.x"
109.92.220.230 - - [08/Mar/2011:18:07:46 +0100] "GET /osgeolive/4.0.1/osgeolive-4.0.1-mini.iso HTTP/1.1" 206 12600 "http://mirror.wikisquare.de/osgeolive/4.0.1/" "FDM 3.x"
109.92.220.230 - - [08/Mar/2011:18:07:53 +0100] "GET /osgeolive/4.0.1/osgeolive-4.0.1-mini.iso HTTP/1.1" 206 12600 "http://mirror.wikisquare.de/osgeolive/4.0.1/" "FDM 3.x"
66.249.66.132 - - [08/Mar/2011:18:08:01 +0100] "GET /osgeolive/4.0.1/osgeolive-4.0.1.iso.md5 HTTP/1.1" 200 347 "-" "Mozilla/5.0 (compatible; Googlebot/2.1; +http://www.google.com/bot.html)"
88.198.68.42 - - [08/Mar/2011:18:11:24 +0100] "GET / HTTP/1.1" 200 935 "-" "check_http/v1.4.14 (nagios-plugins 1.4.14)"
109.92.220.230 - - [08/Mar/2011:17:17:33 +0100] "GET /osgeolive/4.0.1/osgeolive-4.0.1-mini.iso HTTP/1.1" 206 160687800 "http://mirror.wikisquare.de/osgeolive/4.0.1/" "FDM 3.x"
88.198.68.42 - - [08/Mar/2011:18:16:24 +0100] "GET / HTTP/1.1" 200 935 "-" "check_http/v1.4.14 (nagios-plugins 1.4.14)"
109.92.220.230 - - [08/Mar/2011:18:16:25 +0100] "GET /osgeolive/4.0.1/osgeolive-4.0.1-mini.iso HTTP/1.1" 206 12600 "http://mirror.wikisquare.de/osgeolive/4.0.1/" "FDM 3.x"
88.198.68.42 - - [08/Mar/2011:18:21:24 +0100] "GET / HTTP/1.1" 200 935 "-" "check_http/v1.4.14 (nagios-plugins 1.4.14)"
88.198.68.42 - - [08/Mar/2011:18:26:24 +0100] "GET / HTTP/1.1" 200 935 "-" "check_http/v1.4.14 (nagios-plugins 1.4.14)"
66.249.66.132 - - [08/Mar/2011:18:27:35 +0100] "GET /osgeolive/4.0.1/osgeolive-4.0.1-mini.iso.md5 HTTP/1.1" 200 352 "-" "Mozilla/5.0 (compatible; Googlebot/2.1; +http://www.google.com/bot.html)"
109.92.220.230 - - [08/Mar/2011:17:22:51 +0100] "GET /osgeolive/4.0.1/osgeolive-4.0.1-mini.iso HTTP/1.1" 206 103423600 "http://mirror.wikisquare.de/osgeolive/4.0.1/" "FDM 3.x"
109.92.220.230 - - [08/Mar/2011:18:28:22 +0100] "GET /osgeolive/4.0.1/osgeolive-4.0.1-mini.iso HTTP/1.1" 206 12600 "http://mirror.wikisquare.de/osgeolive/4.0.1/" "FDM 3.x"
109.92.220.230 - - [08/Mar/2011:17:26:14 +0100] "GET /osgeolive/4.0.1/osgeolive-4.0.1-mini.iso HTTP/1.1" 206 100877000 "http://mirror.wikisquare.de/osgeolive/4.0.1/" "FDM 3.x"
109.92.220.230 - - [08/Mar/2011:18:28:31 +0100] "GET /osgeolive/4.0.1/osgeolive-4.0.1-mini.iso HTTP/1.1" 206 12600 "http://mirror.wikisquare.de/osgeolive/4.0.1/" "FDM 3.x"
109.92.220.230 - - [08/Mar/2011:18:07:56 +0100] "GET /osgeolive/4.0.1/osgeolive-4.0.1-mini.iso HTTP/1.1" 206 48666800 "http://mirror.wikisquare.de/osgeolive/4.0.1/" "FDM 3.x"
109.92.220.230 - - [08/Mar/2011:18:28:35 +0100] "GET /osgeolive/4.0.1/osgeolive-4.0.1-mini.iso HTTP/1.1" 206 12600 "http://mirror.wikisquare.de/osgeolive/4.0.1/" "FDM 3.x"
109.92.220.230 - - [08/Mar/2011:18:07:50 +0100] "GET /osgeolive/4.0.1/osgeolive-4.0.1-mini.iso HTTP/1.1" 206 49204400 "http://mirror.wikisquare.de/osgeolive/4.0.1/" "FDM 3.x"
109.92.220.230 - - [08/Mar/2011:18:28:39 +0100] "GET /osgeolive/4.0.1/osgeolive-4.0.1-mini.iso HTTP/1.1" 206 12600 "http://mirror.wikisquare.de/osgeolive/4.0.1/" "FDM 3.x"
109.92.220.230 - - [08/Mar/2011:17:56:07 +0100] "GET /osgeolive/4.0.1/osgeolive-4.0.1-mini.iso HTTP/1.1" 206 70013073 "http://mirror.wikisquare.de/osgeolive/4.0.1/" "FDM 3.x"
109.92.220.230 - - [08/Mar/2011:18:30:09 +0100] "GET /osgeolive/4.0.1/osgeolive-4.0.1-mini.iso HTTP/1.1" 206 12600 "http://mirror.wikisquare.de/osgeolive/4.0.1/" "FDM 3.x"
109.92.220.230 - - [08/Mar/2011:18:28:40 +0100] "GET /osgeolive/4.0.1/osgeolive-4.0.1-mini.iso HTTP/1.1" 206 11048800 "http://mirror.wikisquare.de/osgeolive/4.0.1/" "FDM 3.x"
109.92.220.230 - - [08/Mar/2011:18:28:37 +0100] "GET /osgeolive/4.0.1/osgeolive-4.0.1-mini.iso HTTP/1.1" 206 11046000 "http://mirror.wikisquare.de/osgeolive/4.0.1/" "FDM 3.x"
109.92.220.230 - - [08/Mar/2011:18:30:45 +0100] "GET /osgeolive/4.0.1/osgeolive-4.0.1-mini.iso HTTP/1.1" 206 12600 "http://mirror.wikisquare.de/osgeolive/4.0.1/" "FDM 3.x"
109.92.220.230 - - [08/Mar/2011:18:30:51 +0100] "GET /osgeolive/4.0.1/osgeolive-4.0.1-mini.iso HTTP/1.1" 206 12600 "http://mirror.wikisquare.de/osgeolive/4.0.1/" "FDM 3.x"
109.92.220.230 - - [08/Mar/2011:18:28:25 +0100] "GET /osgeolive/4.0.1/osgeolive-4.0.1-mini.iso HTTP/1.1" 206 11074000 "http://mirror.wikisquare.de/osgeolive/4.0.1/" "FDM 3.x"
109.92.220.230 - - [08/Mar/2011:18:31:01 +0100] "GET /osgeolive/4.0.1/osgeolive-4.0.1-mini.iso HTTP/1.1" 206 12600 "http://mirror.wikisquare.de/osgeolive/4.0.1/" "FDM 3.x"
88.198.68.42 - - [08/Mar/2011:18:31:24 +0100] "GET / HTTP/1.1" 200 935 "-" "check_http/v1.4.14 (nagios-plugins 1.4.14)"
109.92.220.230 - - [08/Mar/2011:18:28:33 +0100] "GET /osgeolive/4.0.1/osgeolive-4.0.1-mini.iso HTTP/1.1" 206 14348600 "http://mirror.wikisquare.de/osgeolive/4.0.1/" "FDM 3.x"
109.92.220.230 - - [08/Mar/2011:18:31:47 +0100] "GET /osgeolive/4.0.1/osgeolive-4.0.1-mini.iso HTTP/1.1" 206 12600 "http://mirror.wikisquare.de/osgeolive/4.0.1/" "FDM 3.x"
109.92.220.230 - - [08/Mar/2011:18:30:14 +0100] "GET /osgeolive/4.0.1/osgeolive-4.0.1-mini.iso HTTP/1.1" 206 9093000 "http://mirror.wikisquare.de/osgeolive/4.0.1/" "FDM 3.x"
109.92.220.230 - - [08/Mar/2011:18:32:03 +0100] "GET /osgeolive/4.0.1/osgeolive-4.0.1-mini.iso HTTP/1.1" 206 12600 "http://mirror.wikisquare.de/osgeolive/4.0.1/" "FDM 3.x"
109.92.220.230 - - [08/Mar/2011:18:30:55 +0100] "GET /osgeolive/4.0.1/osgeolive-4.0.1-mini.iso HTTP/1.1" 206 5397000 "http://mirror.wikisquare.de/osgeolive/4.0.1/" "FDM 3.x"
109.92.220.230 - - [08/Mar/2011:18:32:18 +0100] "GET /osgeolive/4.0.1/osgeolive-4.0.1-mini.iso HTTP/1.1" 206 12600 "http://mirror.wikisquare.de/osgeolive/4.0.1/" "FDM 3.x"
109.92.220.230 - - [08/Mar/2011:17:17:32 +0100] "GET /osgeolive/4.0.1/osgeolive-4.0.1-mini.iso HTTP/1.1" 206 121156000 "http://mirror.wikisquare.de/osgeolive/4.0.1/" "FDM 3.x"
109.92.220.230 - - [08/Mar/2011:18:32:27 +0100] "GET /osgeolive/4.0.1/osgeolive-4.0.1-mini.iso HTTP/1.1" 206 12600 "http://mirror.wikisquare.de/osgeolive/4.0.1/" "FDM 3.x"
109.92.220.230 - - [08/Mar/2011:18:30:48 +0100] "GET /osgeolive/4.0.1/osgeolive-4.0.1-mini.iso HTTP/1.1" 206 7645400 "http://mirror.wikisquare.de/osgeolive/4.0.1/" "FDM 3.x"
109.92.220.230 - - [08/Mar/2011:18:32:36 +0100] "GET /osgeolive/4.0.1/osgeolive-4.0.1-mini.iso HTTP/1.1" 206 12600 "http://mirror.wikisquare.de/osgeolive/4.0.1/" "FDM 3.x"
109.92.220.230 - - [08/Mar/2011:18:31:50 +0100] "GET /osgeolive/4.0.1/osgeolive-4.0.1-mini.iso HTTP/1.1" 206 2304400 "http://mirror.wikisquare.de/osgeolive/4.0.1/" "FDM 3.x"
109.92.220.230 - - [08/Mar/2011:18:31:02 +0100] "GET /osgeolive/4.0.1/osgeolive-4.0.1-mini.iso HTTP/1.1" 206 4645851 "http://mirror.wikisquare.de/osgeolive/4.0.1/" "FDM 3.x"
109.92.220.230 - - [08/Mar/2011:18:32:41 +0100] "GET /osgeolive/4.0.1/osgeolive-4.0.1-mini.iso HTTP/1.1" 206 12600 "http://mirror.wikisquare.de/osgeolive/4.0.1/" "FDM 3.x"
109.92.220.230 - - [08/Mar/2011:18:32:07 +0100] "GET /osgeolive/4.0.1/osgeolive-4.0.1-mini.iso HTTP/1.1" 206 2749600 "http://mirror.wikisquare.de/osgeolive/4.0.1/" "FDM 3.x"
109.92.220.230 - - [08/Mar/2011:18:32:45 +0100] "GET /osgeolive/4.0.1/osgeolive-4.0.1-mini.iso HTTP/1.1" 206 12600 "http://mirror.wikisquare.de/osgeolive/4.0.1/" "FDM 3.x"
109.92.220.230 - - [08/Mar/2011:18:32:50 +0100] "GET /osgeolive/4.0.1/osgeolive-4.0.1-mini.iso HTTP/1.1" 206 12600 "http://mirror.wikisquare.de/osgeolive/4.0.1/" "FDM 3.x"
109.92.220.230 - - [08/Mar/2011:18:32:20 +0100] "GET /osgeolive/4.0.1/osgeolive-4.0.1-mini.iso HTTP/1.1" 206 1274000 "http://mirror.wikisquare.de/osgeolive/4.0.1/" "FDM 3.x"
109.92.220.230 - - [08/Mar/2011:18:32:32 +0100] "GET /osgeolive/4.0.1/osgeolive-4.0.1-mini.iso HTTP/1.1" 206 1730400 "http://mirror.wikisquare.de/osgeolive/4.0.1/" "FDM 3.x"
109.92.220.230 - - [08/Mar/2011:18:16:28 +0100] "GET /osgeolive/4.0.1/osgeolive-4.0.1-mini.iso HTTP/1.1" 206 35679000 "http://mirror.wikisquare.de/osgeolive/4.0.1/" "FDM 3.x"
109.92.220.230 - - [08/Mar/2011:18:32:55 +0100] "GET /osgeolive/4.0.1/osgeolive-4.0.1-mini.iso HTTP/1.1" 206 12600 "http://mirror.wikisquare.de/osgeolive/4.0.1/" "FDM 3.x"
109.92.220.230 - - [08/Mar/2011:18:32:43 +0100] "GET /osgeolive/4.0.1/osgeolive-4.0.1-mini.iso HTTP/1.1" 206 886200 "http://mirror.wikisquare.de/osgeolive/4.0.1/" "FDM 3.x"
109.92.220.230 - - [08/Mar/2011:18:32:39 +0100] "GET /osgeolive/4.0.1/osgeolive-4.0.1-mini.iso HTTP/1.1" 206 1292200 "http://mirror.wikisquare.de/osgeolive/4.0.1/" "FDM 3.x"
109.92.220.230 - - [08/Mar/2011:18:32:59 +0100] "GET /osgeolive/4.0.1/osgeolive-4.0.1-mini.iso HTTP/1.1" 206 12600 "http://mirror.wikisquare.de/osgeolive/4.0.1/" "FDM 3.x"
109.92.220.230 - - [08/Mar/2011:18:32:47 +0100] "GET /osgeolive/4.0.1/osgeolive-4.0.1-mini.iso HTTP/1.1" 206 669200 "http://mirror.wikisquare.de/osgeolive/4.0.1/" "FDM 3.x"
109.92.220.230 - - [08/Mar/2011:17:28:32 +0100] "GET /osgeolive/4.0.1/osgeolive-4.0.1-mini.iso HTTP/1.1" 206 105742000 "http://mirror.wikisquare.de/osgeolive/4.0.1/" "FDM 3.x"
109.92.220.230 - - [08/Mar/2011:17:33:57 +0100] "GET /osgeolive/4.0.1/osgeolive-4.0.1-mini.iso HTTP/1.1" 206 98200200 "http://mirror.wikisquare.de/osgeolive/4.0.1/" "FDM 3.x"
109.92.220.230 - - [08/Mar/2011:17:17:33 +0100] "GET /osgeolive/4.0.1/osgeolive-4.0.1-mini.iso HTTP/1.1" 206 148954400 "http://mirror.wikisquare.de/osgeolive/4.0.1/" "FDM 3.x"
109.92.220.230 - - [08/Mar/2011:18:32:52 +0100] "GET /osgeolive/4.0.1/osgeolive-4.0.1-mini.iso HTTP/1.1" 206 691600 "http://mirror.wikisquare.de/osgeolive/4.0.1/" "FDM 3.x"
109.92.220.230 - - [08/Mar/2011:18:32:57 +0100] "GET /osgeolive/4.0.1/osgeolive-4.0.1-mini.iso HTTP/1.1" 206 595000 "http://mirror.wikisquare.de/osgeolive/4.0.1/" "FDM 3.x"
109.92.220.230 - - [08/Mar/2011:18:33:00 +0100] "GET /osgeolive/4.0.1/osgeolive-4.0.1-mini.iso HTTP/1.1" 206 548800 "http://mirror.wikisquare.de/osgeolive/4.0.1/" "FDM 3.x"
88.198.68.42 - - [08/Mar/2011:18:36:24 +0100] "GET / HTTP/1.1" 200 935 "-" "check_http/v1.4.14 (nagios-plugins 1.4.14)"
88.198.68.42 - - [08/Mar/2011:18:41:24 +0100] "GET / HTTP/1.1" 200 935 "-" "check_http/v1.4.14 (nagios-plugins 1.4.14)"
88.198.68.42 - - [08/Mar/2011:18:46:24 +0100] "GET / HTTP/1.1" 200 935 "-" "check_http/v1.4.14 (nagios-plugins 1.4.14)"
88.198.68.42 - - [08/Mar/2011:18:51:24 +0100] "GET / HTTP/1.1" 200 935 "-" "check_http/v1.4.14 (nagios-plugins 1.4.14)"
88.198.68.42 - - [08/Mar/2011:18:56:24 +0100] "GET / HTTP/1.1" 200 935 "-" "check_http/v1.4.14 (nagios-plugins 1.4.14)"
88.198.68.42 - - [08/Mar/2011:19:01:24 +0100] "GET / HTTP/1.1" 200 935 "-" "check_http/v1.4.14 (nagios-plugins 1.4.14)"
88.198.68.42 - - [08/Mar/2011:19:06:24 +0100] "GET / HTTP/1.1" 200 935 "-" "check_http/v1.4.14 (nagios-plugins 1.4.14)"
88.198.68.42 - - [08/Mar/2011:19:11:24 +0100] "GET / HTTP/1.1" 200 935 "-" "check_http/v1.4.14 (nagios-plugins 1.4.14)"
88.198.68.42 - - [08/Mar/2011:19:16:24 +0100] "GET / HTTP/1.1" 200 935 "-" "check_http/v1.4.14 (nagios-plugins 1.4.14)"
88.198.68.42 - - [08/Mar/2011:19:21:24 +0100] "GET / HTTP/1.1" 200 935 "-" "check_http/v1.4.14 (nagios-plugins 1.4.14)"
88.198.68.42 - - [08/Mar/2011:19:26:24 +0100] "GET / HTTP/1.1" 200 935 "-" "check_http/v1.4.14 (nagios-plugins 1.4.14)"
86.162.184.237 - - [08/Mar/2011:19:28:04 +0100] "GET /osgeolive/4.0.1/ HTTP/1.1" 200 769 "http://download.osgeo.org/livedvd/" "Mozilla/5.0 (X11; Linux i686; rv:2.0b13pre) Gecko/20110303 Firefox/4.0b13pre"
86.162.184.237 - - [08/Mar/2011:19:28:04 +0100] "GET /icons/blank.gif HTTP/1.1" 200 424 "http://mirror.wikisquare.de/osgeolive/4.0.1/" "Mozilla/5.0 (X11; Linux i686; rv:2.0b13pre) Gecko/20110303 Firefox/4.0b13pre"
86.162.184.237 - - [08/Mar/2011:19:28:04 +0100] "GET /icons/unknown.gif HTTP/1.1" 200 522 "http://mirror.wikisquare.de/osgeolive/4.0.1/" "Mozilla/5.0 (X11; Linux i686; rv:2.0b13pre) Gecko/20110303 Firefox/4.0b13pre"
86.162.184.237 - - [08/Mar/2011:19:28:04 +0100] "GET /icons/back.gif HTTP/1.1" 200 493 "http://mirror.wikisquare.de/osgeolive/4.0.1/" "Mozilla/5.0 (X11; Linux i686; rv:2.0b13pre) Gecko/20110303 Firefox/4.0b13pre"
86.162.184.237 - - [08/Mar/2011:19:28:04 +0100] "GET /favicon.ico HTTP/1.1" 404 499 "-" "Mozilla/5.0 (X11; Linux i686; rv:2.0b13pre) Gecko/20110303 Firefox/4.0b13pre"
86.162.184.237 - - [08/Mar/2011:19:28:05 +0100] "GET /favicon.ico HTTP/1.1" 404 499 "-" "Mozilla/5.0 (X11; Linux i686; rv:2.0b13pre) Gecko/20110303 Firefox/4.0b13pre"
88.198.68.42 - - [08/Mar/2011:19:31:24 +0100] "GET / HTTP/1.1" 200 935 "-" "check_http/v1.4.14 (nagios-plugins 1.4.14)"
88.198.68.42 - - [08/Mar/2011:19:36:24 +0100] "GET / HTTP/1.1" 200 935 "-" "check_http/v1.4.14 (nagios-plugins 1.4.14)"
88.198.68.42 - - [08/Mar/2011:19:41:24 +0100] "GET / HTTP/1.1" 200 935 "-" "check_http/v1.4.14 (nagios-plugins 1.4.14)"
88.198.68.42 - - [08/Mar/2011:19:46:24 +0100] "GET / HTTP/1.1" 200 935 "-" "check_http/v1.4.14 (nagios-plugins 1.4.14)"
88.198.68.42 - - [08/Mar/2011:19:51:24 +0100] "GET / HTTP/1.1" 200 935 "-" "check_http/v1.4.14 (nagios-plugins 1.4.14)"
88.198.68.42 - - [08/Mar/2011:19:56:24 +0100] "GET / HTTP/1.1" 200 935 "-" "check_http/v1.4.14 (nagios-plugins 1.4.14)"
86.162.184.237 - - [08/Mar/2011:19:56:40 +0100] "GET /osgeolive/4.0.1/ HTTP/1.1" 200 769 "http://download.osgeo.org/livedvd/" "Mozilla/5.0 (X11; Linux i686; rv:2.0b13pre) Gecko/20110303 Firefox/4.0b13pre"
88.198.68.42 - - [08/Mar/2011:20:01:24 +0100] "GET / HTTP/1.1" 200 935 "-" "check_http/v1.4.14 (nagios-plugins 1.4.14)"
88.198.68.42 - - [08/Mar/2011:20:06:24 +0100] "GET / HTTP/1.1" 200 935 "-" "check_http/v1.4.14 (nagios-plugins 1.4.14)"
86.162.184.237 - - [08/Mar/2011:19:56:46 +0100] "GET /osgeolive/4.0.1/osgeolive-4.0.1.iso HTTP/1.1" 200 135240304 "http://mirror.wikisquare.de/osgeolive/4.0.1/" "Mozilla/5.0 (X11; Linux i686; rv:2.0b13pre) Gecko/20110303 Firefox/4.0b13pre"
88.198.68.42 - - [08/Mar/2011:20:11:24 +0100] "GET / HTTP/1.1" 200 935 "-" "check_http/v1.4.14 (nagios-plugins 1.4.14)"
88.198.68.42 - - [08/Mar/2011:20:16:24 +0100] "GET / HTTP/1.1" 200 935 "-" "check_http/v1.4.14 (nagios-plugins 1.4.14)"
88.198.68.42 - - [08/Mar/2011:20:21:24 +0100] "GET / HTTP/1.1" 200 935 "-" "check_http/v1.4.14 (nagios-plugins 1.4.14)"
88.198.68.42 - - [08/Mar/2011:20:26:24 +0100] "GET / HTTP/1.1" 200 935 "-" "check_http/v1.4.14 (nagios-plugins 1.4.14)"
88.198.68.42 - - [08/Mar/2011:20:31:24 +0100] "GET / HTTP/1.1" 200 935 "-" "check_http/v1.4.14 (nagios-plugins 1.4.14)"
88.198.68.42 - - [08/Mar/2011:20:36:24 +0100] "GET / HTTP/1.1" 200 935 "-" "check_http/v1.4.14 (nagios-plugins 1.4.14)"
88.198.68.42 - - [08/Mar/2011:20:41:24 +0100] "GET / HTTP/1.1" 200 935 "-" "check_http/v1.4.14 (nagios-plugins 1.4.14)"
88.198.68.42 - - [08/Mar/2011:20:46:24 +0100] "GET / HTTP/1.1" 200 935 "-" "check_http/v1.4.14 (nagios-plugins 1.4.14)"
88.198.68.42 - - [08/Mar/2011:20:51:24 +0100] "GET / HTTP/1.1" 200 935 "-" "check_http/v1.4.14 (nagios-plugins 1.4.14)"
88.198.68.42 - - [08/Mar/2011:20:56:24 +0100] "GET / HTTP/1.1" 200 935 "-" "check_http/v1.4.14 (nagios-plugins 1.4.14)"
67.195.112.226 - - [08/Mar/2011:20:56:26 +0100] "GET /osgeolive/?C=M;O=D HTTP/1.0" 200 771 "-" "Mozilla/5.0 (compatible; Yahoo! Slurp; http://help.yahoo.com/help/us/ysearch/slurp)"
88.198.68.42 - - [08/Mar/2011:21:01:24 +0100] "GET / HTTP/1.1" 200 935 "-" "check_http/v1.4.14 (nagios-plugins 1.4.14)"
88.198.68.42 - - [08/Mar/2011:21:06:24 +0100] "GET / HTTP/1.1" 200 935 "-" "check_http/v1.4.14 (nagios-plugins 1.4.14)"
88.198.68.42 - - [08/Mar/2011:21:11:24 +0100] "GET / HTTP/1.1" 200 935 "-" "check_http/v1.4.14 (nagios-plugins 1.4.14)"
88.198.68.42 - - [08/Mar/2011:21:16:24 +0100] "GET / HTTP/1.1" 200 935 "-" "check_http/v1.4.14 (nagios-plugins 1.4.14)"
88.198.68.42 - - [08/Mar/2011:21:21:24 +0100] "GET / HTTP/1.1" 200 935 "-" "check_http/v1.4.14 (nagios-plugins 1.4.14)"
88.198.68.42 - - [08/Mar/2011:21:26:24 +0100] "GET / HTTP/1.1" 200 935 "-" "check_http/v1.4.14 (nagios-plugins 1.4.14)"
88.198.68.42 - - [08/Mar/2011:21:31:24 +0100] "GET / HTTP/1.1" 200 935 "-" "check_http/v1.4.14 (nagios-plugins 1.4.14)"
88.198.68.42 - - [08/Mar/2011:21:36:24 +0100] "GET / HTTP/1.1" 200 935 "-" "check_http/v1.4.14 (nagios-plugins 1.4.14)"
86.162.184.237 - - [08/Mar/2011:20:12:08 +0100] "GET /osgeolive/4.0.1/osgeolive-4.0.1.iso HTTP/1.1" 206 736360128 "http://mirror.wikisquare.de/osgeolive/4.0.1/" "Mozilla/5.0 (X11; Linux i686; rv:2.0b13pre) Gecko/20110303 Firefox/4.0b13pre"
67.195.112.226 - - [08/Mar/2011:21:39:34 +0100] "GET /osgeolive/?C=N;O=D HTTP/1.0" 200 771 "-" "Mozilla/5.0 (compatible; Yahoo! Slurp; http://help.yahoo.com/help/us/ysearch/slurp)"
88.198.68.42 - - [08/Mar/2011:21:41:24 +0100] "GET / HTTP/1.1" 200 935 "-" "check_http/v1.4.14 (nagios-plugins 1.4.14)"
88.198.68.42 - - [08/Mar/2011:21:46:24 +0100] "GET / HTTP/1.1" 200 935 "-" "check_http/v1.4.14 (nagios-plugins 1.4.14)"
88.198.68.42 - - [08/Mar/2011:21:51:24 +0100] "GET / HTTP/1.1" 200 935 "-" "check_http/v1.4.14 (nagios-plugins 1.4.14)"
88.198.68.42 - - [08/Mar/2011:21:56:24 +0100] "GET / HTTP/1.1" 200 935 "-" "check_http/v1.4.14 (nagios-plugins 1.4.14)"
88.198.68.42 - - [08/Mar/2011:22:01:24 +0100] "GET / HTTP/1.1" 200 935 "-" "check_http/v1.4.14 (nagios-plugins 1.4.14)"
88.198.68.42 - - [08/Mar/2011:22:06:24 +0100] "GET / HTTP/1.1" 200 935 "-" "check_http/v1.4.14 (nagios-plugins 1.4.14)"
88.198.68.42 - - [08/Mar/2011:22:11:24 +0100] "GET / HTTP/1.1" 200 935 "-" "check_http/v1.4.14 (nagios-plugins 1.4.14)"
88.198.68.42 - - [08/Mar/2011:22:16:24 +0100] "GET / HTTP/1.1" 200 935 "-" "check_http/v1.4.14 (nagios-plugins 1.4.14)"
88.198.68.42 - - [08/Mar/2011:22:21:24 +0100] "GET / HTTP/1.1" 200 935 "-" "check_http/v1.4.14 (nagios-plugins 1.4.14)"
88.198.68.42 - - [08/Mar/2011:22:26:24 +0100] "GET / HTTP/1.1" 200 935 "-" "check_http/v1.4.14 (nagios-plugins 1.4.14)"
88.198.68.42 - - [08/Mar/2011:22:31:24 +0100] "GET / HTTP/1.1" 200 935 "-" "check_http/v1.4.14 (nagios-plugins 1.4.14)"
88.198.68.42 - - [08/Mar/2011:22:36:24 +0100] "GET / HTTP/1.1" 200 935 "-" "check_http/v1.4.14 (nagios-plugins 1.4.14)"
88.198.68.42 - - [08/Mar/2011:22:41:24 +0100] "GET / HTTP/1.1" 200 935 "-" "check_http/v1.4.14 (nagios-plugins 1.4.14)"
88.198.68.42 - - [08/Mar/2011:22:46:24 +0100] "GET / HTTP/1.1" 200 935 "-" "check_http/v1.4.14 (nagios-plugins 1.4.14)"
88.198.68.42 - - [08/Mar/2011:22:51:24 +0100] "GET / HTTP/1.1" 200 935 "-" "check_http/v1.4.14 (nagios-plugins 1.4.14)"
86.164.120.235 - - [08/Mar/2011:22:45:14 +0100] "GET /osgeolive/4.0.1/osgeolive-4.0.1.iso HTTP/1.1" 206 57843256 "http://mirror.wikisquare.de/osgeolive/4.0.1/" "Mozilla/5.0 (X11; Linux i686; rv:2.0b13pre) Gecko/20110303 Firefox/4.0b13pre"
88.198.68.42 - - [08/Mar/2011:22:56:24 +0100] "GET / HTTP/1.1" 200 935 "-" "check_http/v1.4.14 (nagios-plugins 1.4.14)"
88.198.68.42 - - [08/Mar/2011:23:01:24 +0100] "GET / HTTP/1.1" 200 935 "-" "check_http/v1.4.14 (nagios-plugins 1.4.14)"
88.198.68.42 - - [08/Mar/2011:23:06:24 +0100] "GET / HTTP/1.1" 200 935 "-" "check_http/v1.4.14 (nagios-plugins 1.4.14)"
88.198.68.42 - - [08/Mar/2011:23:11:24 +0100] "GET / HTTP/1.1" 200 935 "-" "check_http/v1.4.14 (nagios-plugins 1.4.14)"
88.198.68.42 - - [08/Mar/2011:23:16:24 +0100] "GET / HTTP/1.1" 200 935 "-" "check_http/v1.4.14 (nagios-plugins 1.4.14)"
88.198.68.42 - - [08/Mar/2011:23:21:24 +0100] "GET / HTTP/1.1" 200 935 "-" "check_http/v1.4.14 (nagios-plugins 1.4.14)"
88.198.68.42 - - [08/Mar/2011:23:26:24 +0100] "GET / HTTP/1.1" 200 935 "-" "check_http/v1.4.14 (nagios-plugins 1.4.14)"
66.249.66.132 - - [08/Mar/2011:23:30:51 +0100] "GET /osgeolive/index.html%3FC=M%3BO=D HTTP/1.1" 403 517 "-" "Mozilla/5.0 (compatible; Googlebot/2.1; +http://www.google.com/bot.html)"
88.198.68.42 - - [08/Mar/2011:23:31:24 +0100] "GET / HTTP/1.1" 200 935 "-" "check_http/v1.4.14 (nagios-plugins 1.4.14)"
88.198.68.42 - - [08/Mar/2011:23:36:24 +0100] "GET / HTTP/1.1" 200 935 "-" "check_http/v1.4.14 (nagios-plugins 1.4.14)"
66.249.66.132 - - [08/Mar/2011:23:38:59 +0100] "GET /osgeolive/index.html%3FC=S%3BO=D HTTP/1.1" 403 517 "-" "Mozilla/5.0 (compatible; Googlebot/2.1; +http://www.google.com/bot.html)"
88.198.68.42 - - [08/Mar/2011:23:41:24 +0100] "GET / HTTP/1.1" 200 935 "-" "check_http/v1.4.14 (nagios-plugins 1.4.14)"
88.198.68.42 - - [08/Mar/2011:23:46:24 +0100] "GET / HTTP/1.1" 200 935 "-" "check_http/v1.4.14 (nagios-plugins 1.4.14)"
88.198.68.42 - - [08/Mar/2011:23:51:24 +0100] "GET / HTTP/1.1" 200 935 "-" "check_http/v1.4.14 (nagios-plugins 1.4.14)"
66.249.66.132 - - [08/Mar/2011:23:53:27 +0100] "GET /osgeolive/index.html%3FC=D%3BO=D HTTP/1.1" 403 517 "-" "Mozilla/5.0 (compatible; Googlebot/2.1; +http://www.google.com/bot.html)"
88.198.68.42 - - [08/Mar/2011:23:56:24 +0100] "GET / HTTP/1.1" 200 935 "-" "check_http/v1.4.14 (nagios-plugins 1.4.14)"
88.198.68.42 - - [09/Mar/2011:00:01:24 +0100] "GET / HTTP/1.1" 200 935 "-" "check_http/v1.4.14 (nagios-plugins 1.4.14)"
88.198.68.42 - - [09/Mar/2011:00:06:24 +0100] "GET / HTTP/1.1" 200 935 "-" "check_http/v1.4.14 (nagios-plugins 1.4.14)"
88.198.68.42 - - [09/Mar/2011:00:11:24 +0100] "GET / HTTP/1.1" 200 935 "-" "check_http/v1.4.14 (nagios-plugins 1.4.14)"
88.198.68.42 - - [09/Mar/2011:00:16:24 +0100] "GET / HTTP/1.1" 200 935 "-" "check_http/v1.4.14 (nagios-plugins 1.4.14)"
88.198.68.42 - - [09/Mar/2011:00:21:24 +0100] "GET / HTTP/1.1" 200 935 "-" "check_http/v1.4.14 (nagios-plugins 1.4.14)"
86.162.230.175 - - [08/Mar/2011:23:46:14 +0100] "GET /osgeolive/4.0.1/osgeolive-4.0.1.iso HTTP/1.1" 206 499520904 "http://mirror.wikisquare.de/osgeolive/4.0.1/" "Mozilla/5.0 (X11; Linux i686; rv:2.0b13pre) Gecko/20110303 Firefox/4.0b13pre"
86.162.230.175 - - [09/Mar/2011:00:21:58 +0100] "GET /osgeolive/4.0.1/osgeolive-4.0.1.iso HTTP/1.1" 206 2451464 "http://mirror.wikisquare.de/osgeolive/4.0.1/" "Mozilla/5.0 (X11; Linux i686; rv:2.0b13pre) Gecko/20110308 Firefox/4.0b13pre"
88.198.68.42 - - [09/Mar/2011:00:26:24 +0100] "GET / HTTP/1.1" 200 935 "-" "check_http/v1.4.14 (nagios-plugins 1.4.14)"
88.198.68.42 - - [09/Mar/2011:00:31:24 +0100] "GET / HTTP/1.1" 200 935 "-" "check_http/v1.4.14 (nagios-plugins 1.4.14)"
88.198.68.42 - - [09/Mar/2011:00:36:24 +0100] "GET / HTTP/1.1" 200 935 "-" "check_http/v1.4.14 (nagios-plugins 1.4.14)"
88.198.68.42 - - [09/Mar/2011:00:41:24 +0100] "GET / HTTP/1.1" 200 935 "-" "check_http/v1.4.14 (nagios-plugins 1.4.14)"
88.198.68.42 - - [09/Mar/2011:00:46:24 +0100] "GET / HTTP/1.1" 200 935 "-" "check_http/v1.4.14 (nagios-plugins 1.4.14)"
88.198.68.42 - - [09/Mar/2011:00:51:24 +0100] "GET / HTTP/1.1" 200 935 "-" "check_http/v1.4.14 (nagios-plugins 1.4.14)"
88.198.68.42 - - [09/Mar/2011:00:56:24 +0100] "GET / HTTP/1.1" 200 935 "-" "check_http/v1.4.14 (nagios-plugins 1.4.14)"
88.198.68.42 - - [09/Mar/2011:01:01:24 +0100] "GET / HTTP/1.1" 200 935 "-" "check_http/v1.4.14 (nagios-plugins 1.4.14)"
88.198.68.42 - - [09/Mar/2011:01:06:24 +0100] "GET / HTTP/1.1" 200 935 "-" "check_http/v1.4.14 (nagios-plugins 1.4.14)"
88.198.68.42 - - [09/Mar/2011:01:11:24 +0100] "GET / HTTP/1.1" 200 935 "-" "check_http/v1.4.14 (nagios-plugins 1.4.14)"
88.198.68.42 - - [09/Mar/2011:01:16:24 +0100] "GET / HTTP/1.1" 200 935 "-" "check_http/v1.4.14 (nagios-plugins 1.4.14)"
88.198.68.42 - - [09/Mar/2011:01:21:24 +0100] "GET / HTTP/1.1" 200 935 "-" "check_http/v1.4.14 (nagios-plugins 1.4.14)"
88.198.68.42 - - [09/Mar/2011:01:26:24 +0100] "GET / HTTP/1.1" 200 935 "-" "check_http/v1.4.14 (nagios-plugins 1.4.14)"
88.198.68.42 - - [09/Mar/2011:01:31:24 +0100] "GET / HTTP/1.1" 200 935 "-" "check_http/v1.4.14 (nagios-plugins 1.4.14)"
88.198.68.42 - - [09/Mar/2011:01:36:24 +0100] "GET / HTTP/1.1" 200 935 "-" "check_http/v1.4.14 (nagios-plugins 1.4.14)"
88.198.68.42 - - [09/Mar/2011:01:41:24 +0100] "GET / HTTP/1.1" 200 935 "-" "check_http/v1.4.14 (nagios-plugins 1.4.14)"
88.198.68.42 - - [09/Mar/2011:01:46:24 +0100] "GET / HTTP/1.1" 200 935 "-" "check_http/v1.4.14 (nagios-plugins 1.4.14)"
208.115.111.246 - - [09/Mar/2011:01:48:23 +0100] "GET /robots.txt HTTP/1.1" 404 442 "-" "Mozilla/5.0 (compatible; DotBot/1.1; http://www.dotnetdotcom.org/, crawler@dotnetdotcom.org)"
88.198.68.42 - - [09/Mar/2011:01:51:24 +0100] "GET / HTTP/1.1" 200 935 "-" "check_http/v1.4.14 (nagios-plugins 1.4.14)"
88.198.68.42 - - [09/Mar/2011:01:56:24 +0100] "GET / HTTP/1.1" 200 935 "-" "check_http/v1.4.14 (nagios-plugins 1.4.14)"
88.198.68.42 - - [09/Mar/2011:02:01:24 +0100] "GET / HTTP/1.1" 200 935 "-" "check_http/v1.4.14 (nagios-plugins 1.4.14)"
88.198.68.42 - - [09/Mar/2011:02:06:24 +0100] "GET / HTTP/1.1" 200 935 "-" "check_http/v1.4.14 (nagios-plugins 1.4.14)"
88.198.68.42 - - [09/Mar/2011:02:11:24 +0100] "GET / HTTP/1.1" 200 935 "-" "check_http/v1.4.14 (nagios-plugins 1.4.14)"
67.195.112.226 - - [09/Mar/2011:02:16:17 +0100] "GET /robots.txt HTTP/1.0" 404 461 "-" "Mozilla/5.0 (compatible; Yahoo! Slurp; http://help.yahoo.com/help/us/ysearch/slurp)"
88.198.68.42 - - [09/Mar/2011:02:16:24 +0100] "GET / HTTP/1.1" 200 935 "-" "check_http/v1.4.14 (nagios-plugins 1.4.14)"
67.195.112.226 - - [09/Mar/2011:02:17:00 +0100] "GET /osgeolive/4.0.1/?C=M;O=A HTTP/1.0" 200 729 "-" "Mozilla/5.0 (compatible; Yahoo! Slurp; http://help.yahoo.com/help/us/ysearch/slurp)"
88.198.68.42 - - [09/Mar/2011:02:21:24 +0100] "GET / HTTP/1.1" 200 935 "-" "check_http/v1.4.14 (nagios-plugins 1.4.14)"
67.195.112.226 - - [09/Mar/2011:02:16:18 +0100] "GET /osgeolive/4.0.1/osgeolive-4.0.1.iso HTTP/1.0" 200 143980432 "-" "Mozilla/5.0 (compatible; Yahoo! Slurp; http://help.yahoo.com/help/us/ysearch/slurp)"
67.195.112.226 - - [09/Mar/2011:02:17:47 +0100] "GET /osgeolive/4.0.1/osgeolive-4.0.1-mini.iso HTTP/1.0" 200 146071344 "-" "Mozilla/5.0 (compatible; Yahoo! Slurp; http://help.yahoo.com/help/us/ysearch/slurp)"
88.198.68.42 - - [09/Mar/2011:02:26:24 +0100] "GET / HTTP/1.1" 200 935 "-" "check_http/v1.4.14 (nagios-plugins 1.4.14)"
88.198.68.42 - - [09/Mar/2011:02:31:24 +0100] "GET / HTTP/1.1" 200 935 "-" "check_http/v1.4.14 (nagios-plugins 1.4.14)"
88.198.68.42 - - [09/Mar/2011:02:36:24 +0100] "GET / HTTP/1.1" 200 935 "-" "check_http/v1.4.14 (nagios-plugins 1.4.14)"
88.198.68.42 - - [09/Mar/2011:02:41:24 +0100] "GET / HTTP/1.1" 200 935 "-" "check_http/v1.4.14 (nagios-plugins 1.4.14)"
88.198.68.42 - - [09/Mar/2011:02:46:24 +0100] "GET / HTTP/1.1" 200 935 "-" "check_http/v1.4.14 (nagios-plugins 1.4.14)"
88.198.68.42 - - [09/Mar/2011:02:51:24 +0100] "GET / HTTP/1.1" 200 935 "-" "check_http/v1.4.14 (nagios-plugins 1.4.14)"
88.198.68.42 - - [09/Mar/2011:02:56:24 +0100] "GET / HTTP/1.1" 200 935 "-" "check_http/v1.4.14 (nagios-plugins 1.4.14)"
88.198.68.42 - - [09/Mar/2011:03:01:24 +0100] "GET / HTTP/1.1" 200 935 "-" "check_http/v1.4.14 (nagios-plugins 1.4.14)"
88.198.68.42 - - [09/Mar/2011:03:06:24 +0100] "GET / HTTP/1.1" 200 935 "-" "check_http/v1.4.14 (nagios-plugins 1.4.14)"
88.198.68.42 - - [09/Mar/2011:03:11:24 +0100] "GET / HTTP/1.1" 200 935 "-" "check_http/v1.4.14 (nagios-plugins 1.4.14)"
88.198.68.42 - - [09/Mar/2011:03:16:24 +0100] "GET / HTTP/1.1" 200 935 "-" "check_http/v1.4.14 (nagios-plugins 1.4.14)"
88.198.68.42 - - [09/Mar/2011:03:21:24 +0100] "GET / HTTP/1.1" 200 935 "-" "check_http/v1.4.14 (nagios-plugins 1.4.14)"
88.198.68.42 - - [09/Mar/2011:03:26:29 +0100] "GET / HTTP/1.1" 200 935 "-" "check_http/v1.4.14 (nagios-plugins 1.4.14)"
88.198.68.42 - - [09/Mar/2011:03:31:29 +0100] "GET / HTTP/1.1" 200 935 "-" "check_http/v1.4.14 (nagios-plugins 1.4.14)"
88.198.68.42 - - [09/Mar/2011:03:36:29 +0100] "GET / HTTP/1.1" 200 935 "-" "check_http/v1.4.14 (nagios-plugins 1.4.14)"
88.198.68.42 - - [09/Mar/2011:03:41:29 +0100] "GET / HTTP/1.1" 200 935 "-" "check_http/v1.4.14 (nagios-plugins 1.4.14)"
88.198.68.42 - - [09/Mar/2011:03:46:29 +0100] "GET / HTTP/1.1" 200 935 "-" "check_http/v1.4.14 (nagios-plugins 1.4.14)"
88.198.68.42 - - [09/Mar/2011:03:51:29 +0100] "GET / HTTP/1.1" 200 935 "-" "check_http/v1.4.14 (nagios-plugins 1.4.14)"
88.198.68.42 - - [09/Mar/2011:03:56:29 +0100] "GET / HTTP/1.1" 200 935 "-" "check_http/v1.4.14 (nagios-plugins 1.4.14)"
88.198.68.42 - - [09/Mar/2011:04:01:29 +0100] "GET / HTTP/1.1" 200 935 "-" "check_http/v1.4.14 (nagios-plugins 1.4.14)"
88.198.68.42 - - [09/Mar/2011:04:06:29 +0100] "GET / HTTP/1.1" 200 935 "-" "check_http/v1.4.14 (nagios-plugins 1.4.14)"
88.198.68.42 - - [09/Mar/2011:04:11:29 +0100] "GET / HTTP/1.1" 200 935 "-" "check_http/v1.4.14 (nagios-plugins 1.4.14)"
67.195.112.226 - - [09/Mar/2011:04:12:49 +0100] "GET /?C=S;O=A HTTP/1.0" 200 619 "-" "Mozilla/5.0 (compatible; Yahoo! Slurp; http://help.yahoo.com/help/us/ysearch/slurp)"
67.195.112.226 - - [09/Mar/2011:04:14:41 +0100] "GET /?C=D;O=A HTTP/1.0" 200 619 "-" "Mozilla/5.0 (compatible; Yahoo! Slurp; http://help.yahoo.com/help/us/ysearch/slurp)"
88.198.68.42 - - [09/Mar/2011:04:16:29 +0100] "GET / HTTP/1.1" 200 935 "-" "check_http/v1.4.14 (nagios-plugins 1.4.14)"
88.198.68.42 - - [09/Mar/2011:04:21:29 +0100] "GET / HTTP/1.1" 200 935 "-" "check_http/v1.4.14 (nagios-plugins 1.4.14)"
88.198.68.42 - - [09/Mar/2011:04:26:29 +0100] "GET / HTTP/1.1" 200 935 "-" "check_http/v1.4.14 (nagios-plugins 1.4.14)"
88.198.68.42 - - [09/Mar/2011:04:31:29 +0100] "GET / HTTP/1.1" 200 935 "-" "check_http/v1.4.14 (nagios-plugins 1.4.14)"
88.198.68.42 - - [09/Mar/2011:04:36:29 +0100] "GET / HTTP/1.1" 200 935 "-" "check_http/v1.4.14 (nagios-plugins 1.4.14)"
88.198.68.42 - - [09/Mar/2011:04:41:29 +0100] "GET / HTTP/1.1" 200 935 "-" "check_http/v1.4.14 (nagios-plugins 1.4.14)"
88.198.68.42 - - [09/Mar/2011:04:46:29 +0100] "GET / HTTP/1.1" 200 935 "-" "check_http/v1.4.14 (nagios-plugins 1.4.14)"
88.198.68.42 - - [09/Mar/2011:04:51:29 +0100] "GET / HTTP/1.1" 200 935 "-" "check_http/v1.4.14 (nagios-plugins 1.4.14)"
88.198.68.42 - - [09/Mar/2011:04:56:29 +0100] "GET / HTTP/1.1" 200 935 "-" "check_http/v1.4.14 (nagios-plugins 1.4.14)"
88.198.68.42 - - [09/Mar/2011:05:01:29 +0100] "GET / HTTP/1.1" 200 935 "-" "check_http/v1.4.14 (nagios-plugins 1.4.14)"
88.198.68.42 - - [09/Mar/2011:05:06:29 +0100] "GET / HTTP/1.1" 200 935 "-" "check_http/v1.4.14 (nagios-plugins 1.4.14)"
88.198.68.42 - - [09/Mar/2011:05:11:29 +0100] "GET / HTTP/1.1" 200 935 "-" "check_http/v1.4.14 (nagios-plugins 1.4.14)"
88.198.68.42 - - [09/Mar/2011:05:16:29 +0100] "GET / HTTP/1.1" 200 935 "-" "check_http/v1.4.14 (nagios-plugins 1.4.14)"
88.198.68.42 - - [09/Mar/2011:05:21:29 +0100] "GET / HTTP/1.1" 200 935 "-" "check_http/v1.4.14 (nagios-plugins 1.4.14)"
88.198.68.42 - - [09/Mar/2011:05:26:29 +0100] "GET / HTTP/1.1" 200 935 "-" "check_http/v1.4.14 (nagios-plugins 1.4.14)"
88.198.68.42 - - [09/Mar/2011:05:31:29 +0100] "GET / HTTP/1.1" 200 935 "-" "check_http/v1.4.14 (nagios-plugins 1.4.14)"
88.198.68.42 - - [09/Mar/2011:05:36:29 +0100] "GET / HTTP/1.1" 200 935 "-" "check_http/v1.4.14 (nagios-plugins 1.4.14)"
88.198.68.42 - - [09/Mar/2011:05:41:29 +0100] "GET / HTTP/1.1" 200 935 "-" "check_http/v1.4.14 (nagios-plugins 1.4.14)"
88.198.68.42 - - [09/Mar/2011:05:46:29 +0100] "GET / HTTP/1.1" 200 935 "-" "check_http/v1.4.14 (nagios-plugins 1.4.14)"
88.198.68.42 - - [09/Mar/2011:05:51:29 +0100] "GET / HTTP/1.1" 200 935 "-" "check_http/v1.4.14 (nagios-plugins 1.4.14)"
88.198.68.42 - - [09/Mar/2011:05:56:29 +0100] "GET / HTTP/1.1" 200 935 "-" "check_http/v1.4.14 (nagios-plugins 1.4.14)"
88.198.68.42 - - [09/Mar/2011:06:01:29 +0100] "GET / HTTP/1.1" 200 935 "-" "check_http/v1.4.14 (nagios-plugins 1.4.14)"
88.198.68.42 - - [09/Mar/2011:06:06:29 +0100] "GET / HTTP/1.1" 200 935 "-" "check_http/v1.4.14 (nagios-plugins 1.4.14)"
88.198.68.42 - - [09/Mar/2011:06:11:29 +0100] "GET / HTTP/1.1" 200 935 "-" "check_http/v1.4.14 (nagios-plugins 1.4.14)"
208.115.111.246 - - [09/Mar/2011:06:16:08 +0100] "GET /robots.txt HTTP/1.1" 404 442 "-" "Mozilla/5.0 (compatible; DotBot/1.1; http://www.dotnetdotcom.org/, crawler@dotnetdotcom.org)"
88.198.68.42 - - [09/Mar/2011:06:16:29 +0100] "GET / HTTP/1.1" 200 935 "-" "check_http/v1.4.14 (nagios-plugins 1.4.14)"
88.198.68.42 - - [09/Mar/2011:06:21:29 +0100] "GET / HTTP/1.1" 200 935 "-" "check_http/v1.4.14 (nagios-plugins 1.4.14)"
88.198.68.42 - - [09/Mar/2011:06:26:29 +0100] "GET / HTTP/1.1" 200 935 "-" "check_http/v1.4.14 (nagios-plugins 1.4.14)"
88.198.68.42 - - [09/Mar/2011:06:31:29 +0100] "GET / HTTP/1.1" 200 935 "-" "check_http/v1.4.14 (nagios-plugins 1.4.14)"
88.198.68.42 - - [09/Mar/2011:06:36:29 +0100] "GET / HTTP/1.1" 200 935 "-" "check_http/v1.4.14 (nagios-plugins 1.4.14)"
88.198.68.42 - - [09/Mar/2011:06:41:29 +0100] "GET / HTTP/1.1" 200 935 "-" "check_http/v1.4.14 (nagios-plugins 1.4.14)"
88.198.68.42 - - [09/Mar/2011:06:46:29 +0100] "GET / HTTP/1.1" 200 935 "-" "check_http/v1.4.14 (nagios-plugins 1.4.14)"
88.198.68.42 - - [09/Mar/2011:06:51:29 +0100] "GET / HTTP/1.1" 200 935 "-" "check_http/v1.4.14 (nagios-plugins 1.4.14)"
88.198.68.42 - - [09/Mar/2011:06:56:29 +0100] "GET / HTTP/1.1" 200 935 "-" "check_http/v1.4.14 (nagios-plugins 1.4.14)"
88.198.68.42 - - [09/Mar/2011:07:01:29 +0100] "GET / HTTP/1.1" 200 935 "-" "check_http/v1.4.14 (nagios-plugins 1.4.14)"
88.198.68.42 - - [09/Mar/2011:07:06:29 +0100] "GET / HTTP/1.1" 200 935 "-" "check_http/v1.4.14 (nagios-plugins 1.4.14)"
88.198.68.42 - - [09/Mar/2011:07:11:29 +0100] "GET / HTTP/1.1" 200 935 "-" "check_http/v1.4.14 (nagios-plugins 1.4.14)"
88.198.68.42 - - [09/Mar/2011:07:16:29 +0100] "GET / HTTP/1.1" 200 935 "-" "check_http/v1.4.14 (nagios-plugins 1.4.14)"
67.195.112.226 - - [09/Mar/2011:07:17:46 +0100] "GET /osgeolive/index.html%3fC=D%3bO=A HTTP/1.0" 403 479 "-" "Mozilla/5.0 (compatible; Yahoo! Slurp; http://help.yahoo.com/help/us/ysearch/slurp)"
58.243.103.74 - - [09/Mar/2011:07:19:00 +0100] "GET /osgeolive/4.0.1/osgeolive-4.0.1-mini.iso HTTP/1.1" 206 40544 "http://live.osgeo.org/download.html" "Mozilla/4.0 (compatible; MSIE 6.0; Windows NT 5.1; SV1; .NET CLR 1.1.4322; .NET CLR 2.0.50727)"
58.243.103.74 - - [09/Mar/2011:07:18:56 +0100] "GET /osgeolive/4.0.1/osgeolive-4.0.1-mini.iso HTTP/1.1" 206 131768 "http://live.osgeo.org/download.html" "Mozilla/4.0 (compatible; MSIE 6.0; Windows NT 5.1; SV1; .NET CLR 1.1.4322; .NET CLR 2.0.50727)"
58.243.103.74 - - [09/Mar/2011:07:19:00 +0100] "GET /osgeolive/4.0.1/osgeolive-4.0.1-mini.iso HTTP/1.1" 206 89776 "http://live.osgeo.org/download.html" "Mozilla/4.0 (compatible; MSIE 6.0; Windows NT 5.1; SV1; .NET CLR 1.1.4322; .NET CLR 2.0.50727)"
58.243.103.74 - - [09/Mar/2011:07:19:00 +0100] "GET /osgeolive/4.0.1/osgeolive-4.0.1-mini.iso HTTP/1.1" 206 75296 "http://live.osgeo.org/download.html" "Mozilla/4.0 (compatible; MSIE 6.0; Windows NT 5.1; SV1; .NET CLR 1.1.4322; .NET CLR 2.0.50727)"
58.243.103.74 - - [09/Mar/2011:07:19:28 +0100] "GET /osgeolive/4.0.1/osgeolive-4.0.1-mini.iso HTTP/1.1" 206 33304 "http://live.osgeo.org/download.html" "Mozilla/4.0 (compatible; MSIE 6.0; Windows NT 5.1; SV1; .NET CLR 1.1.4322; .NET CLR 2.0.50727)"
58.243.103.74 - - [09/Mar/2011:07:19:28 +0100] "GET /osgeolive/4.0.1/osgeolive-4.0.1-mini.iso HTTP/1.1" 206 75296 "http://live.osgeo.org/download.html" "Mozilla/4.0 (compatible; MSIE 6.0; Windows NT 5.1; SV1; .NET CLR 1.1.4322; .NET CLR 2.0.50727)"
58.243.103.74 - - [09/Mar/2011:07:19:28 +0100] "GET /osgeolive/4.0.1/osgeolive-4.0.1-mini.iso HTTP/1.1" 206 73848 "http://live.osgeo.org/download.html" "Mozilla/4.0 (compatible; MSIE 6.0; Windows NT 5.1; SV1; .NET CLR 1.1.4322; .NET CLR 2.0.50727)"
58.243.103.74 - - [09/Mar/2011:07:19:28 +0100] "GET /osgeolive/4.0.1/osgeolive-4.0.1-mini.iso HTTP/1.1" 206 60816 "http://live.osgeo.org/download.html" "Mozilla/4.0 (compatible; MSIE 6.0; Windows NT 5.1; SV1; .NET CLR 1.1.4322; .NET CLR 2.0.50727)"
58.243.103.74 - - [09/Mar/2011:07:19:28 +0100] "GET /osgeolive/4.0.1/osgeolive-4.0.1-mini.iso HTTP/1.1" 206 98464 "http://live.osgeo.org/download.html" "Mozilla/4.0 (compatible; MSIE 6.0; Windows NT 5.1; SV1; .NET CLR 1.1.4322; .NET CLR 2.0.50727)"
58.243.103.74 - - [09/Mar/2011:07:19:00 +0100] "GET /osgeolive/4.0.1/osgeolive-4.0.1-mini.iso HTTP/1.1" 206 89776 "http://live.osgeo.org/download.html" "Mozilla/4.0 (compatible; MSIE 6.0; Windows NT 5.1; SV1; .NET CLR 1.1.4322; .NET CLR 2.0.50727)"
88.198.68.42 - - [09/Mar/2011:07:21:29 +0100] "GET / HTTP/1.1" 200 935 "-" "check_http/v1.4.14 (nagios-plugins 1.4.14)"
208.115.111.246 - - [09/Mar/2011:07:23:15 +0100] "GET /osgeolive/?C=D;O=A HTTP/1.1" 200 752 "-" "Mozilla/5.0 (compatible; DotBot/1.1; http://www.dotnetdotcom.org/, crawler@dotnetdotcom.org)"
208.115.111.246 - - [09/Mar/2011:07:23:19 +0100] "GET /osgeolive/?C=M;O=A HTTP/1.1" 200 757 "-" "Mozilla/5.0 (compatible; DotBot/1.1; http://www.dotnetdotcom.org/, crawler@dotnetdotcom.org)"
208.115.111.246 - - [09/Mar/2011:07:23:24 +0100] "GET /osgeolive/index.html%3FC=D%3BO=A HTTP/1.1" 403 460 "-" "Mozilla/5.0 (compatible; DotBot/1.1; http://www.dotnetdotcom.org/, crawler@dotnetdotcom.org)"
208.115.111.246 - - [09/Mar/2011:07:23:28 +0100] "GET /osgeolive/index.html%3FC=D%3BO=D HTTP/1.1" 403 460 "-" "Mozilla/5.0 (compatible; DotBot/1.1; http://www.dotnetdotcom.org/, crawler@dotnetdotcom.org)"
208.115.111.246 - - [09/Mar/2011:07:23:33 +0100] "GET /osgeolive/index.html%3FC=M%3BO=A HTTP/1.1" 403 460 "-" "Mozilla/5.0 (compatible; DotBot/1.1; http://www.dotnetdotcom.org/, crawler@dotnetdotcom.org)"
208.115.111.246 - - [09/Mar/2011:07:23:38 +0100] "GET /osgeolive/index.html%3FC=M%3BO=D HTTP/1.1" 403 460 "-" "Mozilla/5.0 (compatible; DotBot/1.1; http://www.dotnetdotcom.org/, crawler@dotnetdotcom.org)"
208.115.111.246 - - [09/Mar/2011:07:23:43 +0100] "GET /osgeolive/index.html%3FC=N%3BO=A HTTP/1.1" 403 460 "-" "Mozilla/5.0 (compatible; DotBot/1.1; http://www.dotnetdotcom.org/, crawler@dotnetdotcom.org)"
208.115.111.246 - - [09/Mar/2011:07:23:49 +0100] "GET /osgeolive/index.html%3FC=N%3BO=D HTTP/1.1" 403 460 "-" "Mozilla/5.0 (compatible; DotBot/1.1; http://www.dotnetdotcom.org/, crawler@dotnetdotcom.org)"
208.115.111.246 - - [09/Mar/2011:07:24:04 +0100] "GET /osgeolive/index.html%3FC=S%3BO=A HTTP/1.1" 403 460 "-" "Mozilla/5.0 (compatible; DotBot/1.1; http://www.dotnetdotcom.org/, crawler@dotnetdotcom.org)"
208.115.111.246 - - [09/Mar/2011:07:24:09 +0100] "GET /osgeolive/index.html%3FC=S%3BO=D HTTP/1.1" 403 460 "-" "Mozilla/5.0 (compatible; DotBot/1.1; http://www.dotnetdotcom.org/, crawler@dotnetdotcom.org)"
88.198.68.42 - - [09/Mar/2011:07:26:29 +0100] "GET / HTTP/1.1" 200 935 "-" "check_http/v1.4.14 (nagios-plugins 1.4.14)"
88.198.68.42 - - [09/Mar/2011:07:31:29 +0100] "GET / HTTP/1.1" 200 935 "-" "check_http/v1.4.14 (nagios-plugins 1.4.14)"
88.198.68.42 - - [09/Mar/2011:07:36:29 +0100] "GET / HTTP/1.1" 200 935 "-" "check_http/v1.4.14 (nagios-plugins 1.4.14)"
88.198.68.42 - - [09/Mar/2011:07:41:29 +0100] "GET / HTTP/1.1" 200 935 "-" "check_http/v1.4.14 (nagios-plugins 1.4.14)"
88.198.68.42 - - [09/Mar/2011:07:46:29 +0100] "GET / HTTP/1.1" 200 935 "-" "check_http/v1.4.14 (nagios-plugins 1.4.14)"
88.198.68.42 - - [09/Mar/2011:07:51:29 +0100] "GET / HTTP/1.1" 200 935 "-" "check_http/v1.4.14 (nagios-plugins 1.4.14)"
88.198.68.42 - - [09/Mar/2011:07:56:29 +0100] "GET / HTTP/1.1" 200 935 "-" "check_http/v1.4.14 (nagios-plugins 1.4.14)"
88.198.68.42 - - [09/Mar/2011:08:01:29 +0100] "GET / HTTP/1.1" 200 935 "-" "check_http/v1.4.14 (nagios-plugins 1.4.14)"
88.198.68.42 - - [09/Mar/2011:08:06:29 +0100] "GET / HTTP/1.1" 200 935 "-" "check_http/v1.4.14 (nagios-plugins 1.4.14)"
88.198.68.42 - - [09/Mar/2011:08:11:29 +0100] "GET / HTTP/1.1" 200 935 "-" "check_http/v1.4.14 (nagios-plugins 1.4.14)"
88.198.68.42 - - [09/Mar/2011:08:16:29 +0100] "GET / HTTP/1.1" 200 935 "-" "check_http/v1.4.14 (nagios-plugins 1.4.14)"
88.198.68.42 - - [09/Mar/2011:08:21:29 +0100] "GET / HTTP/1.1" 200 935 "-" "check_http/v1.4.14 (nagios-plugins 1.4.14)"
88.198.68.42 - - [09/Mar/2011:08:26:29 +0100] "GET / HTTP/1.1" 200 935 "-" "check_http/v1.4.14 (nagios-plugins 1.4.14)"
66.249.72.71 - - [09/Mar/2011:08:27:11 +0100] "GET /robots.txt HTTP/1.1" 404 499 "-" "DoCoMo/2.0 N905i(c100;TB;W24H16) (compatible; Googlebot-Mobile/2.1; +http://www.google.com/bot.html)"
66.249.72.71 - - [09/Mar/2011:08:27:11 +0100] "GET /osgeolive/4.0.1/osgeolive-4.0.1.iso.md5 HTTP/1.1" 200 346 "-" "DoCoMo/2.0 N905i(c100;TB;W24H16) (compatible; Googlebot-Mobile/2.1; +http://www.google.com/bot.html)"
