88.198.68.42 - - [10/Mar/2011:00:26:29 +0100] "GET / HTTP/1.1" 200 935 "-" "check_http/v1.4.14 (nagios-plugins 1.4.14)"
88.198.68.42 - - [10/Mar/2011:00:31:29 +0100] "GET / HTTP/1.1" 200 935 "-" "check_http/v1.4.14 (nagios-plugins 1.4.14)"
88.198.68.42 - - [10/Mar/2011:00:36:29 +0100] "GET / HTTP/1.1" 200 935 "-" "check_http/v1.4.14 (nagios-plugins 1.4.14)"
88.198.68.42 - - [10/Mar/2011:00:41:29 +0100] "GET / HTTP/1.1" 200 935 "-" "check_http/v1.4.14 (nagios-plugins 1.4.14)"
88.198.68.42 - - [10/Mar/2011:00:46:29 +0100] "GET / HTTP/1.1" 200 935 "-" "check_http/v1.4.14 (nagios-plugins 1.4.14)"
88.198.68.42 - - [10/Mar/2011:00:51:29 +0100] "GET / HTTP/1.1" 200 935 "-" "check_http/v1.4.14 (nagios-plugins 1.4.14)"
88.198.68.42 - - [10/Mar/2011:00:56:29 +0100] "GET / HTTP/1.1" 200 935 "-" "check_http/v1.4.14 (nagios-plugins 1.4.14)"
88.198.68.42 - - [10/Mar/2011:01:01:29 +0100] "GET / HTTP/1.1" 200 935 "-" "check_http/v1.4.14 (nagios-plugins 1.4.14)"
88.198.68.42 - - [10/Mar/2011:01:06:29 +0100] "GET / HTTP/1.1" 200 935 "-" "check_http/v1.4.14 (nagios-plugins 1.4.14)"
88.198.68.42 - - [10/Mar/2011:01:11:29 +0100] "GET / HTTP/1.1" 200 935 "-" "check_http/v1.4.14 (nagios-plugins 1.4.14)"
88.198.68.42 - - [10/Mar/2011:01:16:29 +0100] "GET / HTTP/1.1" 200 935 "-" "check_http/v1.4.14 (nagios-plugins 1.4.14)"
88.198.68.42 - - [10/Mar/2011:01:21:29 +0100] "GET / HTTP/1.1" 200 935 "-" "check_http/v1.4.14 (nagios-plugins 1.4.14)"
88.198.68.42 - - [10/Mar/2011:01:26:29 +0100] "GET / HTTP/1.1" 200 935 "-" "check_http/v1.4.14 (nagios-plugins 1.4.14)"
208.115.111.246 - - [10/Mar/2011:01:30:33 +0100] "GET /robots.txt HTTP/1.1" 404 442 "-" "Mozilla/5.0 (compatible; DotBot/1.1; http://www.dotnetdotcom.org/, crawler@dotnetdotcom.org)"
88.198.68.42 - - [10/Mar/2011:01:31:29 +0100] "GET / HTTP/1.1" 200 935 "-" "check_http/v1.4.14 (nagios-plugins 1.4.14)"
88.198.68.42 - - [10/Mar/2011:01:36:29 +0100] "GET / HTTP/1.1" 200 935 "-" "check_http/v1.4.14 (nagios-plugins 1.4.14)"
88.198.68.42 - - [10/Mar/2011:01:41:29 +0100] "GET / HTTP/1.1" 200 935 "-" "check_http/v1.4.14 (nagios-plugins 1.4.14)"
88.198.68.42 - - [10/Mar/2011:01:46:29 +0100] "GET / HTTP/1.1" 200 935 "-" "check_http/v1.4.14 (nagios-plugins 1.4.14)"
88.198.68.42 - - [10/Mar/2011:01:51:29 +0100] "GET / HTTP/1.1" 200 935 "-" "check_http/v1.4.14 (nagios-plugins 1.4.14)"
88.198.68.42 - - [10/Mar/2011:01:56:29 +0100] "GET / HTTP/1.1" 200 935 "-" "check_http/v1.4.14 (nagios-plugins 1.4.14)"
88.198.68.42 - - [10/Mar/2011:02:01:29 +0100] "GET / HTTP/1.1" 200 935 "-" "check_http/v1.4.14 (nagios-plugins 1.4.14)"
88.198.68.42 - - [10/Mar/2011:02:06:29 +0100] "GET / HTTP/1.1" 200 935 "-" "check_http/v1.4.14 (nagios-plugins 1.4.14)"
88.198.68.42 - - [10/Mar/2011:02:11:29 +0100] "GET / HTTP/1.1" 200 935 "-" "check_http/v1.4.14 (nagios-plugins 1.4.14)"
88.198.68.42 - - [10/Mar/2011:02:16:29 +0100] "GET / HTTP/1.1" 200 935 "-" "check_http/v1.4.14 (nagios-plugins 1.4.14)"
88.198.68.42 - - [10/Mar/2011:02:21:29 +0100] "GET / HTTP/1.1" 200 935 "-" "check_http/v1.4.14 (nagios-plugins 1.4.14)"
67.195.112.226 - - [10/Mar/2011:02:18:36 +0100] "GET /osgeolive/4.0.1/osgeolive-4.0.1-mini.iso HTTP/1.0" 200 144128128 "-" "Mozilla/5.0 (compatible; Yahoo! Slurp; http://help.yahoo.com/help/us/ysearch/slurp)"
67.195.112.226 - - [10/Mar/2011:02:19:15 +0100] "GET /osgeolive/4.0.1/osgeolive-4.0.1.iso HTTP/1.0" 200 145240192 "-" "Mozilla/5.0 (compatible; Yahoo! Slurp; http://help.yahoo.com/help/us/ysearch/slurp)"
208.115.111.246 - - [10/Mar/2011:02:26:14 +0100] "GET /osgeolive/ HTTP/1.1" 200 751 "-" "Mozilla/5.0 (compatible; DotBot/1.1; http://www.dotnetdotcom.org/, crawler@dotnetdotcom.org)"
208.115.111.246 - - [10/Mar/2011:02:26:19 +0100] "GET /osgeolive/4.0.1/?C=D;O=A HTTP/1.1" 200 712 "-" "Mozilla/5.0 (compatible; DotBot/1.1; http://www.dotnetdotcom.org/, crawler@dotnetdotcom.org)"
208.115.111.246 - - [10/Mar/2011:02:26:24 +0100] "GET /osgeolive/4.0.1/?C=M;O=A HTTP/1.1" 200 710 "-" "Mozilla/5.0 (compatible; DotBot/1.1; http://www.dotnetdotcom.org/, crawler@dotnetdotcom.org)"
88.198.68.42 - - [10/Mar/2011:02:26:29 +0100] "GET / HTTP/1.1" 200 935 "-" "check_http/v1.4.14 (nagios-plugins 1.4.14)"
208.115.111.246 - - [10/Mar/2011:02:26:29 +0100] "GET /osgeolive/4.0.1/?C=S;O=A HTTP/1.1" 200 709 "-" "Mozilla/5.0 (compatible; DotBot/1.1; http://www.dotnetdotcom.org/, crawler@dotnetdotcom.org)"
208.115.111.246 - - [10/Mar/2011:02:26:35 +0100] "GET /osgeolive/4.0.1/osgeolive-4.0.1-mini.iso.md5 HTTP/1.1" 200 295 "-" "Mozilla/5.0 (compatible; DotBot/1.1; http://www.dotnetdotcom.org/, crawler@dotnetdotcom.org)"
208.115.111.246 - - [10/Mar/2011:02:26:40 +0100] "GET /osgeolive/4.0.1/osgeolive-4.0.1.iso.md5 HTTP/1.1" 200 290 "-" "Mozilla/5.0 (compatible; DotBot/1.1; http://www.dotnetdotcom.org/, crawler@dotnetdotcom.org)"
88.198.68.42 - - [10/Mar/2011:02:31:29 +0100] "GET / HTTP/1.1" 200 935 "-" "check_http/v1.4.14 (nagios-plugins 1.4.14)"
88.198.68.42 - - [10/Mar/2011:02:36:29 +0100] "GET / HTTP/1.1" 200 935 "-" "check_http/v1.4.14 (nagios-plugins 1.4.14)"
88.198.68.42 - - [10/Mar/2011:02:41:29 +0100] "GET / HTTP/1.1" 200 935 "-" "check_http/v1.4.14 (nagios-plugins 1.4.14)"
88.198.68.42 - - [10/Mar/2011:02:46:29 +0100] "GET / HTTP/1.1" 200 935 "-" "check_http/v1.4.14 (nagios-plugins 1.4.14)"
88.198.68.42 - - [10/Mar/2011:02:51:29 +0100] "GET / HTTP/1.1" 200 935 "-" "check_http/v1.4.14 (nagios-plugins 1.4.14)"
88.198.68.42 - - [10/Mar/2011:02:56:29 +0100] "GET / HTTP/1.1" 200 935 "-" "check_http/v1.4.14 (nagios-plugins 1.4.14)"
88.198.68.42 - - [10/Mar/2011:03:01:29 +0100] "GET / HTTP/1.1" 200 935 "-" "check_http/v1.4.14 (nagios-plugins 1.4.14)"
88.198.68.42 - - [10/Mar/2011:03:06:29 +0100] "GET / HTTP/1.1" 200 935 "-" "check_http/v1.4.14 (nagios-plugins 1.4.14)"
88.198.68.42 - - [10/Mar/2011:03:11:29 +0100] "GET / HTTP/1.1" 200 935 "-" "check_http/v1.4.14 (nagios-plugins 1.4.14)"
88.198.68.42 - - [10/Mar/2011:03:16:29 +0100] "GET / HTTP/1.1" 200 935 "-" "check_http/v1.4.14 (nagios-plugins 1.4.14)"
88.198.68.42 - - [10/Mar/2011:03:21:30 +0100] "GET / HTTP/1.1" 200 935 "-" "check_http/v1.4.14 (nagios-plugins 1.4.14)"
88.198.68.42 - - [10/Mar/2011:03:26:29 +0100] "GET / HTTP/1.1" 200 935 "-" "check_http/v1.4.14 (nagios-plugins 1.4.14)"
88.198.68.42 - - [10/Mar/2011:03:31:29 +0100] "GET / HTTP/1.1" 200 935 "-" "check_http/v1.4.14 (nagios-plugins 1.4.14)"
88.198.68.42 - - [10/Mar/2011:03:36:29 +0100] "GET / HTTP/1.1" 200 935 "-" "check_http/v1.4.14 (nagios-plugins 1.4.14)"
88.198.68.42 - - [10/Mar/2011:03:41:29 +0100] "GET / HTTP/1.1" 200 935 "-" "check_http/v1.4.14 (nagios-plugins 1.4.14)"
88.198.68.42 - - [10/Mar/2011:03:46:29 +0100] "GET / HTTP/1.1" 200 935 "-" "check_http/v1.4.14 (nagios-plugins 1.4.14)"
88.198.68.42 - - [10/Mar/2011:03:51:29 +0100] "GET / HTTP/1.1" 200 935 "-" "check_http/v1.4.14 (nagios-plugins 1.4.14)"
88.198.68.42 - - [10/Mar/2011:03:56:29 +0100] "GET / HTTP/1.1" 200 935 "-" "check_http/v1.4.14 (nagios-plugins 1.4.14)"
88.198.68.42 - - [10/Mar/2011:04:01:29 +0100] "GET / HTTP/1.1" 200 935 "-" "check_http/v1.4.14 (nagios-plugins 1.4.14)"
88.198.68.42 - - [10/Mar/2011:04:06:29 +0100] "GET / HTTP/1.1" 200 935 "-" "check_http/v1.4.14 (nagios-plugins 1.4.14)"
88.198.68.42 - - [10/Mar/2011:04:11:29 +0100] "GET / HTTP/1.1" 200 935 "-" "check_http/v1.4.14 (nagios-plugins 1.4.14)"
88.198.68.42 - - [10/Mar/2011:04:16:29 +0100] "GET / HTTP/1.1" 200 935 "-" "check_http/v1.4.14 (nagios-plugins 1.4.14)"
83.201.205.140 - - [10/Mar/2011:04:17:06 +0100] "GET /osgeolive/4.0.1/ HTTP/1.1" 200 769 "http://download.osgeo.org/livedvd/" "Mozilla/5.0 (X11; U; Linux i686; fr; rv:1.9.2.15) Gecko/20110303 Ubuntu/10.04 (lucid) Firefox/3.6.15"
83.201.205.140 - - [10/Mar/2011:04:17:07 +0100] "GET /icons/blank.gif HTTP/1.1" 200 424 "http://mirror.wikisquare.de/osgeolive/4.0.1/" "Mozilla/5.0 (X11; U; Linux i686; fr; rv:1.9.2.15) Gecko/20110303 Ubuntu/10.04 (lucid) Firefox/3.6.15"
83.201.205.140 - - [10/Mar/2011:04:17:07 +0100] "GET /icons/back.gif HTTP/1.1" 200 493 "http://mirror.wikisquare.de/osgeolive/4.0.1/" "Mozilla/5.0 (X11; U; Linux i686; fr; rv:1.9.2.15) Gecko/20110303 Ubuntu/10.04 (lucid) Firefox/3.6.15"
83.201.205.140 - - [10/Mar/2011:04:17:07 +0100] "GET /icons/unknown.gif HTTP/1.1" 200 522 "http://mirror.wikisquare.de/osgeolive/4.0.1/" "Mozilla/5.0 (X11; U; Linux i686; fr; rv:1.9.2.15) Gecko/20110303 Ubuntu/10.04 (lucid) Firefox/3.6.15"
83.201.205.140 - - [10/Mar/2011:04:17:07 +0100] "GET /favicon.ico HTTP/1.1" 404 499 "-" "Mozilla/5.0 (X11; U; Linux i686; fr; rv:1.9.2.15) Gecko/20110303 Ubuntu/10.04 (lucid) Firefox/3.6.15"
83.201.205.140 - - [10/Mar/2011:04:17:10 +0100] "GET /favicon.ico HTTP/1.1" 404 499 "-" "Mozilla/5.0 (X11; U; Linux i686; fr; rv:1.9.2.15) Gecko/20110303 Ubuntu/10.04 (lucid) Firefox/3.6.15"
88.198.68.42 - - [10/Mar/2011:04:21:29 +0100] "GET / HTTP/1.1" 200 935 "-" "check_http/v1.4.14 (nagios-plugins 1.4.14)"
88.198.68.42 - - [10/Mar/2011:04:26:29 +0100] "GET / HTTP/1.1" 200 935 "-" "check_http/v1.4.14 (nagios-plugins 1.4.14)"
88.198.68.42 - - [10/Mar/2011:04:31:29 +0100] "GET / HTTP/1.1" 200 935 "-" "check_http/v1.4.14 (nagios-plugins 1.4.14)"
88.198.68.42 - - [10/Mar/2011:04:36:29 +0100] "GET / HTTP/1.1" 200 935 "-" "check_http/v1.4.14 (nagios-plugins 1.4.14)"
88.198.68.42 - - [10/Mar/2011:04:41:29 +0100] "GET / HTTP/1.1" 200 935 "-" "check_http/v1.4.14 (nagios-plugins 1.4.14)"
88.198.68.42 - - [10/Mar/2011:04:46:29 +0100] "GET / HTTP/1.1" 200 935 "-" "check_http/v1.4.14 (nagios-plugins 1.4.14)"
88.198.68.42 - - [10/Mar/2011:04:51:29 +0100] "GET / HTTP/1.1" 200 935 "-" "check_http/v1.4.14 (nagios-plugins 1.4.14)"
88.198.68.42 - - [10/Mar/2011:04:56:29 +0100] "GET / HTTP/1.1" 200 935 "-" "check_http/v1.4.14 (nagios-plugins 1.4.14)"
88.198.68.42 - - [10/Mar/2011:05:01:29 +0100] "GET / HTTP/1.1" 200 935 "-" "check_http/v1.4.14 (nagios-plugins 1.4.14)"
88.198.68.42 - - [10/Mar/2011:05:06:29 +0100] "GET / HTTP/1.1" 200 935 "-" "check_http/v1.4.14 (nagios-plugins 1.4.14)"
88.198.68.42 - - [10/Mar/2011:05:11:29 +0100] "GET / HTTP/1.1" 200 935 "-" "check_http/v1.4.14 (nagios-plugins 1.4.14)"
88.198.68.42 - - [10/Mar/2011:05:16:29 +0100] "GET / HTTP/1.1" 200 935 "-" "check_http/v1.4.14 (nagios-plugins 1.4.14)"
88.198.68.42 - - [10/Mar/2011:05:21:29 +0100] "GET / HTTP/1.1" 200 935 "-" "check_http/v1.4.14 (nagios-plugins 1.4.14)"
88.198.68.42 - - [10/Mar/2011:05:26:29 +0100] "GET / HTTP/1.1" 200 935 "-" "check_http/v1.4.14 (nagios-plugins 1.4.14)"
88.198.68.42 - - [10/Mar/2011:05:31:29 +0100] "GET / HTTP/1.1" 200 935 "-" "check_http/v1.4.14 (nagios-plugins 1.4.14)"
67.195.112.226 - - [10/Mar/2011:05:34:34 +0100] "GET /osgeolive/?C=N;O=A HTTP/1.0" 200 770 "-" "Mozilla/5.0 (compatible; Yahoo! Slurp; http://help.yahoo.com/help/us/ysearch/slurp)"
88.198.68.42 - - [10/Mar/2011:05:36:29 +0100] "GET / HTTP/1.1" 200 935 "-" "check_http/v1.4.14 (nagios-plugins 1.4.14)"
88.198.68.42 - - [10/Mar/2011:05:41:29 +0100] "GET / HTTP/1.1" 200 935 "-" "check_http/v1.4.14 (nagios-plugins 1.4.14)"
88.198.68.42 - - [10/Mar/2011:05:46:29 +0100] "GET / HTTP/1.1" 200 935 "-" "check_http/v1.4.14 (nagios-plugins 1.4.14)"
88.198.68.42 - - [10/Mar/2011:05:51:29 +0100] "GET / HTTP/1.1" 200 935 "-" "check_http/v1.4.14 (nagios-plugins 1.4.14)"
88.198.68.42 - - [10/Mar/2011:05:56:29 +0100] "GET / HTTP/1.1" 200 935 "-" "check_http/v1.4.14 (nagios-plugins 1.4.14)"
88.198.68.42 - - [10/Mar/2011:06:01:29 +0100] "GET / HTTP/1.1" 200 935 "-" "check_http/v1.4.14 (nagios-plugins 1.4.14)"
88.198.68.42 - - [10/Mar/2011:06:06:29 +0100] "GET / HTTP/1.1" 200 935 "-" "check_http/v1.4.14 (nagios-plugins 1.4.14)"
88.198.68.42 - - [10/Mar/2011:06:11:29 +0100] "GET / HTTP/1.1" 200 935 "-" "check_http/v1.4.14 (nagios-plugins 1.4.14)"
88.198.68.42 - - [10/Mar/2011:06:16:29 +0100] "GET / HTTP/1.1" 200 935 "-" "check_http/v1.4.14 (nagios-plugins 1.4.14)"
88.198.68.42 - - [10/Mar/2011:06:21:29 +0100] "GET / HTTP/1.1" 200 935 "-" "check_http/v1.4.14 (nagios-plugins 1.4.14)"
88.198.68.42 - - [10/Mar/2011:06:26:29 +0100] "GET / HTTP/1.1" 200 935 "-" "check_http/v1.4.14 (nagios-plugins 1.4.14)"
88.198.68.42 - - [10/Mar/2011:06:31:29 +0100] "GET / HTTP/1.1" 200 935 "-" "check_http/v1.4.14 (nagios-plugins 1.4.14)"
88.198.68.42 - - [10/Mar/2011:06:36:29 +0100] "GET / HTTP/1.1" 200 935 "-" "check_http/v1.4.14 (nagios-plugins 1.4.14)"
88.198.68.42 - - [10/Mar/2011:06:41:29 +0100] "GET / HTTP/1.1" 200 935 "-" "check_http/v1.4.14 (nagios-plugins 1.4.14)"
88.198.68.42 - - [10/Mar/2011:06:46:29 +0100] "GET / HTTP/1.1" 200 935 "-" "check_http/v1.4.14 (nagios-plugins 1.4.14)"
88.198.68.42 - - [10/Mar/2011:06:51:29 +0100] "GET / HTTP/1.1" 200 935 "-" "check_http/v1.4.14 (nagios-plugins 1.4.14)"
88.198.68.42 - - [10/Mar/2011:06:56:29 +0100] "GET / HTTP/1.1" 200 935 "-" "check_http/v1.4.14 (nagios-plugins 1.4.14)"
88.198.68.42 - - [10/Mar/2011:07:01:29 +0100] "GET / HTTP/1.1" 200 935 "-" "check_http/v1.4.14 (nagios-plugins 1.4.14)"
208.115.111.246 - - [10/Mar/2011:07:05:18 +0100] "GET /osgeolive/4.0.1/ HTTP/1.1" 200 712 "-" "Mozilla/5.0 (compatible; DotBot/1.1; http://www.dotnetdotcom.org/, crawler@dotnetdotcom.org)"
88.198.68.42 - - [10/Mar/2011:07:06:29 +0100] "GET / HTTP/1.1" 200 935 "-" "check_http/v1.4.14 (nagios-plugins 1.4.14)"
88.198.68.42 - - [10/Mar/2011:07:11:29 +0100] "GET / HTTP/1.1" 200 935 "-" "check_http/v1.4.14 (nagios-plugins 1.4.14)"
88.198.68.42 - - [10/Mar/2011:07:16:29 +0100] "GET / HTTP/1.1" 200 935 "-" "check_http/v1.4.14 (nagios-plugins 1.4.14)"
88.198.68.42 - - [10/Mar/2011:07:21:29 +0100] "GET / HTTP/1.1" 200 935 "-" "check_http/v1.4.14 (nagios-plugins 1.4.14)"
88.198.68.42 - - [10/Mar/2011:07:26:29 +0100] "GET / HTTP/1.1" 200 935 "-" "check_http/v1.4.14 (nagios-plugins 1.4.14)"
88.198.68.42 - - [10/Mar/2011:07:31:29 +0100] "GET / HTTP/1.1" 200 935 "-" "check_http/v1.4.14 (nagios-plugins 1.4.14)"
88.198.68.42 - - [10/Mar/2011:07:36:29 +0100] "GET / HTTP/1.1" 200 935 "-" "check_http/v1.4.14 (nagios-plugins 1.4.14)"
88.198.68.42 - - [10/Mar/2011:07:41:29 +0100] "GET / HTTP/1.1" 200 935 "-" "check_http/v1.4.14 (nagios-plugins 1.4.14)"
88.198.68.42 - - [10/Mar/2011:07:46:29 +0100] "GET / HTTP/1.1" 200 935 "-" "check_http/v1.4.14 (nagios-plugins 1.4.14)"
88.198.68.42 - - [10/Mar/2011:07:51:29 +0100] "GET / HTTP/1.1" 200 935 "-" "check_http/v1.4.14 (nagios-plugins 1.4.14)"
88.198.68.42 - - [10/Mar/2011:07:56:29 +0100] "GET / HTTP/1.1" 200 935 "-" "check_http/v1.4.14 (nagios-plugins 1.4.14)"
88.198.68.42 - - [10/Mar/2011:08:01:29 +0100] "GET / HTTP/1.1" 200 935 "-" "check_http/v1.4.14 (nagios-plugins 1.4.14)"
88.198.68.42 - - [10/Mar/2011:08:06:29 +0100] "GET / HTTP/1.1" 200 935 "-" "check_http/v1.4.14 (nagios-plugins 1.4.14)"
88.198.68.42 - - [10/Mar/2011:08:11:29 +0100] "GET / HTTP/1.1" 200 935 "-" "check_http/v1.4.14 (nagios-plugins 1.4.14)"
88.198.68.42 - - [10/Mar/2011:08:16:29 +0100] "GET / HTTP/1.1" 200 935 "-" "check_http/v1.4.14 (nagios-plugins 1.4.14)"
88.198.68.42 - - [10/Mar/2011:08:21:29 +0100] "GET / HTTP/1.1" 200 935 "-" "check_http/v1.4.14 (nagios-plugins 1.4.14)"
88.198.68.42 - - [10/Mar/2011:08:26:29 +0100] "GET / HTTP/1.1" 200 935 "-" "check_http/v1.4.14 (nagios-plugins 1.4.14)"
88.198.68.42 - - [10/Mar/2011:08:31:29 +0100] "GET / HTTP/1.1" 200 935 "-" "check_http/v1.4.14 (nagios-plugins 1.4.14)"
88.198.68.42 - - [10/Mar/2011:08:36:29 +0100] "GET / HTTP/1.1" 200 935 "-" "check_http/v1.4.14 (nagios-plugins 1.4.14)"
88.198.68.42 - - [10/Mar/2011:08:41:29 +0100] "GET / HTTP/1.1" 200 935 "-" "check_http/v1.4.14 (nagios-plugins 1.4.14)"
87.204.27.13 - - [10/Mar/2011:08:40:52 +0100] "GET /osgeolive/4.0.1/osgeolive-4.0.1.iso HTTP/1.1" 200 169358868 "http://live.osgeo.org/download.html" "Mozilla/5.0 (Windows; U; Windows NT 5.1; pl; rv:1.9.2.15) Gecko/20110303 Firefox/3.6.15 ( .NET CLR 3.5.30729)"
88.198.68.42 - - [10/Mar/2011:08:46:29 +0100] "GET / HTTP/1.1" 200 935 "-" "check_http/v1.4.14 (nagios-plugins 1.4.14)"
88.198.68.42 - - [10/Mar/2011:08:51:29 +0100] "GET / HTTP/1.1" 200 935 "-" "check_http/v1.4.14 (nagios-plugins 1.4.14)"
88.198.68.42 - - [10/Mar/2011:08:56:29 +0100] "GET / HTTP/1.1" 200 935 "-" "check_http/v1.4.14 (nagios-plugins 1.4.14)"
88.198.68.42 - - [10/Mar/2011:09:01:29 +0100] "GET / HTTP/1.1" 200 935 "-" "check_http/v1.4.14 (nagios-plugins 1.4.14)"
88.198.68.42 - - [10/Mar/2011:09:06:29 +0100] "GET / HTTP/1.1" 200 935 "-" "check_http/v1.4.14 (nagios-plugins 1.4.14)"
88.198.68.42 - - [10/Mar/2011:09:11:29 +0100] "GET / HTTP/1.1" 200 935 "-" "check_http/v1.4.14 (nagios-plugins 1.4.14)"
88.198.68.42 - - [10/Mar/2011:09:16:29 +0100] "GET / HTTP/1.1" 200 935 "-" "check_http/v1.4.14 (nagios-plugins 1.4.14)"
88.198.68.42 - - [10/Mar/2011:09:21:29 +0100] "GET / HTTP/1.1" 200 935 "-" "check_http/v1.4.14 (nagios-plugins 1.4.14)"
88.198.68.42 - - [10/Mar/2011:09:26:29 +0100] "GET / HTTP/1.1" 200 935 "-" "check_http/v1.4.14 (nagios-plugins 1.4.14)"
88.198.68.42 - - [10/Mar/2011:09:31:29 +0100] "GET / HTTP/1.1" 200 935 "-" "check_http/v1.4.14 (nagios-plugins 1.4.14)"
88.198.68.42 - - [10/Mar/2011:09:36:29 +0100] "GET / HTTP/1.1" 200 935 "-" "check_http/v1.4.14 (nagios-plugins 1.4.14)"
88.198.68.42 - - [10/Mar/2011:09:41:29 +0100] "GET / HTTP/1.1" 200 935 "-" "check_http/v1.4.14 (nagios-plugins 1.4.14)"
88.198.68.42 - - [10/Mar/2011:09:46:29 +0100] "GET / HTTP/1.1" 200 935 "-" "check_http/v1.4.14 (nagios-plugins 1.4.14)"
67.195.112.226 - - [10/Mar/2011:09:49:13 +0100] "GET /robots.txt HTTP/1.0" 404 461 "-" "Mozilla/5.0 (compatible; Yahoo! Slurp; http://help.yahoo.com/help/us/ysearch/slurp)"
88.198.68.42 - - [10/Mar/2011:09:51:29 +0100] "GET / HTTP/1.1" 200 935 "-" "check_http/v1.4.14 (nagios-plugins 1.4.14)"
67.195.112.226 - - [10/Mar/2011:09:49:13 +0100] "GET /osgeolive/4.0.1/osgeolive-4.0.1.iso HTTP/1.0" 200 143509832 "-" "Mozilla/5.0 (compatible; Yahoo! Slurp; http://help.yahoo.com/help/us/ysearch/slurp)"
88.198.68.42 - - [10/Mar/2011:09:56:29 +0100] "GET / HTTP/1.1" 200 935 "-" "check_http/v1.4.14 (nagios-plugins 1.4.14)"
88.198.68.42 - - [10/Mar/2011:10:01:29 +0100] "GET / HTTP/1.1" 200 935 "-" "check_http/v1.4.14 (nagios-plugins 1.4.14)"
88.198.68.42 - - [10/Mar/2011:10:06:29 +0100] "GET / HTTP/1.1" 200 935 "-" "check_http/v1.4.14 (nagios-plugins 1.4.14)"
88.198.68.42 - - [10/Mar/2011:10:11:29 +0100] "GET / HTTP/1.1" 200 935 "-" "check_http/v1.4.14 (nagios-plugins 1.4.14)"
88.198.68.42 - - [10/Mar/2011:10:16:29 +0100] "GET / HTTP/1.1" 200 935 "-" "check_http/v1.4.14 (nagios-plugins 1.4.14)"
88.198.68.42 - - [10/Mar/2011:10:21:29 +0100] "GET / HTTP/1.1" 200 935 "-" "check_http/v1.4.14 (nagios-plugins 1.4.14)"
88.198.68.42 - - [10/Mar/2011:10:26:29 +0100] "GET / HTTP/1.1" 200 935 "-" "check_http/v1.4.14 (nagios-plugins 1.4.14)"
88.198.68.42 - - [10/Mar/2011:10:31:29 +0100] "GET / HTTP/1.1" 200 935 "-" "check_http/v1.4.14 (nagios-plugins 1.4.14)"
88.198.68.42 - - [10/Mar/2011:10:36:29 +0100] "GET / HTTP/1.1" 200 935 "-" "check_http/v1.4.14 (nagios-plugins 1.4.14)"
88.198.68.42 - - [10/Mar/2011:10:41:29 +0100] "GET / HTTP/1.1" 200 935 "-" "check_http/v1.4.14 (nagios-plugins 1.4.14)"
88.198.68.42 - - [10/Mar/2011:10:46:29 +0100] "GET / HTTP/1.1" 200 935 "-" "check_http/v1.4.14 (nagios-plugins 1.4.14)"
88.198.68.42 - - [10/Mar/2011:10:51:29 +0100] "GET / HTTP/1.1" 200 935 "-" "check_http/v1.4.14 (nagios-plugins 1.4.14)"
88.198.68.42 - - [10/Mar/2011:10:56:29 +0100] "GET / HTTP/1.1" 200 935 "-" "check_http/v1.4.14 (nagios-plugins 1.4.14)"
88.198.68.42 - - [10/Mar/2011:11:01:29 +0100] "GET / HTTP/1.1" 200 935 "-" "check_http/v1.4.14 (nagios-plugins 1.4.14)"
217.14.6.210 - - [10/Mar/2011:11:04:59 +0100] "GET /robots.txt HTTP/1.0" 404 505 "-" "Mozilla/5.0 (compatible; MJ12bot/v1.3.3; http://www.majestic12.co.uk/bot.php?+)"
217.14.6.210 - - [10/Mar/2011:11:05:00 +0100] "GET /osgeolive/4.0.1 HTTP/1.1" 301 594 "-" "Mozilla/5.0 (compatible; MJ12bot/v1.3.3; http://www.majestic12.co.uk/bot.php?+)"
217.14.6.210 - - [10/Mar/2011:11:05:01 +0100] "GET /osgeolive/4.0.1/ HTTP/1.1" 200 1841 "-" "Mozilla/5.0 (compatible; MJ12bot/v1.3.3; http://www.majestic12.co.uk/bot.php?+)"
88.198.68.42 - - [10/Mar/2011:11:06:29 +0100] "GET / HTTP/1.1" 200 935 "-" "check_http/v1.4.14 (nagios-plugins 1.4.14)"
88.198.68.42 - - [10/Mar/2011:11:11:29 +0100] "GET / HTTP/1.1" 200 935 "-" "check_http/v1.4.14 (nagios-plugins 1.4.14)"
88.198.68.42 - - [10/Mar/2011:11:16:29 +0100] "GET / HTTP/1.1" 200 935 "-" "check_http/v1.4.14 (nagios-plugins 1.4.14)"
88.198.68.42 - - [10/Mar/2011:11:21:29 +0100] "GET / HTTP/1.1" 200 935 "-" "check_http/v1.4.14 (nagios-plugins 1.4.14)"
88.198.68.42 - - [10/Mar/2011:11:26:29 +0100] "GET / HTTP/1.1" 200 935 "-" "check_http/v1.4.14 (nagios-plugins 1.4.14)"
88.198.68.42 - - [10/Mar/2011:11:31:29 +0100] "GET / HTTP/1.1" 200 935 "-" "check_http/v1.4.14 (nagios-plugins 1.4.14)"
88.198.68.42 - - [10/Mar/2011:11:36:29 +0100] "GET / HTTP/1.1" 200 935 "-" "check_http/v1.4.14 (nagios-plugins 1.4.14)"
88.198.68.42 - - [10/Mar/2011:11:41:29 +0100] "GET / HTTP/1.1" 200 935 "-" "check_http/v1.4.14 (nagios-plugins 1.4.14)"
88.198.68.42 - - [10/Mar/2011:11:46:29 +0100] "GET / HTTP/1.1" 200 935 "-" "check_http/v1.4.14 (nagios-plugins 1.4.14)"
88.198.68.42 - - [10/Mar/2011:11:51:29 +0100] "GET / HTTP/1.1" 200 935 "-" "check_http/v1.4.14 (nagios-plugins 1.4.14)"
88.198.68.42 - - [10/Mar/2011:11:56:29 +0100] "GET / HTTP/1.1" 200 935 "-" "check_http/v1.4.14 (nagios-plugins 1.4.14)"
88.198.68.42 - - [10/Mar/2011:12:01:29 +0100] "GET / HTTP/1.1" 200 935 "-" "check_http/v1.4.14 (nagios-plugins 1.4.14)"
88.198.68.42 - - [10/Mar/2011:12:06:29 +0100] "GET / HTTP/1.1" 200 935 "-" "check_http/v1.4.14 (nagios-plugins 1.4.14)"
88.198.68.42 - - [10/Mar/2011:12:11:29 +0100] "GET / HTTP/1.1" 200 935 "-" "check_http/v1.4.14 (nagios-plugins 1.4.14)"
88.198.68.42 - - [10/Mar/2011:12:16:29 +0100] "GET / HTTP/1.1" 200 935 "-" "check_http/v1.4.14 (nagios-plugins 1.4.14)"
88.198.68.42 - - [10/Mar/2011:12:21:29 +0100] "GET / HTTP/1.1" 200 935 "-" "check_http/v1.4.14 (nagios-plugins 1.4.14)"
66.249.66.132 - - [10/Mar/2011:12:25:47 +0100] "GET /robots.txt HTTP/1.1" 404 499 "-" "Mozilla/5.0 (compatible; Googlebot/2.1; +http://www.google.com/bot.html)"
66.249.66.132 - - [10/Mar/2011:12:25:47 +0100] "GET / HTTP/1.1" 200 656 "-" "Mozilla/5.0 (compatible; Googlebot/2.1; +http://www.google.com/bot.html)"
88.198.68.42 - - [10/Mar/2011:12:26:29 +0100] "GET / HTTP/1.1" 200 935 "-" "check_http/v1.4.14 (nagios-plugins 1.4.14)"
88.198.68.42 - - [10/Mar/2011:12:31:29 +0100] "GET / HTTP/1.1" 200 935 "-" "check_http/v1.4.14 (nagios-plugins 1.4.14)"
218.213.130.181 - - [10/Mar/2011:12:36:26 +0100] "GET /robots.txt HTTP/1.1" 404 505 "-" "ichiro/4.0 (http://help.goo.ne.jp/door/crawler.html)"
218.213.130.181 - - [10/Mar/2011:12:36:28 +0100] "GET /osgeolive/4.0.1/ HTTP/1.1" 200 1860 "-" "ichiro/4.0 (http://help.goo.ne.jp/door/crawler.html)"
88.198.68.42 - - [10/Mar/2011:12:36:29 +0100] "GET / HTTP/1.1" 200 935 "-" "check_http/v1.4.14 (nagios-plugins 1.4.14)"
88.198.68.42 - - [10/Mar/2011:12:41:29 +0100] "GET / HTTP/1.1" 200 935 "-" "check_http/v1.4.14 (nagios-plugins 1.4.14)"
88.198.68.42 - - [10/Mar/2011:12:46:29 +0100] "GET / HTTP/1.1" 200 935 "-" "check_http/v1.4.14 (nagios-plugins 1.4.14)"
88.198.68.42 - - [10/Mar/2011:12:51:29 +0100] "GET / HTTP/1.1" 200 935 "-" "check_http/v1.4.14 (nagios-plugins 1.4.14)"
88.198.68.42 - - [10/Mar/2011:12:56:29 +0100] "GET / HTTP/1.1" 200 935 "-" "check_http/v1.4.14 (nagios-plugins 1.4.14)"
88.198.68.42 - - [10/Mar/2011:13:01:29 +0100] "GET / HTTP/1.1" 200 935 "-" "check_http/v1.4.14 (nagios-plugins 1.4.14)"
88.198.68.42 - - [10/Mar/2011:13:06:29 +0100] "GET / HTTP/1.1" 200 935 "-" "check_http/v1.4.14 (nagios-plugins 1.4.14)"
88.198.68.42 - - [10/Mar/2011:13:11:29 +0100] "GET / HTTP/1.1" 200 935 "-" "check_http/v1.4.14 (nagios-plugins 1.4.14)"
88.198.68.42 - - [10/Mar/2011:13:16:29 +0100] "GET / HTTP/1.1" 200 935 "-" "check_http/v1.4.14 (nagios-plugins 1.4.14)"
88.198.68.42 - - [10/Mar/2011:13:21:29 +0100] "GET / HTTP/1.1" 200 935 "-" "check_http/v1.4.14 (nagios-plugins 1.4.14)"
88.198.68.42 - - [10/Mar/2011:13:26:29 +0100] "GET / HTTP/1.1" 200 935 "-" "check_http/v1.4.14 (nagios-plugins 1.4.14)"
88.198.68.42 - - [10/Mar/2011:13:31:29 +0100] "GET / HTTP/1.1" 200 935 "-" "check_http/v1.4.14 (nagios-plugins 1.4.14)"
88.198.68.42 - - [10/Mar/2011:13:36:29 +0100] "GET / HTTP/1.1" 200 935 "-" "check_http/v1.4.14 (nagios-plugins 1.4.14)"
88.198.68.42 - - [10/Mar/2011:13:41:29 +0100] "GET / HTTP/1.1" 200 935 "-" "check_http/v1.4.14 (nagios-plugins 1.4.14)"
88.198.68.42 - - [10/Mar/2011:13:46:29 +0100] "GET / HTTP/1.1" 200 935 "-" "check_http/v1.4.14 (nagios-plugins 1.4.14)"
88.198.68.42 - - [10/Mar/2011:13:51:29 +0100] "GET / HTTP/1.1" 200 935 "-" "check_http/v1.4.14 (nagios-plugins 1.4.14)"
88.198.68.42 - - [10/Mar/2011:13:56:29 +0100] "GET / HTTP/1.1" 200 935 "-" "check_http/v1.4.14 (nagios-plugins 1.4.14)"
208.115.111.71 - - [10/Mar/2011:13:57:24 +0100] "GET /robots.txt HTTP/1.1" 404 486 "-" "Mozilla/5.0 (compatible; Ezooms/1.0; ezooms.bot@gmail.com)"
88.198.68.42 - - [10/Mar/2011:14:01:29 +0100] "GET / HTTP/1.1" 200 935 "-" "check_http/v1.4.14 (nagios-plugins 1.4.14)"
88.198.68.42 - - [10/Mar/2011:14:06:29 +0100] "GET / HTTP/1.1" 200 935 "-" "check_http/v1.4.14 (nagios-plugins 1.4.14)"
88.198.68.42 - - [10/Mar/2011:14:11:29 +0100] "GET / HTTP/1.1" 200 935 "-" "check_http/v1.4.14 (nagios-plugins 1.4.14)"
88.198.68.42 - - [10/Mar/2011:14:16:29 +0100] "GET / HTTP/1.1" 200 935 "-" "check_http/v1.4.14 (nagios-plugins 1.4.14)"
208.115.111.71 - - [10/Mar/2011:14:18:48 +0100] "GET /osgeolive/4.0.1/ HTTP/1.1" 200 1841 "-" "Mozilla/5.0 (compatible; Ezooms/1.0; ezooms.bot@gmail.com)"
88.198.68.42 - - [10/Mar/2011:14:21:29 +0100] "GET / HTTP/1.1" 200 935 "-" "check_http/v1.4.14 (nagios-plugins 1.4.14)"
217.232.143.254 - - [10/Mar/2011:14:25:16 +0100] "GET /favicon.ico HTTP/1.1" 404 500 "-" "Mozilla/5.0 (Windows; U; Windows NT 6.1; de; rv:1.9.2.15) Gecko/20110303 Firefox/3.6.15"
217.232.143.254 - - [10/Mar/2011:14:25:18 +0100] "GET /favicon.ico HTTP/1.1" 404 499 "-" "Mozilla/5.0 (Windows; U; Windows NT 6.1; de; rv:1.9.2.15) Gecko/20110303 Firefox/3.6.15"
88.198.68.42 - - [10/Mar/2011:14:26:29 +0100] "GET / HTTP/1.1" 200 935 "-" "check_http/v1.4.14 (nagios-plugins 1.4.14)"
88.198.68.42 - - [10/Mar/2011:14:31:29 +0100] "GET / HTTP/1.1" 200 935 "-" "check_http/v1.4.14 (nagios-plugins 1.4.14)"
88.198.68.42 - - [10/Mar/2011:14:36:29 +0100] "GET / HTTP/1.1" 200 935 "-" "check_http/v1.4.14 (nagios-plugins 1.4.14)"
88.198.68.42 - - [10/Mar/2011:14:41:29 +0100] "GET / HTTP/1.1" 200 935 "-" "check_http/v1.4.14 (nagios-plugins 1.4.14)"
88.198.68.42 - - [10/Mar/2011:14:46:29 +0100] "GET / HTTP/1.1" 200 935 "-" "check_http/v1.4.14 (nagios-plugins 1.4.14)"
88.198.68.42 - - [10/Mar/2011:14:51:29 +0100] "GET / HTTP/1.1" 200 935 "-" "check_http/v1.4.14 (nagios-plugins 1.4.14)"
88.198.68.42 - - [10/Mar/2011:14:56:29 +0100] "GET / HTTP/1.1" 200 935 "-" "check_http/v1.4.14 (nagios-plugins 1.4.14)"
88.198.68.42 - - [10/Mar/2011:15:01:29 +0100] "GET / HTTP/1.1" 200 935 "-" "check_http/v1.4.14 (nagios-plugins 1.4.14)"
88.198.68.42 - - [10/Mar/2011:15:06:29 +0100] "GET / HTTP/1.1" 200 935 "-" "check_http/v1.4.14 (nagios-plugins 1.4.14)"
88.198.68.42 - - [10/Mar/2011:15:11:29 +0100] "GET / HTTP/1.1" 200 935 "-" "check_http/v1.4.14 (nagios-plugins 1.4.14)"
88.198.68.42 - - [10/Mar/2011:15:16:29 +0100] "GET / HTTP/1.1" 200 935 "-" "check_http/v1.4.14 (nagios-plugins 1.4.14)"
88.198.68.42 - - [10/Mar/2011:15:21:29 +0100] "GET / HTTP/1.1" 200 935 "-" "check_http/v1.4.14 (nagios-plugins 1.4.14)"
218.213.130.181 - - [10/Mar/2011:15:26:08 +0100] "GET /osgeolive/4.0.1/osgeolive-4.0.1.iso HTTP/1.1" 200 13032 "-" "ichiro/4.0 (http://help.goo.ne.jp/door/crawler.html)"
88.198.68.42 - - [10/Mar/2011:15:26:29 +0100] "GET / HTTP/1.1" 200 935 "-" "check_http/v1.4.14 (nagios-plugins 1.4.14)"
88.198.68.42 - - [10/Mar/2011:15:31:29 +0100] "GET / HTTP/1.1" 200 935 "-" "check_http/v1.4.14 (nagios-plugins 1.4.14)"
218.213.130.181 - - [10/Mar/2011:15:32:34 +0100] "GET /osgeolive/4.0.1/osgeolive-4.0.1-mini.iso.md5 HTTP/1.1" 200 314 "-" "ichiro/4.0 (http://help.goo.ne.jp/door/crawler.html)"
88.198.68.42 - - [10/Mar/2011:15:36:29 +0100] "GET / HTTP/1.1" 200 935 "-" "check_http/v1.4.14 (nagios-plugins 1.4.14)"
218.213.130.181 - - [10/Mar/2011:15:39:16 +0100] "GET /osgeolive/4.0.1/osgeolive-4.0.1-mini.iso HTTP/1.1" 200 13032 "-" "ichiro/4.0 (http://help.goo.ne.jp/door/crawler.html)"
88.198.68.42 - - [10/Mar/2011:15:41:29 +0100] "GET / HTTP/1.1" 200 935 "-" "check_http/v1.4.14 (nagios-plugins 1.4.14)"
218.213.130.181 - - [10/Mar/2011:15:45:15 +0100] "GET /osgeolive/ HTTP/1.1" 200 2891 "-" "DoCoMo/2.0 P901i(c100;TB;W24H11) (compatible; ichiro/mobile goo; +http://help.goo.ne.jp/door/crawler.html)"
88.198.68.42 - - [10/Mar/2011:15:46:29 +0100] "GET / HTTP/1.1" 200 935 "-" "check_http/v1.4.14 (nagios-plugins 1.4.14)"
218.213.130.181 - - [10/Mar/2011:15:51:03 +0100] "GET /osgeolive/4.0.1/?C=D;O=A HTTP/1.1" 200 1860 "-" "DoCoMo/2.0 P901i(c100;TB;W24H11) (compatible; ichiro/mobile goo; +http://help.goo.ne.jp/door/crawler.html)"
88.198.68.42 - - [10/Mar/2011:15:51:29 +0100] "GET / HTTP/1.1" 200 935 "-" "check_http/v1.4.14 (nagios-plugins 1.4.14)"
88.198.68.42 - - [10/Mar/2011:15:56:29 +0100] "GET / HTTP/1.1" 200 935 "-" "check_http/v1.4.14 (nagios-plugins 1.4.14)"
218.213.130.181 - - [10/Mar/2011:15:56:49 +0100] "GET /osgeolive/4.0.1/?C=S;O=A HTTP/1.1" 200 1860 "-" "DoCoMo/2.0 P901i(c100;TB;W24H11) (compatible; ichiro/mobile goo; +http://help.goo.ne.jp/door/crawler.html)"
88.198.68.42 - - [10/Mar/2011:16:01:29 +0100] "GET / HTTP/1.1" 200 935 "-" "check_http/v1.4.14 (nagios-plugins 1.4.14)"
218.213.130.181 - - [10/Mar/2011:16:02:35 +0100] "GET /osgeolive/4.0.1/?C=M;O=A HTTP/1.1" 200 1860 "-" "DoCoMo/2.0 P901i(c100;TB;W24H11) (compatible; ichiro/mobile goo; +http://help.goo.ne.jp/door/crawler.html)"
88.198.68.42 - - [10/Mar/2011:16:06:29 +0100] "GET / HTTP/1.1" 200 935 "-" "check_http/v1.4.14 (nagios-plugins 1.4.14)"
218.213.130.181 - - [10/Mar/2011:16:08:34 +0100] "GET /osgeolive/4.0.1/?C=N;O=D HTTP/1.1" 200 1860 "-" "DoCoMo/2.0 P901i(c100;TB;W24H11) (compatible; ichiro/mobile goo; +http://help.goo.ne.jp/door/crawler.html)"
88.198.68.42 - - [10/Mar/2011:16:11:29 +0100] "GET / HTTP/1.1" 200 935 "-" "check_http/v1.4.14 (nagios-plugins 1.4.14)"
218.213.130.181 - - [10/Mar/2011:16:14:33 +0100] "GET /osgeolive/4.0.1/osgeolive-4.0.1.iso.md5 HTTP/1.1" 200 309 "-" "ichiro/4.0 (http://help.goo.ne.jp/door/crawler.html)"
88.198.68.42 - - [10/Mar/2011:16:16:29 +0100] "GET / HTTP/1.1" 200 935 "-" "check_http/v1.4.14 (nagios-plugins 1.4.14)"
88.198.68.42 - - [10/Mar/2011:16:21:29 +0100] "GET / HTTP/1.1" 200 935 "-" "check_http/v1.4.14 (nagios-plugins 1.4.14)"
88.198.68.42 - - [10/Mar/2011:16:26:29 +0100] "GET / HTTP/1.1" 200 935 "-" "check_http/v1.4.14 (nagios-plugins 1.4.14)"
67.195.112.226 - - [10/Mar/2011:16:22:08 +0100] "GET /osgeolive/4.0.1/osgeolive-4.0.1.iso HTTP/1.0" 200 146704120 "-" "Mozilla/5.0 (compatible; Yahoo! Slurp; http://help.yahoo.com/help/us/ysearch/slurp)"
88.198.68.42 - - [10/Mar/2011:16:31:29 +0100] "GET / HTTP/1.1" 200 935 "-" "check_http/v1.4.14 (nagios-plugins 1.4.14)"
88.198.68.42 - - [10/Mar/2011:16:36:29 +0100] "GET / HTTP/1.1" 200 935 "-" "check_http/v1.4.14 (nagios-plugins 1.4.14)"
88.198.68.42 - - [10/Mar/2011:16:41:29 +0100] "GET / HTTP/1.1" 200 935 "-" "check_http/v1.4.14 (nagios-plugins 1.4.14)"
88.198.68.42 - - [10/Mar/2011:16:46:29 +0100] "GET / HTTP/1.1" 200 935 "-" "check_http/v1.4.14 (nagios-plugins 1.4.14)"
88.198.68.42 - - [10/Mar/2011:16:51:29 +0100] "GET / HTTP/1.1" 200 935 "-" "check_http/v1.4.14 (nagios-plugins 1.4.14)"
88.198.68.42 - - [10/Mar/2011:16:56:29 +0100] "GET / HTTP/1.1" 200 935 "-" "check_http/v1.4.14 (nagios-plugins 1.4.14)"
88.198.68.42 - - [10/Mar/2011:17:01:29 +0100] "GET / HTTP/1.1" 200 935 "-" "check_http/v1.4.14 (nagios-plugins 1.4.14)"
88.198.68.42 - - [10/Mar/2011:17:06:29 +0100] "GET / HTTP/1.1" 200 935 "-" "check_http/v1.4.14 (nagios-plugins 1.4.14)"
88.198.68.42 - - [10/Mar/2011:17:11:29 +0100] "GET / HTTP/1.1" 200 935 "-" "check_http/v1.4.14 (nagios-plugins 1.4.14)"
88.198.68.42 - - [10/Mar/2011:17:16:29 +0100] "GET / HTTP/1.1" 200 935 "-" "check_http/v1.4.14 (nagios-plugins 1.4.14)"
88.198.68.42 - - [10/Mar/2011:17:21:29 +0100] "GET / HTTP/1.1" 200 935 "-" "check_http/v1.4.14 (nagios-plugins 1.4.14)"
88.198.68.42 - - [10/Mar/2011:17:26:29 +0100] "GET / HTTP/1.1" 200 935 "-" "check_http/v1.4.14 (nagios-plugins 1.4.14)"
88.198.68.42 - - [10/Mar/2011:17:31:29 +0100] "GET / HTTP/1.1" 200 935 "-" "check_http/v1.4.14 (nagios-plugins 1.4.14)"
88.198.68.42 - - [10/Mar/2011:17:36:29 +0100] "GET / HTTP/1.1" 200 935 "-" "check_http/v1.4.14 (nagios-plugins 1.4.14)"
88.198.68.42 - - [10/Mar/2011:17:41:29 +0100] "GET / HTTP/1.1" 200 935 "-" "check_http/v1.4.14 (nagios-plugins 1.4.14)"
88.198.68.42 - - [10/Mar/2011:17:46:29 +0100] "GET / HTTP/1.1" 200 935 "-" "check_http/v1.4.14 (nagios-plugins 1.4.14)"
88.198.68.42 - - [10/Mar/2011:17:51:29 +0100] "GET / HTTP/1.1" 200 935 "-" "check_http/v1.4.14 (nagios-plugins 1.4.14)"
110.138.176.224 - - [10/Mar/2011:17:47:58 +0100] "GET /osgeolive/4.0.1/osgeolive-4.0.1-mini.iso HTTP/1.0" 200 2225080 "http://live.osgeo.org/download.html" "Mozilla/5.0 (Windows; U; Windows NT 5.1; en-US; rv:1.9.2.13) Gecko/20101203 Firefox/3.6.13"
88.198.68.42 - - [10/Mar/2011:17:56:29 +0100] "GET / HTTP/1.1" 200 935 "-" "check_http/v1.4.14 (nagios-plugins 1.4.14)"
164.131.224.225 - - [10/Mar/2011:16:34:42 +0100] "GET /osgeolive/4.0.1/osgeolive-4.0.1.iso HTTP/1.0" 200 2827963404 "http://live.osgeo.org/download.html" "Mozilla/5.0 (Windows; U; Windows NT 5.1; fr; rv:1.9.2.13) Gecko/20101203 Firefox/3.6.13"
88.198.68.42 - - [10/Mar/2011:18:01:29 +0100] "GET / HTTP/1.1" 200 935 "-" "check_http/v1.4.14 (nagios-plugins 1.4.14)"
88.198.68.42 - - [10/Mar/2011:18:06:29 +0100] "GET / HTTP/1.1" 200 935 "-" "check_http/v1.4.14 (nagios-plugins 1.4.14)"
88.198.68.42 - - [10/Mar/2011:18:11:29 +0100] "GET / HTTP/1.1" 200 935 "-" "check_http/v1.4.14 (nagios-plugins 1.4.14)"
88.198.68.42 - - [10/Mar/2011:18:16:29 +0100] "GET / HTTP/1.1" 200 935 "-" "check_http/v1.4.14 (nagios-plugins 1.4.14)"
88.198.68.42 - - [10/Mar/2011:18:21:29 +0100] "GET / HTTP/1.1" 200 935 "-" "check_http/v1.4.14 (nagios-plugins 1.4.14)"
88.198.68.42 - - [10/Mar/2011:18:26:29 +0100] "GET / HTTP/1.1" 200 935 "-" "check_http/v1.4.14 (nagios-plugins 1.4.14)"
88.198.68.42 - - [10/Mar/2011:18:31:29 +0100] "GET / HTTP/1.1" 200 935 "-" "check_http/v1.4.14 (nagios-plugins 1.4.14)"
88.198.68.42 - - [10/Mar/2011:18:36:29 +0100] "GET / HTTP/1.1" 200 935 "-" "check_http/v1.4.14 (nagios-plugins 1.4.14)"
88.198.68.42 - - [10/Mar/2011:18:41:29 +0100] "GET / HTTP/1.1" 200 935 "-" "check_http/v1.4.14 (nagios-plugins 1.4.14)"
88.198.68.42 - - [10/Mar/2011:18:46:29 +0100] "GET / HTTP/1.1" 200 935 "-" "check_http/v1.4.14 (nagios-plugins 1.4.14)"
88.198.68.42 - - [10/Mar/2011:18:51:29 +0100] "GET / HTTP/1.1" 200 935 "-" "check_http/v1.4.14 (nagios-plugins 1.4.14)"
88.198.68.42 - - [10/Mar/2011:18:56:29 +0100] "GET / HTTP/1.1" 200 935 "-" "check_http/v1.4.14 (nagios-plugins 1.4.14)"
88.198.68.42 - - [10/Mar/2011:19:01:29 +0100] "GET / HTTP/1.1" 200 935 "-" "check_http/v1.4.14 (nagios-plugins 1.4.14)"
88.198.68.42 - - [10/Mar/2011:19:06:29 +0100] "GET / HTTP/1.1" 200 935 "-" "check_http/v1.4.14 (nagios-plugins 1.4.14)"
88.198.68.42 - - [10/Mar/2011:19:11:29 +0100] "GET / HTTP/1.1" 200 935 "-" "check_http/v1.4.14 (nagios-plugins 1.4.14)"
88.198.68.42 - - [10/Mar/2011:19:16:29 +0100] "GET / HTTP/1.1" 200 935 "-" "check_http/v1.4.14 (nagios-plugins 1.4.14)"
88.198.68.42 - - [10/Mar/2011:19:21:29 +0100] "GET / HTTP/1.1" 200 935 "-" "check_http/v1.4.14 (nagios-plugins 1.4.14)"
88.198.68.42 - - [10/Mar/2011:19:26:29 +0100] "GET / HTTP/1.1" 200 935 "-" "check_http/v1.4.14 (nagios-plugins 1.4.14)"
88.198.68.42 - - [10/Mar/2011:19:31:29 +0100] "GET / HTTP/1.1" 200 935 "-" "check_http/v1.4.14 (nagios-plugins 1.4.14)"
88.198.68.42 - - [10/Mar/2011:19:36:29 +0100] "GET / HTTP/1.1" 200 935 "-" "check_http/v1.4.14 (nagios-plugins 1.4.14)"
88.198.68.42 - - [10/Mar/2011:19:41:29 +0100] "GET / HTTP/1.1" 200 935 "-" "check_http/v1.4.14 (nagios-plugins 1.4.14)"
88.198.68.42 - - [10/Mar/2011:19:46:29 +0100] "GET / HTTP/1.1" 200 935 "-" "check_http/v1.4.14 (nagios-plugins 1.4.14)"
88.198.68.42 - - [10/Mar/2011:19:51:29 +0100] "GET / HTTP/1.1" 200 935 "-" "check_http/v1.4.14 (nagios-plugins 1.4.14)"
88.198.68.42 - - [10/Mar/2011:19:56:29 +0100] "GET / HTTP/1.1" 200 935 "-" "check_http/v1.4.14 (nagios-plugins 1.4.14)"
88.198.68.42 - - [10/Mar/2011:20:01:29 +0100] "GET / HTTP/1.1" 200 935 "-" "check_http/v1.4.14 (nagios-plugins 1.4.14)"
88.198.68.42 - - [10/Mar/2011:20:06:29 +0100] "GET / HTTP/1.1" 200 935 "-" "check_http/v1.4.14 (nagios-plugins 1.4.14)"
88.198.68.42 - - [10/Mar/2011:20:11:29 +0100] "GET / HTTP/1.1" 200 935 "-" "check_http/v1.4.14 (nagios-plugins 1.4.14)"
88.198.68.42 - - [10/Mar/2011:20:16:29 +0100] "GET / HTTP/1.1" 200 935 "-" "check_http/v1.4.14 (nagios-plugins 1.4.14)"
88.198.68.42 - - [10/Mar/2011:20:21:29 +0100] "GET / HTTP/1.1" 200 935 "-" "check_http/v1.4.14 (nagios-plugins 1.4.14)"
88.198.68.42 - - [10/Mar/2011:20:26:29 +0100] "GET / HTTP/1.1" 200 935 "-" "check_http/v1.4.14 (nagios-plugins 1.4.14)"
88.198.68.42 - - [10/Mar/2011:20:31:29 +0100] "GET / HTTP/1.1" 200 935 "-" "check_http/v1.4.14 (nagios-plugins 1.4.14)"
88.198.68.42 - - [10/Mar/2011:20:36:29 +0100] "GET / HTTP/1.1" 200 935 "-" "check_http/v1.4.14 (nagios-plugins 1.4.14)"
88.198.68.42 - - [10/Mar/2011:20:41:29 +0100] "GET / HTTP/1.1" 200 935 "-" "check_http/v1.4.14 (nagios-plugins 1.4.14)"
88.198.68.42 - - [10/Mar/2011:20:46:29 +0100] "GET / HTTP/1.1" 200 935 "-" "check_http/v1.4.14 (nagios-plugins 1.4.14)"
157.55.116.65 - - [10/Mar/2011:20:47:27 +0100] "GET /robots.txt HTTP/1.1" 404 461 "-" "msnbot/2.0b (+http://search.msn.com/msnbot.htm)._"
157.55.116.65 - - [10/Mar/2011:20:47:27 +0100] "GET /osgeolive/ HTTP/1.1" 200 770 "-" "msnbot/2.0b (+http://search.msn.com/msnbot.htm)._"
88.198.68.42 - - [10/Mar/2011:20:51:29 +0100] "GET / HTTP/1.1" 200 935 "-" "check_http/v1.4.14 (nagios-plugins 1.4.14)"
88.198.68.42 - - [10/Mar/2011:20:56:29 +0100] "GET / HTTP/1.1" 200 935 "-" "check_http/v1.4.14 (nagios-plugins 1.4.14)"
88.198.68.42 - - [10/Mar/2011:21:01:29 +0100] "GET / HTTP/1.1" 200 935 "-" "check_http/v1.4.14 (nagios-plugins 1.4.14)"
88.198.68.42 - - [10/Mar/2011:21:06:29 +0100] "GET / HTTP/1.1" 200 935 "-" "check_http/v1.4.14 (nagios-plugins 1.4.14)"
67.195.112.226 - - [10/Mar/2011:21:10:47 +0100] "GET /robots.txt HTTP/1.0" 404 461 "-" "Mozilla/5.0 (compatible; Yahoo! Slurp; http://help.yahoo.com/help/us/ysearch/slurp)"
88.198.68.42 - - [10/Mar/2011:21:11:29 +0100] "GET / HTTP/1.1" 200 935 "-" "check_http/v1.4.14 (nagios-plugins 1.4.14)"
88.198.68.42 - - [10/Mar/2011:21:16:29 +0100] "GET / HTTP/1.1" 200 935 "-" "check_http/v1.4.14 (nagios-plugins 1.4.14)"
67.195.112.226 - - [10/Mar/2011:21:10:47 +0100] "GET /osgeolive/4.0.1/osgeolive-4.0.1.iso HTTP/1.0" 200 143327384 "-" "Mozilla/5.0 (compatible; Yahoo! Slurp; http://help.yahoo.com/help/us/ysearch/slurp)"
88.198.68.42 - - [10/Mar/2011:21:21:29 +0100] "GET / HTTP/1.1" 200 935 "-" "check_http/v1.4.14 (nagios-plugins 1.4.14)"
88.198.68.42 - - [10/Mar/2011:21:26:29 +0100] "GET / HTTP/1.1" 200 935 "-" "check_http/v1.4.14 (nagios-plugins 1.4.14)"
88.198.68.42 - - [10/Mar/2011:21:31:29 +0100] "GET / HTTP/1.1" 200 935 "-" "check_http/v1.4.14 (nagios-plugins 1.4.14)"
88.198.68.42 - - [10/Mar/2011:21:36:29 +0100] "GET / HTTP/1.1" 200 935 "-" "check_http/v1.4.14 (nagios-plugins 1.4.14)"
88.198.68.42 - - [10/Mar/2011:21:41:29 +0100] "GET / HTTP/1.1" 200 935 "-" "check_http/v1.4.14 (nagios-plugins 1.4.14)"
88.198.68.42 - - [10/Mar/2011:21:46:29 +0100] "GET / HTTP/1.1" 200 935 "-" "check_http/v1.4.14 (nagios-plugins 1.4.14)"
88.198.68.42 - - [10/Mar/2011:21:51:29 +0100] "GET / HTTP/1.1" 200 935 "-" "check_http/v1.4.14 (nagios-plugins 1.4.14)"
88.198.68.42 - - [10/Mar/2011:21:56:29 +0100] "GET / HTTP/1.1" 200 935 "-" "check_http/v1.4.14 (nagios-plugins 1.4.14)"
88.198.68.42 - - [10/Mar/2011:22:01:29 +0100] "GET / HTTP/1.1" 200 935 "-" "check_http/v1.4.14 (nagios-plugins 1.4.14)"
88.198.68.42 - - [10/Mar/2011:22:06:29 +0100] "GET / HTTP/1.1" 200 935 "-" "check_http/v1.4.14 (nagios-plugins 1.4.14)"
88.198.68.42 - - [10/Mar/2011:22:11:29 +0100] "GET / HTTP/1.1" 200 935 "-" "check_http/v1.4.14 (nagios-plugins 1.4.14)"
88.198.68.42 - - [10/Mar/2011:22:16:29 +0100] "GET / HTTP/1.1" 200 935 "-" "check_http/v1.4.14 (nagios-plugins 1.4.14)"
88.198.68.42 - - [10/Mar/2011:22:21:29 +0100] "GET / HTTP/1.1" 200 935 "-" "check_http/v1.4.14 (nagios-plugins 1.4.14)"
88.198.68.42 - - [10/Mar/2011:22:26:29 +0100] "GET / HTTP/1.1" 200 935 "-" "check_http/v1.4.14 (nagios-plugins 1.4.14)"
88.198.68.42 - - [10/Mar/2011:22:31:29 +0100] "GET / HTTP/1.1" 200 935 "-" "check_http/v1.4.14 (nagios-plugins 1.4.14)"
88.198.68.42 - - [10/Mar/2011:22:36:29 +0100] "GET / HTTP/1.1" 200 935 "-" "check_http/v1.4.14 (nagios-plugins 1.4.14)"
88.198.68.42 - - [10/Mar/2011:22:41:29 +0100] "GET / HTTP/1.1" 200 935 "-" "check_http/v1.4.14 (nagios-plugins 1.4.14)"
88.198.68.42 - - [10/Mar/2011:22:46:29 +0100] "GET / HTTP/1.1" 200 935 "-" "check_http/v1.4.14 (nagios-plugins 1.4.14)"
88.198.68.42 - - [10/Mar/2011:22:51:29 +0100] "GET / HTTP/1.1" 200 935 "-" "check_http/v1.4.14 (nagios-plugins 1.4.14)"
88.198.68.42 - - [10/Mar/2011:22:56:29 +0100] "GET / HTTP/1.1" 200 935 "-" "check_http/v1.4.14 (nagios-plugins 1.4.14)"
88.198.68.42 - - [10/Mar/2011:23:01:29 +0100] "GET / HTTP/1.1" 200 935 "-" "check_http/v1.4.14 (nagios-plugins 1.4.14)"
88.198.68.42 - - [10/Mar/2011:23:06:29 +0100] "GET / HTTP/1.1" 200 935 "-" "check_http/v1.4.14 (nagios-plugins 1.4.14)"
88.198.68.42 - - [10/Mar/2011:23:11:29 +0100] "GET / HTTP/1.1" 200 935 "-" "check_http/v1.4.14 (nagios-plugins 1.4.14)"
88.198.68.42 - - [10/Mar/2011:23:16:34 +0100] "GET / HTTP/1.1" 200 935 "-" "check_http/v1.4.14 (nagios-plugins 1.4.14)"
88.198.68.42 - - [10/Mar/2011:23:22:34 +0100] "GET / HTTP/1.1" 200 935 "-" "check_http/v1.4.14 (nagios-plugins 1.4.14)"
88.198.68.42 - - [10/Mar/2011:23:27:29 +0100] "GET / HTTP/1.1" 200 935 "-" "check_http/v1.4.14 (nagios-plugins 1.4.14)"
88.198.68.42 - - [10/Mar/2011:23:34:29 +0100] "GET / HTTP/1.1" 200 935 "-" "check_http/v1.4.14 (nagios-plugins 1.4.14)"
88.198.68.42 - - [10/Mar/2011:23:41:37 +0100] "GET / HTTP/1.1" 200 935 "-" "check_http/v1.4.14 (nagios-plugins 1.4.14)"
88.198.68.42 - - [10/Mar/2011:23:46:29 +0100] "GET / HTTP/1.1" 200 935 "-" "check_http/v1.4.14 (nagios-plugins 1.4.14)"
88.198.68.42 - - [10/Mar/2011:23:51:29 +0100] "GET / HTTP/1.1" 200 935 "-" "check_http/v1.4.14 (nagios-plugins 1.4.14)"
88.198.68.42 - - [10/Mar/2011:23:56:29 +0100] "GET / HTTP/1.1" 200 935 "-" "check_http/v1.4.14 (nagios-plugins 1.4.14)"
88.198.68.42 - - [11/Mar/2011:00:01:29 +0100] "GET / HTTP/1.1" 200 935 "-" "check_http/v1.4.14 (nagios-plugins 1.4.14)"
88.198.68.42 - - [11/Mar/2011:00:06:29 +0100] "GET / HTTP/1.1" 200 935 "-" "check_http/v1.4.14 (nagios-plugins 1.4.14)"
88.198.68.42 - - [11/Mar/2011:00:11:29 +0100] "GET / HTTP/1.1" 200 935 "-" "check_http/v1.4.14 (nagios-plugins 1.4.14)"
88.198.68.42 - - [11/Mar/2011:00:16:29 +0100] "GET / HTTP/1.1" 200 935 "-" "check_http/v1.4.14 (nagios-plugins 1.4.14)"
88.198.68.42 - - [11/Mar/2011:00:21:29 +0100] "GET / HTTP/1.1" 200 935 "-" "check_http/v1.4.14 (nagios-plugins 1.4.14)"
88.198.68.42 - - [11/Mar/2011:00:26:29 +0100] "GET / HTTP/1.1" 200 935 "-" "check_http/v1.4.14 (nagios-plugins 1.4.14)"
88.198.68.42 - - [11/Mar/2011:00:31:29 +0100] "GET / HTTP/1.1" 200 935 "-" "check_http/v1.4.14 (nagios-plugins 1.4.14)"
67.195.112.226 - - [11/Mar/2011:00:26:36 +0100] "GET /osgeolive/4.0.1/osgeolive-4.0.1-mini.iso HTTP/1.0" 200 144584248 "-" "Mozilla/5.0 (compatible; Yahoo! Slurp; http://help.yahoo.com/help/us/ysearch/slurp)"
88.198.68.42 - - [11/Mar/2011:00:36:29 +0100] "GET / HTTP/1.1" 200 935 "-" "check_http/v1.4.14 (nagios-plugins 1.4.14)"
88.198.68.42 - - [11/Mar/2011:00:41:29 +0100] "GET / HTTP/1.1" 200 935 "-" "check_http/v1.4.14 (nagios-plugins 1.4.14)"
88.198.68.42 - - [11/Mar/2011:00:46:29 +0100] "GET / HTTP/1.1" 200 935 "-" "check_http/v1.4.14 (nagios-plugins 1.4.14)"
88.198.68.42 - - [11/Mar/2011:00:51:29 +0100] "GET / HTTP/1.1" 200 935 "-" "check_http/v1.4.14 (nagios-plugins 1.4.14)"
88.198.68.42 - - [11/Mar/2011:00:56:29 +0100] "GET / HTTP/1.1" 200 935 "-" "check_http/v1.4.14 (nagios-plugins 1.4.14)"
88.198.68.42 - - [11/Mar/2011:01:02:46 +0100] "GET / HTTP/1.1" 200 935 "-" "check_http/v1.4.14 (nagios-plugins 1.4.14)"
88.198.68.42 - - [11/Mar/2011:01:07:41 +0100] "GET / HTTP/1.1" 200 935 "-" "check_http/v1.4.14 (nagios-plugins 1.4.14)"
88.198.68.42 - - [11/Mar/2011:01:12:41 +0100] "GET / HTTP/1.1" 200 935 "-" "check_http/v1.4.14 (nagios-plugins 1.4.14)"
88.198.68.42 - - [11/Mar/2011:01:17:41 +0100] "GET / HTTP/1.1" 200 935 "-" "check_http/v1.4.14 (nagios-plugins 1.4.14)"
88.198.68.42 - - [11/Mar/2011:01:22:41 +0100] "GET / HTTP/1.1" 200 935 "-" "check_http/v1.4.14 (nagios-plugins 1.4.14)"
88.198.68.42 - - [11/Mar/2011:01:27:41 +0100] "GET / HTTP/1.1" 200 935 "-" "check_http/v1.4.14 (nagios-plugins 1.4.14)"
88.198.68.42 - - [11/Mar/2011:01:32:41 +0100] "GET / HTTP/1.1" 200 935 "-" "check_http/v1.4.14 (nagios-plugins 1.4.14)"
88.198.68.42 - - [11/Mar/2011:01:37:41 +0100] "GET / HTTP/1.1" 200 935 "-" "check_http/v1.4.14 (nagios-plugins 1.4.14)"
88.198.68.42 - - [11/Mar/2011:01:42:41 +0100] "GET / HTTP/1.1" 200 935 "-" "check_http/v1.4.14 (nagios-plugins 1.4.14)"
88.198.68.42 - - [11/Mar/2011:01:47:41 +0100] "GET / HTTP/1.1" 200 935 "-" "check_http/v1.4.14 (nagios-plugins 1.4.14)"
88.198.68.42 - - [11/Mar/2011:01:52:41 +0100] "GET / HTTP/1.1" 200 935 "-" "check_http/v1.4.14 (nagios-plugins 1.4.14)"
88.198.68.42 - - [11/Mar/2011:01:57:41 +0100] "GET / HTTP/1.1" 200 935 "-" "check_http/v1.4.14 (nagios-plugins 1.4.14)"
88.198.68.42 - - [11/Mar/2011:02:02:41 +0100] "GET / HTTP/1.1" 200 935 "-" "check_http/v1.4.14 (nagios-plugins 1.4.14)"
200.151.226.50 - - [10/Mar/2011:20:24:06 +0100] "GET /osgeolive/4.0.1/osgeolive-4.0.1.iso HTTP/1.0" 200 4642625806 "http://live.osgeo.org/download.html" "Mozilla/5.0 (Windows; U; Windows NT 5.1; en-US) AppleWebKit/534.13 (KHTML, like Gecko) Chrome/9.0.597.107 Safari/534.13"
88.198.68.42 - - [11/Mar/2011:02:07:41 +0100] "GET / HTTP/1.1" 200 935 "-" "check_http/v1.4.14 (nagios-plugins 1.4.14)"
88.198.68.42 - - [11/Mar/2011:02:12:41 +0100] "GET / HTTP/1.1" 200 935 "-" "check_http/v1.4.14 (nagios-plugins 1.4.14)"
88.198.68.42 - - [11/Mar/2011:02:17:41 +0100] "GET / HTTP/1.1" 200 935 "-" "check_http/v1.4.14 (nagios-plugins 1.4.14)"
88.198.68.42 - - [11/Mar/2011:02:22:41 +0100] "GET / HTTP/1.1" 200 935 "-" "check_http/v1.4.14 (nagios-plugins 1.4.14)"
67.195.112.226 - - [11/Mar/2011:02:19:31 +0100] "GET /osgeolive/4.0.1/osgeolive-4.0.1-mini.iso HTTP/1.0" 200 144410488 "-" "Mozilla/5.0 (compatible; Yahoo! Slurp; http://help.yahoo.com/help/us/ysearch/slurp)"
67.195.112.226 - - [11/Mar/2011:02:21:14 +0100] "GET /osgeolive/4.0.1/osgeolive-4.0.1.iso HTTP/1.0" 200 144230878 "-" "Mozilla/5.0 (compatible; Yahoo! Slurp; http://help.yahoo.com/help/us/ysearch/slurp)"
88.198.68.42 - - [11/Mar/2011:02:27:41 +0100] "GET / HTTP/1.1" 200 935 "-" "check_http/v1.4.14 (nagios-plugins 1.4.14)"
88.198.68.42 - - [11/Mar/2011:02:32:41 +0100] "GET / HTTP/1.1" 200 935 "-" "check_http/v1.4.14 (nagios-plugins 1.4.14)"
88.198.68.42 - - [11/Mar/2011:02:37:41 +0100] "GET / HTTP/1.1" 200 935 "-" "check_http/v1.4.14 (nagios-plugins 1.4.14)"
88.198.68.42 - - [11/Mar/2011:02:42:41 +0100] "GET / HTTP/1.1" 200 935 "-" "check_http/v1.4.14 (nagios-plugins 1.4.14)"
88.198.68.42 - - [11/Mar/2011:02:47:41 +0100] "GET / HTTP/1.1" 200 935 "-" "check_http/v1.4.14 (nagios-plugins 1.4.14)"
88.198.68.42 - - [11/Mar/2011:02:52:41 +0100] "GET / HTTP/1.1" 200 935 "-" "check_http/v1.4.14 (nagios-plugins 1.4.14)"
88.198.68.42 - - [11/Mar/2011:02:57:41 +0100] "GET / HTTP/1.1" 200 935 "-" "check_http/v1.4.14 (nagios-plugins 1.4.14)"
88.198.68.42 - - [11/Mar/2011:03:02:41 +0100] "GET / HTTP/1.1" 200 935 "-" "check_http/v1.4.14 (nagios-plugins 1.4.14)"
88.198.68.42 - - [11/Mar/2011:03:07:41 +0100] "GET / HTTP/1.1" 200 935 "-" "check_http/v1.4.14 (nagios-plugins 1.4.14)"
88.198.68.42 - - [11/Mar/2011:03:12:41 +0100] "GET / HTTP/1.1" 200 935 "-" "check_http/v1.4.14 (nagios-plugins 1.4.14)"
88.198.68.42 - - [11/Mar/2011:03:17:41 +0100] "GET / HTTP/1.1" 200 935 "-" "check_http/v1.4.14 (nagios-plugins 1.4.14)"
88.198.68.42 - - [11/Mar/2011:03:22:41 +0100] "GET / HTTP/1.1" 200 935 "-" "check_http/v1.4.14 (nagios-plugins 1.4.14)"
88.198.68.42 - - [11/Mar/2011:03:27:41 +0100] "GET / HTTP/1.1" 200 935 "-" "check_http/v1.4.14 (nagios-plugins 1.4.14)"
88.198.68.42 - - [11/Mar/2011:03:32:41 +0100] "GET / HTTP/1.1" 200 935 "-" "check_http/v1.4.14 (nagios-plugins 1.4.14)"
88.198.68.42 - - [11/Mar/2011:03:37:41 +0100] "GET / HTTP/1.1" 200 935 "-" "check_http/v1.4.14 (nagios-plugins 1.4.14)"
88.198.68.42 - - [11/Mar/2011:03:42:41 +0100] "GET / HTTP/1.1" 200 935 "-" "check_http/v1.4.14 (nagios-plugins 1.4.14)"
88.198.68.42 - - [11/Mar/2011:03:47:41 +0100] "GET / HTTP/1.1" 200 935 "-" "check_http/v1.4.14 (nagios-plugins 1.4.14)"
67.195.112.226 - - [11/Mar/2011:03:43:47 +0100] "GET /osgeolive/4.0.1/osgeolive-4.0.1-mini.iso HTTP/1.0" 200 133964616 "-" "Mozilla/5.0 (compatible; Yahoo! Slurp; http://help.yahoo.com/help/us/ysearch/slurp)"
88.198.68.42 - - [11/Mar/2011:03:52:41 +0100] "GET / HTTP/1.1" 200 935 "-" "check_http/v1.4.14 (nagios-plugins 1.4.14)"
88.198.68.42 - - [11/Mar/2011:03:57:41 +0100] "GET / HTTP/1.1" 200 935 "-" "check_http/v1.4.14 (nagios-plugins 1.4.14)"
88.198.68.42 - - [11/Mar/2011:04:02:41 +0100] "GET / HTTP/1.1" 200 935 "-" "check_http/v1.4.14 (nagios-plugins 1.4.14)"
88.198.68.42 - - [11/Mar/2011:04:07:41 +0100] "GET / HTTP/1.1" 200 935 "-" "check_http/v1.4.14 (nagios-plugins 1.4.14)"
